
     Program PWSCF v.6.3MaX starts on 19Mar2019 at  9: 8: 0 

     This program is part of the open-source Quantum ESPRESSO suite
     for quantum simulation of materials; please cite
         "P. Giannozzi et al., J. Phys.:Condens. Matter 21 395502 (2009);
         "P. Giannozzi et al., J. Phys.:Condens. Matter 29 465901 (2017);
          URL http://www.quantum-espresso.org", 
     in publications or presentations arising from this work. More details at
     http://www.quantum-espresso.org/quote

 *** WARNING: using old-style file format, will disappear from next version ***

     Parallel version (MPI & OpenMP), running on      20 processor cores
     Number of MPI processes:                 5
     Threads/MPI process:                     4

     MPI processes distributed on     1 nodes
     R & G space division:  proc/nbgrp/npool/nimage =       5
     Reading input from /home/azadoks/dftman/projects/HW5_3/ConvergenceWorkflows/b959a7bdb810/8eb0288f865c/pwscf.in
Warning: card &CELL ignored
Warning: card / ignored

     Current dimensions of program PWSCF are:
     Max number of different atomic species (ntypx) = 10
     Max number of k-points (npk) =  40000
     Max angular momentum in pseudopotentials (lmaxx) =  3
     Message from routine iosys:
     minimal I/O required, wf_collect reset to FALSE

     Subspace diagonalization in iterative solution of the eigenvalue problem:
     a serial algorithm will be used

 
     Parallelization info
     --------------------
     sticks:   dense  smooth     PW     G-vecs:    dense   smooth      PW
     Min        1363    1363    340                84739    84739   10584
     Max        1364    1364    341                84742    84742   10587
     Sum        6817    6817   1701               423701   423701   52923
 


     bravais-lattice index     =            0
     lattice parameter (alat)  =      18.8973  a.u.
     unit-cell volume          =    6748.3346 (a.u.)^3
     number of atoms/cell      =            2
     number of atomic types    =            1
     number of electrons       =        12.00
     number of Kohn-Sham states=            6
     kinetic-energy cutoff     =      60.0000  Ry
     charge density cutoff     =     240.0000  Ry
     convergence threshold     =      1.0E-08
     mixing beta               =       0.7000
     number of iterations used =            8  plain     mixing
     Exchange-correlation      = SLA  PW   PBE  PBE ( 1  4  3  4 0 0)
     nstep                     =           50


     celldm(1)=  18.897261  celldm(2)=   0.000000  celldm(3)=   0.000000
     celldm(4)=   0.000000  celldm(5)=   0.000000  celldm(6)=   0.000000

     crystal axes: (cart. coord. in units of alat)
               a(1) = (   1.000000   0.000000   0.000000 )  
               a(2) = (   0.000000   1.000000   0.000000 )  
               a(3) = (   0.000000   0.000000   1.000000 )  

     reciprocal axes: (cart. coord. in units 2 pi/alat)
               b(1) = (  1.000000  0.000000  0.000000 )  
               b(2) = (  0.000000  1.000000  0.000000 )  
               b(3) = (  0.000000  0.000000  1.000000 )  


     PseudoPot. # 1 for O  read from file:
     /home/azadoks/.local/share/pseudo/GBRV_PBE_US/o_pbe_v1.2.uspp.F.UPF
     MD5 check sum: 734c27235a0248c51dbae37a1fbe46ec
     Pseudo is Ultrasoft + core correction, Zval =  6.0
     Generated by new atomic code, or converted to UPF format
     Using radial grid of  737 points,  5 beta functions with: 
                l(1) =   0
                l(2) =   0
                l(3) =   1
                l(4) =   1
                l(5) =   2
     Q(r) pseudized with  8 coefficients,  rinner =    0.900   0.900   0.900
                                                       0.900   0.900

     atomic species   valence    mass     pseudopotential
        O              6.00    15.99940     O ( 1.00)

     16 Sym. Ops., with inversion, found


                                    s                        frac. trans.

      isym =  1     identity                                     

 cryst.   s( 1) = (     1          0          0      )
                  (     0          1          0      )
                  (     0          0          1      )

 cart.    s( 1) = (  1.0000000  0.0000000  0.0000000 )
                  (  0.0000000  1.0000000  0.0000000 )
                  (  0.0000000  0.0000000  1.0000000 )


      isym =  2     180 deg rotation - cart. axis [0,0,1]        

 cryst.   s( 2) = (    -1          0          0      )
                  (     0         -1          0      )
                  (     0          0          1      )

 cart.    s( 2) = ( -1.0000000  0.0000000  0.0000000 )
                  (  0.0000000 -1.0000000  0.0000000 )
                  (  0.0000000  0.0000000  1.0000000 )


      isym =  3     180 deg rotation - cart. axis [0,1,0]        

 cryst.   s( 3) = (    -1          0          0      )
                  (     0          1          0      )
                  (     0          0         -1      )

 cart.    s( 3) = ( -1.0000000  0.0000000  0.0000000 )
                  (  0.0000000  1.0000000  0.0000000 )
                  (  0.0000000  0.0000000 -1.0000000 )


      isym =  4     180 deg rotation - cart. axis [1,0,0]        

 cryst.   s( 4) = (     1          0          0      )
                  (     0         -1          0      )
                  (     0          0         -1      )

 cart.    s( 4) = (  1.0000000  0.0000000  0.0000000 )
                  (  0.0000000 -1.0000000  0.0000000 )
                  (  0.0000000  0.0000000 -1.0000000 )


      isym =  5     180 deg rotation - cart. axis [1,1,0]        

 cryst.   s( 5) = (     0          1          0      )
                  (     1          0          0      )
                  (     0          0         -1      )

 cart.    s( 5) = (  0.0000000  1.0000000  0.0000000 )
                  (  1.0000000  0.0000000  0.0000000 )
                  (  0.0000000  0.0000000 -1.0000000 )


      isym =  6     180 deg rotation - cart. axis [1,-1,0]       

 cryst.   s( 6) = (     0         -1          0      )
                  (    -1          0          0      )
                  (     0          0         -1      )

 cart.    s( 6) = (  0.0000000 -1.0000000  0.0000000 )
                  ( -1.0000000  0.0000000  0.0000000 )
                  (  0.0000000  0.0000000 -1.0000000 )


      isym =  7      90 deg rotation - cart. axis [0,0,-1]       

 cryst.   s( 7) = (     0         -1          0      )
                  (     1          0          0      )
                  (     0          0          1      )

 cart.    s( 7) = (  0.0000000  1.0000000  0.0000000 )
                  ( -1.0000000  0.0000000  0.0000000 )
                  (  0.0000000  0.0000000  1.0000000 )


      isym =  8      90 deg rotation - cart. axis [0,0,1]        

 cryst.   s( 8) = (     0          1          0      )
                  (    -1          0          0      )
                  (     0          0          1      )

 cart.    s( 8) = (  0.0000000 -1.0000000  0.0000000 )
                  (  1.0000000  0.0000000  0.0000000 )
                  (  0.0000000  0.0000000  1.0000000 )


      isym =  9     inversion                                    

 cryst.   s( 9) = (    -1          0          0      )
                  (     0         -1          0      )
                  (     0          0         -1      )

 cart.    s( 9) = ( -1.0000000  0.0000000  0.0000000 )
                  (  0.0000000 -1.0000000  0.0000000 )
                  (  0.0000000  0.0000000 -1.0000000 )


      isym = 10     inv. 180 deg rotation - cart. axis [0,0,1]   

 cryst.   s(10) = (     1          0          0      )
                  (     0          1          0      )
                  (     0          0         -1      )

 cart.    s(10) = (  1.0000000  0.0000000  0.0000000 )
                  (  0.0000000  1.0000000  0.0000000 )
                  (  0.0000000  0.0000000 -1.0000000 )


      isym = 11     inv. 180 deg rotation - cart. axis [0,1,0]   

 cryst.   s(11) = (     1          0          0      )
                  (     0         -1          0      )
                  (     0          0          1      )

 cart.    s(11) = (  1.0000000  0.0000000  0.0000000 )
                  (  0.0000000 -1.0000000  0.0000000 )
                  (  0.0000000  0.0000000  1.0000000 )


      isym = 12     inv. 180 deg rotation - cart. axis [1,0,0]   

 cryst.   s(12) = (    -1          0          0      )
                  (     0          1          0      )
                  (     0          0          1      )

 cart.    s(12) = ( -1.0000000  0.0000000  0.0000000 )
                  (  0.0000000  1.0000000  0.0000000 )
                  (  0.0000000  0.0000000  1.0000000 )


      isym = 13     inv. 180 deg rotation - cart. axis [1,1,0]   

 cryst.   s(13) = (     0         -1          0      )
                  (    -1          0          0      )
                  (     0          0          1      )

 cart.    s(13) = (  0.0000000 -1.0000000  0.0000000 )
                  ( -1.0000000  0.0000000  0.0000000 )
                  (  0.0000000  0.0000000  1.0000000 )


      isym = 14     inv. 180 deg rotation - cart. axis [1,-1,0]  

 cryst.   s(14) = (     0          1          0      )
                  (     1          0          0      )
                  (     0          0          1      )

 cart.    s(14) = (  0.0000000  1.0000000  0.0000000 )
                  (  1.0000000  0.0000000  0.0000000 )
                  (  0.0000000  0.0000000  1.0000000 )


      isym = 15     inv.  90 deg rotation - cart. axis [0,0,-1]  

 cryst.   s(15) = (     0          1          0      )
                  (    -1          0          0      )
                  (     0          0         -1      )

 cart.    s(15) = (  0.0000000 -1.0000000  0.0000000 )
                  (  1.0000000  0.0000000  0.0000000 )
                  (  0.0000000  0.0000000 -1.0000000 )


      isym = 16     inv.  90 deg rotation - cart. axis [0,0,1]   

 cryst.   s(16) = (     0         -1          0      )
                  (     1          0          0      )
                  (     0          0         -1      )

 cart.    s(16) = (  0.0000000  1.0000000  0.0000000 )
                  ( -1.0000000  0.0000000  0.0000000 )
                  (  0.0000000  0.0000000 -1.0000000 )


   Cartesian axes

     site n.     atom                  positions (alat units)
         1           O   tau(   1) = (   0.5000000   0.5000000   0.4395000  )
         2           O   tau(   2) = (   0.5000000   0.5000000   0.5605000  )

   Crystallographic axes

     site n.     atom                  positions (cryst. coord.)
         1           O   tau(   1) = (  0.5000000  0.5000000  0.4395000  )
         2           O   tau(   2) = (  0.5000000  0.5000000  0.5605000  )

     number of k points=     1
                       cart. coord. in units 2pi/alat
        k(    1) = (   0.0000000   0.0000000   0.0000000), wk =   2.0000000

                       cryst. coord.
        k(    1) = (   0.0000000   0.0000000   0.0000000), wk =   2.0000000

     Dense  grid:   423701 G-vectors     FFT dimensions: (  96,  96,  96)

     Dynamical RAM for                 wfc:       0.97 MB

     Dynamical RAM for     wfc (w. buffer):       0.97 MB

     Dynamical RAM for           str. fact:       1.29 MB

     Dynamical RAM for           local pot:       0.00 MB

     Dynamical RAM for          nlocal pot:       4.20 MB

     Dynamical RAM for                qrad:       2.67 MB

     Dynamical RAM for          rho,v,vnew:       8.10 MB

     Dynamical RAM for               rhoin:       2.70 MB

     Dynamical RAM for            rho*nmix:      20.69 MB

     Dynamical RAM for           G-vectors:       5.50 MB

     Dynamical RAM for          h,s,v(r/c):       0.03 MB

     Dynamical RAM for          <psi|beta>:       0.00 MB

     Dynamical RAM for                 psi:       3.88 MB

     Dynamical RAM for                hpsi:       3.88 MB

     Dynamical RAM for                spsi:       3.88 MB

     Dynamical RAM for      wfcinit/wfcrot:       2.59 MB

     Dynamical RAM for           addusdens:     139.65 MB

     Dynamical RAM for          addusforce:     142.89 MB

     Estimated static dynamical RAM per process >      55.73 MB

     Estimated max dynamical RAM per process >     198.62 MB

     Estimated total dynamical RAM >     993.10 MB

     Initial potential from superposition of free atoms
     Check: negative starting charge=   -0.003841

     starting charge   12.00000, renormalised to   12.00000

     negative rho (up, down):  3.841E-03 0.000E+00
     Starting wfcs are    8 randomized atomic wfcs

     total cpu time spent up to now is        1.7 secs

     Self-consistent Calculation

     iteration #  1     ecut=    60.00 Ry     beta= 0.70
     Davidson diagonalization with overlap
     ethr =  1.00E-02,  avg # of iterations =  2.0

     Threshold (ethr) on eigenvalues was too large:
     Diagonalizing with lowered threshold

     Davidson diagonalization with overlap
     ethr =  3.74E-04,  avg # of iterations =  2.0

     negative rho (up, down):  7.095E-04 0.000E+00

     total cpu time spent up to now is        4.6 secs

     total energy              =     -64.21240693 Ry
     Harris-Foulkes estimate   =     -64.23891099 Ry
     estimated scf accuracy    <       0.04389709 Ry

     iteration #  2     ecut=    60.00 Ry     beta= 0.70
     Davidson diagonalization with overlap
     ethr =  3.66E-04,  avg # of iterations =  2.0

     negative rho (up, down):  1.943E-03 0.000E+00

     total cpu time spent up to now is        6.5 secs

     total energy              =     -64.22033934 Ry
     Harris-Foulkes estimate   =     -64.22109835 Ry
     estimated scf accuracy    <       0.00179930 Ry

     iteration #  3     ecut=    60.00 Ry     beta= 0.70
     Davidson diagonalization with overlap
     ethr =  1.50E-05,  avg # of iterations =  2.0

     negative rho (up, down):  2.460E-03 0.000E+00

     total cpu time spent up to now is        8.5 secs

     total energy              =     -64.22071003 Ry
     Harris-Foulkes estimate   =     -64.22079006 Ry
     estimated scf accuracy    <       0.00020970 Ry

     iteration #  4     ecut=    60.00 Ry     beta= 0.70
     Davidson diagonalization with overlap
     ethr =  1.75E-06,  avg # of iterations =  2.0

     negative rho (up, down):  2.680E-03 0.000E+00

     total cpu time spent up to now is       10.6 secs

     total energy              =     -64.22074647 Ry
     Harris-Foulkes estimate   =     -64.22074801 Ry
     estimated scf accuracy    <       0.00001227 Ry

     iteration #  5     ecut=    60.00 Ry     beta= 0.70
     Davidson diagonalization with overlap
     ethr =  1.02E-07,  avg # of iterations =  2.0

     negative rho (up, down):  2.686E-03 0.000E+00

     total cpu time spent up to now is       12.2 secs

     total energy              =     -64.22074741 Ry
     Harris-Foulkes estimate   =     -64.22074747 Ry
     estimated scf accuracy    <       0.00000014 Ry

     iteration #  6     ecut=    60.00 Ry     beta= 0.70
     Davidson diagonalization with overlap
     ethr =  1.15E-09,  avg # of iterations =  4.0

     negative rho (up, down):  2.686E-03 0.000E+00

     total cpu time spent up to now is       14.3 secs

     total energy              =     -64.22074748 Ry
     Harris-Foulkes estimate   =     -64.22074749 Ry
     estimated scf accuracy    <       0.00000001 Ry

     iteration #  7     ecut=    60.00 Ry     beta= 0.70
     Davidson diagonalization with overlap
     ethr =  1.01E-10,  avg # of iterations =  2.0

     negative rho (up, down):  2.685E-03 0.000E+00

     total cpu time spent up to now is       15.9 secs

     End of self-consistent calculation

          k = 0.0000 0.0000 0.0000 ( 52923 PWs)   bands (ev):

   -32.2459 -19.5778 -13.0246 -12.5790 -12.5790  -5.6587

     occupation numbers 
     1.0000   1.0000   1.0000   1.0000   1.0000   1.0000

     highest occupied level (ev):    -5.6587

!    total energy              =     -64.22074748 Ry
     Harris-Foulkes estimate   =     -64.22074748 Ry
     estimated scf accuracy    <          7.4E-10 Ry

     The total energy is the sum of the following terms:

     one-electron contribution =    -123.89340254 Ry
     hartree contribution      =      63.79965859 Ry
     xc contribution           =     -14.11397491 Ry
     ewald contribution        =       9.98697139 Ry

     convergence has been achieved in   7 iterations

     negative rho (up, down):  2.685E-03 0.000E+00

     Forces acting on atoms (cartesian axes, Ry/au):

     atom    1 type  1   force =     0.00000000    0.00000000   -0.04263126
     atom    2 type  1   force =     0.00000000    0.00000000    0.04263126
     The non-local contrib.  to forces
     atom    1 type  1   force =     0.00000000    0.00000000    2.39053473
     atom    2 type  1   force =     0.00000000    0.00000000   -2.39053473
     The ionic contribution  to forces
     atom    1 type  1   force =    -0.00000000   -0.00000000  -13.66430279
     atom    2 type  1   force =     0.00000000    0.00000000   13.66430279
     The local contribution  to forces
     atom    1 type  1   force =     0.00000000    0.00000000   11.24336587
     atom    2 type  1   force =     0.00000000    0.00000000  -11.24336587
     The core correction contribution to forces
     atom    1 type  1   force =     0.00000000    0.00000000   -0.01214537
     atom    2 type  1   force =     0.00000000    0.00000000    0.01214537
     The Hubbard contrib.    to forces
     atom    1 type  1   force =     0.00000000    0.00000000    0.00000000
     atom    2 type  1   force =     0.00000000    0.00000000    0.00000000
     The SCF correction term to forces
     atom    1 type  1   force =    -0.00000000    0.00000000   -0.00008370
     atom    2 type  1   force =     0.00000000   -0.00000000    0.00008370

     Total force =     0.060290     Total SCF correction =     0.000118

     BFGS Geometry Optimization

     number of scf cycles    =   1
     number of bfgs steps    =   0

     energy   new            =     -64.2207474828 Ry

     new trust radius        =       0.0426312603 bohr
     new conv_thr            =       0.0000000100 Ry


ATOMIC_POSITIONS (crystal)
O        0.500000000   0.500000000   0.437244051
O        0.500000000   0.500000000   0.562755949


     Check: negative starting charge=   -0.003841
     NEW-OLD atomic charge density approx. for the potential
     Check: negative starting charge=   -0.003817

     negative rho (up, down):  3.563E-03 0.000E+00

     total cpu time spent up to now is       17.5 secs

     Self-consistent Calculation

     iteration #  1     ecut=    60.00 Ry     beta= 0.70
     Davidson diagonalization with overlap
     ethr =  1.00E-06,  avg # of iterations =  4.0

     negative rho (up, down):  2.622E-03 0.000E+00

     total cpu time spent up to now is       19.1 secs

     total energy              =     -64.21874304 Ry
     Harris-Foulkes estimate   =     -64.21973589 Ry
     estimated scf accuracy    <       0.00152020 Ry

     iteration #  2     ecut=    60.00 Ry     beta= 0.70
     Davidson diagonalization with overlap
     ethr =  1.27E-05,  avg # of iterations =  2.0

     negative rho (up, down):  2.572E-03 0.000E+00

     total cpu time spent up to now is       20.6 secs

     total energy              =     -64.21912852 Ry
     Harris-Foulkes estimate   =     -64.21928651 Ry
     estimated scf accuracy    <       0.00027185 Ry

     iteration #  3     ecut=    60.00 Ry     beta= 0.70
     Davidson diagonalization with overlap
     ethr =  2.27E-06,  avg # of iterations =  2.0

     negative rho (up, down):  2.575E-03 0.000E+00

     total cpu time spent up to now is       21.7 secs

     total energy              =     -64.21918515 Ry
     Harris-Foulkes estimate   =     -64.21918553 Ry
     estimated scf accuracy    <       0.00000386 Ry

     iteration #  4     ecut=    60.00 Ry     beta= 0.70
     Davidson diagonalization with overlap
     ethr =  3.21E-08,  avg # of iterations =  2.0

     negative rho (up, down):  2.576E-03 0.000E+00

     total cpu time spent up to now is       22.7 secs

     total energy              =     -64.21918549 Ry
     Harris-Foulkes estimate   =     -64.21918545 Ry
     estimated scf accuracy    <       0.00000003 Ry

     iteration #  5     ecut=    60.00 Ry     beta= 0.70
     Davidson diagonalization with overlap
     ethr =  2.90E-10,  avg # of iterations =  2.0

     negative rho (up, down):  2.576E-03 0.000E+00

     total cpu time spent up to now is       24.1 secs

     End of self-consistent calculation

          k = 0.0000 0.0000 0.0000 ( 52923 PWs)   bands (ev):

   -31.3160 -19.9279 -12.9107 -12.1870 -12.1870  -6.0095

     occupation numbers 
     1.0000   1.0000   1.0000   1.0000   1.0000   1.0000

     highest occupied level (ev):    -6.0095

!    total energy              =     -64.21918551 Ry
     Harris-Foulkes estimate   =     -64.21918551 Ry
     estimated scf accuracy    <          2.6E-09 Ry

     The total energy is the sum of the following terms:

     one-electron contribution =    -121.86243624 Ry
     hartree contribution      =      62.81728158 Ry
     xc contribution           =     -14.03834185 Ry
     ewald contribution        =       8.86431100 Ry

     convergence has been achieved in   5 iterations

     negative rho (up, down):  2.576E-03 0.000E+00

     Forces acting on atoms (cartesian axes, Ry/au):

     atom    1 type  1   force =     0.00000000    0.00000000    0.07285850
     atom    2 type  1   force =     0.00000000    0.00000000   -0.07285850
     The non-local contrib.  to forces
     atom    1 type  1   force =     0.00000000    0.00000000    2.25665548
     atom    2 type  1   force =     0.00000000    0.00000000   -2.25665548
     The ionic contribution  to forces
     atom    1 type  1   force =     0.00000000    0.00000000  -12.68769244
     atom    2 type  1   force =    -0.00000000   -0.00000000   12.68769244
     The local contribution  to forces
     atom    1 type  1   force =     0.00000000    0.00000000   10.51659800
     atom    2 type  1   force =     0.00000000    0.00000000  -10.51659800
     The core correction contribution to forces
     atom    1 type  1   force =     0.00000000    0.00000000   -0.01259983
     atom    2 type  1   force =     0.00000000    0.00000000    0.01259983
     The Hubbard contrib.    to forces
     atom    1 type  1   force =     0.00000000    0.00000000    0.00000000
     atom    2 type  1   force =     0.00000000    0.00000000    0.00000000
     The SCF correction term to forces
     atom    1 type  1   force =    -0.00000000    0.00000000   -0.00010271
     atom    2 type  1   force =     0.00000000   -0.00000000    0.00010271

     Total force =     0.103037     Total SCF correction =     0.000145

     number of scf cycles    =   2
     number of bfgs steps    =   1

     energy   old            =     -64.2207474828 Ry
     energy   new            =     -64.2191855051 Ry

     CASE: energy  _new > energy  _old

     new trust radius        =       0.0149089242 bohr
     new conv_thr            =       0.0000000100 Ry


ATOMIC_POSITIONS (crystal)
O        0.500000000   0.500000000   0.438711054
O        0.500000000   0.500000000   0.561288946


     Check: negative starting charge=   -0.003817
     NEW-OLD atomic charge density approx. for the potential
     Check: negative starting charge=   -0.003826

     negative rho (up, down):  2.730E-03 0.000E+00

     total cpu time spent up to now is       25.4 secs

     Self-consistent Calculation

     iteration #  1     ecut=    60.00 Ry     beta= 0.70
     Davidson diagonalization with overlap
     ethr =  1.00E-06,  avg # of iterations =  4.0

     negative rho (up, down):  2.560E-03 0.000E+00

     total cpu time spent up to now is       27.1 secs

     total energy              =     -64.22115702 Ry
     Harris-Foulkes estimate   =     -64.22156270 Ry
     estimated scf accuracy    <       0.00062133 Ry

     iteration #  2     ecut=    60.00 Ry     beta= 0.70
     Davidson diagonalization with overlap
     ethr =  5.18E-06,  avg # of iterations =  2.0

     negative rho (up, down):  2.587E-03 0.000E+00

     total cpu time spent up to now is       29.3 secs

     total energy              =     -64.22131397 Ry
     Harris-Foulkes estimate   =     -64.22137788 Ry
     estimated scf accuracy    <       0.00010986 Ry

     iteration #  3     ecut=    60.00 Ry     beta= 0.70
     Davidson diagonalization with overlap
     ethr =  9.16E-07,  avg # of iterations =  2.0

     negative rho (up, down):  2.634E-03 0.000E+00

     total cpu time spent up to now is       31.6 secs

     total energy              =     -64.22133720 Ry
     Harris-Foulkes estimate   =     -64.22133731 Ry
     estimated scf accuracy    <       0.00000154 Ry

     iteration #  4     ecut=    60.00 Ry     beta= 0.70
     Davidson diagonalization with overlap
     ethr =  1.29E-08,  avg # of iterations =  2.0

     negative rho (up, down):  2.641E-03 0.000E+00

     total cpu time spent up to now is       33.2 secs

     total energy              =     -64.22133731 Ry
     Harris-Foulkes estimate   =     -64.22133733 Ry
     estimated scf accuracy    <       0.00000001 Ry

     iteration #  5     ecut=    60.00 Ry     beta= 0.70
     Davidson diagonalization with overlap
     ethr =  1.04E-10,  avg # of iterations =  2.0

     negative rho (up, down):  2.642E-03 0.000E+00

     total cpu time spent up to now is       34.7 secs

     End of self-consistent calculation

          k = 0.0000 0.0000 0.0000 ( 52923 PWs)   bands (ev):

   -31.9099 -19.7009 -12.9841 -12.4361 -12.4361  -5.7854

     occupation numbers 
     1.0000   1.0000   1.0000   1.0000   1.0000   1.0000

     highest occupied level (ev):    -5.7854

!    total energy              =     -64.22133731 Ry
     Harris-Foulkes estimate   =     -64.22133731 Ry
     estimated scf accuracy    <          9.3E-10 Ry

     The total energy is the sum of the following terms:

     one-electron contribution =    -123.16912364 Ry
     hartree contribution      =      63.44950487 Ry
     xc contribution           =     -14.08655806 Ry
     ewald contribution        =       9.58483951 Ry

     convergence has been achieved in   5 iterations

     negative rho (up, down):  2.642E-03 0.000E+00

     Forces acting on atoms (cartesian axes, Ry/au):

     atom    1 type  1   force =     0.00000000    0.00000000    0.00220230
     atom    2 type  1   force =     0.00000000    0.00000000   -0.00220230
     The non-local contrib.  to forces
     atom    1 type  1   force =     0.00000000    0.00000000    2.34407882
     atom    2 type  1   force =     0.00000000    0.00000000   -2.34407882
     The ionic contribution  to forces
     atom    1 type  1   force =     0.00000000    0.00000000  -13.31053953
     atom    2 type  1   force =    -0.00000000   -0.00000000   13.31053953
     The local contribution  to forces
     atom    1 type  1   force =     0.00000000    0.00000000   10.98096608
     atom    2 type  1   force =     0.00000000    0.00000000  -10.98096608
     The core correction contribution to forces
     atom    1 type  1   force =     0.00000000    0.00000000   -0.01233760
     atom    2 type  1   force =     0.00000000    0.00000000    0.01233760
     The Hubbard contrib.    to forces
     atom    1 type  1   force =     0.00000000    0.00000000    0.00000000
     atom    2 type  1   force =     0.00000000    0.00000000    0.00000000
     The SCF correction term to forces
     atom    1 type  1   force =    -0.00000000   -0.00000000    0.00003453
     atom    2 type  1   force =    -0.00000000   -0.00000000   -0.00003453

     Total force =     0.003115     Total SCF correction =     0.000049

     number of scf cycles    =   3
     number of bfgs steps    =   1

     energy   old            =     -64.2207474828 Ry
     energy   new            =     -64.2213373093 Ry

     CASE: energy  _new < energy  _old

     new trust radius        =       0.0007323524 bohr
     new conv_thr            =       0.0000000002 Ry


ATOMIC_POSITIONS (crystal)
O        0.500000000   0.500000000   0.438749808
O        0.500000000   0.500000000   0.561250192


     Check: negative starting charge=   -0.003826
     NEW-OLD atomic charge density approx. for the potential
     Check: negative starting charge=   -0.003827

     negative rho (up, down):  2.637E-03 0.000E+00

     total cpu time spent up to now is       36.0 secs

     Self-consistent Calculation

     iteration #  1     ecut=    60.00 Ry     beta= 0.70
     Davidson diagonalization with overlap
     ethr =  1.00E-06,  avg # of iterations =  2.0

     Threshold (ethr) on eigenvalues was too large:
     Diagonalizing with lowered threshold

     Davidson diagonalization with overlap
     ethr =  4.05E-09,  avg # of iterations =  2.0

     negative rho (up, down):  2.642E-03 0.000E+00

     total cpu time spent up to now is       38.3 secs

     total energy              =     -64.22133884 Ry
     Harris-Foulkes estimate   =     -64.22133920 Ry
     estimated scf accuracy    <       0.00000050 Ry

     iteration #  2     ecut=    60.00 Ry     beta= 0.70
     Davidson diagonalization with overlap
     ethr =  4.13E-09,  avg # of iterations =  2.0

     negative rho (up, down):  2.643E-03 0.000E+00

     total cpu time spent up to now is       40.6 secs

     total energy              =     -64.22133895 Ry
     Harris-Foulkes estimate   =     -64.22133902 Ry
     estimated scf accuracy    <       0.00000009 Ry

     iteration #  3     ecut=    60.00 Ry     beta= 0.70
     Davidson diagonalization with overlap
     ethr =  7.17E-10,  avg # of iterations =  2.0

     negative rho (up, down):  2.644E-03 0.000E+00

     total cpu time spent up to now is       42.1 secs

     total energy              =     -64.22133896 Ry
     Harris-Foulkes estimate   =     -64.22133896 Ry
     estimated scf accuracy    <          1.2E-09 Ry

     iteration #  4     ecut=    60.00 Ry     beta= 0.70
     Davidson diagonalization with overlap
     ethr =  9.71E-12,  avg # of iterations =  2.0

     negative rho (up, down):  2.644E-03 0.000E+00

     total cpu time spent up to now is       43.4 secs

     End of self-consistent calculation

          k = 0.0000 0.0000 0.0000 ( 52923 PWs)   bands (ev):

   -31.9263 -19.6950 -12.9862 -12.4431 -12.4431  -5.7794

     occupation numbers 
     1.0000   1.0000   1.0000   1.0000   1.0000   1.0000

     highest occupied level (ev):    -5.7794

!    total energy              =     -64.22133896 Ry
     Harris-Foulkes estimate   =     -64.22133896 Ry
     estimated scf accuracy    <          7.2E-12 Ry

     The total energy is the sum of the following terms:

     one-electron contribution =    -123.20447890 Ry
     hartree contribution      =      63.46670211 Ry
     xc contribution           =     -14.08791019 Ry
     ewald contribution        =       9.60434802 Ry

     convergence has been achieved in   4 iterations

     negative rho (up, down):  2.644E-03 0.000E+00

     Forces acting on atoms (cartesian axes, Ry/au):

     atom    1 type  1   force =     0.00000000    0.00000000    0.00010498
     atom    2 type  1   force =     0.00000000    0.00000000   -0.00010498
     The non-local contrib.  to forces
     atom    1 type  1   force =     0.00000000    0.00000000    2.34637312
     atom    2 type  1   force =     0.00000000    0.00000000   -2.34637312
     The ionic contribution  to forces
     atom    1 type  1   force =     0.00000000    0.00000000  -13.32759983
     atom    2 type  1   force =    -0.00000000   -0.00000000   13.32759983
     The local contribution  to forces
     atom    1 type  1   force =     0.00000000    0.00000000   10.99366545
     atom    2 type  1   force =     0.00000000    0.00000000  -10.99366545
     The core correction contribution to forces
     atom    1 type  1   force =     0.00000000    0.00000000   -0.01232917
     atom    2 type  1   force =    -0.00000000   -0.00000000    0.01232917
     The Hubbard contrib.    to forces
     atom    1 type  1   force =     0.00000000    0.00000000    0.00000000
     atom    2 type  1   force =     0.00000000    0.00000000    0.00000000
     The SCF correction term to forces
     atom    1 type  1   force =    -0.00000000    0.00000000   -0.00000459
     atom    2 type  1   force =    -0.00000000    0.00000000    0.00000459

     Total force =     0.000148     Total SCF correction =     0.000006

     bfgs converged in   4 scf cycles and   2 bfgs steps
     (criteria: energy <  1.0E-04 Ry, force <  1.0E-03 Ry/Bohr)

     End of BFGS Geometry Optimization

     Final energy   =     -64.2213389601 Ry
Begin final coordinates

ATOMIC_POSITIONS (crystal)
O        0.500000000   0.500000000   0.438749808
O        0.500000000   0.500000000   0.561250192
End final coordinates


 
     init_run     :      3.27s CPU      1.59s WALL (       1 calls)
     electrons    :     78.89s CPU     37.46s WALL (       4 calls)
     update_pot   :      2.23s CPU      1.11s WALL (       3 calls)
     forces       :      6.79s CPU      3.05s WALL (       4 calls)

     Called by init_run:
     wfcinit      :      0.58s CPU      0.33s WALL (       1 calls)
     wfcinit:atom :      0.02s CPU      0.01s WALL (       1 calls)
     wfcinit:wfcr :      0.54s CPU      0.31s WALL (       1 calls)
     potinit      :      0.69s CPU      0.29s WALL (       1 calls)
     hinit0       :      0.78s CPU      0.38s WALL (       1 calls)

     Called by electrons:
     c_bands      :     29.43s CPU     13.73s WALL (      23 calls)
     sum_band     :     21.39s CPU     10.77s WALL (      23 calls)
     v_of_rho     :     11.25s CPU      5.21s WALL (      25 calls)
     v_h          :      1.30s CPU      0.60s WALL (      25 calls)
     v_xc         :     11.55s CPU      5.29s WALL (      29 calls)
     newd         :     17.85s CPU      8.21s WALL (      25 calls)
     mix_rho      :      2.52s CPU      1.18s WALL (      23 calls)

     Called by c_bands:
     init_us_2    :      0.42s CPU      0.23s WALL (      47 calls)
     cegterg      :     28.18s CPU     13.15s WALL (      23 calls)

     Called by sum_band:
     sum_band:bec :      0.12s CPU      0.07s WALL (      23 calls)
     addusdens    :     11.10s CPU      5.83s WALL (      23 calls)

     Called by *egterg:
     h_psi        :     24.23s CPU     11.30s WALL (      76 calls)
     s_psi        :      0.15s CPU      0.07s WALL (      76 calls)
     g_psi        :      0.07s CPU      0.03s WALL (      52 calls)
     cdiaghg      :      0.24s CPU      0.11s WALL (      70 calls)
     cegterg:over :      1.70s CPU      0.81s WALL (      52 calls)
     cegterg:upda :      0.27s CPU      0.13s WALL (      52 calls)
     cegterg:last :      0.12s CPU      0.07s WALL (      25 calls)

     Called by h_psi:
     h_psi:pot    :     24.17s CPU     11.28s WALL (      76 calls)
     h_psi:calbec :      1.19s CPU      0.56s WALL (      76 calls)
     vloc_psi     :     22.66s CPU     10.55s WALL (      76 calls)
     add_vuspsi   :      0.32s CPU      0.17s WALL (      76 calls)

     General routines
     calbec       :      1.98s CPU      0.91s WALL (     115 calls)
     fft          :     13.49s CPU      6.25s WALL (     328 calls)
     ffts         :      0.77s CPU      0.37s WALL (      23 calls)
     fftw         :     25.43s CPU     11.91s WALL (     952 calls)
 
     Parallel routines
     fft_scatt_xy :      1.58s CPU      0.75s WALL (    1303 calls)
     fft_scatt_yz :     31.06s CPU     14.41s WALL (    1303 calls)
 
     PWSCF        :  1m33.30s CPU        44.31s WALL

 
   This run was terminated on:   9: 8:44  19Mar2019            

=------------------------------------------------------------------------------=
   JOB DONE.
=------------------------------------------------------------------------------=
