
     Program PWSCF v.6.3MaX starts on 19Mar2019 at  9: 3:54 

     This program is part of the open-source Quantum ESPRESSO suite
     for quantum simulation of materials; please cite
         "P. Giannozzi et al., J. Phys.:Condens. Matter 21 395502 (2009);
         "P. Giannozzi et al., J. Phys.:Condens. Matter 29 465901 (2017);
          URL http://www.quantum-espresso.org", 
     in publications or presentations arising from this work. More details at
     http://www.quantum-espresso.org/quote

 *** WARNING: using old-style file format, will disappear from next version ***

     Parallel version (MPI & OpenMP), running on      20 processor cores
     Number of MPI processes:                 5
     Threads/MPI process:                     4

     MPI processes distributed on     1 nodes
     R & G space division:  proc/nbgrp/npool/nimage =       5
     Reading input from /home/azadoks/dftman/projects/HW5_3/ConvergenceWorkflows/b959a7bdb810/c24d4dc6a023/pwscf.in
Warning: card &CELL ignored
Warning: card / ignored

     Current dimensions of program PWSCF are:
     Max number of different atomic species (ntypx) = 10
     Max number of k-points (npk) =  40000
     Max angular momentum in pseudopotentials (lmaxx) =  3
     Message from routine iosys:
     minimal I/O required, wf_collect reset to FALSE

     Subspace diagonalization in iterative solution of the eigenvalue problem:
     a serial algorithm will be used

 
     Parallelization info
     --------------------
     sticks:   dense  smooth     PW     G-vecs:    dense   smooth      PW
     Min         568     568    143                22760    22760    2848
     Max         570     570    144                22761    22761    2849
     Sum        2845    2845    717               113801   113801   14243
 


     bravais-lattice index     =            0
     lattice parameter (alat)  =      18.8973  a.u.
     unit-cell volume          =    6748.3346 (a.u.)^3
     number of atoms/cell      =            2
     number of atomic types    =            1
     number of electrons       =        12.00
     number of Kohn-Sham states=            6
     kinetic-energy cutoff     =      25.0000  Ry
     charge density cutoff     =     100.0000  Ry
     convergence threshold     =      1.0E-08
     mixing beta               =       0.7000
     number of iterations used =            8  plain     mixing
     Exchange-correlation      = SLA  PW   PBE  PBE ( 1  4  3  4 0 0)
     nstep                     =           50


     celldm(1)=  18.897261  celldm(2)=   0.000000  celldm(3)=   0.000000
     celldm(4)=   0.000000  celldm(5)=   0.000000  celldm(6)=   0.000000

     crystal axes: (cart. coord. in units of alat)
               a(1) = (   1.000000   0.000000   0.000000 )  
               a(2) = (   0.000000   1.000000   0.000000 )  
               a(3) = (   0.000000   0.000000   1.000000 )  

     reciprocal axes: (cart. coord. in units 2 pi/alat)
               b(1) = (  1.000000  0.000000  0.000000 )  
               b(2) = (  0.000000  1.000000  0.000000 )  
               b(3) = (  0.000000  0.000000  1.000000 )  


     PseudoPot. # 1 for O  read from file:
     /home/azadoks/.local/share/pseudo/GBRV_PBE_US/o_pbe_v1.2.uspp.F.UPF
     MD5 check sum: 734c27235a0248c51dbae37a1fbe46ec
     Pseudo is Ultrasoft + core correction, Zval =  6.0
     Generated by new atomic code, or converted to UPF format
     Using radial grid of  737 points,  5 beta functions with: 
                l(1) =   0
                l(2) =   0
                l(3) =   1
                l(4) =   1
                l(5) =   2
     Q(r) pseudized with  8 coefficients,  rinner =    0.900   0.900   0.900
                                                       0.900   0.900

     atomic species   valence    mass     pseudopotential
        O              6.00    15.99940     O ( 1.00)

     16 Sym. Ops., with inversion, found


                                    s                        frac. trans.

      isym =  1     identity                                     

 cryst.   s( 1) = (     1          0          0      )
                  (     0          1          0      )
                  (     0          0          1      )

 cart.    s( 1) = (  1.0000000  0.0000000  0.0000000 )
                  (  0.0000000  1.0000000  0.0000000 )
                  (  0.0000000  0.0000000  1.0000000 )


      isym =  2     180 deg rotation - cart. axis [0,0,1]        

 cryst.   s( 2) = (    -1          0          0      )
                  (     0         -1          0      )
                  (     0          0          1      )

 cart.    s( 2) = ( -1.0000000  0.0000000  0.0000000 )
                  (  0.0000000 -1.0000000  0.0000000 )
                  (  0.0000000  0.0000000  1.0000000 )


      isym =  3     180 deg rotation - cart. axis [0,1,0]        

 cryst.   s( 3) = (    -1          0          0      )
                  (     0          1          0      )
                  (     0          0         -1      )

 cart.    s( 3) = ( -1.0000000  0.0000000  0.0000000 )
                  (  0.0000000  1.0000000  0.0000000 )
                  (  0.0000000  0.0000000 -1.0000000 )


      isym =  4     180 deg rotation - cart. axis [1,0,0]        

 cryst.   s( 4) = (     1          0          0      )
                  (     0         -1          0      )
                  (     0          0         -1      )

 cart.    s( 4) = (  1.0000000  0.0000000  0.0000000 )
                  (  0.0000000 -1.0000000  0.0000000 )
                  (  0.0000000  0.0000000 -1.0000000 )


      isym =  5     180 deg rotation - cart. axis [1,1,0]        

 cryst.   s( 5) = (     0          1          0      )
                  (     1          0          0      )
                  (     0          0         -1      )

 cart.    s( 5) = (  0.0000000  1.0000000  0.0000000 )
                  (  1.0000000  0.0000000  0.0000000 )
                  (  0.0000000  0.0000000 -1.0000000 )


      isym =  6     180 deg rotation - cart. axis [1,-1,0]       

 cryst.   s( 6) = (     0         -1          0      )
                  (    -1          0          0      )
                  (     0          0         -1      )

 cart.    s( 6) = (  0.0000000 -1.0000000  0.0000000 )
                  ( -1.0000000  0.0000000  0.0000000 )
                  (  0.0000000  0.0000000 -1.0000000 )


      isym =  7      90 deg rotation - cart. axis [0,0,-1]       

 cryst.   s( 7) = (     0         -1          0      )
                  (     1          0          0      )
                  (     0          0          1      )

 cart.    s( 7) = (  0.0000000  1.0000000  0.0000000 )
                  ( -1.0000000  0.0000000  0.0000000 )
                  (  0.0000000  0.0000000  1.0000000 )


      isym =  8      90 deg rotation - cart. axis [0,0,1]        

 cryst.   s( 8) = (     0          1          0      )
                  (    -1          0          0      )
                  (     0          0          1      )

 cart.    s( 8) = (  0.0000000 -1.0000000  0.0000000 )
                  (  1.0000000  0.0000000  0.0000000 )
                  (  0.0000000  0.0000000  1.0000000 )


      isym =  9     inversion                                    

 cryst.   s( 9) = (    -1          0          0      )
                  (     0         -1          0      )
                  (     0          0         -1      )

 cart.    s( 9) = ( -1.0000000  0.0000000  0.0000000 )
                  (  0.0000000 -1.0000000  0.0000000 )
                  (  0.0000000  0.0000000 -1.0000000 )


      isym = 10     inv. 180 deg rotation - cart. axis [0,0,1]   

 cryst.   s(10) = (     1          0          0      )
                  (     0          1          0      )
                  (     0          0         -1      )

 cart.    s(10) = (  1.0000000  0.0000000  0.0000000 )
                  (  0.0000000  1.0000000  0.0000000 )
                  (  0.0000000  0.0000000 -1.0000000 )


      isym = 11     inv. 180 deg rotation - cart. axis [0,1,0]   

 cryst.   s(11) = (     1          0          0      )
                  (     0         -1          0      )
                  (     0          0          1      )

 cart.    s(11) = (  1.0000000  0.0000000  0.0000000 )
                  (  0.0000000 -1.0000000  0.0000000 )
                  (  0.0000000  0.0000000  1.0000000 )


      isym = 12     inv. 180 deg rotation - cart. axis [1,0,0]   

 cryst.   s(12) = (    -1          0          0      )
                  (     0          1          0      )
                  (     0          0          1      )

 cart.    s(12) = ( -1.0000000  0.0000000  0.0000000 )
                  (  0.0000000  1.0000000  0.0000000 )
                  (  0.0000000  0.0000000  1.0000000 )


      isym = 13     inv. 180 deg rotation - cart. axis [1,1,0]   

 cryst.   s(13) = (     0         -1          0      )
                  (    -1          0          0      )
                  (     0          0          1      )

 cart.    s(13) = (  0.0000000 -1.0000000  0.0000000 )
                  ( -1.0000000  0.0000000  0.0000000 )
                  (  0.0000000  0.0000000  1.0000000 )


      isym = 14     inv. 180 deg rotation - cart. axis [1,-1,0]  

 cryst.   s(14) = (     0          1          0      )
                  (     1          0          0      )
                  (     0          0          1      )

 cart.    s(14) = (  0.0000000  1.0000000  0.0000000 )
                  (  1.0000000  0.0000000  0.0000000 )
                  (  0.0000000  0.0000000  1.0000000 )


      isym = 15     inv.  90 deg rotation - cart. axis [0,0,-1]  

 cryst.   s(15) = (     0          1          0      )
                  (    -1          0          0      )
                  (     0          0         -1      )

 cart.    s(15) = (  0.0000000 -1.0000000  0.0000000 )
                  (  1.0000000  0.0000000  0.0000000 )
                  (  0.0000000  0.0000000 -1.0000000 )


      isym = 16     inv.  90 deg rotation - cart. axis [0,0,1]   

 cryst.   s(16) = (     0         -1          0      )
                  (     1          0          0      )
                  (     0          0         -1      )

 cart.    s(16) = (  0.0000000  1.0000000  0.0000000 )
                  ( -1.0000000  0.0000000  0.0000000 )
                  (  0.0000000  0.0000000 -1.0000000 )


   Cartesian axes

     site n.     atom                  positions (alat units)
         1           O   tau(   1) = (   0.5000000   0.5000000   0.4395000  )
         2           O   tau(   2) = (   0.5000000   0.5000000   0.5605000  )

   Crystallographic axes

     site n.     atom                  positions (cryst. coord.)
         1           O   tau(   1) = (  0.5000000  0.5000000  0.4395000  )
         2           O   tau(   2) = (  0.5000000  0.5000000  0.5605000  )

     number of k points=     1
                       cart. coord. in units 2pi/alat
        k(    1) = (   0.0000000   0.0000000   0.0000000), wk =   2.0000000

                       cryst. coord.
        k(    1) = (   0.0000000   0.0000000   0.0000000), wk =   2.0000000

     Dense  grid:   113801 G-vectors     FFT dimensions: (  64,  64,  64)

     Dynamical RAM for                 wfc:       0.26 MB

     Dynamical RAM for     wfc (w. buffer):       0.26 MB

     Dynamical RAM for           str. fact:       0.35 MB

     Dynamical RAM for           local pot:       0.00 MB

     Dynamical RAM for          nlocal pot:       1.13 MB

     Dynamical RAM for                qrad:       1.72 MB

     Dynamical RAM for          rho,v,vnew:       2.26 MB

     Dynamical RAM for               rhoin:       0.75 MB

     Dynamical RAM for            rho*nmix:       5.56 MB

     Dynamical RAM for           G-vectors:       1.48 MB

     Dynamical RAM for          h,s,v(r/c):       0.03 MB

     Dynamical RAM for          <psi|beta>:       0.00 MB

     Dynamical RAM for                 psi:       1.04 MB

     Dynamical RAM for                hpsi:       1.04 MB

     Dynamical RAM for                spsi:       1.04 MB

     Dynamical RAM for      wfcinit/wfcrot:       0.70 MB

     Dynamical RAM for           addusdens:      37.51 MB

     Dynamical RAM for          addusforce:      38.38 MB

     Estimated static dynamical RAM per process >      16.23 MB

     Estimated max dynamical RAM per process >      54.62 MB

     Estimated total dynamical RAM >     273.08 MB

     Check: negative/imaginary core charge=   -0.000017    0.000000

     Initial potential from superposition of free atoms
     Check: negative starting charge=   -0.066454

     starting charge   12.00000, renormalised to   12.00000

     negative rho (up, down):  6.645E-02 0.000E+00
     Starting wfcs are    8 randomized atomic wfcs

     total cpu time spent up to now is        1.3 secs

     Self-consistent Calculation

     iteration #  1     ecut=    25.00 Ry     beta= 0.70
     Davidson diagonalization with overlap
     ethr =  1.00E-02,  avg # of iterations =  2.0

     Threshold (ethr) on eigenvalues was too large:
     Diagonalizing with lowered threshold

     Davidson diagonalization with overlap
     ethr =  3.23E-04,  avg # of iterations =  2.0

     negative rho (up, down):  6.263E-02 0.000E+00

     total cpu time spent up to now is        2.8 secs

     total energy              =     -64.10180432 Ry
     Harris-Foulkes estimate   =     -64.12121085 Ry
     estimated scf accuracy    <       0.03856503 Ry

     iteration #  2     ecut=    25.00 Ry     beta= 0.70
     Davidson diagonalization with overlap
     ethr =  3.21E-04,  avg # of iterations =  2.0

     negative rho (up, down):  6.415E-02 0.000E+00

     total cpu time spent up to now is        3.5 secs

     total energy              =     -64.10732347 Ry
     Harris-Foulkes estimate   =     -64.10741660 Ry
     estimated scf accuracy    <       0.00125457 Ry

     iteration #  3     ecut=    25.00 Ry     beta= 0.70
     Davidson diagonalization with overlap
     ethr =  1.05E-05,  avg # of iterations =  2.0

     negative rho (up, down):  6.537E-02 0.000E+00

     total cpu time spent up to now is        3.9 secs

     total energy              =     -64.10740732 Ry
     Harris-Foulkes estimate   =     -64.10740525 Ry
     estimated scf accuracy    <       0.00008646 Ry

     iteration #  4     ecut=    25.00 Ry     beta= 0.70
     Davidson diagonalization with overlap
     ethr =  7.21E-07,  avg # of iterations =  2.0

     negative rho (up, down):  6.532E-02 0.000E+00

     total cpu time spent up to now is        4.3 secs

     total energy              =     -64.10741392 Ry
     Harris-Foulkes estimate   =     -64.10741679 Ry
     estimated scf accuracy    <       0.00000509 Ry

     iteration #  5     ecut=    25.00 Ry     beta= 0.70
     Davidson diagonalization with overlap
     ethr =  4.24E-08,  avg # of iterations =  2.0

     negative rho (up, down):  6.528E-02 0.000E+00

     total cpu time spent up to now is        5.0 secs

     total energy              =     -64.10741476 Ry
     Harris-Foulkes estimate   =     -64.10741496 Ry
     estimated scf accuracy    <       0.00000024 Ry

     iteration #  6     ecut=    25.00 Ry     beta= 0.70
     Davidson diagonalization with overlap
     ethr =  1.99E-09,  avg # of iterations =  3.0

     negative rho (up, down):  6.528E-02 0.000E+00

     total cpu time spent up to now is        5.4 secs

     total energy              =     -64.10741482 Ry
     Harris-Foulkes estimate   =     -64.10741482 Ry
     estimated scf accuracy    <       0.00000002 Ry

     iteration #  7     ecut=    25.00 Ry     beta= 0.70
     Davidson diagonalization with overlap
     ethr =  1.87E-10,  avg # of iterations =  2.0

     negative rho (up, down):  6.528E-02 0.000E+00

     total cpu time spent up to now is        6.2 secs

     End of self-consistent calculation

          k = 0.0000 0.0000 0.0000 ( 14243 PWs)   bands (ev):

   -32.3659 -19.7402 -13.0403 -12.5836 -12.5836  -5.6374

     occupation numbers 
     1.0000   1.0000   1.0000   1.0000   1.0000   1.0000

     highest occupied level (ev):    -5.6374

!    total energy              =     -64.10741482 Ry
     Harris-Foulkes estimate   =     -64.10741482 Ry
     estimated scf accuracy    <          1.5E-10 Ry

     The total energy is the sum of the following terms:

     one-electron contribution =    -123.65190365 Ry
     hartree contribution      =      63.63928414 Ry
     xc contribution           =     -14.08176670 Ry
     ewald contribution        =       9.98697138 Ry

     convergence has been achieved in   7 iterations

     negative rho (up, down):  6.528E-02 0.000E+00

     Forces acting on atoms (cartesian axes, Ry/au):

     atom    1 type  1   force =     0.00000000    0.00000000   -0.08627078
     atom    2 type  1   force =     0.00000000    0.00000000    0.08627078
     The non-local contrib.  to forces
     atom    1 type  1   force =     0.00000000    0.00000000    2.33969441
     atom    2 type  1   force =     0.00000000    0.00000000   -2.33969441
     The ionic contribution  to forces
     atom    1 type  1   force =    -0.00000000   -0.00000000  -13.66430279
     atom    2 type  1   force =     0.00000000    0.00000000   13.66430279
     The local contribution  to forces
     atom    1 type  1   force =     0.00000000    0.00000000   11.24995756
     atom    2 type  1   force =     0.00000000    0.00000000  -11.24995756
     The core correction contribution to forces
     atom    1 type  1   force =     0.00000000    0.00000000   -0.01165732
     atom    2 type  1   force =    -0.00000000   -0.00000000    0.01165732
     The Hubbard contrib.    to forces
     atom    1 type  1   force =     0.00000000    0.00000000    0.00000000
     atom    2 type  1   force =     0.00000000    0.00000000    0.00000000
     The SCF correction term to forces
     atom    1 type  1   force =     0.00000000    0.00000000    0.00003736
     atom    2 type  1   force =    -0.00000000   -0.00000000   -0.00003736

     Total force =     0.122005     Total SCF correction =     0.000053

     BFGS Geometry Optimization

     number of scf cycles    =   1
     number of bfgs steps    =   0

     energy   new            =     -64.1074148247 Ry

     new trust radius        =       0.0862707818 bohr
     new conv_thr            =       0.0000000100 Ry


ATOMIC_POSITIONS (crystal)
O        0.500000000   0.500000000   0.434934747
O        0.500000000   0.500000000   0.565065253


     Check: negative starting charge=   -0.066454
     NEW-OLD atomic charge density approx. for the potential

     Check: negative/imaginary core charge=   -0.000018    0.000000
     Check: negative starting charge=   -0.066444

     negative rho (up, down):  7.706E-02 0.000E+00

     total cpu time spent up to now is        7.2 secs

     Self-consistent Calculation

     iteration #  1     ecut=    25.00 Ry     beta= 0.70
     Davidson diagonalization with overlap
     ethr =  1.00E-06,  avg # of iterations =  4.0

     negative rho (up, down):  6.907E-02 0.000E+00

     total cpu time spent up to now is        8.7 secs

     total energy              =     -64.10163688 Ry
     Harris-Foulkes estimate   =     -64.10468478 Ry
     estimated scf accuracy    <       0.00513746 Ry

     iteration #  2     ecut=    25.00 Ry     beta= 0.70
     Davidson diagonalization with overlap
     ethr =  4.28E-05,  avg # of iterations =  2.0

     negative rho (up, down):  6.987E-02 0.000E+00

     total cpu time spent up to now is       10.2 secs

     total energy              =     -64.10294115 Ry
     Harris-Foulkes estimate   =     -64.10341035 Ry
     estimated scf accuracy    <       0.00081696 Ry

     iteration #  3     ecut=    25.00 Ry     beta= 0.70
     Davidson diagonalization with overlap
     ethr =  6.81E-06,  avg # of iterations =  2.0

     negative rho (up, down):  7.022E-02 0.000E+00

     total cpu time spent up to now is       11.1 secs

     total energy              =     -64.10311626 Ry
     Harris-Foulkes estimate   =     -64.10311366 Ry
     estimated scf accuracy    <       0.00001269 Ry

     iteration #  4     ecut=    25.00 Ry     beta= 0.70
     Davidson diagonalization with overlap
     ethr =  1.06E-07,  avg # of iterations =  2.0

     negative rho (up, down):  7.026E-02 0.000E+00

     total cpu time spent up to now is       12.0 secs

     total energy              =     -64.10311721 Ry
     Harris-Foulkes estimate   =     -64.10311726 Ry
     estimated scf accuracy    <       0.00000013 Ry

     iteration #  5     ecut=    25.00 Ry     beta= 0.70
     Davidson diagonalization with overlap
     ethr =  1.11E-09,  avg # of iterations =  2.0

     negative rho (up, down):  7.026E-02 0.000E+00

     total cpu time spent up to now is       13.0 secs

     End of self-consistent calculation

          k = 0.0000 0.0000 0.0000 ( 14243 PWs)   bands (ev):

   -30.5872 -20.4367 -12.8359 -11.8302 -11.8302  -6.3080

     occupation numbers 
     1.0000   1.0000   1.0000   1.0000   1.0000   1.0000

     highest occupied level (ev):    -6.3080

!    total energy              =     -64.10311723 Ry
     Harris-Foulkes estimate   =     -64.10311725 Ry
     estimated scf accuracy    <          7.5E-09 Ry

     The total energy is the sum of the following terms:

     one-electron contribution =    -119.67373828 Ry
     hartree contribution      =      61.71100663 Ry
     xc contribution           =     -13.93716851 Ry
     ewald contribution        =       7.79678293 Ry

     convergence has been achieved in   5 iterations

     negative rho (up, down):  7.026E-02 0.000E+00

     Forces acting on atoms (cartesian axes, Ry/au):

     atom    1 type  1   force =     0.00000000    0.00000000    0.11913664
     atom    2 type  1   force =     0.00000000    0.00000000   -0.11913664
     The non-local contrib.  to forces
     atom    1 type  1   force =     0.00000000    0.00000000    2.07417575
     atom    2 type  1   force =     0.00000000    0.00000000   -2.07417575
     The ionic contribution  to forces
     atom    1 type  1   force =     0.00000000    0.00000000  -11.79083741
     atom    2 type  1   force =    -0.00000000   -0.00000000   11.79083741
     The local contribution  to forces
     atom    1 type  1   force =     0.00000000    0.00000000    9.84819348
     atom    2 type  1   force =     0.00000000    0.00000000   -9.84819348
     The core correction contribution to forces
     atom    1 type  1   force =    -0.00000000   -0.00000000   -0.01227846
     atom    2 type  1   force =     0.00000000    0.00000000    0.01227846
     The Hubbard contrib.    to forces
     atom    1 type  1   force =     0.00000000    0.00000000    0.00000000
     atom    2 type  1   force =     0.00000000    0.00000000    0.00000000
     The SCF correction term to forces
     atom    1 type  1   force =     0.00000000    0.00000000   -0.00011672
     atom    2 type  1   force =    -0.00000000    0.00000000    0.00011672

     Total force =     0.168485     Total SCF correction =     0.000165

     number of scf cycles    =   2
     number of bfgs steps    =   1

     energy   old            =     -64.1074148247 Ry
     energy   new            =     -64.1031172284 Ry

     CASE: energy  _new > energy  _old

     new trust radius        =       0.0334716500 bohr
     new conv_thr            =       0.0000000100 Ry


ATOMIC_POSITIONS (crystal)
O        0.500000000   0.500000000   0.437728757
O        0.500000000   0.500000000   0.562271243


     Check: negative starting charge=   -0.066444
     NEW-OLD atomic charge density approx. for the potential

     Check: negative/imaginary core charge=   -0.000017    0.000000
     Check: negative starting charge=   -0.066071

     negative rho (up, down):  7.134E-02 0.000E+00

     total cpu time spent up to now is       14.0 secs

     Self-consistent Calculation

     iteration #  1     ecut=    25.00 Ry     beta= 0.70
     Davidson diagonalization with overlap
     ethr =  1.00E-06,  avg # of iterations =  4.0

     negative rho (up, down):  6.872E-02 0.000E+00

     total cpu time spent up to now is       15.3 secs

     total energy              =     -64.10951434 Ry
     Harris-Foulkes estimate   =     -64.11055368 Ry
     estimated scf accuracy    <       0.00175314 Ry

     iteration #  2     ecut=    25.00 Ry     beta= 0.70
     Davidson diagonalization with overlap
     ethr =  1.46E-05,  avg # of iterations =  2.0

     negative rho (up, down):  6.781E-02 0.000E+00

     total cpu time spent up to now is       16.7 secs

     total energy              =     -64.10995219 Ry
     Harris-Foulkes estimate   =     -64.11008905 Ry
     estimated scf accuracy    <       0.00025444 Ry

     iteration #  3     ecut=    25.00 Ry     beta= 0.70
     Davidson diagonalization with overlap
     ethr =  2.12E-06,  avg # of iterations =  2.0

     negative rho (up, down):  6.754E-02 0.000E+00

     total cpu time spent up to now is       17.8 secs

     total energy              =     -64.11001058 Ry
     Harris-Foulkes estimate   =     -64.11000787 Ry
     estimated scf accuracy    <       0.00000460 Ry

     iteration #  4     ecut=    25.00 Ry     beta= 0.70
     Davidson diagonalization with overlap
     ethr =  3.83E-08,  avg # of iterations =  2.0

     negative rho (up, down):  6.751E-02 0.000E+00

     total cpu time spent up to now is       18.8 secs

     total energy              =     -64.11001116 Ry
     Harris-Foulkes estimate   =     -64.11001099 Ry
     estimated scf accuracy    <       0.00000007 Ry

     iteration #  5     ecut=    25.00 Ry     beta= 0.70
     Davidson diagonalization with overlap
     ethr =  5.96E-10,  avg # of iterations =  2.0

     negative rho (up, down):  6.751E-02 0.000E+00

     total cpu time spent up to now is       20.1 secs

     End of self-consistent calculation

          k = 0.0000 0.0000 0.0000 ( 14243 PWs)   bands (ev):

   -31.6329 -20.0157 -12.9605 -12.2692 -12.2692  -5.9149

     occupation numbers 
     1.0000   1.0000   1.0000   1.0000   1.0000   1.0000

     highest occupied level (ev):    -5.9149

!    total energy              =     -64.11001117 Ry
     Harris-Foulkes estimate   =     -64.11001117 Ry
     estimated scf accuracy    <          4.8E-09 Ry

     The total energy is the sum of the following terms:

     one-electron contribution =    -122.05107470 Ry
     hartree contribution      =      62.86430326 Ry
     xc contribution           =     -14.02181291 Ry
     ewald contribution        =       9.09857318 Ry

     convergence has been achieved in   5 iterations

     negative rho (up, down):  6.751E-02 0.000E+00

     Forces acting on atoms (cartesian axes, Ry/au):

     atom    1 type  1   force =     0.00000000    0.00000000    0.00576370
     atom    2 type  1   force =     0.00000000    0.00000000   -0.00576370
     The non-local contrib.  to forces
     atom    1 type  1   force =     0.00000000    0.00000000    2.23417635
     atom    2 type  1   force =     0.00000000    0.00000000   -2.23417635
     The ionic contribution  to forces
     atom    1 type  1   force =     0.00000000    0.00000000  -12.88864564
     atom    2 type  1   force =    -0.00000000   -0.00000000   12.88864564
     The local contribution  to forces
     atom    1 type  1   force =     0.00000000    0.00000000   10.67221245
     atom    2 type  1   force =     0.00000000    0.00000000  -10.67221245
     The core correction contribution to forces
     atom    1 type  1   force =    -0.00000000   -0.00000000   -0.01214411
     atom    2 type  1   force =    -0.00000000   -0.00000000    0.01214411
     The Hubbard contrib.    to forces
     atom    1 type  1   force =     0.00000000    0.00000000    0.00000000
     atom    2 type  1   force =     0.00000000    0.00000000    0.00000000
     The SCF correction term to forces
     atom    1 type  1   force =     0.00000000    0.00000000    0.00016464
     atom    2 type  1   force =     0.00000000    0.00000000   -0.00016464

     Total force =     0.008151     Total SCF correction =     0.000233

     number of scf cycles    =   3
     number of bfgs steps    =   1

     energy   old            =     -64.1074148247 Ry
     energy   new            =     -64.1100111663 Ry

     CASE: energy  _new < energy  _old

     new trust radius        =       0.0020961771 bohr
     new conv_thr            =       0.0000000006 Ry


ATOMIC_POSITIONS (crystal)
O        0.500000000   0.500000000   0.437839681
O        0.500000000   0.500000000   0.562160319


     Check: negative starting charge=   -0.066071
     NEW-OLD atomic charge density approx. for the potential

     Check: negative/imaginary core charge=   -0.000017    0.000000
     Check: negative starting charge=   -0.066080

     negative rho (up, down):  6.743E-02 0.000E+00

     total cpu time spent up to now is       20.9 secs

     Self-consistent Calculation

     iteration #  1     ecut=    25.00 Ry     beta= 0.70
     Davidson diagonalization with overlap
     ethr =  1.00E-06,  avg # of iterations =  2.0

     Threshold (ethr) on eigenvalues was too large:
     Diagonalizing with lowered threshold

     Davidson diagonalization with overlap
     ethr =  2.76E-08,  avg # of iterations =  2.0

     negative rho (up, down):  6.743E-02 0.000E+00

     total cpu time spent up to now is       22.8 secs

     total energy              =     -64.11002333 Ry
     Harris-Foulkes estimate   =     -64.11002525 Ry
     estimated scf accuracy    <       0.00000335 Ry

     iteration #  2     ecut=    25.00 Ry     beta= 0.70
     Davidson diagonalization with overlap
     ethr =  2.79E-08,  avg # of iterations =  2.0

     negative rho (up, down):  6.740E-02 0.000E+00

     total cpu time spent up to now is       24.2 secs

     total energy              =     -64.11002424 Ry
     Harris-Foulkes estimate   =     -64.11002447 Ry
     estimated scf accuracy    <       0.00000051 Ry

     iteration #  3     ecut=    25.00 Ry     beta= 0.70
     Davidson diagonalization with overlap
     ethr =  4.23E-09,  avg # of iterations =  2.0

     negative rho (up, down):  6.739E-02 0.000E+00

     total cpu time spent up to now is       25.5 secs

     total energy              =     -64.11002440 Ry
     Harris-Foulkes estimate   =     -64.11002435 Ry
     estimated scf accuracy    <          7.8E-09 Ry

     iteration #  4     ecut=    25.00 Ry     beta= 0.70
     Davidson diagonalization with overlap
     ethr =  6.50E-11,  avg # of iterations =  2.0

     negative rho (up, down):  6.739E-02 0.000E+00

     total cpu time spent up to now is       26.6 secs

     End of self-consistent calculation

          k = 0.0000 0.0000 0.0000 ( 14243 PWs)   bands (ev):

   -31.6777 -19.9989 -12.9657 -12.2883 -12.2883  -5.8985

     occupation numbers 
     1.0000   1.0000   1.0000   1.0000   1.0000   1.0000

     highest occupied level (ev):    -5.8985

!    total energy              =     -64.11002440 Ry
     Harris-Foulkes estimate   =     -64.11002440 Ry
     estimated scf accuracy    <          9.2E-11 Ry

     The total energy is the sum of the following terms:

     one-electron contribution =    -122.14942974 Ry
     hartree contribution      =      62.91218348 Ry
     xc contribution           =     -14.02548278 Ry
     ewald contribution        =       9.15270464 Ry

     convergence has been achieved in   4 iterations

     negative rho (up, down):  6.739E-02 0.000E+00

     Forces acting on atoms (cartesian axes, Ry/au):

     atom    1 type  1   force =     0.00000000    0.00000000    0.00048601
     atom    2 type  1   force =     0.00000000    0.00000000   -0.00048601
     The non-local contrib.  to forces
     atom    1 type  1   force =     0.00000000    0.00000000    2.24069903
     atom    2 type  1   force =     0.00000000    0.00000000   -2.24069903
     The ionic contribution  to forces
     atom    1 type  1   force =    -0.00000000   -0.00000000  -12.93529270
     atom    2 type  1   force =     0.00000000    0.00000000   12.93529270
     The local contribution  to forces
     atom    1 type  1   force =     0.00000000    0.00000000   10.70719994
     atom    2 type  1   force =     0.00000000    0.00000000  -10.70719994
     The core correction contribution to forces
     atom    1 type  1   force =     0.00000000   -0.00000000   -0.01210863
     atom    2 type  1   force =    -0.00000000    0.00000000    0.01210863
     The Hubbard contrib.    to forces
     atom    1 type  1   force =     0.00000000    0.00000000    0.00000000
     atom    2 type  1   force =     0.00000000    0.00000000    0.00000000
     The SCF correction term to forces
     atom    1 type  1   force =     0.00000000    0.00000000   -0.00001162
     atom    2 type  1   force =     0.00000000   -0.00000000    0.00001162

     Total force =     0.000687     Total SCF correction =     0.000016

     bfgs converged in   4 scf cycles and   2 bfgs steps
     (criteria: energy <  1.0E-04 Ry, force <  1.0E-03 Ry/Bohr)

     End of BFGS Geometry Optimization

     Final energy   =     -64.1100244043 Ry
Begin final coordinates

ATOMIC_POSITIONS (crystal)
O        0.500000000   0.500000000   0.437839681
O        0.500000000   0.500000000   0.562160319
End final coordinates


 
     init_run     :      2.50s CPU      1.20s WALL (       1 calls)
     electrons    :     48.45s CPU     22.48s WALL (       4 calls)
     update_pot   :      1.54s CPU      0.85s WALL (       3 calls)
     forces       :      4.35s CPU      2.10s WALL (       4 calls)

     Called by init_run:
     wfcinit      :      0.42s CPU      0.23s WALL (       1 calls)
     wfcinit:atom :      0.00s CPU      0.00s WALL (       1 calls)
     wfcinit:wfcr :      0.42s CPU      0.22s WALL (       1 calls)
     potinit      :      0.69s CPU      0.28s WALL (       1 calls)
     hinit0       :      0.72s CPU      0.35s WALL (       1 calls)

     Called by electrons:
     c_bands      :     20.58s CPU      9.73s WALL (      23 calls)
     sum_band     :     12.42s CPU      5.67s WALL (      23 calls)
     v_of_rho     :      7.85s CPU      3.59s WALL (      25 calls)
     v_h          :      1.08s CPU      0.49s WALL (      25 calls)
     v_xc         :      8.25s CPU      3.79s WALL (      29 calls)
     newd         :      8.00s CPU      3.81s WALL (      25 calls)
     mix_rho      :      1.20s CPU      0.54s WALL (      23 calls)

     Called by c_bands:
     init_us_2    :      0.15s CPU      0.08s WALL (      47 calls)
     cegterg      :     19.73s CPU      9.34s WALL (      23 calls)

     Called by sum_band:
     sum_band:bec :      0.07s CPU      0.04s WALL (      23 calls)
     addusdens    :      2.78s CPU      1.35s WALL (      23 calls)

     Called by *egterg:
     h_psi        :     16.32s CPU      7.76s WALL (      75 calls)
     s_psi        :      0.03s CPU      0.01s WALL (      75 calls)
     g_psi        :      0.02s CPU      0.01s WALL (      51 calls)
     cdiaghg      :      0.24s CPU      0.10s WALL (      69 calls)
     cegterg:over :      1.47s CPU      0.68s WALL (      51 calls)
     cegterg:upda :      0.12s CPU      0.06s WALL (      51 calls)
     cegterg:last :      0.04s CPU      0.02s WALL (      25 calls)

     Called by h_psi:
     h_psi:pot    :     16.30s CPU      7.75s WALL (      75 calls)
     h_psi:calbec :      1.38s CPU      0.65s WALL (      75 calls)
     vloc_psi     :     14.76s CPU      7.03s WALL (      75 calls)
     add_vuspsi   :      0.15s CPU      0.08s WALL (      75 calls)

     General routines
     calbec       :      2.41s CPU      1.11s WALL (     114 calls)
     fft          :      9.98s CPU      4.66s WALL (     328 calls)
     ffts         :      0.64s CPU      0.29s WALL (      23 calls)
     fftw         :     17.46s CPU      8.26s WALL (     930 calls)
 
     Parallel routines
     fft_scatt_xy :      0.52s CPU      0.25s WALL (    1281 calls)
     fft_scatt_yz :     25.14s CPU     11.77s WALL (    1281 calls)
 
     PWSCF        :    57.85s CPU        27.25s WALL

 
   This run was terminated on:   9: 4:21  19Mar2019            

=------------------------------------------------------------------------------=
   JOB DONE.
=------------------------------------------------------------------------------=
