
     Program PWSCF v.6.3MaX starts on 19Mar2019 at  9:10:21 

     This program is part of the open-source Quantum ESPRESSO suite
     for quantum simulation of materials; please cite
         "P. Giannozzi et al., J. Phys.:Condens. Matter 21 395502 (2009);
         "P. Giannozzi et al., J. Phys.:Condens. Matter 29 465901 (2017);
          URL http://www.quantum-espresso.org", 
     in publications or presentations arising from this work. More details at
     http://www.quantum-espresso.org/quote

 *** WARNING: using old-style file format, will disappear from next version ***

     Parallel version (MPI & OpenMP), running on      20 processor cores
     Number of MPI processes:                 5
     Threads/MPI process:                     4

     MPI processes distributed on     1 nodes
     R & G space division:  proc/nbgrp/npool/nimage =       5
     Reading input from /home/azadoks/dftman/projects/HW5_3/ConvergenceWorkflows/b959a7bdb810/5b962607a382/pwscf.in
Warning: card &CELL ignored
Warning: card / ignored

     Current dimensions of program PWSCF are:
     Max number of different atomic species (ntypx) = 10
     Max number of k-points (npk) =  40000
     Max angular momentum in pseudopotentials (lmaxx) =  3
     Message from routine iosys:
     minimal I/O required, wf_collect reset to FALSE

     Subspace diagonalization in iterative solution of the eigenvalue problem:
     a serial algorithm will be used

 
     Parallelization info
     --------------------
     sticks:   dense  smooth     PW     G-vecs:    dense   smooth      PW
     Min        1705    1705    425               118377   118377   14823
     Max        1707    1707    426               118379   118379   14826
     Sum        8529    8529   2129               591889   591889   74125
 


     bravais-lattice index     =            0
     lattice parameter (alat)  =      18.8973  a.u.
     unit-cell volume          =    6748.3346 (a.u.)^3
     number of atoms/cell      =            2
     number of atomic types    =            1
     number of electrons       =        12.00
     number of Kohn-Sham states=            6
     kinetic-energy cutoff     =      75.0000  Ry
     charge density cutoff     =     300.0000  Ry
     convergence threshold     =      1.0E-08
     mixing beta               =       0.7000
     number of iterations used =            8  plain     mixing
     Exchange-correlation      = SLA  PW   PBE  PBE ( 1  4  3  4 0 0)
     nstep                     =           50


     celldm(1)=  18.897261  celldm(2)=   0.000000  celldm(3)=   0.000000
     celldm(4)=   0.000000  celldm(5)=   0.000000  celldm(6)=   0.000000

     crystal axes: (cart. coord. in units of alat)
               a(1) = (   1.000000   0.000000   0.000000 )  
               a(2) = (   0.000000   1.000000   0.000000 )  
               a(3) = (   0.000000   0.000000   1.000000 )  

     reciprocal axes: (cart. coord. in units 2 pi/alat)
               b(1) = (  1.000000  0.000000  0.000000 )  
               b(2) = (  0.000000  1.000000  0.000000 )  
               b(3) = (  0.000000  0.000000  1.000000 )  


     PseudoPot. # 1 for O  read from file:
     /home/azadoks/.local/share/pseudo/GBRV_PBE_US/o_pbe_v1.2.uspp.F.UPF
     MD5 check sum: 734c27235a0248c51dbae37a1fbe46ec
     Pseudo is Ultrasoft + core correction, Zval =  6.0
     Generated by new atomic code, or converted to UPF format
     Using radial grid of  737 points,  5 beta functions with: 
                l(1) =   0
                l(2) =   0
                l(3) =   1
                l(4) =   1
                l(5) =   2
     Q(r) pseudized with  8 coefficients,  rinner =    0.900   0.900   0.900
                                                       0.900   0.900

     atomic species   valence    mass     pseudopotential
        O              6.00    15.99940     O ( 1.00)

     16 Sym. Ops., with inversion, found


                                    s                        frac. trans.

      isym =  1     identity                                     

 cryst.   s( 1) = (     1          0          0      )
                  (     0          1          0      )
                  (     0          0          1      )

 cart.    s( 1) = (  1.0000000  0.0000000  0.0000000 )
                  (  0.0000000  1.0000000  0.0000000 )
                  (  0.0000000  0.0000000  1.0000000 )


      isym =  2     180 deg rotation - cart. axis [0,0,1]        

 cryst.   s( 2) = (    -1          0          0      )
                  (     0         -1          0      )
                  (     0          0          1      )

 cart.    s( 2) = ( -1.0000000  0.0000000  0.0000000 )
                  (  0.0000000 -1.0000000  0.0000000 )
                  (  0.0000000  0.0000000  1.0000000 )


      isym =  3     180 deg rotation - cart. axis [0,1,0]        

 cryst.   s( 3) = (    -1          0          0      )
                  (     0          1          0      )
                  (     0          0         -1      )

 cart.    s( 3) = ( -1.0000000  0.0000000  0.0000000 )
                  (  0.0000000  1.0000000  0.0000000 )
                  (  0.0000000  0.0000000 -1.0000000 )


      isym =  4     180 deg rotation - cart. axis [1,0,0]        

 cryst.   s( 4) = (     1          0          0      )
                  (     0         -1          0      )
                  (     0          0         -1      )

 cart.    s( 4) = (  1.0000000  0.0000000  0.0000000 )
                  (  0.0000000 -1.0000000  0.0000000 )
                  (  0.0000000  0.0000000 -1.0000000 )


      isym =  5     180 deg rotation - cart. axis [1,1,0]        

 cryst.   s( 5) = (     0          1          0      )
                  (     1          0          0      )
                  (     0          0         -1      )

 cart.    s( 5) = (  0.0000000  1.0000000  0.0000000 )
                  (  1.0000000  0.0000000  0.0000000 )
                  (  0.0000000  0.0000000 -1.0000000 )


      isym =  6     180 deg rotation - cart. axis [1,-1,0]       

 cryst.   s( 6) = (     0         -1          0      )
                  (    -1          0          0      )
                  (     0          0         -1      )

 cart.    s( 6) = (  0.0000000 -1.0000000  0.0000000 )
                  ( -1.0000000  0.0000000  0.0000000 )
                  (  0.0000000  0.0000000 -1.0000000 )


      isym =  7      90 deg rotation - cart. axis [0,0,-1]       

 cryst.   s( 7) = (     0         -1          0      )
                  (     1          0          0      )
                  (     0          0          1      )

 cart.    s( 7) = (  0.0000000  1.0000000  0.0000000 )
                  ( -1.0000000  0.0000000  0.0000000 )
                  (  0.0000000  0.0000000  1.0000000 )


      isym =  8      90 deg rotation - cart. axis [0,0,1]        

 cryst.   s( 8) = (     0          1          0      )
                  (    -1          0          0      )
                  (     0          0          1      )

 cart.    s( 8) = (  0.0000000 -1.0000000  0.0000000 )
                  (  1.0000000  0.0000000  0.0000000 )
                  (  0.0000000  0.0000000  1.0000000 )


      isym =  9     inversion                                    

 cryst.   s( 9) = (    -1          0          0      )
                  (     0         -1          0      )
                  (     0          0         -1      )

 cart.    s( 9) = ( -1.0000000  0.0000000  0.0000000 )
                  (  0.0000000 -1.0000000  0.0000000 )
                  (  0.0000000  0.0000000 -1.0000000 )


      isym = 10     inv. 180 deg rotation - cart. axis [0,0,1]   

 cryst.   s(10) = (     1          0          0      )
                  (     0          1          0      )
                  (     0          0         -1      )

 cart.    s(10) = (  1.0000000  0.0000000  0.0000000 )
                  (  0.0000000  1.0000000  0.0000000 )
                  (  0.0000000  0.0000000 -1.0000000 )


      isym = 11     inv. 180 deg rotation - cart. axis [0,1,0]   

 cryst.   s(11) = (     1          0          0      )
                  (     0         -1          0      )
                  (     0          0          1      )

 cart.    s(11) = (  1.0000000  0.0000000  0.0000000 )
                  (  0.0000000 -1.0000000  0.0000000 )
                  (  0.0000000  0.0000000  1.0000000 )


      isym = 12     inv. 180 deg rotation - cart. axis [1,0,0]   

 cryst.   s(12) = (    -1          0          0      )
                  (     0          1          0      )
                  (     0          0          1      )

 cart.    s(12) = ( -1.0000000  0.0000000  0.0000000 )
                  (  0.0000000  1.0000000  0.0000000 )
                  (  0.0000000  0.0000000  1.0000000 )


      isym = 13     inv. 180 deg rotation - cart. axis [1,1,0]   

 cryst.   s(13) = (     0         -1          0      )
                  (    -1          0          0      )
                  (     0          0          1      )

 cart.    s(13) = (  0.0000000 -1.0000000  0.0000000 )
                  ( -1.0000000  0.0000000  0.0000000 )
                  (  0.0000000  0.0000000  1.0000000 )


      isym = 14     inv. 180 deg rotation - cart. axis [1,-1,0]  

 cryst.   s(14) = (     0          1          0      )
                  (     1          0          0      )
                  (     0          0          1      )

 cart.    s(14) = (  0.0000000  1.0000000  0.0000000 )
                  (  1.0000000  0.0000000  0.0000000 )
                  (  0.0000000  0.0000000  1.0000000 )


      isym = 15     inv.  90 deg rotation - cart. axis [0,0,-1]  

 cryst.   s(15) = (     0          1          0      )
                  (    -1          0          0      )
                  (     0          0         -1      )

 cart.    s(15) = (  0.0000000 -1.0000000  0.0000000 )
                  (  1.0000000  0.0000000  0.0000000 )
                  (  0.0000000  0.0000000 -1.0000000 )


      isym = 16     inv.  90 deg rotation - cart. axis [0,0,1]   

 cryst.   s(16) = (     0         -1          0      )
                  (     1          0          0      )
                  (     0          0         -1      )

 cart.    s(16) = (  0.0000000  1.0000000  0.0000000 )
                  ( -1.0000000  0.0000000  0.0000000 )
                  (  0.0000000  0.0000000 -1.0000000 )


   Cartesian axes

     site n.     atom                  positions (alat units)
         1           O   tau(   1) = (   0.5000000   0.5000000   0.4395000  )
         2           O   tau(   2) = (   0.5000000   0.5000000   0.5605000  )

   Crystallographic axes

     site n.     atom                  positions (cryst. coord.)
         1           O   tau(   1) = (  0.5000000  0.5000000  0.4395000  )
         2           O   tau(   2) = (  0.5000000  0.5000000  0.5605000  )

     number of k points=     1
                       cart. coord. in units 2pi/alat
        k(    1) = (   0.0000000   0.0000000   0.0000000), wk =   2.0000000

                       cryst. coord.
        k(    1) = (   0.0000000   0.0000000   0.0000000), wk =   2.0000000

     Dense  grid:   591889 G-vectors     FFT dimensions: ( 108, 108, 108)

     Dynamical RAM for                 wfc:       1.36 MB

     Dynamical RAM for     wfc (w. buffer):       1.36 MB

     Dynamical RAM for           str. fact:       1.81 MB

     Dynamical RAM for           local pot:       0.00 MB

     Dynamical RAM for          nlocal pot:       5.87 MB

     Dynamical RAM for                qrad:       2.98 MB

     Dynamical RAM for          rho,v,vnew:      11.29 MB

     Dynamical RAM for               rhoin:       3.76 MB

     Dynamical RAM for            rho*nmix:      28.90 MB

     Dynamical RAM for           G-vectors:       7.68 MB

     Dynamical RAM for          h,s,v(r/c):       0.03 MB

     Dynamical RAM for          <psi|beta>:       0.00 MB

     Dynamical RAM for                 psi:       5.42 MB

     Dynamical RAM for                hpsi:       5.42 MB

     Dynamical RAM for                spsi:       5.42 MB

     Dynamical RAM for      wfcinit/wfcrot:       3.62 MB

     Dynamical RAM for           addusdens:     195.08 MB

     Dynamical RAM for          addusforce:     199.60 MB

     Estimated static dynamical RAM per process >      77.05 MB

     Estimated max dynamical RAM per process >     276.65 MB

     Estimated total dynamical RAM >       1.35 GB

     Initial potential from superposition of free atoms
     Check: negative starting charge=   -0.001091

     starting charge   12.00000, renormalised to   12.00000

     negative rho (up, down):  1.091E-03 0.000E+00
     Starting wfcs are    8 randomized atomic wfcs

     total cpu time spent up to now is        2.1 secs

     Self-consistent Calculation

     iteration #  1     ecut=    75.00 Ry     beta= 0.70
     Davidson diagonalization with overlap
     ethr =  1.00E-02,  avg # of iterations =  2.0

     Threshold (ethr) on eigenvalues was too large:
     Diagonalizing with lowered threshold

     Davidson diagonalization with overlap
     ethr =  3.74E-04,  avg # of iterations =  2.0

     negative rho (up, down):  1.311E-03 0.000E+00

     total cpu time spent up to now is        4.9 secs

     total energy              =     -64.21260009 Ry
     Harris-Foulkes estimate   =     -64.23898068 Ry
     estimated scf accuracy    <       0.04388277 Ry

     iteration #  2     ecut=    75.00 Ry     beta= 0.70
     Davidson diagonalization with overlap
     ethr =  3.66E-04,  avg # of iterations =  2.0

     negative rho (up, down):  1.383E-03 0.000E+00

     total cpu time spent up to now is        6.7 secs

     total energy              =     -64.22054037 Ry
     Harris-Foulkes estimate   =     -64.22129265 Ry
     estimated scf accuracy    <       0.00179789 Ry

     iteration #  3     ecut=    75.00 Ry     beta= 0.70
     Davidson diagonalization with overlap
     ethr =  1.50E-05,  avg # of iterations =  2.0

     negative rho (up, down):  1.418E-03 0.000E+00

     total cpu time spent up to now is        8.5 secs

     total energy              =     -64.22091326 Ry
     Harris-Foulkes estimate   =     -64.22099266 Ry
     estimated scf accuracy    <       0.00020927 Ry

     iteration #  4     ecut=    75.00 Ry     beta= 0.70
     Davidson diagonalization with overlap
     ethr =  1.74E-06,  avg # of iterations =  2.0

     negative rho (up, down):  1.432E-03 0.000E+00

     total cpu time spent up to now is       10.5 secs

     total energy              =     -64.22094978 Ry
     Harris-Foulkes estimate   =     -64.22095107 Ry
     estimated scf accuracy    <       0.00001218 Ry

     iteration #  5     ecut=    75.00 Ry     beta= 0.70
     Davidson diagonalization with overlap
     ethr =  1.02E-07,  avg # of iterations =  2.0

     negative rho (up, down):  1.431E-03 0.000E+00

     total cpu time spent up to now is       12.5 secs

     total energy              =     -64.22095069 Ry
     Harris-Foulkes estimate   =     -64.22095075 Ry
     estimated scf accuracy    <       0.00000014 Ry

     iteration #  6     ecut=    75.00 Ry     beta= 0.70
     Davidson diagonalization with overlap
     ethr =  1.17E-09,  avg # of iterations =  4.0

     negative rho (up, down):  1.431E-03 0.000E+00

     total cpu time spent up to now is       15.2 secs

     total energy              =     -64.22095076 Ry
     Harris-Foulkes estimate   =     -64.22095076 Ry
     estimated scf accuracy    <       0.00000001 Ry

     iteration #  7     ecut=    75.00 Ry     beta= 0.70
     Davidson diagonalization with overlap
     ethr =  1.01E-10,  avg # of iterations =  2.0

     negative rho (up, down):  1.431E-03 0.000E+00

     total cpu time spent up to now is       17.0 secs

     End of self-consistent calculation

          k = 0.0000 0.0000 0.0000 ( 74125 PWs)   bands (ev):

   -32.2456 -19.5780 -13.0249 -12.5790 -12.5790  -5.6588

     occupation numbers 
     1.0000   1.0000   1.0000   1.0000   1.0000   1.0000

     highest occupied level (ev):    -5.6588

!    total energy              =     -64.22095076 Ry
     Harris-Foulkes estimate   =     -64.22095076 Ry
     estimated scf accuracy    <          6.8E-10 Ry

     The total energy is the sum of the following terms:

     one-electron contribution =    -123.89370235 Ry
     hartree contribution      =      63.79980001 Ry
     xc contribution           =     -14.11401982 Ry
     ewald contribution        =       9.98697139 Ry

     convergence has been achieved in   7 iterations

     negative rho (up, down):  1.431E-03 0.000E+00

     Forces acting on atoms (cartesian axes, Ry/au):

     atom    1 type  1   force =     0.00000000    0.00000000   -0.04249981
     atom    2 type  1   force =     0.00000000    0.00000000    0.04249981
     The non-local contrib.  to forces
     atom    1 type  1   force =     0.00000000    0.00000000    2.39015619
     atom    2 type  1   force =     0.00000000    0.00000000   -2.39015619
     The ionic contribution  to forces
     atom    1 type  1   force =    -0.00000000   -0.00000000  -13.66430279
     atom    2 type  1   force =     0.00000000    0.00000000   13.66430279
     The local contribution  to forces
     atom    1 type  1   force =     0.00000000    0.00000000   11.24382815
     atom    2 type  1   force =     0.00000000    0.00000000  -11.24382815
     The core correction contribution to forces
     atom    1 type  1   force =     0.00000000    0.00000000   -0.01210084
     atom    2 type  1   force =     0.00000000    0.00000000    0.01210084
     The Hubbard contrib.    to forces
     atom    1 type  1   force =     0.00000000    0.00000000    0.00000000
     atom    2 type  1   force =     0.00000000    0.00000000    0.00000000
     The SCF correction term to forces
     atom    1 type  1   force =    -0.00000000   -0.00000000   -0.00008052
     atom    2 type  1   force =    -0.00000000   -0.00000000    0.00008052

     Total force =     0.060104     Total SCF correction =     0.000114

     BFGS Geometry Optimization

     number of scf cycles    =   1
     number of bfgs steps    =   0

     energy   new            =     -64.2209507617 Ry

     new trust radius        =       0.0424998116 bohr
     new conv_thr            =       0.0000000100 Ry


ATOMIC_POSITIONS (crystal)
O        0.500000000   0.500000000   0.437251007
O        0.500000000   0.500000000   0.562748993


     Check: negative starting charge=   -0.001091
     NEW-OLD atomic charge density approx. for the potential
     Check: negative starting charge=   -0.001081

     negative rho (up, down):  1.527E-03 0.000E+00

     total cpu time spent up to now is       18.9 secs

     Self-consistent Calculation

     iteration #  1     ecut=    75.00 Ry     beta= 0.70
     Davidson diagonalization with overlap
     ethr =  1.00E-06,  avg # of iterations =  4.0

     negative rho (up, down):  1.437E-03 0.000E+00

     total cpu time spent up to now is       21.9 secs

     total energy              =     -64.21895631 Ry
     Harris-Foulkes estimate   =     -64.21993476 Ry
     estimated scf accuracy    <       0.00151260 Ry

     iteration #  2     ecut=    75.00 Ry     beta= 0.70
     Davidson diagonalization with overlap
     ethr =  1.26E-05,  avg # of iterations =  2.0

     negative rho (up, down):  1.438E-03 0.000E+00

     total cpu time spent up to now is       23.8 secs

     total energy              =     -64.21934088 Ry
     Harris-Foulkes estimate   =     -64.21949844 Ry
     estimated scf accuracy    <       0.00027177 Ry

     iteration #  3     ecut=    75.00 Ry     beta= 0.70
     Davidson diagonalization with overlap
     ethr =  2.26E-06,  avg # of iterations =  2.0

     negative rho (up, down):  1.438E-03 0.000E+00

     total cpu time spent up to now is       25.8 secs

     total energy              =     -64.21939751 Ry
     Harris-Foulkes estimate   =     -64.21939780 Ry
     estimated scf accuracy    <       0.00000386 Ry

     iteration #  4     ecut=    75.00 Ry     beta= 0.70
     Davidson diagonalization with overlap
     ethr =  3.22E-08,  avg # of iterations =  2.0

     negative rho (up, down):  1.436E-03 0.000E+00

     total cpu time spent up to now is       28.2 secs

     total energy              =     -64.21939780 Ry
     Harris-Foulkes estimate   =     -64.21939782 Ry
     estimated scf accuracy    <       0.00000004 Ry

     iteration #  5     ecut=    75.00 Ry     beta= 0.70
     Davidson diagonalization with overlap
     ethr =  3.08E-10,  avg # of iterations =  2.0

     negative rho (up, down):  1.436E-03 0.000E+00

     total cpu time spent up to now is       30.8 secs

     End of self-consistent calculation

          k = 0.0000 0.0000 0.0000 ( 74125 PWs)   bands (ev):

   -31.3186 -19.9269 -12.9113 -12.1882 -12.1882  -6.0087

     occupation numbers 
     1.0000   1.0000   1.0000   1.0000   1.0000   1.0000

     highest occupied level (ev):    -6.0087

!    total energy              =     -64.21939782 Ry
     Harris-Foulkes estimate   =     -64.21939782 Ry
     estimated scf accuracy    <          2.8E-09 Ry

     The total energy is the sum of the following terms:

     one-electron contribution =    -121.86878556 Ry
     hartree contribution      =      62.82034806 Ry
     xc contribution           =     -14.03860725 Ry
     ewald contribution        =       8.86764694 Ry

     convergence has been achieved in   5 iterations

     negative rho (up, down):  1.436E-03 0.000E+00

     Forces acting on atoms (cartesian axes, Ry/au):

     atom    1 type  1   force =     0.00000000    0.00000000    0.07266477
     atom    2 type  1   force =     0.00000000    0.00000000   -0.07266477
     The non-local contrib.  to forces
     atom    1 type  1   force =     0.00000000    0.00000000    2.25674566
     atom    2 type  1   force =     0.00000000    0.00000000   -2.25674566
     The ionic contribution  to forces
     atom    1 type  1   force =    -0.00000000   -0.00000000  -12.69054357
     atom    2 type  1   force =     0.00000000    0.00000000   12.69054357
     The local contribution  to forces
     atom    1 type  1   force =     0.00000000    0.00000000   10.51913677
     atom    2 type  1   force =     0.00000000    0.00000000  -10.51913677
     The core correction contribution to forces
     atom    1 type  1   force =     0.00000000    0.00000000   -0.01255658
     atom    2 type  1   force =     0.00000000    0.00000000    0.01255658
     The Hubbard contrib.    to forces
     atom    1 type  1   force =     0.00000000    0.00000000    0.00000000
     atom    2 type  1   force =     0.00000000    0.00000000    0.00000000
     The SCF correction term to forces
     atom    1 type  1   force =     0.00000000    0.00000000   -0.00011752
     atom    2 type  1   force =    -0.00000000   -0.00000000    0.00011752

     Total force =     0.102764     Total SCF correction =     0.000166

     number of scf cycles    =   2
     number of bfgs steps    =   1

     energy   old            =     -64.2209507617 Ry
     energy   new            =     -64.2193978172 Ry

     CASE: energy  _new > energy  _old

     new trust radius        =       0.0148612729 bohr
     new conv_thr            =       0.0000000100 Ry


ATOMIC_POSITIONS (crystal)
O        0.500000000   0.500000000   0.438713575
O        0.500000000   0.500000000   0.561286425


     Check: negative starting charge=   -0.001081
     NEW-OLD atomic charge density approx. for the potential
     Check: negative starting charge=   -0.001089

     negative rho (up, down):  1.422E-03 0.000E+00

     total cpu time spent up to now is       33.5 secs

     Self-consistent Calculation

     iteration #  1     ecut=    75.00 Ry     beta= 0.70
     Davidson diagonalization with overlap
     ethr =  1.00E-06,  avg # of iterations =  4.0

     negative rho (up, down):  1.433E-03 0.000E+00

     total cpu time spent up to now is       36.1 secs

     total energy              =     -64.22135728 Ry
     Harris-Foulkes estimate   =     -64.22175659 Ry
     estimated scf accuracy    <       0.00061782 Ry

     iteration #  2     ecut=    75.00 Ry     beta= 0.70
     Davidson diagonalization with overlap
     ethr =  5.15E-06,  avg # of iterations =  2.0

     negative rho (up, down):  1.431E-03 0.000E+00

     total cpu time spent up to now is       38.3 secs

     total energy              =     -64.22151374 Ry
     Harris-Foulkes estimate   =     -64.22157686 Ry
     estimated scf accuracy    <       0.00010913 Ry

     iteration #  3     ecut=    75.00 Ry     beta= 0.70
     Davidson diagonalization with overlap
     ethr =  9.09E-07,  avg # of iterations =  2.0

     negative rho (up, down):  1.432E-03 0.000E+00

     total cpu time spent up to now is       40.4 secs

     total energy              =     -64.22153695 Ry
     Harris-Foulkes estimate   =     -64.22153693 Ry
     estimated scf accuracy    <       0.00000154 Ry

     iteration #  4     ecut=    75.00 Ry     beta= 0.70
     Davidson diagonalization with overlap
     ethr =  1.28E-08,  avg # of iterations =  2.0

     negative rho (up, down):  1.433E-03 0.000E+00

     total cpu time spent up to now is       42.5 secs

     total energy              =     -64.22153709 Ry
     Harris-Foulkes estimate   =     -64.22153707 Ry
     estimated scf accuracy    <       0.00000001 Ry

     iteration #  5     ecut=    75.00 Ry     beta= 0.70
     Davidson diagonalization with overlap
     ethr =  1.07E-10,  avg # of iterations =  2.0

     negative rho (up, down):  1.433E-03 0.000E+00

     total cpu time spent up to now is       44.4 secs

     End of self-consistent calculation

          k = 0.0000 0.0000 0.0000 ( 74125 PWs)   bands (ev):

   -31.9107 -19.7007 -12.9845 -12.4366 -12.4366  -5.7852

     occupation numbers 
     1.0000   1.0000   1.0000   1.0000   1.0000   1.0000

     highest occupied level (ev):    -5.7852

!    total energy              =     -64.22153709 Ry
     Harris-Foulkes estimate   =     -64.22153709 Ry
     estimated scf accuracy    <          9.5E-10 Ry

     The total energy is the sum of the following terms:

     one-electron contribution =    -123.17170162 Ry
     hartree contribution      =      63.45074488 Ry
     xc contribution           =     -14.08668846 Ry
     ewald contribution        =       9.58610811 Ry

     convergence has been achieved in   5 iterations

     negative rho (up, down):  1.433E-03 0.000E+00

     Forces acting on atoms (cartesian axes, Ry/au):

     atom    1 type  1   force =     0.00000000    0.00000000    0.00218552
     atom    2 type  1   force =     0.00000000    0.00000000   -0.00218552
     The non-local contrib.  to forces
     atom    1 type  1   force =     0.00000000    0.00000000    2.34386184
     atom    2 type  1   force =     0.00000000    0.00000000   -2.34386184
     The ionic contribution  to forces
     atom    1 type  1   force =     0.00000000    0.00000000  -13.31164860
     atom    2 type  1   force =    -0.00000000   -0.00000000   13.31164860
     The local contribution  to forces
     atom    1 type  1   force =     0.00000000    0.00000000   10.98223070
     atom    2 type  1   force =     0.00000000    0.00000000  -10.98223070
     The core correction contribution to forces
     atom    1 type  1   force =     0.00000000    0.00000000   -0.01229500
     atom    2 type  1   force =     0.00000000    0.00000000    0.01229500
     The Hubbard contrib.    to forces
     atom    1 type  1   force =     0.00000000    0.00000000    0.00000000
     atom    2 type  1   force =     0.00000000    0.00000000    0.00000000
     The SCF correction term to forces
     atom    1 type  1   force =     0.00000000    0.00000000    0.00003658
     atom    2 type  1   force =     0.00000000    0.00000000   -0.00003658

     Total force =     0.003091     Total SCF correction =     0.000052

     number of scf cycles    =   3
     number of bfgs steps    =   1

     energy   old            =     -64.2209507617 Ry
     energy   new            =     -64.2215370924 Ry

     CASE: energy  _new < energy  _old

     new trust radius        =       0.0007268503 bohr
     new conv_thr            =       0.0000000002 Ry


ATOMIC_POSITIONS (crystal)
O        0.500000000   0.500000000   0.438752039
O        0.500000000   0.500000000   0.561247961


     Check: negative starting charge=   -0.001089
     NEW-OLD atomic charge density approx. for the potential
     Check: negative starting charge=   -0.001089

     negative rho (up, down):  1.432E-03 0.000E+00

     total cpu time spent up to now is       46.6 secs

     Self-consistent Calculation

     iteration #  1     ecut=    75.00 Ry     beta= 0.70
     Davidson diagonalization with overlap
     ethr =  1.00E-06,  avg # of iterations =  2.0

     Threshold (ethr) on eigenvalues was too large:
     Diagonalizing with lowered threshold

     Davidson diagonalization with overlap
     ethr =  4.00E-09,  avg # of iterations =  2.0

     negative rho (up, down):  1.433E-03 0.000E+00

     total cpu time spent up to now is       49.6 secs

     total energy              =     -64.22153860 Ry
     Harris-Foulkes estimate   =     -64.22153891 Ry
     estimated scf accuracy    <       0.00000049 Ry

     iteration #  2     ecut=    75.00 Ry     beta= 0.70
     Davidson diagonalization with overlap
     ethr =  4.07E-09,  avg # of iterations =  2.0

     negative rho (up, down):  1.433E-03 0.000E+00

     total cpu time spent up to now is       51.3 secs

     total energy              =     -64.22153873 Ry
     Harris-Foulkes estimate   =     -64.22153877 Ry
     estimated scf accuracy    <       0.00000008 Ry

     iteration #  3     ecut=    75.00 Ry     beta= 0.70
     Davidson diagonalization with overlap
     ethr =  7.05E-10,  avg # of iterations =  2.0

     negative rho (up, down):  1.433E-03 0.000E+00

     total cpu time spent up to now is       53.5 secs

     total energy              =     -64.22153875 Ry
     Harris-Foulkes estimate   =     -64.22153875 Ry
     estimated scf accuracy    <          1.2E-09 Ry

     iteration #  4     ecut=    75.00 Ry     beta= 0.70
     Davidson diagonalization with overlap
     ethr =  9.62E-12,  avg # of iterations =  2.0

     negative rho (up, down):  1.433E-03 0.000E+00

     total cpu time spent up to now is       55.5 secs

     End of self-consistent calculation

          k = 0.0000 0.0000 0.0000 ( 74125 PWs)   bands (ev):

   -31.9270 -19.6948 -12.9866 -12.4435 -12.4435  -5.7793

     occupation numbers 
     1.0000   1.0000   1.0000   1.0000   1.0000   1.0000

     highest occupied level (ev):    -5.7793

!    total energy              =     -64.22153875 Ry
     Harris-Foulkes estimate   =     -64.22153875 Ry
     estimated scf accuracy    <          7.0E-12 Ry

     The total energy is the sum of the following terms:

     one-electron contribution =    -123.20679632 Ry
     hartree contribution      =      63.46781703 Ry
     xc contribution           =     -14.08803102 Ry
     ewald contribution        =       9.60547156 Ry

     convergence has been achieved in   4 iterations

     negative rho (up, down):  1.433E-03 0.000E+00

     Forces acting on atoms (cartesian axes, Ry/au):

     atom    1 type  1   force =     0.00000000    0.00000000    0.00010384
     atom    2 type  1   force =     0.00000000    0.00000000   -0.00010384
     The non-local contrib.  to forces
     atom    1 type  1   force =     0.00000000    0.00000000    2.34613844
     atom    2 type  1   force =     0.00000000    0.00000000   -2.34613844
     The ionic contribution  to forces
     atom    1 type  1   force =    -0.00000000   -0.00000000  -13.32858269
     atom    2 type  1   force =     0.00000000    0.00000000   13.32858269
     The local contribution  to forces
     atom    1 type  1   force =     0.00000000    0.00000000   10.99483936
     atom    2 type  1   force =     0.00000000    0.00000000  -10.99483936
     The core correction contribution to forces
     atom    1 type  1   force =     0.00000000    0.00000000   -0.01228652
     atom    2 type  1   force =     0.00000000    0.00000000    0.01228652
     The Hubbard contrib.    to forces
     atom    1 type  1   force =     0.00000000    0.00000000    0.00000000
     atom    2 type  1   force =     0.00000000    0.00000000    0.00000000
     The SCF correction term to forces
     atom    1 type  1   force =     0.00000000    0.00000000   -0.00000474
     atom    2 type  1   force =     0.00000000    0.00000000    0.00000474

     Total force =     0.000147     Total SCF correction =     0.000007

     bfgs converged in   4 scf cycles and   2 bfgs steps
     (criteria: energy <  1.0E-04 Ry, force <  1.0E-03 Ry/Bohr)

     End of BFGS Geometry Optimization

     Final energy   =     -64.2215387487 Ry
Begin final coordinates

ATOMIC_POSITIONS (crystal)
O        0.500000000   0.500000000   0.438752039
O        0.500000000   0.500000000   0.561247961
End final coordinates


 
     init_run     :      4.37s CPU      2.01s WALL (       1 calls)
     electrons    :     99.71s CPU     46.56s WALL (       4 calls)
     update_pot   :      4.23s CPU      1.84s WALL (       3 calls)
     forces       :      9.06s CPU      4.23s WALL (       4 calls)

     Called by init_run:
     wfcinit      :      1.04s CPU      0.46s WALL (       1 calls)
     wfcinit:atom :      0.01s CPU      0.00s WALL (       1 calls)
     wfcinit:wfcr :      0.99s CPU      0.44s WALL (       1 calls)
     potinit      :      1.31s CPU      0.45s WALL (       1 calls)
     hinit0       :      1.01s CPU      0.45s WALL (       1 calls)

     Called by electrons:
     c_bands      :     35.86s CPU     16.05s WALL (      23 calls)
     sum_band     :     27.11s CPU     12.78s WALL (      23 calls)
     v_of_rho     :     14.60s CPU      6.92s WALL (      25 calls)
     v_h          :      1.77s CPU      0.83s WALL (      25 calls)
     v_xc         :     14.68s CPU      6.96s WALL (      29 calls)
     newd         :     24.73s CPU     11.88s WALL (      25 calls)
     mix_rho      :      3.68s CPU      1.80s WALL (      23 calls)

     Called by c_bands:
     init_us_2    :      0.46s CPU      0.20s WALL (      47 calls)
     cegterg      :     34.34s CPU     15.38s WALL (      23 calls)

     Called by sum_band:
     sum_band:bec :      0.13s CPU      0.07s WALL (      23 calls)
     addusdens    :     12.69s CPU      6.12s WALL (      23 calls)

     Called by *egterg:
     h_psi        :     29.99s CPU     13.43s WALL (      76 calls)
     s_psi        :      0.28s CPU      0.12s WALL (      76 calls)
     g_psi        :      0.05s CPU      0.02s WALL (      52 calls)
     cdiaghg      :      0.15s CPU      0.07s WALL (      70 calls)
     cegterg:over :      1.98s CPU      0.85s WALL (      52 calls)
     cegterg:upda :      0.34s CPU      0.17s WALL (      52 calls)
     cegterg:last :      0.07s CPU      0.03s WALL (      25 calls)

     Called by h_psi:
     h_psi:pot    :     29.85s CPU     13.35s WALL (      76 calls)
     h_psi:calbec :      1.39s CPU      0.61s WALL (      76 calls)
     vloc_psi     :     28.02s CPU     12.52s WALL (      76 calls)
     add_vuspsi   :      0.43s CPU      0.22s WALL (      76 calls)

     General routines
     calbec       :      2.29s CPU      1.00s WALL (     115 calls)
     fft          :     17.88s CPU      8.47s WALL (     328 calls)
     ffts         :      0.78s CPU      0.37s WALL (      23 calls)
     fftw         :     30.81s CPU     13.78s WALL (     950 calls)
 
     Parallel routines
     fft_scatt_xy :      2.40s CPU      1.17s WALL (    1301 calls)
     fft_scatt_yz :     36.02s CPU     16.25s WALL (    1301 calls)
 
     PWSCF        :  2m 1.15s CPU        56.50s WALL

 
   This run was terminated on:   9:11:17  19Mar2019            

=------------------------------------------------------------------------------=
   JOB DONE.
=------------------------------------------------------------------------------=
