
     Program PWSCF v.6.3MaX starts on 19Mar2019 at  9: 6:32 

     This program is part of the open-source Quantum ESPRESSO suite
     for quantum simulation of materials; please cite
         "P. Giannozzi et al., J. Phys.:Condens. Matter 21 395502 (2009);
         "P. Giannozzi et al., J. Phys.:Condens. Matter 29 465901 (2017);
          URL http://www.quantum-espresso.org", 
     in publications or presentations arising from this work. More details at
     http://www.quantum-espresso.org/quote

 *** WARNING: using old-style file format, will disappear from next version ***

     Parallel version (MPI & OpenMP), running on      20 processor cores
     Number of MPI processes:                 5
     Threads/MPI process:                     4

     MPI processes distributed on     1 nodes
     R & G space division:  proc/nbgrp/npool/nimage =       5
     Reading input from /home/azadoks/dftman/projects/HW5_3/ConvergenceWorkflows/b959a7bdb810/e4639fbe173b/pwscf.in
Warning: card &CELL ignored
Warning: card / ignored

     Current dimensions of program PWSCF are:
     Max number of different atomic species (ntypx) = 10
     Max number of k-points (npk) =  40000
     Max angular momentum in pseudopotentials (lmaxx) =  3
     Message from routine iosys:
     minimal I/O required, wf_collect reset to FALSE

     Subspace diagonalization in iterative solution of the eigenvalue problem:
     a serial algorithm will be used

 
     Parallelization info
     --------------------
     sticks:   dense  smooth     PW     G-vecs:    dense   smooth      PW
     Min        1137    1137    286                64489    64489    8067
     Max        1138    1138    288                64492    64492    8068
     Sum        5689    5689   1433               322453   322453   40339
 


     bravais-lattice index     =            0
     lattice parameter (alat)  =      18.8973  a.u.
     unit-cell volume          =    6748.3346 (a.u.)^3
     number of atoms/cell      =            2
     number of atomic types    =            1
     number of electrons       =        12.00
     number of Kohn-Sham states=            6
     kinetic-energy cutoff     =      50.0000  Ry
     charge density cutoff     =     200.0000  Ry
     convergence threshold     =      1.0E-08
     mixing beta               =       0.7000
     number of iterations used =            8  plain     mixing
     Exchange-correlation      = SLA  PW   PBE  PBE ( 1  4  3  4 0 0)
     nstep                     =           50


     celldm(1)=  18.897261  celldm(2)=   0.000000  celldm(3)=   0.000000
     celldm(4)=   0.000000  celldm(5)=   0.000000  celldm(6)=   0.000000

     crystal axes: (cart. coord. in units of alat)
               a(1) = (   1.000000   0.000000   0.000000 )  
               a(2) = (   0.000000   1.000000   0.000000 )  
               a(3) = (   0.000000   0.000000   1.000000 )  

     reciprocal axes: (cart. coord. in units 2 pi/alat)
               b(1) = (  1.000000  0.000000  0.000000 )  
               b(2) = (  0.000000  1.000000  0.000000 )  
               b(3) = (  0.000000  0.000000  1.000000 )  


     PseudoPot. # 1 for O  read from file:
     /home/azadoks/.local/share/pseudo/GBRV_PBE_US/o_pbe_v1.2.uspp.F.UPF
     MD5 check sum: 734c27235a0248c51dbae37a1fbe46ec
     Pseudo is Ultrasoft + core correction, Zval =  6.0
     Generated by new atomic code, or converted to UPF format
     Using radial grid of  737 points,  5 beta functions with: 
                l(1) =   0
                l(2) =   0
                l(3) =   1
                l(4) =   1
                l(5) =   2
     Q(r) pseudized with  8 coefficients,  rinner =    0.900   0.900   0.900
                                                       0.900   0.900

     atomic species   valence    mass     pseudopotential
        O              6.00    15.99940     O ( 1.00)

     16 Sym. Ops., with inversion, found


                                    s                        frac. trans.

      isym =  1     identity                                     

 cryst.   s( 1) = (     1          0          0      )
                  (     0          1          0      )
                  (     0          0          1      )

 cart.    s( 1) = (  1.0000000  0.0000000  0.0000000 )
                  (  0.0000000  1.0000000  0.0000000 )
                  (  0.0000000  0.0000000  1.0000000 )


      isym =  2     180 deg rotation - cart. axis [0,0,1]        

 cryst.   s( 2) = (    -1          0          0      )
                  (     0         -1          0      )
                  (     0          0          1      )

 cart.    s( 2) = ( -1.0000000  0.0000000  0.0000000 )
                  (  0.0000000 -1.0000000  0.0000000 )
                  (  0.0000000  0.0000000  1.0000000 )


      isym =  3     180 deg rotation - cart. axis [0,1,0]        

 cryst.   s( 3) = (    -1          0          0      )
                  (     0          1          0      )
                  (     0          0         -1      )

 cart.    s( 3) = ( -1.0000000  0.0000000  0.0000000 )
                  (  0.0000000  1.0000000  0.0000000 )
                  (  0.0000000  0.0000000 -1.0000000 )


      isym =  4     180 deg rotation - cart. axis [1,0,0]        

 cryst.   s( 4) = (     1          0          0      )
                  (     0         -1          0      )
                  (     0          0         -1      )

 cart.    s( 4) = (  1.0000000  0.0000000  0.0000000 )
                  (  0.0000000 -1.0000000  0.0000000 )
                  (  0.0000000  0.0000000 -1.0000000 )


      isym =  5     180 deg rotation - cart. axis [1,1,0]        

 cryst.   s( 5) = (     0          1          0      )
                  (     1          0          0      )
                  (     0          0         -1      )

 cart.    s( 5) = (  0.0000000  1.0000000  0.0000000 )
                  (  1.0000000  0.0000000  0.0000000 )
                  (  0.0000000  0.0000000 -1.0000000 )


      isym =  6     180 deg rotation - cart. axis [1,-1,0]       

 cryst.   s( 6) = (     0         -1          0      )
                  (    -1          0          0      )
                  (     0          0         -1      )

 cart.    s( 6) = (  0.0000000 -1.0000000  0.0000000 )
                  ( -1.0000000  0.0000000  0.0000000 )
                  (  0.0000000  0.0000000 -1.0000000 )


      isym =  7      90 deg rotation - cart. axis [0,0,-1]       

 cryst.   s( 7) = (     0         -1          0      )
                  (     1          0          0      )
                  (     0          0          1      )

 cart.    s( 7) = (  0.0000000  1.0000000  0.0000000 )
                  ( -1.0000000  0.0000000  0.0000000 )
                  (  0.0000000  0.0000000  1.0000000 )


      isym =  8      90 deg rotation - cart. axis [0,0,1]        

 cryst.   s( 8) = (     0          1          0      )
                  (    -1          0          0      )
                  (     0          0          1      )

 cart.    s( 8) = (  0.0000000 -1.0000000  0.0000000 )
                  (  1.0000000  0.0000000  0.0000000 )
                  (  0.0000000  0.0000000  1.0000000 )


      isym =  9     inversion                                    

 cryst.   s( 9) = (    -1          0          0      )
                  (     0         -1          0      )
                  (     0          0         -1      )

 cart.    s( 9) = ( -1.0000000  0.0000000  0.0000000 )
                  (  0.0000000 -1.0000000  0.0000000 )
                  (  0.0000000  0.0000000 -1.0000000 )


      isym = 10     inv. 180 deg rotation - cart. axis [0,0,1]   

 cryst.   s(10) = (     1          0          0      )
                  (     0          1          0      )
                  (     0          0         -1      )

 cart.    s(10) = (  1.0000000  0.0000000  0.0000000 )
                  (  0.0000000  1.0000000  0.0000000 )
                  (  0.0000000  0.0000000 -1.0000000 )


      isym = 11     inv. 180 deg rotation - cart. axis [0,1,0]   

 cryst.   s(11) = (     1          0          0      )
                  (     0         -1          0      )
                  (     0          0          1      )

 cart.    s(11) = (  1.0000000  0.0000000  0.0000000 )
                  (  0.0000000 -1.0000000  0.0000000 )
                  (  0.0000000  0.0000000  1.0000000 )


      isym = 12     inv. 180 deg rotation - cart. axis [1,0,0]   

 cryst.   s(12) = (    -1          0          0      )
                  (     0          1          0      )
                  (     0          0          1      )

 cart.    s(12) = ( -1.0000000  0.0000000  0.0000000 )
                  (  0.0000000  1.0000000  0.0000000 )
                  (  0.0000000  0.0000000  1.0000000 )


      isym = 13     inv. 180 deg rotation - cart. axis [1,1,0]   

 cryst.   s(13) = (     0         -1          0      )
                  (    -1          0          0      )
                  (     0          0          1      )

 cart.    s(13) = (  0.0000000 -1.0000000  0.0000000 )
                  ( -1.0000000  0.0000000  0.0000000 )
                  (  0.0000000  0.0000000  1.0000000 )


      isym = 14     inv. 180 deg rotation - cart. axis [1,-1,0]  

 cryst.   s(14) = (     0          1          0      )
                  (     1          0          0      )
                  (     0          0          1      )

 cart.    s(14) = (  0.0000000  1.0000000  0.0000000 )
                  (  1.0000000  0.0000000  0.0000000 )
                  (  0.0000000  0.0000000  1.0000000 )


      isym = 15     inv.  90 deg rotation - cart. axis [0,0,-1]  

 cryst.   s(15) = (     0          1          0      )
                  (    -1          0          0      )
                  (     0          0         -1      )

 cart.    s(15) = (  0.0000000 -1.0000000  0.0000000 )
                  (  1.0000000  0.0000000  0.0000000 )
                  (  0.0000000  0.0000000 -1.0000000 )


      isym = 16     inv.  90 deg rotation - cart. axis [0,0,1]   

 cryst.   s(16) = (     0         -1          0      )
                  (     1          0          0      )
                  (     0          0         -1      )

 cart.    s(16) = (  0.0000000  1.0000000  0.0000000 )
                  ( -1.0000000  0.0000000  0.0000000 )
                  (  0.0000000  0.0000000 -1.0000000 )


   Cartesian axes

     site n.     atom                  positions (alat units)
         1           O   tau(   1) = (   0.5000000   0.5000000   0.4395000  )
         2           O   tau(   2) = (   0.5000000   0.5000000   0.5605000  )

   Crystallographic axes

     site n.     atom                  positions (cryst. coord.)
         1           O   tau(   1) = (  0.5000000  0.5000000  0.4395000  )
         2           O   tau(   2) = (  0.5000000  0.5000000  0.5605000  )

     number of k points=     1
                       cart. coord. in units 2pi/alat
        k(    1) = (   0.0000000   0.0000000   0.0000000), wk =   2.0000000

                       cryst. coord.
        k(    1) = (   0.0000000   0.0000000   0.0000000), wk =   2.0000000

     Dense  grid:   322453 G-vectors     FFT dimensions: (  90,  90,  90)

     Dynamical RAM for                 wfc:       0.74 MB

     Dynamical RAM for     wfc (w. buffer):       0.74 MB

     Dynamical RAM for           str. fact:       0.98 MB

     Dynamical RAM for           local pot:       0.00 MB

     Dynamical RAM for          nlocal pot:       3.20 MB

     Dynamical RAM for                qrad:       2.44 MB

     Dynamical RAM for          rho,v,vnew:       6.29 MB

     Dynamical RAM for               rhoin:       2.10 MB

     Dynamical RAM for            rho*nmix:      15.75 MB

     Dynamical RAM for           G-vectors:       4.18 MB

     Dynamical RAM for          h,s,v(r/c):       0.03 MB

     Dynamical RAM for          <psi|beta>:       0.00 MB

     Dynamical RAM for                 psi:       2.95 MB

     Dynamical RAM for                hpsi:       2.95 MB

     Dynamical RAM for                spsi:       2.95 MB

     Dynamical RAM for      wfcinit/wfcrot:       1.97 MB

     Dynamical RAM for           addusdens:     106.28 MB

     Dynamical RAM for          addusforce:     108.74 MB

     Estimated static dynamical RAM per process >      43.20 MB

     Estimated max dynamical RAM per process >     151.94 MB

     Estimated total dynamical RAM >     759.71 MB

     Initial potential from superposition of free atoms
     Check: negative starting charge=   -0.000714

     starting charge   12.00000, renormalised to   12.00000

     negative rho (up, down):  7.143E-04 0.000E+00
     Starting wfcs are    8 randomized atomic wfcs

     total cpu time spent up to now is        1.5 secs

     Self-consistent Calculation

     iteration #  1     ecut=    50.00 Ry     beta= 0.70
     Davidson diagonalization with overlap
     ethr =  1.00E-02,  avg # of iterations =  2.0

     Threshold (ethr) on eigenvalues was too large:
     Diagonalizing with lowered threshold

     Davidson diagonalization with overlap
     ethr =  3.74E-04,  avg # of iterations =  2.0

     negative rho (up, down):  1.383E-03 0.000E+00

     total cpu time spent up to now is        3.7 secs

     total energy              =     -64.21148141 Ry
     Harris-Foulkes estimate   =     -64.23785638 Ry
     estimated scf accuracy    <       0.04391095 Ry

     iteration #  2     ecut=    50.00 Ry     beta= 0.70
     Davidson diagonalization with overlap
     ethr =  3.66E-04,  avg # of iterations =  2.0

     negative rho (up, down):  1.615E-03 0.000E+00

     total cpu time spent up to now is        5.9 secs

     total energy              =     -64.21940536 Ry
     Harris-Foulkes estimate   =     -64.22016132 Ry
     estimated scf accuracy    <       0.00180696 Ry

     iteration #  3     ecut=    50.00 Ry     beta= 0.70
     Davidson diagonalization with overlap
     ethr =  1.51E-05,  avg # of iterations =  2.0

     negative rho (up, down):  1.720E-03 0.000E+00

     total cpu time spent up to now is        7.5 secs

     total energy              =     -64.21977896 Ry
     Harris-Foulkes estimate   =     -64.21985958 Ry
     estimated scf accuracy    <       0.00021228 Ry

     iteration #  4     ecut=    50.00 Ry     beta= 0.70
     Davidson diagonalization with overlap
     ethr =  1.77E-06,  avg # of iterations =  2.0

     negative rho (up, down):  1.762E-03 0.000E+00

     total cpu time spent up to now is        9.2 secs

     total energy              =     -64.21981598 Ry
     Harris-Foulkes estimate   =     -64.21981739 Ry
     estimated scf accuracy    <       0.00001231 Ry

     iteration #  5     ecut=    50.00 Ry     beta= 0.70
     Davidson diagonalization with overlap
     ethr =  1.03E-07,  avg # of iterations =  2.0

     negative rho (up, down):  1.762E-03 0.000E+00

     total cpu time spent up to now is       10.5 secs

     total energy              =     -64.21981690 Ry
     Harris-Foulkes estimate   =     -64.21981695 Ry
     estimated scf accuracy    <       0.00000014 Ry

     iteration #  6     ecut=    50.00 Ry     beta= 0.70
     Davidson diagonalization with overlap
     ethr =  1.18E-09,  avg # of iterations =  2.0

     negative rho (up, down):  1.762E-03 0.000E+00

     total cpu time spent up to now is       12.2 secs

     total energy              =     -64.21981696 Ry
     Harris-Foulkes estimate   =     -64.21981696 Ry
     estimated scf accuracy    <       0.00000001 Ry

     iteration #  7     ecut=    50.00 Ry     beta= 0.70
     Davidson diagonalization with overlap
     ethr =  1.18E-10,  avg # of iterations =  4.0

     negative rho (up, down):  1.762E-03 0.000E+00

     total cpu time spent up to now is       14.0 secs

     End of self-consistent calculation

          k = 0.0000 0.0000 0.0000 ( 40339 PWs)   bands (ev):

   -32.2478 -19.5783 -13.0240 -12.5795 -12.5795  -5.6577

     occupation numbers 
     1.0000   1.0000   1.0000   1.0000   1.0000   1.0000

     highest occupied level (ev):    -5.6577

!    total energy              =     -64.21981696 Ry
     Harris-Foulkes estimate   =     -64.21981696 Ry
     estimated scf accuracy    <          5.9E-10 Ry

     The total energy is the sum of the following terms:

     one-electron contribution =    -123.89133400 Ry
     hartree contribution      =      63.79827725 Ry
     xc contribution           =     -14.11373157 Ry
     ewald contribution        =       9.98697136 Ry

     convergence has been achieved in   7 iterations

     negative rho (up, down):  1.762E-03 0.000E+00

     Forces acting on atoms (cartesian axes, Ry/au):

     atom    1 type  1   force =     0.00000000    0.00000000   -0.04315852
     atom    2 type  1   force =     0.00000000    0.00000000    0.04315852
     The non-local contrib.  to forces
     atom    1 type  1   force =     0.00000000    0.00000000    2.39174933
     atom    2 type  1   force =     0.00000000    0.00000000   -2.39174933
     The ionic contribution  to forces
     atom    1 type  1   force =    -0.00000000   -0.00000000  -13.66430279
     atom    2 type  1   force =     0.00000000    0.00000000   13.66430279
     The local contribution  to forces
     atom    1 type  1   force =     0.00000000    0.00000000   11.24166424
     atom    2 type  1   force =     0.00000000    0.00000000  -11.24166424
     The core correction contribution to forces
     atom    1 type  1   force =     0.00000000    0.00000000   -0.01219302
     atom    2 type  1   force =     0.00000000    0.00000000    0.01219302
     The Hubbard contrib.    to forces
     atom    1 type  1   force =     0.00000000    0.00000000    0.00000000
     atom    2 type  1   force =     0.00000000    0.00000000    0.00000000
     The SCF correction term to forces
     atom    1 type  1   force =    -0.00000000    0.00000000   -0.00007627
     atom    2 type  1   force =    -0.00000000   -0.00000000    0.00007627

     Total force =     0.061035     Total SCF correction =     0.000108

     BFGS Geometry Optimization

     number of scf cycles    =   1
     number of bfgs steps    =   0

     energy   new            =     -64.2198169609 Ry

     new trust radius        =       0.0431585151 bohr
     new conv_thr            =       0.0000000100 Ry


ATOMIC_POSITIONS (crystal)
O        0.500000000   0.500000000   0.437216150
O        0.500000000   0.500000000   0.562783850


     Check: negative starting charge=   -0.000714
     NEW-OLD atomic charge density approx. for the potential
     Check: negative starting charge=   -0.000717

     negative rho (up, down):  1.648E-03 0.000E+00

     total cpu time spent up to now is       15.8 secs

     Self-consistent Calculation

     iteration #  1     ecut=    50.00 Ry     beta= 0.70
     Davidson diagonalization with overlap
     ethr =  1.00E-06,  avg # of iterations =  4.0

     negative rho (up, down):  1.729E-03 0.000E+00

     total cpu time spent up to now is       18.0 secs

     total energy              =     -64.21776842 Ry
     Harris-Foulkes estimate   =     -64.21877790 Ry
     estimated scf accuracy    <       0.00156002 Ry

     iteration #  2     ecut=    50.00 Ry     beta= 0.70
     Davidson diagonalization with overlap
     ethr =  1.30E-05,  avg # of iterations =  2.0

     negative rho (up, down):  1.788E-03 0.000E+00

     total cpu time spent up to now is       19.6 secs

     total energy              =     -64.21816437 Ry
     Harris-Foulkes estimate   =     -64.21832645 Ry
     estimated scf accuracy    <       0.00027972 Ry

     iteration #  3     ecut=    50.00 Ry     beta= 0.70
     Davidson diagonalization with overlap
     ethr =  2.33E-06,  avg # of iterations =  2.0

     negative rho (up, down):  1.840E-03 0.000E+00

     total cpu time spent up to now is       21.6 secs

     total energy              =     -64.21822269 Ry
     Harris-Foulkes estimate   =     -64.21822298 Ry
     estimated scf accuracy    <       0.00000397 Ry

     iteration #  4     ecut=    50.00 Ry     beta= 0.70
     Davidson diagonalization with overlap
     ethr =  3.31E-08,  avg # of iterations =  2.0

     negative rho (up, down):  1.842E-03 0.000E+00

     total cpu time spent up to now is       23.1 secs

     total energy              =     -64.21822300 Ry
     Harris-Foulkes estimate   =     -64.21822299 Ry
     estimated scf accuracy    <       0.00000004 Ry

     iteration #  5     ecut=    50.00 Ry     beta= 0.70
     Davidson diagonalization with overlap
     ethr =  2.97E-10,  avg # of iterations =  2.0

     negative rho (up, down):  1.842E-03 0.000E+00

     total cpu time spent up to now is       24.8 secs

     End of self-consistent calculation

          k = 0.0000 0.0000 0.0000 ( 40339 PWs)   bands (ev):

   -31.3071 -19.9326 -12.9089 -12.1829 -12.1829  -6.0129

     occupation numbers 
     1.0000   1.0000   1.0000   1.0000   1.0000   1.0000

     highest occupied level (ev):    -6.0129

!    total energy              =     -64.21822302 Ry
     Harris-Foulkes estimate   =     -64.21822302 Ry
     estimated scf accuracy    <          2.7E-09 Ry

     The total energy is the sum of the following terms:

     one-electron contribution =    -121.83607758 Ry
     hartree contribution      =      62.80412344 Ry
     xc contribution           =     -14.03720659 Ry
     ewald contribution        =       8.85093770 Ry

     convergence has been achieved in   5 iterations

     negative rho (up, down):  1.842E-03 0.000E+00

     Forces acting on atoms (cartesian axes, Ry/au):

     atom    1 type  1   force =     0.00000000    0.00000000    0.07353167
     atom    2 type  1   force =     0.00000000    0.00000000   -0.07353167
     The non-local contrib.  to forces
     atom    1 type  1   force =     0.00000000    0.00000000    2.25618097
     atom    2 type  1   force =     0.00000000    0.00000000   -2.25618097
     The ionic contribution  to forces
     atom    1 type  1   force =     0.00000000    0.00000000  -12.67626571
     atom    2 type  1   force =    -0.00000000   -0.00000000   12.67626571
     The local contribution  to forces
     atom    1 type  1   force =     0.00000000    0.00000000   10.50638371
     atom    2 type  1   force =     0.00000000    0.00000000  -10.50638371
     The core correction contribution to forces
     atom    1 type  1   force =     0.00000000    0.00000000   -0.01266046
     atom    2 type  1   force =     0.00000000    0.00000000    0.01266046
     The Hubbard contrib.    to forces
     atom    1 type  1   force =     0.00000000    0.00000000    0.00000000
     atom    2 type  1   force =     0.00000000    0.00000000    0.00000000
     The SCF correction term to forces
     atom    1 type  1   force =     0.00000000   -0.00000000   -0.00010683
     atom    2 type  1   force =     0.00000000   -0.00000000    0.00010683

     Total force =     0.103989     Total SCF correction =     0.000151

     number of scf cycles    =   2
     number of bfgs steps    =   1

     energy   old            =     -64.2198169609 Ry
     energy   new            =     -64.2182230216 Ry

     CASE: energy  _new > energy  _old

     new trust radius        =       0.0151129325 bohr
     new conv_thr            =       0.0000000100 Ry


ATOMIC_POSITIONS (crystal)
O        0.500000000   0.500000000   0.438700258
O        0.500000000   0.500000000   0.561299742


     Check: negative starting charge=   -0.000717
     NEW-OLD atomic charge density approx. for the potential
     Check: negative starting charge=   -0.000716

     negative rho (up, down):  1.881E-03 0.000E+00

     total cpu time spent up to now is       26.1 secs

     Self-consistent Calculation

     iteration #  1     ecut=    50.00 Ry     beta= 0.70
     Davidson diagonalization with overlap
     ethr =  1.00E-06,  avg # of iterations =  4.0

     negative rho (up, down):  1.825E-03 0.000E+00

     total cpu time spent up to now is       28.3 secs

     total energy              =     -64.22023724 Ry
     Harris-Foulkes estimate   =     -64.22064901 Ry
     estimated scf accuracy    <       0.00063594 Ry

     iteration #  2     ecut=    50.00 Ry     beta= 0.70
     Davidson diagonalization with overlap
     ethr =  5.30E-06,  avg # of iterations =  2.0

     negative rho (up, down):  1.806E-03 0.000E+00

     total cpu time spent up to now is       30.1 secs

     total energy              =     -64.22039774 Ry
     Harris-Foulkes estimate   =     -64.22046305 Ry
     estimated scf accuracy    <       0.00011247 Ry

     iteration #  3     ecut=    50.00 Ry     beta= 0.70
     Davidson diagonalization with overlap
     ethr =  9.37E-07,  avg # of iterations =  2.0

     negative rho (up, down):  1.796E-03 0.000E+00

     total cpu time spent up to now is       31.5 secs

     total energy              =     -64.22042156 Ry
     Harris-Foulkes estimate   =     -64.22042166 Ry
     estimated scf accuracy    <       0.00000159 Ry

     iteration #  4     ecut=    50.00 Ry     beta= 0.70
     Davidson diagonalization with overlap
     ethr =  1.32E-08,  avg # of iterations =  2.0

     negative rho (up, down):  1.797E-03 0.000E+00

     total cpu time spent up to now is       32.9 secs

     total energy              =     -64.22042168 Ry
     Harris-Foulkes estimate   =     -64.22042169 Ry
     estimated scf accuracy    <       0.00000001 Ry

     iteration #  5     ecut=    50.00 Ry     beta= 0.70
     Davidson diagonalization with overlap
     ethr =  1.07E-10,  avg # of iterations =  2.0

     negative rho (up, down):  1.797E-03 0.000E+00

     total cpu time spent up to now is       34.9 secs

     End of self-consistent calculation

          k = 0.0000 0.0000 0.0000 ( 40339 PWs)   bands (ev):

   -31.9074 -19.7031 -12.9831 -12.4347 -12.4347  -5.7863

     occupation numbers 
     1.0000   1.0000   1.0000   1.0000   1.0000   1.0000

     highest occupied level (ev):    -5.7863

!    total energy              =     -64.22042169 Ry
     Harris-Foulkes estimate   =     -64.22042168 Ry
     estimated scf accuracy    <          1.0E-09 Ry

     The total energy is the sum of the following terms:

     one-electron contribution =    -123.15727353 Ry
     hartree contribution      =      63.44338648 Ry
     xc contribution           =     -14.08594418 Ry
     ewald contribution        =       9.57940954 Ry

     convergence has been achieved in   5 iterations

     negative rho (up, down):  1.797E-03 0.000E+00

     Forces acting on atoms (cartesian axes, Ry/au):

     atom    1 type  1   force =     0.00000000    0.00000000    0.00225375
     atom    2 type  1   force =     0.00000000    0.00000000   -0.00225375
     The non-local contrib.  to forces
     atom    1 type  1   force =     0.00000000    0.00000000    2.34464954
     atom    2 type  1   force =     0.00000000    0.00000000   -2.34464954
     The ionic contribution  to forces
     atom    1 type  1   force =     0.00000000    0.00000000  -13.30579285
     atom    2 type  1   force =    -0.00000000   -0.00000000   13.30579285
     The local contribution  to forces
     atom    1 type  1   force =     0.00000000    0.00000000   10.97574986
     atom    2 type  1   force =     0.00000000    0.00000000  -10.97574986
     The core correction contribution to forces
     atom    1 type  1   force =     0.00000000    0.00000000   -0.01239204
     atom    2 type  1   force =     0.00000000    0.00000000    0.01239204
     The Hubbard contrib.    to forces
     atom    1 type  1   force =     0.00000000    0.00000000    0.00000000
     atom    2 type  1   force =     0.00000000    0.00000000    0.00000000
     The SCF correction term to forces
     atom    1 type  1   force =     0.00000000    0.00000000    0.00003924
     atom    2 type  1   force =     0.00000000   -0.00000000   -0.00003924

     Total force =     0.003187     Total SCF correction =     0.000055

     number of scf cycles    =   3
     number of bfgs steps    =   1

     energy   old            =     -64.2198169609 Ry
     energy   new            =     -64.2204216921 Ry

     CASE: energy  _new < energy  _old

     new trust radius        =       0.0007500352 bohr
     new conv_thr            =       0.0000000002 Ry


ATOMIC_POSITIONS (crystal)
O        0.500000000   0.500000000   0.438739948
O        0.500000000   0.500000000   0.561260052


     Check: negative starting charge=   -0.000716
     NEW-OLD atomic charge density approx. for the potential
     Check: negative starting charge=   -0.000716

     negative rho (up, down):  1.798E-03 0.000E+00

     total cpu time spent up to now is       36.0 secs

     Self-consistent Calculation

     iteration #  1     ecut=    50.00 Ry     beta= 0.70
     Davidson diagonalization with overlap
     ethr =  1.00E-06,  avg # of iterations =  2.0

     Threshold (ethr) on eigenvalues was too large:
     Diagonalizing with lowered threshold

     Davidson diagonalization with overlap
     ethr =  4.25E-09,  avg # of iterations =  2.0

     negative rho (up, down):  1.797E-03 0.000E+00

     total cpu time spent up to now is       38.7 secs

     total energy              =     -64.22042334 Ry
     Harris-Foulkes estimate   =     -64.22042366 Ry
     estimated scf accuracy    <       0.00000052 Ry

     iteration #  2     ecut=    50.00 Ry     beta= 0.70
     Davidson diagonalization with overlap
     ethr =  4.35E-09,  avg # of iterations =  2.0

     negative rho (up, down):  1.796E-03 0.000E+00

     total cpu time spent up to now is       40.7 secs

     total energy              =     -64.22042348 Ry
     Harris-Foulkes estimate   =     -64.22042352 Ry
     estimated scf accuracy    <       0.00000009 Ry

     iteration #  3     ecut=    50.00 Ry     beta= 0.70
     Davidson diagonalization with overlap
     ethr =  7.62E-10,  avg # of iterations =  2.0

     negative rho (up, down):  1.795E-03 0.000E+00

     total cpu time spent up to now is       42.2 secs

     total energy              =     -64.22042349 Ry
     Harris-Foulkes estimate   =     -64.22042350 Ry
     estimated scf accuracy    <          1.2E-09 Ry

     iteration #  4     ecut=    50.00 Ry     beta= 0.70
     Davidson diagonalization with overlap
     ethr =  1.02E-11,  avg # of iterations =  2.0

     negative rho (up, down):  1.795E-03 0.000E+00

     total cpu time spent up to now is       43.8 secs

     End of self-consistent calculation

          k = 0.0000 0.0000 0.0000 ( 40339 PWs)   bands (ev):

   -31.9242 -19.6971 -12.9852 -12.4418 -12.4418  -5.7802

     occupation numbers 
     1.0000   1.0000   1.0000   1.0000   1.0000   1.0000

     highest occupied level (ev):    -5.7802

!    total energy              =     -64.22042349 Ry
     Harris-Foulkes estimate   =     -64.22042349 Ry
     estimated scf accuracy    <          7.5E-12 Ry

     The total energy is the sum of the following terms:

     one-electron contribution =    -123.19347562 Ry
     hartree contribution      =      63.46099913 Ry
     xc contribution           =     -14.08732926 Ry
     ewald contribution        =       9.59938226 Ry

     convergence has been achieved in   4 iterations

     negative rho (up, down):  1.795E-03 0.000E+00

     Forces acting on atoms (cartesian axes, Ry/au):

     atom    1 type  1   force =     0.00000000    0.00000000    0.00010867
     atom    2 type  1   force =     0.00000000    0.00000000   -0.00010867
     The non-local contrib.  to forces
     atom    1 type  1   force =     0.00000000    0.00000000    2.34700003
     atom    2 type  1   force =     0.00000000    0.00000000   -2.34700003
     The ionic contribution  to forces
     atom    1 type  1   force =     0.00000000    0.00000000  -13.32325628
     atom    2 type  1   force =    -0.00000000   -0.00000000   13.32325628
     The local contribution  to forces
     atom    1 type  1   force =     0.00000000    0.00000000   10.98875277
     atom    2 type  1   force =     0.00000000    0.00000000  -10.98875277
     The core correction contribution to forces
     atom    1 type  1   force =     0.00000000    0.00000000   -0.01238300
     atom    2 type  1   force =     0.00000000    0.00000000    0.01238300
     The Hubbard contrib.    to forces
     atom    1 type  1   force =     0.00000000    0.00000000    0.00000000
     atom    2 type  1   force =     0.00000000    0.00000000    0.00000000
     The SCF correction term to forces
     atom    1 type  1   force =     0.00000000    0.00000000   -0.00000485
     atom    2 type  1   force =     0.00000000    0.00000000    0.00000485

     Total force =     0.000154     Total SCF correction =     0.000007

     bfgs converged in   4 scf cycles and   2 bfgs steps
     (criteria: energy <  1.0E-04 Ry, force <  1.0E-03 Ry/Bohr)

     End of BFGS Geometry Optimization

     Final energy   =     -64.2204234949 Ry
Begin final coordinates

ATOMIC_POSITIONS (crystal)
O        0.500000000   0.500000000   0.438739948
O        0.500000000   0.500000000   0.561260052
End final coordinates


 
     init_run     :      2.94s CPU      1.46s WALL (       1 calls)
     electrons    :     86.78s CPU     38.16s WALL (       4 calls)
     update_pot   :      2.28s CPU      1.09s WALL (       3 calls)
     forces       :      6.09s CPU      3.07s WALL (       4 calls)

     Called by init_run:
     wfcinit      :      0.79s CPU      0.37s WALL (       1 calls)
     wfcinit:atom :      0.01s CPU      0.00s WALL (       1 calls)
     wfcinit:wfcr :      0.78s CPU      0.37s WALL (       1 calls)
     potinit      :      0.66s CPU      0.29s WALL (       1 calls)
     hinit0       :      0.74s CPU      0.40s WALL (       1 calls)

     Called by electrons:
     c_bands      :     36.11s CPU     16.17s WALL (      23 calls)
     sum_band     :     20.57s CPU      9.35s WALL (      23 calls)
     v_of_rho     :     13.48s CPU      5.62s WALL (      25 calls)
     v_h          :      1.70s CPU      0.71s WALL (      25 calls)
     v_xc         :     13.23s CPU      5.63s WALL (      29 calls)
     newd         :     16.67s CPU      7.25s WALL (      25 calls)
     mix_rho      :      2.34s CPU      0.98s WALL (      23 calls)

     Called by c_bands:
     init_us_2    :      0.45s CPU      0.23s WALL (      47 calls)
     cegterg      :     34.84s CPU     15.60s WALL (      23 calls)

     Called by sum_band:
     sum_band:bec :      0.30s CPU      0.14s WALL (      23 calls)
     addusdens    :      9.36s CPU      4.41s WALL (      23 calls)

     Called by *egterg:
     h_psi        :     29.81s CPU     13.34s WALL (      76 calls)
     s_psi        :      0.09s CPU      0.04s WALL (      76 calls)
     g_psi        :      0.07s CPU      0.04s WALL (      52 calls)
     cdiaghg      :      0.39s CPU      0.18s WALL (      70 calls)
     cegterg:over :      2.10s CPU      0.92s WALL (      52 calls)
     cegterg:upda :      0.51s CPU      0.25s WALL (      52 calls)
     cegterg:last :      0.07s CPU      0.03s WALL (      25 calls)

     Called by h_psi:
     h_psi:pot    :     29.66s CPU     13.28s WALL (      76 calls)
     h_psi:calbec :      1.54s CPU      0.71s WALL (      76 calls)
     vloc_psi     :     27.75s CPU     12.37s WALL (      76 calls)
     add_vuspsi   :      0.37s CPU      0.20s WALL (      76 calls)

     General routines
     calbec       :      2.43s CPU      1.17s WALL (     115 calls)
     fft          :     14.93s CPU      6.56s WALL (     328 calls)
     ffts         :      0.68s CPU      0.31s WALL (      23 calls)
     fftw         :     30.76s CPU     13.77s WALL (     954 calls)
 
     Parallel routines
     fft_scatt_xy :      2.49s CPU      1.10s WALL (    1305 calls)
     fft_scatt_yz :     35.64s CPU     15.72s WALL (    1305 calls)
 
     PWSCF        :  1m40.07s CPU        44.78s WALL

 
   This run was terminated on:   9: 7:17  19Mar2019            

=------------------------------------------------------------------------------=
   JOB DONE.
=------------------------------------------------------------------------------=
