
     Program PWSCF v.6.3MaX starts on 19Mar2019 at  9: 5:55 

     This program is part of the open-source Quantum ESPRESSO suite
     for quantum simulation of materials; please cite
         "P. Giannozzi et al., J. Phys.:Condens. Matter 21 395502 (2009);
         "P. Giannozzi et al., J. Phys.:Condens. Matter 29 465901 (2017);
          URL http://www.quantum-espresso.org", 
     in publications or presentations arising from this work. More details at
     http://www.quantum-espresso.org/quote

 *** WARNING: using old-style file format, will disappear from next version ***

     Parallel version (MPI & OpenMP), running on      20 processor cores
     Number of MPI processes:                 5
     Threads/MPI process:                     4

     MPI processes distributed on     1 nodes
     R & G space division:  proc/nbgrp/npool/nimage =       5
     Reading input from /home/azadoks/dftman/projects/HW5_3/ConvergenceWorkflows/b959a7bdb810/0c93f82f81eb/pwscf.in
Warning: card &CELL ignored
Warning: card / ignored

     Current dimensions of program PWSCF are:
     Max number of different atomic species (ntypx) = 10
     Max number of k-points (npk) =  40000
     Max angular momentum in pseudopotentials (lmaxx) =  3
     Message from routine iosys:
     minimal I/O required, wf_collect reset to FALSE

     Subspace diagonalization in iterative solution of the eigenvalue problem:
     a serial algorithm will be used

 
     Parallelization info
     --------------------
     sticks:   dense  smooth     PW     G-vecs:    dense   smooth      PW
     Min        1025    1025    256                54991    54991    6890
     Max        1026    1026    257                54994    54994    6893
     Sum        5129    5129   1281               274961   274961   34457
 


     bravais-lattice index     =            0
     lattice parameter (alat)  =      18.8973  a.u.
     unit-cell volume          =    6748.3346 (a.u.)^3
     number of atoms/cell      =            2
     number of atomic types    =            1
     number of electrons       =        12.00
     number of Kohn-Sham states=            6
     kinetic-energy cutoff     =      45.0000  Ry
     charge density cutoff     =     180.0000  Ry
     convergence threshold     =      1.0E-08
     mixing beta               =       0.7000
     number of iterations used =            8  plain     mixing
     Exchange-correlation      = SLA  PW   PBE  PBE ( 1  4  3  4 0 0)
     nstep                     =           50


     celldm(1)=  18.897261  celldm(2)=   0.000000  celldm(3)=   0.000000
     celldm(4)=   0.000000  celldm(5)=   0.000000  celldm(6)=   0.000000

     crystal axes: (cart. coord. in units of alat)
               a(1) = (   1.000000   0.000000   0.000000 )  
               a(2) = (   0.000000   1.000000   0.000000 )  
               a(3) = (   0.000000   0.000000   1.000000 )  

     reciprocal axes: (cart. coord. in units 2 pi/alat)
               b(1) = (  1.000000  0.000000  0.000000 )  
               b(2) = (  0.000000  1.000000  0.000000 )  
               b(3) = (  0.000000  0.000000  1.000000 )  


     PseudoPot. # 1 for O  read from file:
     /home/azadoks/.local/share/pseudo/GBRV_PBE_US/o_pbe_v1.2.uspp.F.UPF
     MD5 check sum: 734c27235a0248c51dbae37a1fbe46ec
     Pseudo is Ultrasoft + core correction, Zval =  6.0
     Generated by new atomic code, or converted to UPF format
     Using radial grid of  737 points,  5 beta functions with: 
                l(1) =   0
                l(2) =   0
                l(3) =   1
                l(4) =   1
                l(5) =   2
     Q(r) pseudized with  8 coefficients,  rinner =    0.900   0.900   0.900
                                                       0.900   0.900

     atomic species   valence    mass     pseudopotential
        O              6.00    15.99940     O ( 1.00)

     16 Sym. Ops., with inversion, found


                                    s                        frac. trans.

      isym =  1     identity                                     

 cryst.   s( 1) = (     1          0          0      )
                  (     0          1          0      )
                  (     0          0          1      )

 cart.    s( 1) = (  1.0000000  0.0000000  0.0000000 )
                  (  0.0000000  1.0000000  0.0000000 )
                  (  0.0000000  0.0000000  1.0000000 )


      isym =  2     180 deg rotation - cart. axis [0,0,1]        

 cryst.   s( 2) = (    -1          0          0      )
                  (     0         -1          0      )
                  (     0          0          1      )

 cart.    s( 2) = ( -1.0000000  0.0000000  0.0000000 )
                  (  0.0000000 -1.0000000  0.0000000 )
                  (  0.0000000  0.0000000  1.0000000 )


      isym =  3     180 deg rotation - cart. axis [0,1,0]        

 cryst.   s( 3) = (    -1          0          0      )
                  (     0          1          0      )
                  (     0          0         -1      )

 cart.    s( 3) = ( -1.0000000  0.0000000  0.0000000 )
                  (  0.0000000  1.0000000  0.0000000 )
                  (  0.0000000  0.0000000 -1.0000000 )


      isym =  4     180 deg rotation - cart. axis [1,0,0]        

 cryst.   s( 4) = (     1          0          0      )
                  (     0         -1          0      )
                  (     0          0         -1      )

 cart.    s( 4) = (  1.0000000  0.0000000  0.0000000 )
                  (  0.0000000 -1.0000000  0.0000000 )
                  (  0.0000000  0.0000000 -1.0000000 )


      isym =  5     180 deg rotation - cart. axis [1,1,0]        

 cryst.   s( 5) = (     0          1          0      )
                  (     1          0          0      )
                  (     0          0         -1      )

 cart.    s( 5) = (  0.0000000  1.0000000  0.0000000 )
                  (  1.0000000  0.0000000  0.0000000 )
                  (  0.0000000  0.0000000 -1.0000000 )


      isym =  6     180 deg rotation - cart. axis [1,-1,0]       

 cryst.   s( 6) = (     0         -1          0      )
                  (    -1          0          0      )
                  (     0          0         -1      )

 cart.    s( 6) = (  0.0000000 -1.0000000  0.0000000 )
                  ( -1.0000000  0.0000000  0.0000000 )
                  (  0.0000000  0.0000000 -1.0000000 )


      isym =  7      90 deg rotation - cart. axis [0,0,-1]       

 cryst.   s( 7) = (     0         -1          0      )
                  (     1          0          0      )
                  (     0          0          1      )

 cart.    s( 7) = (  0.0000000  1.0000000  0.0000000 )
                  ( -1.0000000  0.0000000  0.0000000 )
                  (  0.0000000  0.0000000  1.0000000 )


      isym =  8      90 deg rotation - cart. axis [0,0,1]        

 cryst.   s( 8) = (     0          1          0      )
                  (    -1          0          0      )
                  (     0          0          1      )

 cart.    s( 8) = (  0.0000000 -1.0000000  0.0000000 )
                  (  1.0000000  0.0000000  0.0000000 )
                  (  0.0000000  0.0000000  1.0000000 )


      isym =  9     inversion                                    

 cryst.   s( 9) = (    -1          0          0      )
                  (     0         -1          0      )
                  (     0          0         -1      )

 cart.    s( 9) = ( -1.0000000  0.0000000  0.0000000 )
                  (  0.0000000 -1.0000000  0.0000000 )
                  (  0.0000000  0.0000000 -1.0000000 )


      isym = 10     inv. 180 deg rotation - cart. axis [0,0,1]   

 cryst.   s(10) = (     1          0          0      )
                  (     0          1          0      )
                  (     0          0         -1      )

 cart.    s(10) = (  1.0000000  0.0000000  0.0000000 )
                  (  0.0000000  1.0000000  0.0000000 )
                  (  0.0000000  0.0000000 -1.0000000 )


      isym = 11     inv. 180 deg rotation - cart. axis [0,1,0]   

 cryst.   s(11) = (     1          0          0      )
                  (     0         -1          0      )
                  (     0          0          1      )

 cart.    s(11) = (  1.0000000  0.0000000  0.0000000 )
                  (  0.0000000 -1.0000000  0.0000000 )
                  (  0.0000000  0.0000000  1.0000000 )


      isym = 12     inv. 180 deg rotation - cart. axis [1,0,0]   

 cryst.   s(12) = (    -1          0          0      )
                  (     0          1          0      )
                  (     0          0          1      )

 cart.    s(12) = ( -1.0000000  0.0000000  0.0000000 )
                  (  0.0000000  1.0000000  0.0000000 )
                  (  0.0000000  0.0000000  1.0000000 )


      isym = 13     inv. 180 deg rotation - cart. axis [1,1,0]   

 cryst.   s(13) = (     0         -1          0      )
                  (    -1          0          0      )
                  (     0          0          1      )

 cart.    s(13) = (  0.0000000 -1.0000000  0.0000000 )
                  ( -1.0000000  0.0000000  0.0000000 )
                  (  0.0000000  0.0000000  1.0000000 )


      isym = 14     inv. 180 deg rotation - cart. axis [1,-1,0]  

 cryst.   s(14) = (     0          1          0      )
                  (     1          0          0      )
                  (     0          0          1      )

 cart.    s(14) = (  0.0000000  1.0000000  0.0000000 )
                  (  1.0000000  0.0000000  0.0000000 )
                  (  0.0000000  0.0000000  1.0000000 )


      isym = 15     inv.  90 deg rotation - cart. axis [0,0,-1]  

 cryst.   s(15) = (     0          1          0      )
                  (    -1          0          0      )
                  (     0          0         -1      )

 cart.    s(15) = (  0.0000000 -1.0000000  0.0000000 )
                  (  1.0000000  0.0000000  0.0000000 )
                  (  0.0000000  0.0000000 -1.0000000 )


      isym = 16     inv.  90 deg rotation - cart. axis [0,0,1]   

 cryst.   s(16) = (     0         -1          0      )
                  (     1          0          0      )
                  (     0          0         -1      )

 cart.    s(16) = (  0.0000000  1.0000000  0.0000000 )
                  ( -1.0000000  0.0000000  0.0000000 )
                  (  0.0000000  0.0000000 -1.0000000 )


   Cartesian axes

     site n.     atom                  positions (alat units)
         1           O   tau(   1) = (   0.5000000   0.5000000   0.4395000  )
         2           O   tau(   2) = (   0.5000000   0.5000000   0.5605000  )

   Crystallographic axes

     site n.     atom                  positions (cryst. coord.)
         1           O   tau(   1) = (  0.5000000  0.5000000  0.4395000  )
         2           O   tau(   2) = (  0.5000000  0.5000000  0.5605000  )

     number of k points=     1
                       cart. coord. in units 2pi/alat
        k(    1) = (   0.0000000   0.0000000   0.0000000), wk =   2.0000000

                       cryst. coord.
        k(    1) = (   0.0000000   0.0000000   0.0000000), wk =   2.0000000

     Dense  grid:   274961 G-vectors     FFT dimensions: (  81,  81,  81)

     Dynamical RAM for                 wfc:       0.63 MB

     Dynamical RAM for     wfc (w. buffer):       0.63 MB

     Dynamical RAM for           str. fact:       0.84 MB

     Dynamical RAM for           local pot:       0.00 MB

     Dynamical RAM for          nlocal pot:       2.73 MB

     Dynamical RAM for                qrad:       2.31 MB

     Dynamical RAM for          rho,v,vnew:       5.07 MB

     Dynamical RAM for               rhoin:       1.69 MB

     Dynamical RAM for            rho*nmix:      13.43 MB

     Dynamical RAM for           G-vectors:       3.57 MB

     Dynamical RAM for          h,s,v(r/c):       0.03 MB

     Dynamical RAM for          <psi|beta>:       0.00 MB

     Dynamical RAM for                 psi:       2.52 MB

     Dynamical RAM for                hpsi:       2.52 MB

     Dynamical RAM for                spsi:       2.52 MB

     Dynamical RAM for      wfcinit/wfcrot:       1.68 MB

     Dynamical RAM for           addusdens:      90.63 MB

     Dynamical RAM for          addusforce:      92.73 MB

     Estimated static dynamical RAM per process >      36.20 MB

     Estimated max dynamical RAM per process >     128.93 MB

     Estimated total dynamical RAM >     644.63 MB

     Initial potential from superposition of free atoms
     Check: negative starting charge=   -0.002924

     starting charge   12.00000, renormalised to   12.00000

     negative rho (up, down):  2.924E-03 0.000E+00
     Starting wfcs are    8 randomized atomic wfcs

     total cpu time spent up to now is        1.2 secs

     Self-consistent Calculation

     iteration #  1     ecut=    45.00 Ry     beta= 0.70
     Davidson diagonalization with overlap
     ethr =  1.00E-02,  avg # of iterations =  2.0

     Threshold (ethr) on eigenvalues was too large:
     Diagonalizing with lowered threshold

     Davidson diagonalization with overlap
     ethr =  3.74E-04,  avg # of iterations =  2.0

     negative rho (up, down):  1.205E-03 0.000E+00

     total cpu time spent up to now is        3.3 secs

     total energy              =     -64.21080036 Ry
     Harris-Foulkes estimate   =     -64.23722731 Ry
     estimated scf accuracy    <       0.04393406 Ry

     iteration #  2     ecut=    45.00 Ry     beta= 0.70
     Davidson diagonalization with overlap
     ethr =  3.66E-04,  avg # of iterations =  2.0

     negative rho (up, down):  2.219E-03 0.000E+00

     total cpu time spent up to now is        4.4 secs

     total energy              =     -64.21871838 Ry
     Harris-Foulkes estimate   =     -64.21947682 Ry
     estimated scf accuracy    <       0.00181426 Ry

     iteration #  3     ecut=    45.00 Ry     beta= 0.70
     Davidson diagonalization with overlap
     ethr =  1.51E-05,  avg # of iterations =  2.0

     negative rho (up, down):  2.655E-03 0.000E+00

     total cpu time spent up to now is        5.5 secs

     total energy              =     -64.21909452 Ry
     Harris-Foulkes estimate   =     -64.21917620 Ry
     estimated scf accuracy    <       0.00021389 Ry

     iteration #  4     ecut=    45.00 Ry     beta= 0.70
     Davidson diagonalization with overlap
     ethr =  1.78E-06,  avg # of iterations =  2.0

     negative rho (up, down):  2.842E-03 0.000E+00

     total cpu time spent up to now is        6.8 secs

     total energy              =     -64.21913191 Ry
     Harris-Foulkes estimate   =     -64.21913328 Ry
     estimated scf accuracy    <       0.00001230 Ry

     iteration #  5     ecut=    45.00 Ry     beta= 0.70
     Davidson diagonalization with overlap
     ethr =  1.03E-07,  avg # of iterations =  2.0

     negative rho (up, down):  2.846E-03 0.000E+00

     total cpu time spent up to now is        8.3 secs

     total energy              =     -64.21913283 Ry
     Harris-Foulkes estimate   =     -64.21913289 Ry
     estimated scf accuracy    <       0.00000014 Ry

     iteration #  6     ecut=    45.00 Ry     beta= 0.70
     Davidson diagonalization with overlap
     ethr =  1.14E-09,  avg # of iterations =  4.0

     negative rho (up, down):  2.846E-03 0.000E+00

     total cpu time spent up to now is        9.3 secs

     total energy              =     -64.21913289 Ry
     Harris-Foulkes estimate   =     -64.21913290 Ry
     estimated scf accuracy    <       0.00000001 Ry

     iteration #  7     ecut=    45.00 Ry     beta= 0.70
     Davidson diagonalization with overlap
     ethr =  9.01E-11,  avg # of iterations =  2.0

     negative rho (up, down):  2.846E-03 0.000E+00

     total cpu time spent up to now is       10.3 secs

     End of self-consistent calculation

          k = 0.0000 0.0000 0.0000 ( 34457 PWs)   bands (ev):

   -32.2483 -19.5783 -13.0235 -12.5794 -12.5794  -5.6563

     occupation numbers 
     1.0000   1.0000   1.0000   1.0000   1.0000   1.0000

     highest occupied level (ev):    -5.6563

!    total energy              =     -64.21913289 Ry
     Harris-Foulkes estimate   =     -64.21913289 Ry
     estimated scf accuracy    <          6.5E-10 Ry

     The total energy is the sum of the following terms:

     one-electron contribution =    -123.89022248 Ry
     hartree contribution      =      63.79774487 Ry
     xc contribution           =     -14.11362663 Ry
     ewald contribution        =       9.98697134 Ry

     convergence has been achieved in   7 iterations

     negative rho (up, down):  2.846E-03 0.000E+00

     Forces acting on atoms (cartesian axes, Ry/au):

     atom    1 type  1   force =     0.00000000    0.00000000   -0.04389110
     atom    2 type  1   force =     0.00000000    0.00000000    0.04389110
     The non-local contrib.  to forces
     atom    1 type  1   force =     0.00000000    0.00000000    2.39216508
     atom    2 type  1   force =     0.00000000    0.00000000   -2.39216508
     The ionic contribution  to forces
     atom    1 type  1   force =    -0.00000000   -0.00000000  -13.66430279
     atom    2 type  1   force =     0.00000000    0.00000000   13.66430279
     The local contribution  to forces
     atom    1 type  1   force =     0.00000000    0.00000000   11.24052913
     atom    2 type  1   force =     0.00000000    0.00000000  -11.24052913
     The core correction contribution to forces
     atom    1 type  1   force =     0.00000000    0.00000000   -0.01220395
     atom    2 type  1   force =     0.00000000    0.00000000    0.01220395
     The Hubbard contrib.    to forces
     atom    1 type  1   force =     0.00000000    0.00000000    0.00000000
     atom    2 type  1   force =     0.00000000    0.00000000    0.00000000
     The SCF correction term to forces
     atom    1 type  1   force =    -0.00000000    0.00000000   -0.00007856
     atom    2 type  1   force =     0.00000000    0.00000000    0.00007856

     Total force =     0.062071     Total SCF correction =     0.000111

     BFGS Geometry Optimization

     number of scf cycles    =   1
     number of bfgs steps    =   0

     energy   new            =     -64.2191328916 Ry

     new trust radius        =       0.0438910960 bohr
     new conv_thr            =       0.0000000100 Ry


ATOMIC_POSITIONS (crystal)
O        0.500000000   0.500000000   0.437177383
O        0.500000000   0.500000000   0.562822617


     Check: negative starting charge=   -0.002924
     NEW-OLD atomic charge density approx. for the potential
     Check: negative starting charge=   -0.002949

     negative rho (up, down):  3.453E-03 0.000E+00

     total cpu time spent up to now is       11.4 secs

     Self-consistent Calculation

     iteration #  1     ecut=    45.00 Ry     beta= 0.70
     Davidson diagonalization with overlap
     ethr =  1.00E-06,  avg # of iterations =  4.0

     negative rho (up, down):  2.822E-03 0.000E+00

     total cpu time spent up to now is       12.7 secs

     total energy              =     -64.21701740 Ry
     Harris-Foulkes estimate   =     -64.21806476 Ry
     estimated scf accuracy    <       0.00161216 Ry

     iteration #  2     ecut=    45.00 Ry     beta= 0.70
     Davidson diagonalization with overlap
     ethr =  1.34E-05,  avg # of iterations =  2.0

     negative rho (up, down):  2.817E-03 0.000E+00

     total cpu time spent up to now is       14.1 secs

     total energy              =     -64.21742613 Ry
     Harris-Foulkes estimate   =     -64.21759350 Ry
     estimated scf accuracy    <       0.00028902 Ry

     iteration #  3     ecut=    45.00 Ry     beta= 0.70
     Davidson diagonalization with overlap
     ethr =  2.41E-06,  avg # of iterations =  2.0

     negative rho (up, down):  2.847E-03 0.000E+00

     total cpu time spent up to now is       15.4 secs

     total energy              =     -64.21748649 Ry
     Harris-Foulkes estimate   =     -64.21748665 Ry
     estimated scf accuracy    <       0.00000413 Ry

     iteration #  4     ecut=    45.00 Ry     beta= 0.70
     Davidson diagonalization with overlap
     ethr =  3.44E-08,  avg # of iterations =  2.0

     negative rho (up, down):  2.849E-03 0.000E+00

     total cpu time spent up to now is       16.4 secs

     total energy              =     -64.21748681 Ry
     Harris-Foulkes estimate   =     -64.21748681 Ry
     estimated scf accuracy    <       0.00000004 Ry

     iteration #  5     ecut=    45.00 Ry     beta= 0.70
     Davidson diagonalization with overlap
     ethr =  3.15E-10,  avg # of iterations =  2.0

     negative rho (up, down):  2.849E-03 0.000E+00

     total cpu time spent up to now is       17.5 secs

     End of self-consistent calculation

          k = 0.0000 0.0000 0.0000 ( 34457 PWs)   bands (ev):

   -31.2924 -19.9385 -12.9062 -12.1764 -12.1764  -6.0173

     occupation numbers 
     1.0000   1.0000   1.0000   1.0000   1.0000   1.0000

     highest occupied level (ev):    -6.0173

!    total energy              =     -64.21748683 Ry
     Harris-Foulkes estimate   =     -64.21748683 Ry
     estimated scf accuracy    <          2.9E-09 Ry

     The total energy is the sum of the following terms:

     one-electron contribution =    -121.80130325 Ry
     hartree contribution      =      62.78732170 Ry
     xc contribution           =     -14.03588180 Ry
     ewald contribution        =       8.83237652 Ry

     convergence has been achieved in   5 iterations

     negative rho (up, down):  2.849E-03 0.000E+00

     Forces acting on atoms (cartesian axes, Ry/au):

     atom    1 type  1   force =     0.00000000    0.00000000    0.07459786
     atom    2 type  1   force =     0.00000000    0.00000000   -0.07459786
     The non-local contrib.  to forces
     atom    1 type  1   force =     0.00000000    0.00000000    2.25429512
     atom    2 type  1   force =     0.00000000    0.00000000   -2.25429512
     The ionic contribution  to forces
     atom    1 type  1   force =     0.00000000    0.00000000  -12.66041428
     atom    2 type  1   force =    -0.00000000   -0.00000000   12.66041428
     The local contribution  to forces
     atom    1 type  1   force =     0.00000000    0.00000000   10.49351582
     atom    2 type  1   force =     0.00000000    0.00000000  -10.49351582
     The core correction contribution to forces
     atom    1 type  1   force =     0.00000000    0.00000000   -0.01268421
     atom    2 type  1   force =    -0.00000000   -0.00000000    0.01268421
     The Hubbard contrib.    to forces
     atom    1 type  1   force =     0.00000000    0.00000000    0.00000000
     atom    2 type  1   force =     0.00000000    0.00000000    0.00000000
     The SCF correction term to forces
     atom    1 type  1   force =    -0.00000000   -0.00000000   -0.00011459
     atom    2 type  1   force =     0.00000000    0.00000000    0.00011459

     Total force =     0.105497     Total SCF correction =     0.000162

     number of scf cycles    =   2
     number of bfgs steps    =   1

     energy   old            =     -64.2191328916 Ry
     energy   new            =     -64.2174868274 Ry

     CASE: energy  _new > energy  _old

     new trust radius        =       0.0153762989 bohr
     new conv_thr            =       0.0000000100 Ry


ATOMIC_POSITIONS (crystal)
O        0.500000000   0.500000000   0.438686321
O        0.500000000   0.500000000   0.561313679


     Check: negative starting charge=   -0.002949
     NEW-OLD atomic charge density approx. for the potential
     Check: negative starting charge=   -0.002929

     negative rho (up, down):  2.862E-03 0.000E+00

     total cpu time spent up to now is       18.9 secs

     Self-consistent Calculation

     iteration #  1     ecut=    45.00 Ry     beta= 0.70
     Davidson diagonalization with overlap
     ethr =  1.00E-06,  avg # of iterations =  4.0

     negative rho (up, down):  2.771E-03 0.000E+00

     total cpu time spent up to now is       20.4 secs

     total energy              =     -64.21956791 Ry
     Harris-Foulkes estimate   =     -64.21999196 Ry
     estimated scf accuracy    <       0.00065672 Ry

     iteration #  2     ecut=    45.00 Ry     beta= 0.70
     Davidson diagonalization with overlap
     ethr =  5.47E-06,  avg # of iterations =  2.0

     negative rho (up, down):  2.794E-03 0.000E+00

     total cpu time spent up to now is       22.1 secs

     total energy              =     -64.21973330 Ry
     Harris-Foulkes estimate   =     -64.21980070 Ry
     estimated scf accuracy    <       0.00011593 Ry

     iteration #  3     ecut=    45.00 Ry     beta= 0.70
     Davidson diagonalization with overlap
     ethr =  9.66E-07,  avg # of iterations =  2.0

     negative rho (up, down):  2.833E-03 0.000E+00

     total cpu time spent up to now is       23.5 secs

     total energy              =     -64.21975770 Ry
     Harris-Foulkes estimate   =     -64.21975793 Ry
     estimated scf accuracy    <       0.00000165 Ry

     iteration #  4     ecut=    45.00 Ry     beta= 0.70
     Davidson diagonalization with overlap
     ethr =  1.37E-08,  avg # of iterations =  2.0

     negative rho (up, down):  2.839E-03 0.000E+00

     total cpu time spent up to now is       24.9 secs

     total energy              =     -64.21975785 Ry
     Harris-Foulkes estimate   =     -64.21975783 Ry
     estimated scf accuracy    <       0.00000001 Ry

     iteration #  5     ecut=    45.00 Ry     beta= 0.70
     Davidson diagonalization with overlap
     ethr =  1.10E-10,  avg # of iterations =  2.0

     negative rho (up, down):  2.840E-03 0.000E+00

     total cpu time spent up to now is       26.4 secs

     End of self-consistent calculation

          k = 0.0000 0.0000 0.0000 ( 34457 PWs)   bands (ev):

   -31.9020 -19.7052 -12.9817 -12.4321 -12.4321  -5.7871

     occupation numbers 
     1.0000   1.0000   1.0000   1.0000   1.0000   1.0000

     highest occupied level (ev):    -5.7871

!    total energy              =     -64.21975785 Ry
     Harris-Foulkes estimate   =     -64.21975785 Ry
     estimated scf accuracy    <          1.1E-09 Ry

     The total energy is the sum of the following terms:

     one-electron contribution =    -123.14359770 Ry
     hartree contribution      =      63.43680923 Ry
     xc contribution           =     -14.08537192 Ry
     ewald contribution        =       9.57240254 Ry

     convergence has been achieved in   5 iterations

     negative rho (up, down):  2.840E-03 0.000E+00

     Forces acting on atoms (cartesian axes, Ry/au):

     atom    1 type  1   force =     0.00000000    0.00000000    0.00233099
     atom    2 type  1   force =     0.00000000    0.00000000   -0.00233099
     The non-local contrib.  to forces
     atom    1 type  1   force =     0.00000000    0.00000000    2.34423698
     atom    2 type  1   force =     0.00000000    0.00000000   -2.34423698
     The ionic contribution  to forces
     atom    1 type  1   force =     0.00000000    0.00000000  -13.29966877
     atom    2 type  1   force =    -0.00000000   -0.00000000   13.29966877
     The local contribution  to forces
     atom    1 type  1   force =     0.00000000    0.00000000   10.97012252
     atom    2 type  1   force =     0.00000000    0.00000000  -10.97012252
     The core correction contribution to forces
     atom    1 type  1   force =     0.00000000    0.00000000   -0.01240382
     atom    2 type  1   force =     0.00000000    0.00000000    0.01240382
     The Hubbard contrib.    to forces
     atom    1 type  1   force =     0.00000000    0.00000000    0.00000000
     atom    2 type  1   force =     0.00000000    0.00000000    0.00000000
     The SCF correction term to forces
     atom    1 type  1   force =     0.00000000    0.00000000    0.00004407
     atom    2 type  1   force =    -0.00000000    0.00000000   -0.00004407

     Total force =     0.003297     Total SCF correction =     0.000062

     number of scf cycles    =   3
     number of bfgs steps    =   1

     energy   old            =     -64.2191328916 Ry
     energy   new            =     -64.2197578534 Ry

     CASE: energy  _new < energy  _old

     new trust radius        =       0.0007754297 bohr
     new conv_thr            =       0.0000000002 Ry


ATOMIC_POSITIONS (crystal)
O        0.500000000   0.500000000   0.438727355
O        0.500000000   0.500000000   0.561272645


     Check: negative starting charge=   -0.002929
     NEW-OLD atomic charge density approx. for the potential
     Check: negative starting charge=   -0.002929

     negative rho (up, down):  2.835E-03 0.000E+00

     total cpu time spent up to now is       27.8 secs

     Self-consistent Calculation

     iteration #  1     ecut=    45.00 Ry     beta= 0.70
     Davidson diagonalization with overlap
     ethr =  1.00E-06,  avg # of iterations =  2.0

     Threshold (ethr) on eigenvalues was too large:
     Diagonalizing with lowered threshold

     Davidson diagonalization with overlap
     ethr =  4.54E-09,  avg # of iterations =  2.0

     negative rho (up, down):  2.839E-03 0.000E+00

     total cpu time spent up to now is       29.9 secs

     total energy              =     -64.21975955 Ry
     Harris-Foulkes estimate   =     -64.21975995 Ry
     estimated scf accuracy    <       0.00000056 Ry

     iteration #  2     ecut=    45.00 Ry     beta= 0.70
     Davidson diagonalization with overlap
     ethr =  4.66E-09,  avg # of iterations =  2.0

     negative rho (up, down):  2.839E-03 0.000E+00

     total cpu time spent up to now is       31.7 secs

     total energy              =     -64.21975969 Ry
     Harris-Foulkes estimate   =     -64.21975975 Ry
     estimated scf accuracy    <       0.00000010 Ry

     iteration #  3     ecut=    45.00 Ry     beta= 0.70
     Davidson diagonalization with overlap
     ethr =  8.19E-10,  avg # of iterations =  2.0

     negative rho (up, down):  2.840E-03 0.000E+00

     total cpu time spent up to now is       33.6 secs

     total energy              =     -64.21975971 Ry
     Harris-Foulkes estimate   =     -64.21975971 Ry
     estimated scf accuracy    <          1.3E-09 Ry

     iteration #  4     ecut=    45.00 Ry     beta= 0.70
     Davidson diagonalization with overlap
     ethr =  1.10E-11,  avg # of iterations =  2.0

     negative rho (up, down):  2.840E-03 0.000E+00

     total cpu time spent up to now is       35.5 secs

     End of self-consistent calculation

          k = 0.0000 0.0000 0.0000 ( 34457 PWs)   bands (ev):

   -31.9194 -19.6989 -12.9839 -12.4395 -12.4395  -5.7807

     occupation numbers 
     1.0000   1.0000   1.0000   1.0000   1.0000   1.0000

     highest occupied level (ev):    -5.7807

!    total energy              =     -64.21975971 Ry
     Harris-Foulkes estimate   =     -64.21975971 Ry
     estimated scf accuracy    <          8.3E-12 Ry

     The total energy is the sum of the following terms:

     one-electron contribution =    -123.18100775 Ry
     hartree contribution      =      63.45500813 Ry
     xc contribution           =     -14.08680253 Ry
     ewald contribution        =       9.59304244 Ry

     convergence has been achieved in   4 iterations

     negative rho (up, down):  2.840E-03 0.000E+00

     Forces acting on atoms (cartesian axes, Ry/au):

     atom    1 type  1   force =     0.00000000    0.00000000    0.00011139
     atom    2 type  1   force =     0.00000000    0.00000000   -0.00011139
     The non-local contrib.  to forces
     atom    1 type  1   force =     0.00000000    0.00000000    2.34666535
     atom    2 type  1   force =     0.00000000    0.00000000   -2.34666535
     The ionic contribution  to forces
     atom    1 type  1   force =    -0.00000000   -0.00000000  -13.31771181
     atom    2 type  1   force =     0.00000000    0.00000000   13.31771181
     The local contribution  to forces
     atom    1 type  1   force =     0.00000000    0.00000000   10.98355807
     atom    2 type  1   force =     0.00000000    0.00000000  -10.98355807
     The core correction contribution to forces
     atom    1 type  1   force =     0.00000000    0.00000000   -0.01239493
     atom    2 type  1   force =     0.00000000    0.00000000    0.01239493
     The Hubbard contrib.    to forces
     atom    1 type  1   force =     0.00000000    0.00000000    0.00000000
     atom    2 type  1   force =     0.00000000    0.00000000    0.00000000
     The SCF correction term to forces
     atom    1 type  1   force =    -0.00000000    0.00000000   -0.00000529
     atom    2 type  1   force =     0.00000000   -0.00000000    0.00000529

     Total force =     0.000158     Total SCF correction =     0.000007

     bfgs converged in   4 scf cycles and   2 bfgs steps
     (criteria: energy <  1.0E-04 Ry, force <  1.0E-03 Ry/Bohr)

     End of BFGS Geometry Optimization

     Final energy   =     -64.2197597116 Ry
Begin final coordinates

ATOMIC_POSITIONS (crystal)
O        0.500000000   0.500000000   0.438727355
O        0.500000000   0.500000000   0.561272645
End final coordinates


 
     init_run     :      2.20s CPU      1.09s WALL (       1 calls)
     electrons    :     68.03s CPU     30.39s WALL (       4 calls)
     update_pot   :      2.57s CPU      1.08s WALL (       3 calls)
     forces       :      5.48s CPU      2.72s WALL (       4 calls)

     Called by init_run:
     wfcinit      :      0.34s CPU      0.18s WALL (       1 calls)
     wfcinit:atom :      0.00s CPU      0.00s WALL (       1 calls)
     wfcinit:wfcr :      0.33s CPU      0.17s WALL (       1 calls)
     potinit      :      0.60s CPU      0.29s WALL (       1 calls)
     hinit0       :      0.87s CPU      0.36s WALL (       1 calls)

     Called by electrons:
     c_bands      :     25.50s CPU     11.63s WALL (      23 calls)
     sum_band     :     18.30s CPU      8.33s WALL (      23 calls)
     v_of_rho     :     10.81s CPU      4.61s WALL (      25 calls)
     v_h          :      1.11s CPU      0.49s WALL (      25 calls)
     v_xc         :     11.10s CPU      4.83s WALL (      29 calls)
     newd         :     14.03s CPU      6.24s WALL (      25 calls)
     mix_rho      :      2.11s CPU      0.89s WALL (      23 calls)

     Called by c_bands:
     init_us_2    :      0.30s CPU      0.15s WALL (      47 calls)
     cegterg      :     24.41s CPU     11.11s WALL (      23 calls)

     Called by sum_band:
     sum_band:bec :      0.10s CPU      0.05s WALL (      23 calls)
     addusdens    :      7.69s CPU      3.58s WALL (      23 calls)

     Called by *egterg:
     h_psi        :     20.94s CPU      9.56s WALL (      76 calls)
     s_psi        :      0.11s CPU      0.05s WALL (      76 calls)
     g_psi        :      0.04s CPU      0.02s WALL (      52 calls)
     cdiaghg      :      0.17s CPU      0.06s WALL (      70 calls)
     cegterg:over :      1.39s CPU      0.60s WALL (      52 calls)
     cegterg:upda :      0.32s CPU      0.17s WALL (      52 calls)
     cegterg:last :      0.07s CPU      0.03s WALL (      25 calls)

     Called by h_psi:
     h_psi:pot    :     20.86s CPU      9.52s WALL (      76 calls)
     h_psi:calbec :      1.14s CPU      0.50s WALL (      76 calls)
     vloc_psi     :     19.41s CPU      8.88s WALL (      76 calls)
     add_vuspsi   :      0.31s CPU      0.15s WALL (      76 calls)

     General routines
     calbec       :      1.98s CPU      0.92s WALL (     115 calls)
     fft          :     12.98s CPU      5.77s WALL (     328 calls)
     ffts         :      0.87s CPU      0.40s WALL (      23 calls)
     fftw         :     22.34s CPU     10.19s WALL (     950 calls)
 
     Parallel routines
     fft_scatt_xy :      1.27s CPU      0.57s WALL (    1301 calls)
     fft_scatt_yz :     28.76s CPU     12.93s WALL (    1301 calls)
 
     PWSCF        :  1m20.25s CPU        36.28s WALL

 
   This run was terminated on:   9: 6:31  19Mar2019            

=------------------------------------------------------------------------------=
   JOB DONE.
=------------------------------------------------------------------------------=
