
     Program PWSCF v.6.3MaX starts on 19Mar2019 at  9: 9:26 

     This program is part of the open-source Quantum ESPRESSO suite
     for quantum simulation of materials; please cite
         "P. Giannozzi et al., J. Phys.:Condens. Matter 21 395502 (2009);
         "P. Giannozzi et al., J. Phys.:Condens. Matter 29 465901 (2017);
          URL http://www.quantum-espresso.org", 
     in publications or presentations arising from this work. More details at
     http://www.quantum-espresso.org/quote

 *** WARNING: using old-style file format, will disappear from next version ***

     Parallel version (MPI & OpenMP), running on      20 processor cores
     Number of MPI processes:                 5
     Threads/MPI process:                     4

     MPI processes distributed on     1 nodes
     R & G space division:  proc/nbgrp/npool/nimage =       5
     Reading input from /home/azadoks/dftman/projects/HW5_3/ConvergenceWorkflows/b959a7bdb810/3be3925fce24/pwscf.in
Warning: card &CELL ignored
Warning: card / ignored

     Current dimensions of program PWSCF are:
     Max number of different atomic species (ntypx) = 10
     Max number of k-points (npk) =  40000
     Max angular momentum in pseudopotentials (lmaxx) =  3
     Message from routine iosys:
     minimal I/O required, wf_collect reset to FALSE

     Subspace diagonalization in iterative solution of the eigenvalue problem:
     a serial algorithm will be used

 
     Parallelization info
     --------------------
     sticks:   dense  smooth     PW     G-vecs:    dense   smooth      PW
     Min        1593    1593    398               106789   106789   13372
     Max        1593    1593    399               106789   106789   13377
     Sum        7965    7965   1993               533945   533945   66875
 


     bravais-lattice index     =            0
     lattice parameter (alat)  =      18.8973  a.u.
     unit-cell volume          =    6748.3346 (a.u.)^3
     number of atoms/cell      =            2
     number of atomic types    =            1
     number of electrons       =        12.00
     number of Kohn-Sham states=            6
     kinetic-energy cutoff     =      70.0000  Ry
     charge density cutoff     =     280.0000  Ry
     convergence threshold     =      1.0E-08
     mixing beta               =       0.7000
     number of iterations used =            8  plain     mixing
     Exchange-correlation      = SLA  PW   PBE  PBE ( 1  4  3  4 0 0)
     nstep                     =           50


     celldm(1)=  18.897261  celldm(2)=   0.000000  celldm(3)=   0.000000
     celldm(4)=   0.000000  celldm(5)=   0.000000  celldm(6)=   0.000000

     crystal axes: (cart. coord. in units of alat)
               a(1) = (   1.000000   0.000000   0.000000 )  
               a(2) = (   0.000000   1.000000   0.000000 )  
               a(3) = (   0.000000   0.000000   1.000000 )  

     reciprocal axes: (cart. coord. in units 2 pi/alat)
               b(1) = (  1.000000  0.000000  0.000000 )  
               b(2) = (  0.000000  1.000000  0.000000 )  
               b(3) = (  0.000000  0.000000  1.000000 )  


     PseudoPot. # 1 for O  read from file:
     /home/azadoks/.local/share/pseudo/GBRV_PBE_US/o_pbe_v1.2.uspp.F.UPF
     MD5 check sum: 734c27235a0248c51dbae37a1fbe46ec
     Pseudo is Ultrasoft + core correction, Zval =  6.0
     Generated by new atomic code, or converted to UPF format
     Using radial grid of  737 points,  5 beta functions with: 
                l(1) =   0
                l(2) =   0
                l(3) =   1
                l(4) =   1
                l(5) =   2
     Q(r) pseudized with  8 coefficients,  rinner =    0.900   0.900   0.900
                                                       0.900   0.900

     atomic species   valence    mass     pseudopotential
        O              6.00    15.99940     O ( 1.00)

     16 Sym. Ops., with inversion, found


                                    s                        frac. trans.

      isym =  1     identity                                     

 cryst.   s( 1) = (     1          0          0      )
                  (     0          1          0      )
                  (     0          0          1      )

 cart.    s( 1) = (  1.0000000  0.0000000  0.0000000 )
                  (  0.0000000  1.0000000  0.0000000 )
                  (  0.0000000  0.0000000  1.0000000 )


      isym =  2     180 deg rotation - cart. axis [0,0,1]        

 cryst.   s( 2) = (    -1          0          0      )
                  (     0         -1          0      )
                  (     0          0          1      )

 cart.    s( 2) = ( -1.0000000  0.0000000  0.0000000 )
                  (  0.0000000 -1.0000000  0.0000000 )
                  (  0.0000000  0.0000000  1.0000000 )


      isym =  3     180 deg rotation - cart. axis [0,1,0]        

 cryst.   s( 3) = (    -1          0          0      )
                  (     0          1          0      )
                  (     0          0         -1      )

 cart.    s( 3) = ( -1.0000000  0.0000000  0.0000000 )
                  (  0.0000000  1.0000000  0.0000000 )
                  (  0.0000000  0.0000000 -1.0000000 )


      isym =  4     180 deg rotation - cart. axis [1,0,0]        

 cryst.   s( 4) = (     1          0          0      )
                  (     0         -1          0      )
                  (     0          0         -1      )

 cart.    s( 4) = (  1.0000000  0.0000000  0.0000000 )
                  (  0.0000000 -1.0000000  0.0000000 )
                  (  0.0000000  0.0000000 -1.0000000 )


      isym =  5     180 deg rotation - cart. axis [1,1,0]        

 cryst.   s( 5) = (     0          1          0      )
                  (     1          0          0      )
                  (     0          0         -1      )

 cart.    s( 5) = (  0.0000000  1.0000000  0.0000000 )
                  (  1.0000000  0.0000000  0.0000000 )
                  (  0.0000000  0.0000000 -1.0000000 )


      isym =  6     180 deg rotation - cart. axis [1,-1,0]       

 cryst.   s( 6) = (     0         -1          0      )
                  (    -1          0          0      )
                  (     0          0         -1      )

 cart.    s( 6) = (  0.0000000 -1.0000000  0.0000000 )
                  ( -1.0000000  0.0000000  0.0000000 )
                  (  0.0000000  0.0000000 -1.0000000 )


      isym =  7      90 deg rotation - cart. axis [0,0,-1]       

 cryst.   s( 7) = (     0         -1          0      )
                  (     1          0          0      )
                  (     0          0          1      )

 cart.    s( 7) = (  0.0000000  1.0000000  0.0000000 )
                  ( -1.0000000  0.0000000  0.0000000 )
                  (  0.0000000  0.0000000  1.0000000 )


      isym =  8      90 deg rotation - cart. axis [0,0,1]        

 cryst.   s( 8) = (     0          1          0      )
                  (    -1          0          0      )
                  (     0          0          1      )

 cart.    s( 8) = (  0.0000000 -1.0000000  0.0000000 )
                  (  1.0000000  0.0000000  0.0000000 )
                  (  0.0000000  0.0000000  1.0000000 )


      isym =  9     inversion                                    

 cryst.   s( 9) = (    -1          0          0      )
                  (     0         -1          0      )
                  (     0          0         -1      )

 cart.    s( 9) = ( -1.0000000  0.0000000  0.0000000 )
                  (  0.0000000 -1.0000000  0.0000000 )
                  (  0.0000000  0.0000000 -1.0000000 )


      isym = 10     inv. 180 deg rotation - cart. axis [0,0,1]   

 cryst.   s(10) = (     1          0          0      )
                  (     0          1          0      )
                  (     0          0         -1      )

 cart.    s(10) = (  1.0000000  0.0000000  0.0000000 )
                  (  0.0000000  1.0000000  0.0000000 )
                  (  0.0000000  0.0000000 -1.0000000 )


      isym = 11     inv. 180 deg rotation - cart. axis [0,1,0]   

 cryst.   s(11) = (     1          0          0      )
                  (     0         -1          0      )
                  (     0          0          1      )

 cart.    s(11) = (  1.0000000  0.0000000  0.0000000 )
                  (  0.0000000 -1.0000000  0.0000000 )
                  (  0.0000000  0.0000000  1.0000000 )


      isym = 12     inv. 180 deg rotation - cart. axis [1,0,0]   

 cryst.   s(12) = (    -1          0          0      )
                  (     0          1          0      )
                  (     0          0          1      )

 cart.    s(12) = ( -1.0000000  0.0000000  0.0000000 )
                  (  0.0000000  1.0000000  0.0000000 )
                  (  0.0000000  0.0000000  1.0000000 )


      isym = 13     inv. 180 deg rotation - cart. axis [1,1,0]   

 cryst.   s(13) = (     0         -1          0      )
                  (    -1          0          0      )
                  (     0          0          1      )

 cart.    s(13) = (  0.0000000 -1.0000000  0.0000000 )
                  ( -1.0000000  0.0000000  0.0000000 )
                  (  0.0000000  0.0000000  1.0000000 )


      isym = 14     inv. 180 deg rotation - cart. axis [1,-1,0]  

 cryst.   s(14) = (     0          1          0      )
                  (     1          0          0      )
                  (     0          0          1      )

 cart.    s(14) = (  0.0000000  1.0000000  0.0000000 )
                  (  1.0000000  0.0000000  0.0000000 )
                  (  0.0000000  0.0000000  1.0000000 )


      isym = 15     inv.  90 deg rotation - cart. axis [0,0,-1]  

 cryst.   s(15) = (     0          1          0      )
                  (    -1          0          0      )
                  (     0          0         -1      )

 cart.    s(15) = (  0.0000000 -1.0000000  0.0000000 )
                  (  1.0000000  0.0000000  0.0000000 )
                  (  0.0000000  0.0000000 -1.0000000 )


      isym = 16     inv.  90 deg rotation - cart. axis [0,0,1]   

 cryst.   s(16) = (     0         -1          0      )
                  (     1          0          0      )
                  (     0          0         -1      )

 cart.    s(16) = (  0.0000000  1.0000000  0.0000000 )
                  ( -1.0000000  0.0000000  0.0000000 )
                  (  0.0000000  0.0000000 -1.0000000 )


   Cartesian axes

     site n.     atom                  positions (alat units)
         1           O   tau(   1) = (   0.5000000   0.5000000   0.4395000  )
         2           O   tau(   2) = (   0.5000000   0.5000000   0.5605000  )

   Crystallographic axes

     site n.     atom                  positions (cryst. coord.)
         1           O   tau(   1) = (  0.5000000  0.5000000  0.4395000  )
         2           O   tau(   2) = (  0.5000000  0.5000000  0.5605000  )

     number of k points=     1
                       cart. coord. in units 2pi/alat
        k(    1) = (   0.0000000   0.0000000   0.0000000), wk =   2.0000000

                       cryst. coord.
        k(    1) = (   0.0000000   0.0000000   0.0000000), wk =   2.0000000

     Dense  grid:   533945 G-vectors     FFT dimensions: ( 108, 108, 108)

     Dynamical RAM for                 wfc:       1.22 MB

     Dynamical RAM for     wfc (w. buffer):       1.22 MB

     Dynamical RAM for           str. fact:       1.63 MB

     Dynamical RAM for           local pot:       0.00 MB

     Dynamical RAM for          nlocal pot:       5.30 MB

     Dynamical RAM for                qrad:       2.88 MB

     Dynamical RAM for          rho,v,vnew:      10.76 MB

     Dynamical RAM for               rhoin:       3.59 MB

     Dynamical RAM for            rho*nmix:      26.07 MB

     Dynamical RAM for           G-vectors:       6.93 MB

     Dynamical RAM for          h,s,v(r/c):       0.03 MB

     Dynamical RAM for          <psi|beta>:       0.00 MB

     Dynamical RAM for                 psi:       4.89 MB

     Dynamical RAM for                hpsi:       4.89 MB

     Dynamical RAM for                spsi:       4.89 MB

     Dynamical RAM for      wfcinit/wfcrot:       3.26 MB

     Dynamical RAM for           addusdens:     175.98 MB

     Dynamical RAM for          addusforce:     180.06 MB

     Estimated static dynamical RAM per process >      71.42 MB

     Estimated max dynamical RAM per process >     251.48 MB

     Estimated total dynamical RAM >       1.23 GB

     Initial potential from superposition of free atoms
     Check: negative starting charge=   -0.002329

     starting charge   12.00000, renormalised to   12.00000

     negative rho (up, down):  2.329E-03 0.000E+00
     Starting wfcs are    8 randomized atomic wfcs

     total cpu time spent up to now is        1.9 secs

     Self-consistent Calculation

     iteration #  1     ecut=    70.00 Ry     beta= 0.70
     Davidson diagonalization with overlap
     ethr =  1.00E-02,  avg # of iterations =  2.0

     Threshold (ethr) on eigenvalues was too large:
     Diagonalizing with lowered threshold

     Davidson diagonalization with overlap
     ethr =  3.74E-04,  avg # of iterations =  2.0

     negative rho (up, down):  5.909E-04 0.000E+00

     total cpu time spent up to now is        4.6 secs

     total energy              =     -64.21252332 Ry
     Harris-Foulkes estimate   =     -64.23895332 Ry
     estimated scf accuracy    <       0.04390940 Ry

     iteration #  2     ecut=    70.00 Ry     beta= 0.70
     Davidson diagonalization with overlap
     ethr =  3.66E-04,  avg # of iterations =  2.0

     negative rho (up, down):  7.089E-04 0.000E+00

     total cpu time spent up to now is        6.5 secs

     total energy              =     -64.22048101 Ry
     Harris-Foulkes estimate   =     -64.22123454 Ry
     estimated scf accuracy    <       0.00179912 Ry

     iteration #  3     ecut=    70.00 Ry     beta= 0.70
     Davidson diagonalization with overlap
     ethr =  1.50E-05,  avg # of iterations =  2.0

     negative rho (up, down):  8.537E-04 0.000E+00

     total cpu time spent up to now is        8.7 secs

     total energy              =     -64.22085312 Ry
     Harris-Foulkes estimate   =     -64.22093195 Ry
     estimated scf accuracy    <       0.00020862 Ry

     iteration #  4     ecut=    70.00 Ry     beta= 0.70
     Davidson diagonalization with overlap
     ethr =  1.74E-06,  avg # of iterations =  2.0

     negative rho (up, down):  9.224E-04 0.000E+00

     total cpu time spent up to now is       10.6 secs

     total energy              =     -64.22088947 Ry
     Harris-Foulkes estimate   =     -64.22089081 Ry
     estimated scf accuracy    <       0.00001223 Ry

     iteration #  5     ecut=    70.00 Ry     beta= 0.70
     Davidson diagonalization with overlap
     ethr =  1.02E-07,  avg # of iterations =  2.0

     negative rho (up, down):  9.239E-04 0.000E+00

     total cpu time spent up to now is       12.6 secs

     total energy              =     -64.22089038 Ry
     Harris-Foulkes estimate   =     -64.22089044 Ry
     estimated scf accuracy    <       0.00000014 Ry

     iteration #  6     ecut=    70.00 Ry     beta= 0.70
     Davidson diagonalization with overlap
     ethr =  1.19E-09,  avg # of iterations =  2.0

     negative rho (up, down):  9.239E-04 0.000E+00

     total cpu time spent up to now is       14.6 secs

     total energy              =     -64.22089044 Ry
     Harris-Foulkes estimate   =     -64.22089045 Ry
     estimated scf accuracy    <       0.00000002 Ry

     iteration #  7     ecut=    70.00 Ry     beta= 0.70
     Davidson diagonalization with overlap
     ethr =  1.25E-10,  avg # of iterations =  4.0

     negative rho (up, down):  9.238E-04 0.000E+00

     total cpu time spent up to now is       16.3 secs

     End of self-consistent calculation

          k = 0.0000 0.0000 0.0000 ( 66875 PWs)   bands (ev):

   -32.2456 -19.5780 -13.0248 -12.5790 -12.5790  -5.6588

     occupation numbers 
     1.0000   1.0000   1.0000   1.0000   1.0000   1.0000

     highest occupied level (ev):    -5.6588

!    total energy              =     -64.22089044 Ry
     Harris-Foulkes estimate   =     -64.22089044 Ry
     estimated scf accuracy    <          7.1E-10 Ry

     The total energy is the sum of the following terms:

     one-electron contribution =    -123.89358179 Ry
     hartree contribution      =      63.79973991 Ry
     xc contribution           =     -14.11401996 Ry
     ewald contribution        =       9.98697139 Ry

     convergence has been achieved in   7 iterations

     negative rho (up, down):  9.238E-04 0.000E+00

     Forces acting on atoms (cartesian axes, Ry/au):

     atom    1 type  1   force =     0.00000000    0.00000000   -0.04254320
     atom    2 type  1   force =     0.00000000    0.00000000    0.04254320
     The non-local contrib.  to forces
     atom    1 type  1   force =     0.00000000    0.00000000    2.39014584
     atom    2 type  1   force =     0.00000000    0.00000000   -2.39014584
     The ionic contribution  to forces
     atom    1 type  1   force =    -0.00000000   -0.00000000  -13.66430279
     atom    2 type  1   force =     0.00000000    0.00000000   13.66430279
     The local contribution  to forces
     atom    1 type  1   force =     0.00000000    0.00000000   11.24381739
     atom    2 type  1   force =     0.00000000    0.00000000  -11.24381739
     The core correction contribution to forces
     atom    1 type  1   force =     0.00000000    0.00000000   -0.01211851
     atom    2 type  1   force =     0.00000000    0.00000000    0.01211851
     The Hubbard contrib.    to forces
     atom    1 type  1   force =     0.00000000    0.00000000    0.00000000
     atom    2 type  1   force =     0.00000000    0.00000000    0.00000000
     The SCF correction term to forces
     atom    1 type  1   force =    -0.00000000   -0.00000000   -0.00008512
     atom    2 type  1   force =     0.00000000   -0.00000000    0.00008512

     Total force =     0.060165     Total SCF correction =     0.000120

     BFGS Geometry Optimization

     number of scf cycles    =   1
     number of bfgs steps    =   0

     energy   new            =     -64.2208904405 Ry

     new trust radius        =       0.0425431969 bohr
     new conv_thr            =       0.0000000100 Ry


ATOMIC_POSITIONS (crystal)
O        0.500000000   0.500000000   0.437248711
O        0.500000000   0.500000000   0.562751289


     Check: negative starting charge=   -0.002329
     NEW-OLD atomic charge density approx. for the potential
     Check: negative starting charge=   -0.002339

     negative rho (up, down):  1.720E-03 0.000E+00

     total cpu time spent up to now is       18.3 secs

     Self-consistent Calculation

     iteration #  1     ecut=    70.00 Ry     beta= 0.70
     Davidson diagonalization with overlap
     ethr =  1.00E-06,  avg # of iterations =  4.0

     negative rho (up, down):  1.045E-03 0.000E+00

     total cpu time spent up to now is       21.0 secs

     total energy              =     -64.21889328 Ry
     Harris-Foulkes estimate   =     -64.21987617 Ry
     estimated scf accuracy    <       0.00151362 Ry

     iteration #  2     ecut=    70.00 Ry     beta= 0.70
     Davidson diagonalization with overlap
     ethr =  1.26E-05,  avg # of iterations =  2.0

     negative rho (up, down):  9.979E-04 0.000E+00

     total cpu time spent up to now is       22.8 secs

     total energy              =     -64.21927732 Ry
     Harris-Foulkes estimate   =     -64.21943427 Ry
     estimated scf accuracy    <       0.00027042 Ry

     iteration #  3     ecut=    70.00 Ry     beta= 0.70
     Davidson diagonalization with overlap
     ethr =  2.25E-06,  avg # of iterations =  2.0

     negative rho (up, down):  9.908E-04 0.000E+00

     total cpu time spent up to now is       24.8 secs

     total energy              =     -64.21933381 Ry
     Harris-Foulkes estimate   =     -64.21933402 Ry
     estimated scf accuracy    <       0.00000385 Ry

     iteration #  4     ecut=    70.00 Ry     beta= 0.70
     Davidson diagonalization with overlap
     ethr =  3.21E-08,  avg # of iterations =  2.0

     negative rho (up, down):  9.907E-04 0.000E+00

     total cpu time spent up to now is       26.4 secs

     total energy              =     -64.21933412 Ry
     Harris-Foulkes estimate   =     -64.21933411 Ry
     estimated scf accuracy    <       0.00000003 Ry

     iteration #  5     ecut=    70.00 Ry     beta= 0.70
     Davidson diagonalization with overlap
     ethr =  2.91E-10,  avg # of iterations =  2.0

     negative rho (up, down):  9.906E-04 0.000E+00

     total cpu time spent up to now is       28.9 secs

     End of self-consistent calculation

          k = 0.0000 0.0000 0.0000 ( 66875 PWs)   bands (ev):

   -31.3177 -19.9273 -12.9111 -12.1878 -12.1878  -6.0090

     occupation numbers 
     1.0000   1.0000   1.0000   1.0000   1.0000   1.0000

     highest occupied level (ev):    -6.0090

!    total energy              =     -64.21933413 Ry
     Harris-Foulkes estimate   =     -64.21933413 Ry
     estimated scf accuracy    <          2.7E-09 Ry

     The total energy is the sum of the following terms:

     one-electron contribution =    -121.86668593 Ry
     hartree contribution      =      62.81934654 Ry
     xc contribution           =     -14.03854056 Ry
     ewald contribution        =       8.86654581 Ry

     convergence has been achieved in   5 iterations

     negative rho (up, down):  9.906E-04 0.000E+00

     Forces acting on atoms (cartesian axes, Ry/au):

     atom    1 type  1   force =     0.00000000    0.00000000    0.07274774
     atom    2 type  1   force =     0.00000000    0.00000000   -0.07274774
     The non-local contrib.  to forces
     atom    1 type  1   force =     0.00000000    0.00000000    2.25661643
     atom    2 type  1   force =     0.00000000    0.00000000   -2.25661643
     The ionic contribution  to forces
     atom    1 type  1   force =    -0.00000000   -0.00000000  -12.68960243
     atom    2 type  1   force =     0.00000000    0.00000000   12.68960243
     The local contribution  to forces
     atom    1 type  1   force =     0.00000000    0.00000000   10.51841480
     atom    2 type  1   force =     0.00000000    0.00000000  -10.51841480
     The core correction contribution to forces
     atom    1 type  1   force =     0.00000000    0.00000000   -0.01256950
     atom    2 type  1   force =     0.00000000    0.00000000    0.01256950
     The Hubbard contrib.    to forces
     atom    1 type  1   force =     0.00000000    0.00000000    0.00000000
     atom    2 type  1   force =     0.00000000    0.00000000    0.00000000
     The SCF correction term to forces
     atom    1 type  1   force =    -0.00000000    0.00000000   -0.00011156
     atom    2 type  1   force =     0.00000000   -0.00000000    0.00011156

     Total force =     0.102881     Total SCF correction =     0.000158

     number of scf cycles    =   2
     number of bfgs steps    =   1

     energy   old            =     -64.2208904405 Ry
     energy   new            =     -64.2193341316 Ry

     CASE: energy  _new > energy  _old

     new trust radius        =       0.0148758916 bohr
     new conv_thr            =       0.0000000100 Ry


ATOMIC_POSITIONS (crystal)
O        0.500000000   0.500000000   0.438712802
O        0.500000000   0.500000000   0.561287198


     Check: negative starting charge=   -0.002339
     NEW-OLD atomic charge density approx. for the potential
     Check: negative starting charge=   -0.002335

     negative rho (up, down):  9.918E-04 0.000E+00

     total cpu time spent up to now is       30.8 secs

     Self-consistent Calculation

     iteration #  1     ecut=    70.00 Ry     beta= 0.70
     Davidson diagonalization with overlap
     ethr =  1.00E-06,  avg # of iterations =  4.0

     negative rho (up, down):  8.692E-04 0.000E+00

     total cpu time spent up to now is       33.6 secs

     total energy              =     -64.22129830 Ry
     Harris-Foulkes estimate   =     -64.22170098 Ry
     estimated scf accuracy    <       0.00061892 Ry

     iteration #  2     ecut=    70.00 Ry     beta= 0.70
     Davidson diagonalization with overlap
     ethr =  5.16E-06,  avg # of iterations =  2.0

     negative rho (up, down):  8.973E-04 0.000E+00

     total cpu time spent up to now is       36.1 secs

     total energy              =     -64.22145475 Ry
     Harris-Foulkes estimate   =     -64.22151834 Ry
     estimated scf accuracy    <       0.00010939 Ry

     iteration #  3     ecut=    70.00 Ry     beta= 0.70
     Davidson diagonalization with overlap
     ethr =  9.12E-07,  avg # of iterations =  2.0

     negative rho (up, down):  9.415E-04 0.000E+00

     total cpu time spent up to now is       37.8 secs

     total energy              =     -64.22147785 Ry
     Harris-Foulkes estimate   =     -64.22147798 Ry
     estimated scf accuracy    <       0.00000154 Ry

     iteration #  4     ecut=    70.00 Ry     beta= 0.70
     Davidson diagonalization with overlap
     ethr =  1.28E-08,  avg # of iterations =  2.0

     negative rho (up, down):  9.468E-04 0.000E+00

     total cpu time spent up to now is       39.3 secs

     total energy              =     -64.22147799 Ry
     Harris-Foulkes estimate   =     -64.22147797 Ry
     estimated scf accuracy    <       0.00000001 Ry

     iteration #  5     ecut=    70.00 Ry     beta= 0.70
     Davidson diagonalization with overlap
     ethr =  1.06E-10,  avg # of iterations =  2.0

     negative rho (up, down):  9.474E-04 0.000E+00

     total cpu time spent up to now is       41.3 secs

     End of self-consistent calculation

          k = 0.0000 0.0000 0.0000 ( 66875 PWs)   bands (ev):

   -31.9104 -19.7008 -12.9845 -12.4365 -12.4365  -5.7853

     occupation numbers 
     1.0000   1.0000   1.0000   1.0000   1.0000   1.0000

     highest occupied level (ev):    -5.7853

!    total energy              =     -64.22147799 Ry
     Harris-Foulkes estimate   =     -64.22147799 Ry
     estimated scf accuracy    <          9.3E-10 Ry

     The total energy is the sum of the following terms:

     one-electron contribution =    -123.17087662 Ry
     hartree contribution      =      63.45034232 Ry
     xc contribution           =     -14.08666260 Ry
     ewald contribution        =       9.58571891 Ry

     convergence has been achieved in   5 iterations

     negative rho (up, down):  9.474E-04 0.000E+00

     Forces acting on atoms (cartesian axes, Ry/au):

     atom    1 type  1   force =     0.00000000    0.00000000    0.00219250
     atom    2 type  1   force =     0.00000000    0.00000000   -0.00219250
     The non-local contrib.  to forces
     atom    1 type  1   force =     0.00000000    0.00000000    2.34381346
     atom    2 type  1   force =     0.00000000    0.00000000   -2.34381346
     The ionic contribution  to forces
     atom    1 type  1   force =     0.00000000    0.00000000  -13.31130834
     atom    2 type  1   force =    -0.00000000   -0.00000000   13.31130834
     The local contribution  to forces
     atom    1 type  1   force =     0.00000000    0.00000000   10.98196458
     atom    2 type  1   force =     0.00000000    0.00000000  -10.98196458
     The core correction contribution to forces
     atom    1 type  1   force =     0.00000000    0.00000000   -0.01231254
     atom    2 type  1   force =     0.00000000    0.00000000    0.01231254
     The Hubbard contrib.    to forces
     atom    1 type  1   force =     0.00000000    0.00000000    0.00000000
     atom    2 type  1   force =     0.00000000    0.00000000    0.00000000
     The SCF correction term to forces
     atom    1 type  1   force =     0.00000000   -0.00000000    0.00003534
     atom    2 type  1   force =     0.00000000   -0.00000000   -0.00003534

     Total force =     0.003101     Total SCF correction =     0.000050

     number of scf cycles    =   3
     number of bfgs steps    =   1

     energy   old            =     -64.2208904405 Ry
     energy   new            =     -64.2214779912 Ry

     CASE: energy  _new < energy  _old

     new trust radius        =       0.0007290692 bohr
     new conv_thr            =       0.0000000002 Ry


ATOMIC_POSITIONS (crystal)
O        0.500000000   0.500000000   0.438751382
O        0.500000000   0.500000000   0.561248618


     Check: negative starting charge=   -0.002335
     NEW-OLD atomic charge density approx. for the potential
     Check: negative starting charge=   -0.002335

     negative rho (up, down):  9.399E-04 0.000E+00

     total cpu time spent up to now is       43.6 secs

     Self-consistent Calculation

     iteration #  1     ecut=    70.00 Ry     beta= 0.70
     Davidson diagonalization with overlap
     ethr =  1.00E-06,  avg # of iterations =  2.0

     Threshold (ethr) on eigenvalues was too large:
     Diagonalizing with lowered threshold

     Davidson diagonalization with overlap
     ethr =  4.02E-09,  avg # of iterations =  2.0

     negative rho (up, down):  9.445E-04 0.000E+00

     total cpu time spent up to now is       47.7 secs

     total energy              =     -64.22147953 Ry
     Harris-Foulkes estimate   =     -64.22147983 Ry
     estimated scf accuracy    <       0.00000049 Ry

     iteration #  2     ecut=    70.00 Ry     beta= 0.70
     Davidson diagonalization with overlap
     ethr =  4.09E-09,  avg # of iterations =  2.0

     negative rho (up, down):  9.453E-04 0.000E+00

     total cpu time spent up to now is       49.6 secs

     total energy              =     -64.22147966 Ry
     Harris-Foulkes estimate   =     -64.22147970 Ry
     estimated scf accuracy    <       0.00000009 Ry

     iteration #  3     ecut=    70.00 Ry     beta= 0.70
     Davidson diagonalization with overlap
     ethr =  7.10E-10,  avg # of iterations =  2.0

     negative rho (up, down):  9.461E-04 0.000E+00

     total cpu time spent up to now is       51.4 secs

     total energy              =     -64.22147967 Ry
     Harris-Foulkes estimate   =     -64.22147968 Ry
     estimated scf accuracy    <          1.2E-09 Ry

     iteration #  4     ecut=    70.00 Ry     beta= 0.70
     Davidson diagonalization with overlap
     ethr =  9.66E-12,  avg # of iterations =  2.0

     negative rho (up, down):  9.462E-04 0.000E+00

     total cpu time spent up to now is       52.9 secs

     End of self-consistent calculation

          k = 0.0000 0.0000 0.0000 ( 66875 PWs)   bands (ev):

   -31.9268 -19.6950 -12.9866 -12.4434 -12.4434  -5.7794

     occupation numbers 
     1.0000   1.0000   1.0000   1.0000   1.0000   1.0000

     highest occupied level (ev):    -5.7794

!    total energy              =     -64.22147967 Ry
     Harris-Foulkes estimate   =     -64.22147967 Ry
     estimated scf accuracy    <          7.1E-12 Ry

     The total energy is the sum of the following terms:

     one-electron contribution =    -123.20607462 Ry
     hartree contribution      =      63.46746254 Ry
     xc contribution           =     -14.08800862 Ry
     ewald contribution        =       9.60514102 Ry

     convergence has been achieved in   4 iterations

     negative rho (up, down):  9.462E-04 0.000E+00

     Forces acting on atoms (cartesian axes, Ry/au):

     atom    1 type  1   force =     0.00000000    0.00000000    0.00010499
     atom    2 type  1   force =     0.00000000    0.00000000   -0.00010499
     The non-local contrib.  to forces
     atom    1 type  1   force =     0.00000000    0.00000000    2.34609712
     atom    2 type  1   force =     0.00000000    0.00000000   -2.34609712
     The ionic contribution  to forces
     atom    1 type  1   force =     0.00000000    0.00000000  -13.32829353
     atom    2 type  1   force =    -0.00000000   -0.00000000   13.32829353
     The local contribution  to forces
     atom    1 type  1   force =     0.00000000    0.00000000   10.99461019
     atom    2 type  1   force =     0.00000000    0.00000000  -10.99461019
     The core correction contribution to forces
     atom    1 type  1   force =     0.00000000    0.00000000   -0.01230403
     atom    2 type  1   force =     0.00000000    0.00000000    0.01230403
     The Hubbard contrib.    to forces
     atom    1 type  1   force =     0.00000000    0.00000000    0.00000000
     atom    2 type  1   force =     0.00000000    0.00000000    0.00000000
     The SCF correction term to forces
     atom    1 type  1   force =     0.00000000    0.00000000   -0.00000476
     atom    2 type  1   force =    -0.00000000   -0.00000000    0.00000476

     Total force =     0.000148     Total SCF correction =     0.000007

     bfgs converged in   4 scf cycles and   2 bfgs steps
     (criteria: energy <  1.0E-04 Ry, force <  1.0E-03 Ry/Bohr)

     End of BFGS Geometry Optimization

     Final energy   =     -64.2214796690 Ry
Begin final coordinates

ATOMIC_POSITIONS (crystal)
O        0.500000000   0.500000000   0.438751382
O        0.500000000   0.500000000   0.561248618
End final coordinates


 
     init_run     :      3.36s CPU      1.78s WALL (       1 calls)
     electrons    :     97.26s CPU     44.86s WALL (       4 calls)
     update_pot   :      3.36s CPU      1.59s WALL (       3 calls)
     forces       :      7.37s CPU      3.94s WALL (       4 calls)

     Called by init_run:
     wfcinit      :      0.48s CPU      0.36s WALL (       1 calls)
     wfcinit:atom :      0.00s CPU      0.00s WALL (       1 calls)
     wfcinit:wfcr :      0.45s CPU      0.32s WALL (       1 calls)
     potinit      :      0.76s CPU      0.31s WALL (       1 calls)
     hinit0       :      0.97s CPU      0.50s WALL (       1 calls)

     Called by electrons:
     c_bands      :     37.54s CPU     17.26s WALL (      23 calls)
     sum_band     :     26.34s CPU     12.00s WALL (      23 calls)
     v_of_rho     :     14.54s CPU      6.51s WALL (      25 calls)
     v_h          :      1.59s CPU      0.74s WALL (      25 calls)
     v_xc         :     14.71s CPU      6.68s WALL (      29 calls)
     newd         :     20.85s CPU     10.11s WALL (      25 calls)
     mix_rho      :      2.78s CPU      1.25s WALL (      23 calls)

     Called by c_bands:
     init_us_2    :      0.38s CPU      0.19s WALL (      47 calls)
     cegterg      :     36.15s CPU     16.63s WALL (      23 calls)

     Called by sum_band:
     sum_band:bec :      0.09s CPU      0.05s WALL (      23 calls)
     addusdens    :     11.67s CPU      5.59s WALL (      23 calls)

     Called by *egterg:
     h_psi        :     30.62s CPU     14.20s WALL (      76 calls)
     s_psi        :      0.20s CPU      0.08s WALL (      76 calls)
     g_psi        :      0.08s CPU      0.03s WALL (      52 calls)
     cdiaghg      :      0.37s CPU      0.19s WALL (      70 calls)
     cegterg:over :      2.23s CPU      1.01s WALL (      52 calls)
     cegterg:upda :      0.32s CPU      0.16s WALL (      52 calls)
     cegterg:last :      0.17s CPU      0.09s WALL (      25 calls)

     Called by h_psi:
     h_psi:pot    :     30.50s CPU     14.13s WALL (      76 calls)
     h_psi:calbec :      1.74s CPU      0.80s WALL (      76 calls)
     vloc_psi     :     28.37s CPU     13.15s WALL (      76 calls)
     add_vuspsi   :      0.39s CPU      0.19s WALL (      76 calls)

     General routines
     calbec       :      2.47s CPU      1.12s WALL (     115 calls)
     fft          :     15.81s CPU      7.35s WALL (     328 calls)
     ffts         :      1.11s CPU      0.50s WALL (      23 calls)
     fftw         :     31.31s CPU     14.42s WALL (     952 calls)
 
     Parallel routines
     fft_scatt_xy :      2.11s CPU      1.01s WALL (    1303 calls)
     fft_scatt_yz :     37.14s CPU     17.09s WALL (    1303 calls)
 
     PWSCF        :  1m54.44s CPU        53.79s WALL

 
   This run was terminated on:   9:10:20  19Mar2019            

=------------------------------------------------------------------------------=
   JOB DONE.
=------------------------------------------------------------------------------=
