
     Program PWSCF v.6.3MaX starts on 19Mar2019 at  9: 4:22 

     This program is part of the open-source Quantum ESPRESSO suite
     for quantum simulation of materials; please cite
         "P. Giannozzi et al., J. Phys.:Condens. Matter 21 395502 (2009);
         "P. Giannozzi et al., J. Phys.:Condens. Matter 29 465901 (2017);
          URL http://www.quantum-espresso.org", 
     in publications or presentations arising from this work. More details at
     http://www.quantum-espresso.org/quote

 *** WARNING: using old-style file format, will disappear from next version ***

     Parallel version (MPI & OpenMP), running on      20 processor cores
     Number of MPI processes:                 5
     Threads/MPI process:                     4

     MPI processes distributed on     1 nodes
     R & G space division:  proc/nbgrp/npool/nimage =       5
     Reading input from /home/azadoks/dftman/projects/HW5_3/ConvergenceWorkflows/b959a7bdb810/3a8fc06e99da/pwscf.in
Warning: card &CELL ignored
Warning: card / ignored

     Current dimensions of program PWSCF are:
     Max number of different atomic species (ntypx) = 10
     Max number of k-points (npk) =  40000
     Max angular momentum in pseudopotentials (lmaxx) =  3
     Message from routine iosys:
     minimal I/O required, wf_collect reset to FALSE

     Subspace diagonalization in iterative solution of the eigenvalue problem:
     a serial algorithm will be used

 
     Parallelization info
     --------------------
     sticks:   dense  smooth     PW     G-vecs:    dense   smooth      PW
     Min         679     679    170                29955    29955    3760
     Max         680     680    171                29958    29958    3763
     Sum        3397    3397    853               149781   149781   18805
 


     bravais-lattice index     =            0
     lattice parameter (alat)  =      18.8973  a.u.
     unit-cell volume          =    6748.3346 (a.u.)^3
     number of atoms/cell      =            2
     number of atomic types    =            1
     number of electrons       =        12.00
     number of Kohn-Sham states=            6
     kinetic-energy cutoff     =      30.0000  Ry
     charge density cutoff     =     120.0000  Ry
     convergence threshold     =      1.0E-08
     mixing beta               =       0.7000
     number of iterations used =            8  plain     mixing
     Exchange-correlation      = SLA  PW   PBE  PBE ( 1  4  3  4 0 0)
     nstep                     =           50


     celldm(1)=  18.897261  celldm(2)=   0.000000  celldm(3)=   0.000000
     celldm(4)=   0.000000  celldm(5)=   0.000000  celldm(6)=   0.000000

     crystal axes: (cart. coord. in units of alat)
               a(1) = (   1.000000   0.000000   0.000000 )  
               a(2) = (   0.000000   1.000000   0.000000 )  
               a(3) = (   0.000000   0.000000   1.000000 )  

     reciprocal axes: (cart. coord. in units 2 pi/alat)
               b(1) = (  1.000000  0.000000  0.000000 )  
               b(2) = (  0.000000  1.000000  0.000000 )  
               b(3) = (  0.000000  0.000000  1.000000 )  


     PseudoPot. # 1 for O  read from file:
     /home/azadoks/.local/share/pseudo/GBRV_PBE_US/o_pbe_v1.2.uspp.F.UPF
     MD5 check sum: 734c27235a0248c51dbae37a1fbe46ec
     Pseudo is Ultrasoft + core correction, Zval =  6.0
     Generated by new atomic code, or converted to UPF format
     Using radial grid of  737 points,  5 beta functions with: 
                l(1) =   0
                l(2) =   0
                l(3) =   1
                l(4) =   1
                l(5) =   2
     Q(r) pseudized with  8 coefficients,  rinner =    0.900   0.900   0.900
                                                       0.900   0.900

     atomic species   valence    mass     pseudopotential
        O              6.00    15.99940     O ( 1.00)

     16 Sym. Ops., with inversion, found


                                    s                        frac. trans.

      isym =  1     identity                                     

 cryst.   s( 1) = (     1          0          0      )
                  (     0          1          0      )
                  (     0          0          1      )

 cart.    s( 1) = (  1.0000000  0.0000000  0.0000000 )
                  (  0.0000000  1.0000000  0.0000000 )
                  (  0.0000000  0.0000000  1.0000000 )


      isym =  2     180 deg rotation - cart. axis [0,0,1]        

 cryst.   s( 2) = (    -1          0          0      )
                  (     0         -1          0      )
                  (     0          0          1      )

 cart.    s( 2) = ( -1.0000000  0.0000000  0.0000000 )
                  (  0.0000000 -1.0000000  0.0000000 )
                  (  0.0000000  0.0000000  1.0000000 )


      isym =  3     180 deg rotation - cart. axis [0,1,0]        

 cryst.   s( 3) = (    -1          0          0      )
                  (     0          1          0      )
                  (     0          0         -1      )

 cart.    s( 3) = ( -1.0000000  0.0000000  0.0000000 )
                  (  0.0000000  1.0000000  0.0000000 )
                  (  0.0000000  0.0000000 -1.0000000 )


      isym =  4     180 deg rotation - cart. axis [1,0,0]        

 cryst.   s( 4) = (     1          0          0      )
                  (     0         -1          0      )
                  (     0          0         -1      )

 cart.    s( 4) = (  1.0000000  0.0000000  0.0000000 )
                  (  0.0000000 -1.0000000  0.0000000 )
                  (  0.0000000  0.0000000 -1.0000000 )


      isym =  5     180 deg rotation - cart. axis [1,1,0]        

 cryst.   s( 5) = (     0          1          0      )
                  (     1          0          0      )
                  (     0          0         -1      )

 cart.    s( 5) = (  0.0000000  1.0000000  0.0000000 )
                  (  1.0000000  0.0000000  0.0000000 )
                  (  0.0000000  0.0000000 -1.0000000 )


      isym =  6     180 deg rotation - cart. axis [1,-1,0]       

 cryst.   s( 6) = (     0         -1          0      )
                  (    -1          0          0      )
                  (     0          0         -1      )

 cart.    s( 6) = (  0.0000000 -1.0000000  0.0000000 )
                  ( -1.0000000  0.0000000  0.0000000 )
                  (  0.0000000  0.0000000 -1.0000000 )


      isym =  7      90 deg rotation - cart. axis [0,0,-1]       

 cryst.   s( 7) = (     0         -1          0      )
                  (     1          0          0      )
                  (     0          0          1      )

 cart.    s( 7) = (  0.0000000  1.0000000  0.0000000 )
                  ( -1.0000000  0.0000000  0.0000000 )
                  (  0.0000000  0.0000000  1.0000000 )


      isym =  8      90 deg rotation - cart. axis [0,0,1]        

 cryst.   s( 8) = (     0          1          0      )
                  (    -1          0          0      )
                  (     0          0          1      )

 cart.    s( 8) = (  0.0000000 -1.0000000  0.0000000 )
                  (  1.0000000  0.0000000  0.0000000 )
                  (  0.0000000  0.0000000  1.0000000 )


      isym =  9     inversion                                    

 cryst.   s( 9) = (    -1          0          0      )
                  (     0         -1          0      )
                  (     0          0         -1      )

 cart.    s( 9) = ( -1.0000000  0.0000000  0.0000000 )
                  (  0.0000000 -1.0000000  0.0000000 )
                  (  0.0000000  0.0000000 -1.0000000 )


      isym = 10     inv. 180 deg rotation - cart. axis [0,0,1]   

 cryst.   s(10) = (     1          0          0      )
                  (     0          1          0      )
                  (     0          0         -1      )

 cart.    s(10) = (  1.0000000  0.0000000  0.0000000 )
                  (  0.0000000  1.0000000  0.0000000 )
                  (  0.0000000  0.0000000 -1.0000000 )


      isym = 11     inv. 180 deg rotation - cart. axis [0,1,0]   

 cryst.   s(11) = (     1          0          0      )
                  (     0         -1          0      )
                  (     0          0          1      )

 cart.    s(11) = (  1.0000000  0.0000000  0.0000000 )
                  (  0.0000000 -1.0000000  0.0000000 )
                  (  0.0000000  0.0000000  1.0000000 )


      isym = 12     inv. 180 deg rotation - cart. axis [1,0,0]   

 cryst.   s(12) = (    -1          0          0      )
                  (     0          1          0      )
                  (     0          0          1      )

 cart.    s(12) = ( -1.0000000  0.0000000  0.0000000 )
                  (  0.0000000  1.0000000  0.0000000 )
                  (  0.0000000  0.0000000  1.0000000 )


      isym = 13     inv. 180 deg rotation - cart. axis [1,1,0]   

 cryst.   s(13) = (     0         -1          0      )
                  (    -1          0          0      )
                  (     0          0          1      )

 cart.    s(13) = (  0.0000000 -1.0000000  0.0000000 )
                  ( -1.0000000  0.0000000  0.0000000 )
                  (  0.0000000  0.0000000  1.0000000 )


      isym = 14     inv. 180 deg rotation - cart. axis [1,-1,0]  

 cryst.   s(14) = (     0          1          0      )
                  (     1          0          0      )
                  (     0          0          1      )

 cart.    s(14) = (  0.0000000  1.0000000  0.0000000 )
                  (  1.0000000  0.0000000  0.0000000 )
                  (  0.0000000  0.0000000  1.0000000 )


      isym = 15     inv.  90 deg rotation - cart. axis [0,0,-1]  

 cryst.   s(15) = (     0          1          0      )
                  (    -1          0          0      )
                  (     0          0         -1      )

 cart.    s(15) = (  0.0000000 -1.0000000  0.0000000 )
                  (  1.0000000  0.0000000  0.0000000 )
                  (  0.0000000  0.0000000 -1.0000000 )


      isym = 16     inv.  90 deg rotation - cart. axis [0,0,1]   

 cryst.   s(16) = (     0         -1          0      )
                  (     1          0          0      )
                  (     0          0         -1      )

 cart.    s(16) = (  0.0000000  1.0000000  0.0000000 )
                  ( -1.0000000  0.0000000  0.0000000 )
                  (  0.0000000  0.0000000 -1.0000000 )


   Cartesian axes

     site n.     atom                  positions (alat units)
         1           O   tau(   1) = (   0.5000000   0.5000000   0.4395000  )
         2           O   tau(   2) = (   0.5000000   0.5000000   0.5605000  )

   Crystallographic axes

     site n.     atom                  positions (cryst. coord.)
         1           O   tau(   1) = (  0.5000000  0.5000000  0.4395000  )
         2           O   tau(   2) = (  0.5000000  0.5000000  0.5605000  )

     number of k points=     1
                       cart. coord. in units 2pi/alat
        k(    1) = (   0.0000000   0.0000000   0.0000000), wk =   2.0000000

                       cryst. coord.
        k(    1) = (   0.0000000   0.0000000   0.0000000), wk =   2.0000000

     Dense  grid:   149781 G-vectors     FFT dimensions: (  72,  72,  72)

     Dynamical RAM for                 wfc:       0.34 MB

     Dynamical RAM for     wfc (w. buffer):       0.34 MB

     Dynamical RAM for           str. fact:       0.46 MB

     Dynamical RAM for           local pot:       0.00 MB

     Dynamical RAM for          nlocal pot:       1.49 MB

     Dynamical RAM for                qrad:       1.89 MB

     Dynamical RAM for          rho,v,vnew:       3.15 MB

     Dynamical RAM for               rhoin:       1.05 MB

     Dynamical RAM for            rho*nmix:       7.31 MB

     Dynamical RAM for           G-vectors:       1.94 MB

     Dynamical RAM for          h,s,v(r/c):       0.03 MB

     Dynamical RAM for          <psi|beta>:       0.00 MB

     Dynamical RAM for                 psi:       1.37 MB

     Dynamical RAM for                hpsi:       1.37 MB

     Dynamical RAM for                spsi:       1.37 MB

     Dynamical RAM for      wfcinit/wfcrot:       0.92 MB

     Dynamical RAM for           addusdens:      49.37 MB

     Dynamical RAM for          addusforce:      50.51 MB

     Estimated static dynamical RAM per process >      21.51 MB

     Estimated max dynamical RAM per process >      72.03 MB

     Estimated total dynamical RAM >     360.13 MB

     Check: negative/imaginary core charge=   -0.000007    0.000000

     Initial potential from superposition of free atoms
     Check: negative starting charge=   -0.010174

     starting charge   12.00000, renormalised to   12.00000

     negative rho (up, down):  1.017E-02 0.000E+00
     Starting wfcs are    8 randomized atomic wfcs

     total cpu time spent up to now is        0.9 secs

     Self-consistent Calculation

     iteration #  1     ecut=    30.00 Ry     beta= 0.70
     Davidson diagonalization with overlap
     ethr =  1.00E-02,  avg # of iterations =  2.0

     Threshold (ethr) on eigenvalues was too large:
     Diagonalizing with lowered threshold

     Davidson diagonalization with overlap
     ethr =  3.58E-04,  avg # of iterations =  2.0

     negative rho (up, down):  1.347E-02 0.000E+00

     total cpu time spent up to now is        2.1 secs

     total energy              =     -64.19178603 Ry
     Harris-Foulkes estimate   =     -64.21619434 Ry
     estimated scf accuracy    <       0.04206669 Ry

     iteration #  2     ecut=    30.00 Ry     beta= 0.70
     Davidson diagonalization with overlap
     ethr =  3.51E-04,  avg # of iterations =  2.0

     negative rho (up, down):  1.625E-02 0.000E+00

     total cpu time spent up to now is        3.3 secs

     total energy              =     -64.19893913 Ry
     Harris-Foulkes estimate   =     -64.19947880 Ry
     estimated scf accuracy    <       0.00154151 Ry

     iteration #  3     ecut=    30.00 Ry     beta= 0.70
     Davidson diagonalization with overlap
     ethr =  1.28E-05,  avg # of iterations =  2.0

     negative rho (up, down):  1.765E-02 0.000E+00

     total cpu time spent up to now is        4.4 secs

     total energy              =     -64.19920021 Ry
     Harris-Foulkes estimate   =     -64.19925873 Ry
     estimated scf accuracy    <       0.00017685 Ry

     iteration #  4     ecut=    30.00 Ry     beta= 0.70
     Davidson diagonalization with overlap
     ethr =  1.47E-06,  avg # of iterations =  2.0

     negative rho (up, down):  1.809E-02 0.000E+00

     total cpu time spent up to now is        5.3 secs

     total energy              =     -64.19922779 Ry
     Harris-Foulkes estimate   =     -64.19923126 Ry
     estimated scf accuracy    <       0.00001225 Ry

     iteration #  5     ecut=    30.00 Ry     beta= 0.70
     Davidson diagonalization with overlap
     ethr =  1.02E-07,  avg # of iterations =  2.0

     negative rho (up, down):  1.810E-02 0.000E+00

     total cpu time spent up to now is        6.2 secs

     total energy              =     -64.19922917 Ry
     Harris-Foulkes estimate   =     -64.19922921 Ry
     estimated scf accuracy    <       0.00000008 Ry

     iteration #  6     ecut=    30.00 Ry     beta= 0.70
     Davidson diagonalization with overlap
     ethr =  6.65E-10,  avg # of iterations =  3.0

     negative rho (up, down):  1.810E-02 0.000E+00

     total cpu time spent up to now is        7.4 secs

     End of self-consistent calculation

          k = 0.0000 0.0000 0.0000 ( 18805 PWs)   bands (ev):

   -32.2644 -19.6058 -13.0341 -12.5809 -12.5809  -5.6526

     occupation numbers 
     1.0000   1.0000   1.0000   1.0000   1.0000   1.0000

     highest occupied level (ev):    -5.6526

!    total energy              =     -64.19922919 Ry
     Harris-Foulkes estimate   =     -64.19922920 Ry
     estimated scf accuracy    <          8.0E-09 Ry

     The total energy is the sum of the following terms:

     one-electron contribution =    -123.84819716 Ry
     hartree contribution      =      63.77024062 Ry
     xc contribution           =     -14.10824402 Ry
     ewald contribution        =       9.98697137 Ry

     convergence has been achieved in   6 iterations

     negative rho (up, down):  1.810E-02 0.000E+00

     Forces acting on atoms (cartesian axes, Ry/au):

     atom    1 type  1   force =     0.00000000    0.00000000   -0.05405565
     atom    2 type  1   force =     0.00000000    0.00000000    0.05405565
     The non-local contrib.  to forces
     atom    1 type  1   force =     0.00000000    0.00000000    2.38074580
     atom    2 type  1   force =     0.00000000    0.00000000   -2.38074580
     The ionic contribution  to forces
     atom    1 type  1   force =    -0.00000000   -0.00000000  -13.66430279
     atom    2 type  1   force =     0.00000000    0.00000000   13.66430279
     The local contribution  to forces
     atom    1 type  1   force =     0.00000000    0.00000000   11.24173612
     atom    2 type  1   force =     0.00000000    0.00000000  -11.24173612
     The core correction contribution to forces
     atom    1 type  1   force =     0.00000000    0.00000000   -0.01194467
     atom    2 type  1   force =    -0.00000000   -0.00000000    0.01194467
     The Hubbard contrib.    to forces
     atom    1 type  1   force =     0.00000000    0.00000000    0.00000000
     atom    2 type  1   force =     0.00000000    0.00000000    0.00000000
     The SCF correction term to forces
     atom    1 type  1   force =     0.00000000    0.00000000   -0.00029011
     atom    2 type  1   force =    -0.00000000    0.00000000    0.00029011

     Total force =     0.076446     Total SCF correction =     0.000410

     BFGS Geometry Optimization

     number of scf cycles    =   1
     number of bfgs steps    =   0

     energy   new            =     -64.1992291918 Ry

     new trust radius        =       0.0540556540 bohr
     new conv_thr            =       0.0000000100 Ry


ATOMIC_POSITIONS (crystal)
O        0.500000000   0.500000000   0.436639498
O        0.500000000   0.500000000   0.563360502


     Check: negative starting charge=   -0.010174
     NEW-OLD atomic charge density approx. for the potential

     Check: negative/imaginary core charge=   -0.000007    0.000000
     Check: negative starting charge=   -0.010295

     negative rho (up, down):  1.983E-02 0.000E+00

     total cpu time spent up to now is        8.5 secs

     Self-consistent Calculation

     iteration #  1     ecut=    30.00 Ry     beta= 0.70
     Davidson diagonalization with overlap
     ethr =  1.00E-06,  avg # of iterations =  4.0

     negative rho (up, down):  1.912E-02 0.000E+00

     total cpu time spent up to now is        9.7 secs

     total energy              =     -64.19616465 Ry
     Harris-Foulkes estimate   =     -64.19765475 Ry
     estimated scf accuracy    <       0.00234261 Ry

     iteration #  2     ecut=    30.00 Ry     beta= 0.70
     Davidson diagonalization with overlap
     ethr =  1.95E-05,  avg # of iterations =  2.0

     negative rho (up, down):  1.961E-02 0.000E+00

     total cpu time spent up to now is       10.6 secs

     total energy              =     -64.19676117 Ry
     Harris-Foulkes estimate   =     -64.19699653 Ry
     estimated scf accuracy    <       0.00040981 Ry

     iteration #  3     ecut=    30.00 Ry     beta= 0.70
     Davidson diagonalization with overlap
     ethr =  3.42E-06,  avg # of iterations =  2.0

     negative rho (up, down):  1.996E-02 0.000E+00

     total cpu time spent up to now is       11.3 secs

     total energy              =     -64.19684585 Ry
     Harris-Foulkes estimate   =     -64.19684632 Ry
     estimated scf accuracy    <       0.00000592 Ry

     iteration #  4     ecut=    30.00 Ry     beta= 0.70
     Davidson diagonalization with overlap
     ethr =  4.93E-08,  avg # of iterations =  2.0

     negative rho (up, down):  1.999E-02 0.000E+00

     total cpu time spent up to now is       11.8 secs

     total energy              =     -64.19684623 Ry
     Harris-Foulkes estimate   =     -64.19684631 Ry
     estimated scf accuracy    <       0.00000005 Ry

     iteration #  5     ecut=    30.00 Ry     beta= 0.70
     Davidson diagonalization with overlap
     ethr =  4.57E-10,  avg # of iterations =  2.0

     negative rho (up, down):  1.999E-02 0.000E+00

     total cpu time spent up to now is       12.4 secs

     End of self-consistent calculation

          k = 0.0000 0.0000 0.0000 ( 18805 PWs)   bands (ev):

   -31.1039 -20.0473 -12.8906 -12.0908 -12.0908  -6.0920

     occupation numbers 
     1.0000   1.0000   1.0000   1.0000   1.0000   1.0000

     highest occupied level (ev):    -6.0920

!    total energy              =     -64.19684624 Ry
     Harris-Foulkes estimate   =     -64.19684625 Ry
     estimated scf accuracy    <          4.2E-09 Ry

     The total energy is the sum of the following terms:

     one-electron contribution =    -121.29458505 Ry
     hartree contribution      =      62.53422170 Ry
     xc contribution           =     -14.01369906 Ry
     ewald contribution        =       8.57721617 Ry

     convergence has been achieved in   5 iterations

     negative rho (up, down):  1.999E-02 0.000E+00

     Forces acting on atoms (cartesian axes, Ry/au):

     atom    1 type  1   force =     0.00000000    0.00000000    0.08877085
     atom    2 type  1   force =     0.00000000    0.00000000   -0.08877085
     The non-local contrib.  to forces
     atom    1 type  1   force =     0.00000000    0.00000000    2.21399070
     atom    2 type  1   force =     0.00000000    0.00000000   -2.21399070
     The ionic contribution  to forces
     atom    1 type  1   force =     0.00000000    0.00000000  -12.44345407
     atom    2 type  1   force =    -0.00000000   -0.00000000   12.44345407
     The local contribution  to forces
     atom    1 type  1   force =     0.00000000    0.00000000   10.33090552
     atom    2 type  1   force =     0.00000000    0.00000000  -10.33090552
     The core correction contribution to forces
     atom    1 type  1   force =     0.00000000    0.00000000   -0.01253065
     atom    2 type  1   force =    -0.00000000   -0.00000000    0.01253065
     The Hubbard contrib.    to forces
     atom    1 type  1   force =     0.00000000    0.00000000    0.00000000
     atom    2 type  1   force =     0.00000000    0.00000000    0.00000000
     The SCF correction term to forces
     atom    1 type  1   force =    -0.00000000    0.00000000   -0.00014065
     atom    2 type  1   force =    -0.00000000   -0.00000000    0.00014065

     Total force =     0.125541     Total SCF correction =     0.000199

     number of scf cycles    =   2
     number of bfgs steps    =   1

     energy   old            =     -64.1992291918 Ry
     energy   new            =     -64.1968462430 Ry

     CASE: energy  _new > energy  _old

     new trust radius        =       0.0191992000 bohr
     new conv_thr            =       0.0000000100 Ry


ATOMIC_POSITIONS (crystal)
O        0.500000000   0.500000000   0.438484022
O        0.500000000   0.500000000   0.561515978


     Check: negative starting charge=   -0.010295
     NEW-OLD atomic charge density approx. for the potential

     Check: negative/imaginary core charge=   -0.000007    0.000000
     Check: negative starting charge=   -0.010224

     negative rho (up, down):  1.967E-02 0.000E+00

     total cpu time spent up to now is       13.0 secs

     Self-consistent Calculation

     iteration #  1     ecut=    30.00 Ry     beta= 0.70
     Davidson diagonalization with overlap
     ethr =  1.00E-06,  avg # of iterations =  4.0

     negative rho (up, down):  1.912E-02 0.000E+00

     total cpu time spent up to now is       13.6 secs

     total energy              =     -64.19991335 Ry
     Harris-Foulkes estimate   =     -64.20049898 Ry
     estimated scf accuracy    <       0.00092741 Ry

     iteration #  2     ecut=    30.00 Ry     beta= 0.70
     Davidson diagonalization with overlap
     ethr =  7.73E-06,  avg # of iterations =  2.0

     negative rho (up, down):  1.889E-02 0.000E+00

     total cpu time spent up to now is       14.2 secs

     total energy              =     -64.20014670 Ry
     Harris-Foulkes estimate   =     -64.20023782 Ry
     estimated scf accuracy    <       0.00015811 Ry

     iteration #  3     ecut=    30.00 Ry     beta= 0.70
     Davidson diagonalization with overlap
     ethr =  1.32E-06,  avg # of iterations =  2.0

     negative rho (up, down):  1.883E-02 0.000E+00

     total cpu time spent up to now is       15.0 secs

     total energy              =     -64.20018040 Ry
     Harris-Foulkes estimate   =     -64.20018044 Ry
     estimated scf accuracy    <       0.00000234 Ry

     iteration #  4     ecut=    30.00 Ry     beta= 0.70
     Davidson diagonalization with overlap
     ethr =  1.95E-08,  avg # of iterations =  2.0

     negative rho (up, down):  1.883E-02 0.000E+00

     total cpu time spent up to now is       15.6 secs

     total energy              =     -64.20018057 Ry
     Harris-Foulkes estimate   =     -64.20018058 Ry
     estimated scf accuracy    <       0.00000002 Ry

     iteration #  5     ecut=    30.00 Ry     beta= 0.70
     Davidson diagonalization with overlap
     ethr =  1.71E-10,  avg # of iterations =  2.0

     negative rho (up, down):  1.883E-02 0.000E+00

     total cpu time spent up to now is       16.4 secs

     End of self-consistent calculation

          k = 0.0000 0.0000 0.0000 ( 18805 PWs)   bands (ev):

   -31.8349 -19.7640 -12.9823 -12.3977 -12.3977  -5.8154

     occupation numbers 
     1.0000   1.0000   1.0000   1.0000   1.0000   1.0000

     highest occupied level (ev):    -5.8154

!    total energy              =     -64.20018058 Ry
     Harris-Foulkes estimate   =     -64.20018058 Ry
     estimated scf accuracy    <          1.6E-09 Ry

     The total energy is the sum of the following terms:

     one-electron contribution =    -122.91859619 Ry
     hartree contribution      =      63.32045657 Ry
     xc contribution           =     -14.07309549 Ry
     ewald contribution        =       9.47105453 Ry

     convergence has been achieved in   5 iterations

     negative rho (up, down):  1.883E-02 0.000E+00

     Forces acting on atoms (cartesian axes, Ry/au):

     atom    1 type  1   force =     0.00000000    0.00000000    0.00325127
     atom    2 type  1   force =     0.00000000    0.00000000   -0.00325127
     The non-local contrib.  to forces
     atom    1 type  1   force =     0.00000000    0.00000000    2.32164826
     atom    2 type  1   force =     0.00000000    0.00000000   -2.32164826
     The ionic contribution  to forces
     atom    1 type  1   force =     0.00000000    0.00000000  -13.21124047
     atom    2 type  1   force =    -0.00000000   -0.00000000   13.21124047
     The local contribution  to forces
     atom    1 type  1   force =     0.00000000    0.00000000   10.90499669
     atom    2 type  1   force =     0.00000000    0.00000000  -10.90499669
     The core correction contribution to forces
     atom    1 type  1   force =    -0.00000000    0.00000000   -0.01222055
     atom    2 type  1   force =     0.00000000    0.00000000    0.01222055
     The Hubbard contrib.    to forces
     atom    1 type  1   force =     0.00000000    0.00000000    0.00000000
     atom    2 type  1   force =     0.00000000    0.00000000    0.00000000
     The SCF correction term to forces
     atom    1 type  1   force =    -0.00000000    0.00000000    0.00006734
     atom    2 type  1   force =     0.00000000    0.00000000   -0.00006734

     Total force =     0.004598     Total SCF correction =     0.000095

     number of scf cycles    =   3
     number of bfgs steps    =   1

     energy   old            =     -64.1992291918 Ry
     energy   new            =     -64.2001805776 Ry

     CASE: energy  _new < energy  _old

     new trust radius        =       0.0010892536 bohr
     new conv_thr            =       0.0000000003 Ry


ATOMIC_POSITIONS (crystal)
O        0.500000000   0.500000000   0.438541663
O        0.500000000   0.500000000   0.561458337


     Check: negative starting charge=   -0.010224
     NEW-OLD atomic charge density approx. for the potential

     Check: negative/imaginary core charge=   -0.000007    0.000000
     Check: negative starting charge=   -0.010221

     negative rho (up, down):  1.881E-02 0.000E+00

     total cpu time spent up to now is       17.4 secs

     Self-consistent Calculation

     iteration #  1     ecut=    30.00 Ry     beta= 0.70
     Davidson diagonalization with overlap
     ethr =  1.00E-06,  avg # of iterations =  2.0

     Threshold (ethr) on eigenvalues was too large:
     Diagonalizing with lowered threshold

     Davidson diagonalization with overlap
     ethr =  8.57E-09,  avg # of iterations =  2.0

     negative rho (up, down):  1.881E-02 0.000E+00

     total cpu time spent up to now is       18.4 secs

     total energy              =     -64.20018401 Ry
     Harris-Foulkes estimate   =     -64.20018469 Ry
     estimated scf accuracy    <       0.00000105 Ry

     iteration #  2     ecut=    30.00 Ry     beta= 0.70
     Davidson diagonalization with overlap
     ethr =  8.78E-09,  avg # of iterations =  2.0

     negative rho (up, down):  1.880E-02 0.000E+00

     total cpu time spent up to now is       19.4 secs

     total energy              =     -64.20018428 Ry
     Harris-Foulkes estimate   =     -64.20018438 Ry
     estimated scf accuracy    <       0.00000018 Ry

     iteration #  3     ecut=    30.00 Ry     beta= 0.70
     Davidson diagonalization with overlap
     ethr =  1.50E-09,  avg # of iterations =  2.0

     negative rho (up, down):  1.879E-02 0.000E+00

     total cpu time spent up to now is       20.4 secs

     total energy              =     -64.20018432 Ry
     Harris-Foulkes estimate   =     -64.20018432 Ry
     estimated scf accuracy    <          2.4E-09 Ry

     iteration #  4     ecut=    30.00 Ry     beta= 0.70
     Davidson diagonalization with overlap
     ethr =  2.04E-11,  avg # of iterations =  2.0

     negative rho (up, down):  1.879E-02 0.000E+00

     total cpu time spent up to now is       21.6 secs

     End of self-consistent calculation

          k = 0.0000 0.0000 0.0000 ( 18805 PWs)   bands (ev):

   -31.8590 -19.7552 -12.9854 -12.4079 -12.4079  -5.8065

     occupation numbers 
     1.0000   1.0000   1.0000   1.0000   1.0000   1.0000

     highest occupied level (ev):    -5.8065

!    total energy              =     -64.20018432 Ry
     Harris-Foulkes estimate   =     -64.20018432 Ry
     estimated scf accuracy    <          1.7E-11 Ry

     The total energy is the sum of the following terms:

     one-electron contribution =    -122.97084017 Ry
     hartree contribution      =      63.34587545 Ry
     xc contribution           =     -14.07508225 Ry
     ewald contribution        =       9.49986265 Ry

     convergence has been achieved in   4 iterations

     negative rho (up, down):  1.879E-02 0.000E+00

     Forces acting on atoms (cartesian axes, Ry/au):

     atom    1 type  1   force =     0.00000000    0.00000000    0.00017974
     atom    2 type  1   force =     0.00000000    0.00000000   -0.00017974
     The non-local contrib.  to forces
     atom    1 type  1   force =     0.00000000    0.00000000    2.32500141
     atom    2 type  1   force =     0.00000000    0.00000000   -2.32500141
     The ionic contribution  to forces
     atom    1 type  1   force =    -0.00000000   -0.00000000  -13.23634770
     atom    2 type  1   force =     0.00000000    0.00000000   13.23634770
     The local contribution  to forces
     atom    1 type  1   force =     0.00000000    0.00000000   10.92374474
     atom    2 type  1   force =     0.00000000    0.00000000  -10.92374474
     The core correction contribution to forces
     atom    1 type  1   force =    -0.00000000   -0.00000000   -0.01221043
     atom    2 type  1   force =     0.00000000    0.00000000    0.01221043
     The Hubbard contrib.    to forces
     atom    1 type  1   force =     0.00000000    0.00000000    0.00000000
     atom    2 type  1   force =     0.00000000    0.00000000    0.00000000
     The SCF correction term to forces
     atom    1 type  1   force =     0.00000000    0.00000000   -0.00000827
     atom    2 type  1   force =     0.00000000    0.00000000    0.00000827

     Total force =     0.000254     Total SCF correction =     0.000012

     bfgs converged in   4 scf cycles and   2 bfgs steps
     (criteria: energy <  1.0E-04 Ry, force <  1.0E-03 Ry/Bohr)

     End of BFGS Geometry Optimization

     Final energy   =     -64.2001843237 Ry
Begin final coordinates

ATOMIC_POSITIONS (crystal)
O        0.500000000   0.500000000   0.438541663
O        0.500000000   0.500000000   0.561458337
End final coordinates


 
     init_run     :      1.66s CPU      0.85s WALL (       1 calls)
     electrons    :     39.69s CPU     18.00s WALL (       4 calls)
     update_pot   :      1.68s CPU      0.68s WALL (       3 calls)
     forces       :      3.80s CPU      1.83s WALL (       4 calls)

     Called by init_run:
     wfcinit      :      0.34s CPU      0.18s WALL (       1 calls)
     wfcinit:atom :      0.00s CPU      0.00s WALL (       1 calls)
     wfcinit:wfcr :      0.33s CPU      0.18s WALL (       1 calls)
     potinit      :      0.34s CPU      0.16s WALL (       1 calls)
     hinit0       :      0.65s CPU      0.30s WALL (       1 calls)

     Called by electrons:
     c_bands      :     15.10s CPU      6.80s WALL (      22 calls)
     sum_band     :     10.15s CPU      4.64s WALL (      22 calls)
     v_of_rho     :      6.78s CPU      2.98s WALL (      24 calls)
     v_h          :      0.81s CPU      0.37s WALL (      24 calls)
     v_xc         :      6.90s CPU      3.06s WALL (      28 calls)
     newd         :      8.60s CPU      3.99s WALL (      24 calls)
     mix_rho      :      0.99s CPU      0.44s WALL (      22 calls)

     Called by c_bands:
     init_us_2    :      0.16s CPU      0.08s WALL (      45 calls)
     cegterg      :     14.54s CPU      6.54s WALL (      22 calls)

     Called by sum_band:
     sum_band:bec :      0.20s CPU      0.07s WALL (      22 calls)
     addusdens    :      3.76s CPU      1.83s WALL (      22 calls)

     Called by *egterg:
     h_psi        :     12.47s CPU      5.64s WALL (      72 calls)
     s_psi        :      0.03s CPU      0.01s WALL (      72 calls)
     g_psi        :      0.03s CPU      0.02s WALL (      49 calls)
     cdiaghg      :      0.11s CPU      0.05s WALL (      66 calls)
     cegterg:over :      0.91s CPU      0.39s WALL (      49 calls)
     cegterg:upda :      0.15s CPU      0.08s WALL (      49 calls)
     cegterg:last :      0.03s CPU      0.01s WALL (      24 calls)

     Called by h_psi:
     h_psi:pot    :     12.42s CPU      5.61s WALL (      72 calls)
     h_psi:calbec :      0.71s CPU      0.30s WALL (      72 calls)
     vloc_psi     :     11.54s CPU      5.21s WALL (      72 calls)
     add_vuspsi   :      0.17s CPU      0.09s WALL (      72 calls)

     General routines
     calbec       :      1.09s CPU      0.47s WALL (     110 calls)
     fft          :      8.00s CPU      3.61s WALL (     317 calls)
     ffts         :      0.38s CPU      0.16s WALL (      22 calls)
     fftw         :     12.75s CPU      5.75s WALL (     912 calls)
 
     Parallel routines
     fft_scatt_xy :      0.67s CPU      0.32s WALL (    1251 calls)
     fft_scatt_yz :     16.87s CPU      7.52s WALL (    1251 calls)
 
     PWSCF        :    48.37s CPU        22.08s WALL

 
   This run was terminated on:   9: 4:44  19Mar2019            

=------------------------------------------------------------------------------=
   JOB DONE.
=------------------------------------------------------------------------------=
