
     Program PWSCF v.6.3MaX starts on 19Mar2019 at  9: 8:45 

     This program is part of the open-source Quantum ESPRESSO suite
     for quantum simulation of materials; please cite
         "P. Giannozzi et al., J. Phys.:Condens. Matter 21 395502 (2009);
         "P. Giannozzi et al., J. Phys.:Condens. Matter 29 465901 (2017);
          URL http://www.quantum-espresso.org", 
     in publications or presentations arising from this work. More details at
     http://www.quantum-espresso.org/quote

 *** WARNING: using old-style file format, will disappear from next version ***

     Parallel version (MPI & OpenMP), running on      20 processor cores
     Number of MPI processes:                 5
     Threads/MPI process:                     4

     MPI processes distributed on     1 nodes
     R & G space division:  proc/nbgrp/npool/nimage =       5
     Reading input from /home/azadoks/dftman/projects/HW5_3/ConvergenceWorkflows/b959a7bdb810/2394a1db1e75/pwscf.in
Warning: card &CELL ignored
Warning: card / ignored

     Current dimensions of program PWSCF are:
     Max number of different atomic species (ntypx) = 10
     Max number of k-points (npk) =  40000
     Max angular momentum in pseudopotentials (lmaxx) =  3
     Message from routine iosys:
     minimal I/O required, wf_collect reset to FALSE

     Subspace diagonalization in iterative solution of the eigenvalue problem:
     a serial algorithm will be used

 
     Parallelization info
     --------------------
     sticks:   dense  smooth     PW     G-vecs:    dense   smooth      PW
     Min        1478    1478    372                95572    95572   11950
     Max        1479    1479    373                95575    95575   11953
     Sum        7393    7393   1861               477865   477865   59757
 


     bravais-lattice index     =            0
     lattice parameter (alat)  =      18.8973  a.u.
     unit-cell volume          =    6748.3346 (a.u.)^3
     number of atoms/cell      =            2
     number of atomic types    =            1
     number of electrons       =        12.00
     number of Kohn-Sham states=            6
     kinetic-energy cutoff     =      65.0000  Ry
     charge density cutoff     =     260.0000  Ry
     convergence threshold     =      1.0E-08
     mixing beta               =       0.7000
     number of iterations used =            8  plain     mixing
     Exchange-correlation      = SLA  PW   PBE  PBE ( 1  4  3  4 0 0)
     nstep                     =           50


     celldm(1)=  18.897261  celldm(2)=   0.000000  celldm(3)=   0.000000
     celldm(4)=   0.000000  celldm(5)=   0.000000  celldm(6)=   0.000000

     crystal axes: (cart. coord. in units of alat)
               a(1) = (   1.000000   0.000000   0.000000 )  
               a(2) = (   0.000000   1.000000   0.000000 )  
               a(3) = (   0.000000   0.000000   1.000000 )  

     reciprocal axes: (cart. coord. in units 2 pi/alat)
               b(1) = (  1.000000  0.000000  0.000000 )  
               b(2) = (  0.000000  1.000000  0.000000 )  
               b(3) = (  0.000000  0.000000  1.000000 )  


     PseudoPot. # 1 for O  read from file:
     /home/azadoks/.local/share/pseudo/GBRV_PBE_US/o_pbe_v1.2.uspp.F.UPF
     MD5 check sum: 734c27235a0248c51dbae37a1fbe46ec
     Pseudo is Ultrasoft + core correction, Zval =  6.0
     Generated by new atomic code, or converted to UPF format
     Using radial grid of  737 points,  5 beta functions with: 
                l(1) =   0
                l(2) =   0
                l(3) =   1
                l(4) =   1
                l(5) =   2
     Q(r) pseudized with  8 coefficients,  rinner =    0.900   0.900   0.900
                                                       0.900   0.900

     atomic species   valence    mass     pseudopotential
        O              6.00    15.99940     O ( 1.00)

     16 Sym. Ops., with inversion, found


                                    s                        frac. trans.

      isym =  1     identity                                     

 cryst.   s( 1) = (     1          0          0      )
                  (     0          1          0      )
                  (     0          0          1      )

 cart.    s( 1) = (  1.0000000  0.0000000  0.0000000 )
                  (  0.0000000  1.0000000  0.0000000 )
                  (  0.0000000  0.0000000  1.0000000 )


      isym =  2     180 deg rotation - cart. axis [0,0,1]        

 cryst.   s( 2) = (    -1          0          0      )
                  (     0         -1          0      )
                  (     0          0          1      )

 cart.    s( 2) = ( -1.0000000  0.0000000  0.0000000 )
                  (  0.0000000 -1.0000000  0.0000000 )
                  (  0.0000000  0.0000000  1.0000000 )


      isym =  3     180 deg rotation - cart. axis [0,1,0]        

 cryst.   s( 3) = (    -1          0          0      )
                  (     0          1          0      )
                  (     0          0         -1      )

 cart.    s( 3) = ( -1.0000000  0.0000000  0.0000000 )
                  (  0.0000000  1.0000000  0.0000000 )
                  (  0.0000000  0.0000000 -1.0000000 )


      isym =  4     180 deg rotation - cart. axis [1,0,0]        

 cryst.   s( 4) = (     1          0          0      )
                  (     0         -1          0      )
                  (     0          0         -1      )

 cart.    s( 4) = (  1.0000000  0.0000000  0.0000000 )
                  (  0.0000000 -1.0000000  0.0000000 )
                  (  0.0000000  0.0000000 -1.0000000 )


      isym =  5     180 deg rotation - cart. axis [1,1,0]        

 cryst.   s( 5) = (     0          1          0      )
                  (     1          0          0      )
                  (     0          0         -1      )

 cart.    s( 5) = (  0.0000000  1.0000000  0.0000000 )
                  (  1.0000000  0.0000000  0.0000000 )
                  (  0.0000000  0.0000000 -1.0000000 )


      isym =  6     180 deg rotation - cart. axis [1,-1,0]       

 cryst.   s( 6) = (     0         -1          0      )
                  (    -1          0          0      )
                  (     0          0         -1      )

 cart.    s( 6) = (  0.0000000 -1.0000000  0.0000000 )
                  ( -1.0000000  0.0000000  0.0000000 )
                  (  0.0000000  0.0000000 -1.0000000 )


      isym =  7      90 deg rotation - cart. axis [0,0,-1]       

 cryst.   s( 7) = (     0         -1          0      )
                  (     1          0          0      )
                  (     0          0          1      )

 cart.    s( 7) = (  0.0000000  1.0000000  0.0000000 )
                  ( -1.0000000  0.0000000  0.0000000 )
                  (  0.0000000  0.0000000  1.0000000 )


      isym =  8      90 deg rotation - cart. axis [0,0,1]        

 cryst.   s( 8) = (     0          1          0      )
                  (    -1          0          0      )
                  (     0          0          1      )

 cart.    s( 8) = (  0.0000000 -1.0000000  0.0000000 )
                  (  1.0000000  0.0000000  0.0000000 )
                  (  0.0000000  0.0000000  1.0000000 )


      isym =  9     inversion                                    

 cryst.   s( 9) = (    -1          0          0      )
                  (     0         -1          0      )
                  (     0          0         -1      )

 cart.    s( 9) = ( -1.0000000  0.0000000  0.0000000 )
                  (  0.0000000 -1.0000000  0.0000000 )
                  (  0.0000000  0.0000000 -1.0000000 )


      isym = 10     inv. 180 deg rotation - cart. axis [0,0,1]   

 cryst.   s(10) = (     1          0          0      )
                  (     0          1          0      )
                  (     0          0         -1      )

 cart.    s(10) = (  1.0000000  0.0000000  0.0000000 )
                  (  0.0000000  1.0000000  0.0000000 )
                  (  0.0000000  0.0000000 -1.0000000 )


      isym = 11     inv. 180 deg rotation - cart. axis [0,1,0]   

 cryst.   s(11) = (     1          0          0      )
                  (     0         -1          0      )
                  (     0          0          1      )

 cart.    s(11) = (  1.0000000  0.0000000  0.0000000 )
                  (  0.0000000 -1.0000000  0.0000000 )
                  (  0.0000000  0.0000000  1.0000000 )


      isym = 12     inv. 180 deg rotation - cart. axis [1,0,0]   

 cryst.   s(12) = (    -1          0          0      )
                  (     0          1          0      )
                  (     0          0          1      )

 cart.    s(12) = ( -1.0000000  0.0000000  0.0000000 )
                  (  0.0000000  1.0000000  0.0000000 )
                  (  0.0000000  0.0000000  1.0000000 )


      isym = 13     inv. 180 deg rotation - cart. axis [1,1,0]   

 cryst.   s(13) = (     0         -1          0      )
                  (    -1          0          0      )
                  (     0          0          1      )

 cart.    s(13) = (  0.0000000 -1.0000000  0.0000000 )
                  ( -1.0000000  0.0000000  0.0000000 )
                  (  0.0000000  0.0000000  1.0000000 )


      isym = 14     inv. 180 deg rotation - cart. axis [1,-1,0]  

 cryst.   s(14) = (     0          1          0      )
                  (     1          0          0      )
                  (     0          0          1      )

 cart.    s(14) = (  0.0000000  1.0000000  0.0000000 )
                  (  1.0000000  0.0000000  0.0000000 )
                  (  0.0000000  0.0000000  1.0000000 )


      isym = 15     inv.  90 deg rotation - cart. axis [0,0,-1]  

 cryst.   s(15) = (     0          1          0      )
                  (    -1          0          0      )
                  (     0          0         -1      )

 cart.    s(15) = (  0.0000000 -1.0000000  0.0000000 )
                  (  1.0000000  0.0000000  0.0000000 )
                  (  0.0000000  0.0000000 -1.0000000 )


      isym = 16     inv.  90 deg rotation - cart. axis [0,0,1]   

 cryst.   s(16) = (     0         -1          0      )
                  (     1          0          0      )
                  (     0          0         -1      )

 cart.    s(16) = (  0.0000000  1.0000000  0.0000000 )
                  ( -1.0000000  0.0000000  0.0000000 )
                  (  0.0000000  0.0000000 -1.0000000 )


   Cartesian axes

     site n.     atom                  positions (alat units)
         1           O   tau(   1) = (   0.5000000   0.5000000   0.4395000  )
         2           O   tau(   2) = (   0.5000000   0.5000000   0.5605000  )

   Crystallographic axes

     site n.     atom                  positions (cryst. coord.)
         1           O   tau(   1) = (  0.5000000  0.5000000  0.4395000  )
         2           O   tau(   2) = (  0.5000000  0.5000000  0.5605000  )

     number of k points=     1
                       cart. coord. in units 2pi/alat
        k(    1) = (   0.0000000   0.0000000   0.0000000), wk =   2.0000000

                       cryst. coord.
        k(    1) = (   0.0000000   0.0000000   0.0000000), wk =   2.0000000

     Dense  grid:   477865 G-vectors     FFT dimensions: ( 100, 100, 100)

     Dynamical RAM for                 wfc:       1.09 MB

     Dynamical RAM for     wfc (w. buffer):       1.09 MB

     Dynamical RAM for           str. fact:       1.46 MB

     Dynamical RAM for           local pot:       0.00 MB

     Dynamical RAM for          nlocal pot:       4.74 MB

     Dynamical RAM for                qrad:       2.78 MB

     Dynamical RAM for          rho,v,vnew:       8.95 MB

     Dynamical RAM for               rhoin:       2.98 MB

     Dynamical RAM for            rho*nmix:      23.33 MB

     Dynamical RAM for           G-vectors:       6.20 MB

     Dynamical RAM for          h,s,v(r/c):       0.03 MB

     Dynamical RAM for          <psi|beta>:       0.00 MB

     Dynamical RAM for                 psi:       4.37 MB

     Dynamical RAM for                hpsi:       4.37 MB

     Dynamical RAM for                spsi:       4.37 MB

     Dynamical RAM for      wfcinit/wfcrot:       2.92 MB

     Dynamical RAM for           addusdens:     157.50 MB

     Dynamical RAM for          addusforce:     161.15 MB

     Estimated static dynamical RAM per process >      62.08 MB

     Estimated max dynamical RAM per process >     223.23 MB

     Estimated total dynamical RAM >       1.09 GB

     Initial potential from superposition of free atoms
     Check: negative starting charge=   -0.003396

     starting charge   12.00000, renormalised to   12.00000

     negative rho (up, down):  3.396E-03 0.000E+00
     Starting wfcs are    8 randomized atomic wfcs

     total cpu time spent up to now is        1.6 secs

     Self-consistent Calculation

     iteration #  1     ecut=    65.00 Ry     beta= 0.70
     Davidson diagonalization with overlap
     ethr =  1.00E-02,  avg # of iterations =  2.0

     Threshold (ethr) on eigenvalues was too large:
     Diagonalizing with lowered threshold

     Davidson diagonalization with overlap
     ethr =  3.74E-04,  avg # of iterations =  2.0

     negative rho (up, down):  6.830E-04 0.000E+00

     total cpu time spent up to now is        4.6 secs

     total energy              =     -64.21247040 Ry
     Harris-Foulkes estimate   =     -64.23898630 Ry
     estimated scf accuracy    <       0.04393552 Ry

     iteration #  2     ecut=    65.00 Ry     beta= 0.70
     Davidson diagonalization with overlap
     ethr =  3.66E-04,  avg # of iterations =  2.0

     negative rho (up, down):  1.685E-03 0.000E+00

     total cpu time spent up to now is        6.2 secs

     total energy              =     -64.22043925 Ry
     Harris-Foulkes estimate   =     -64.22119925 Ry
     estimated scf accuracy    <       0.00180427 Ry

     iteration #  3     ecut=    65.00 Ry     beta= 0.70
     Davidson diagonalization with overlap
     ethr =  1.50E-05,  avg # of iterations =  2.0

     negative rho (up, down):  2.124E-03 0.000E+00

     total cpu time spent up to now is        7.7 secs

     total energy              =     -64.22081206 Ry
     Harris-Foulkes estimate   =     -64.22089129 Ry
     estimated scf accuracy    <       0.00020929 Ry

     iteration #  4     ecut=    65.00 Ry     beta= 0.70
     Davidson diagonalization with overlap
     ethr =  1.74E-06,  avg # of iterations =  2.0

     negative rho (up, down):  2.310E-03 0.000E+00

     total cpu time spent up to now is        9.4 secs

     total energy              =     -64.22084841 Ry
     Harris-Foulkes estimate   =     -64.22084984 Ry
     estimated scf accuracy    <       0.00001225 Ry

     iteration #  5     ecut=    65.00 Ry     beta= 0.70
     Davidson diagonalization with overlap
     ethr =  1.02E-07,  avg # of iterations =  2.0

     negative rho (up, down):  2.315E-03 0.000E+00

     total cpu time spent up to now is       11.0 secs

     total energy              =     -64.22084933 Ry
     Harris-Foulkes estimate   =     -64.22084938 Ry
     estimated scf accuracy    <       0.00000014 Ry

     iteration #  6     ecut=    65.00 Ry     beta= 0.70
     Davidson diagonalization with overlap
     ethr =  1.19E-09,  avg # of iterations =  2.0

     negative rho (up, down):  2.315E-03 0.000E+00

     total cpu time spent up to now is       13.0 secs

     total energy              =     -64.22084939 Ry
     Harris-Foulkes estimate   =     -64.22084939 Ry
     estimated scf accuracy    <       0.00000002 Ry

     iteration #  7     ecut=    65.00 Ry     beta= 0.70
     Davidson diagonalization with overlap
     ethr =  1.26E-10,  avg # of iterations =  4.0

     negative rho (up, down):  2.315E-03 0.000E+00

     total cpu time spent up to now is       14.8 secs

     End of self-consistent calculation

          k = 0.0000 0.0000 0.0000 ( 59757 PWs)   bands (ev):

   -32.2455 -19.5778 -13.0245 -12.5788 -12.5788  -5.6586

     occupation numbers 
     1.0000   1.0000   1.0000   1.0000   1.0000   1.0000

     highest occupied level (ev):    -5.6586

!    total energy              =     -64.22084939 Ry
     Harris-Foulkes estimate   =     -64.22084939 Ry
     estimated scf accuracy    <          7.0E-10 Ry

     The total energy is the sum of the following terms:

     one-electron contribution =    -123.89370946 Ry
     hartree contribution      =      63.79991335 Ry
     xc contribution           =     -14.11402468 Ry
     ewald contribution        =       9.98697139 Ry

     convergence has been achieved in   7 iterations

     negative rho (up, down):  2.315E-03 0.000E+00

     Forces acting on atoms (cartesian axes, Ry/au):

     atom    1 type  1   force =     0.00000000    0.00000000   -0.04257962
     atom    2 type  1   force =     0.00000000    0.00000000    0.04257962
     The non-local contrib.  to forces
     atom    1 type  1   force =     0.00000000    0.00000000    2.39021184
     atom    2 type  1   force =     0.00000000    0.00000000   -2.39021184
     The ionic contribution  to forces
     atom    1 type  1   force =    -0.00000000   -0.00000000  -13.66430279
     atom    2 type  1   force =     0.00000000    0.00000000   13.66430279
     The local contribution  to forces
     atom    1 type  1   force =     0.00000000    0.00000000   11.24372704
     atom    2 type  1   force =     0.00000000    0.00000000  -11.24372704
     The core correction contribution to forces
     atom    1 type  1   force =     0.00000000    0.00000000   -0.01213521
     atom    2 type  1   force =     0.00000000    0.00000000    0.01213521
     The Hubbard contrib.    to forces
     atom    1 type  1   force =     0.00000000    0.00000000    0.00000000
     atom    2 type  1   force =     0.00000000    0.00000000    0.00000000
     The SCF correction term to forces
     atom    1 type  1   force =    -0.00000000   -0.00000000   -0.00008050
     atom    2 type  1   force =    -0.00000000   -0.00000000    0.00008050

     Total force =     0.060217     Total SCF correction =     0.000114

     BFGS Geometry Optimization

     number of scf cycles    =   1
     number of bfgs steps    =   0

     energy   new            =     -64.2208493906 Ry

     new trust radius        =       0.0425796242 bohr
     new conv_thr            =       0.0000000100 Ry


ATOMIC_POSITIONS (crystal)
O        0.500000000   0.500000000   0.437246783
O        0.500000000   0.500000000   0.562753217


     Check: negative starting charge=   -0.003396
     NEW-OLD atomic charge density approx. for the potential
     Check: negative starting charge=   -0.003427

     negative rho (up, down):  3.225E-03 0.000E+00

     total cpu time spent up to now is       16.6 secs

     Self-consistent Calculation

     iteration #  1     ecut=    65.00 Ry     beta= 0.70
     Davidson diagonalization with overlap
     ethr =  1.00E-06,  avg # of iterations =  4.0

     negative rho (up, down):  2.298E-03 0.000E+00

     total cpu time spent up to now is       18.3 secs

     total energy              =     -64.21884916 Ry
     Harris-Foulkes estimate   =     -64.21983669 Ry
     estimated scf accuracy    <       0.00151638 Ry

     iteration #  2     ecut=    65.00 Ry     beta= 0.70
     Davidson diagonalization with overlap
     ethr =  1.26E-05,  avg # of iterations =  2.0

     negative rho (up, down):  2.263E-03 0.000E+00

     total cpu time spent up to now is       20.1 secs

     total energy              =     -64.21923347 Ry
     Harris-Foulkes estimate   =     -64.21939129 Ry
     estimated scf accuracy    <       0.00027107 Ry

     iteration #  3     ecut=    65.00 Ry     beta= 0.70
     Davidson diagonalization with overlap
     ethr =  2.26E-06,  avg # of iterations =  2.0

     negative rho (up, down):  2.284E-03 0.000E+00

     total cpu time spent up to now is       21.9 secs

     total energy              =     -64.21928986 Ry
     Harris-Foulkes estimate   =     -64.21929035 Ry
     estimated scf accuracy    <       0.00000385 Ry

     iteration #  4     ecut=    65.00 Ry     beta= 0.70
     Davidson diagonalization with overlap
     ethr =  3.21E-08,  avg # of iterations =  2.0

     negative rho (up, down):  2.286E-03 0.000E+00

     total cpu time spent up to now is       23.8 secs

     total energy              =     -64.21929020 Ry
     Harris-Foulkes estimate   =     -64.21929017 Ry
     estimated scf accuracy    <       0.00000003 Ry

     iteration #  5     ecut=    65.00 Ry     beta= 0.70
     Davidson diagonalization with overlap
     ethr =  2.91E-10,  avg # of iterations =  2.0

     negative rho (up, down):  2.286E-03 0.000E+00

     total cpu time spent up to now is       25.5 secs

     End of self-consistent calculation

          k = 0.0000 0.0000 0.0000 ( 59757 PWs)   bands (ev):

   -31.3168 -19.9274 -12.9108 -12.1874 -12.1874  -6.0091

     occupation numbers 
     1.0000   1.0000   1.0000   1.0000   1.0000   1.0000

     highest occupied level (ev):    -6.0091

!    total energy              =     -64.21929021 Ry
     Harris-Foulkes estimate   =     -64.21929021 Ry
     estimated scf accuracy    <          2.6E-09 Ry

     The total energy is the sum of the following terms:

     one-electron contribution =    -121.86506915 Ry
     hartree contribution      =      62.81863024 Ry
     xc contribution           =     -14.03847264 Ry
     ewald contribution        =       8.86562134 Ry

     convergence has been achieved in   5 iterations

     negative rho (up, down):  2.286E-03 0.000E+00

     Forces acting on atoms (cartesian axes, Ry/au):

     atom    1 type  1   force =     0.00000000    0.00000000    0.07279883
     atom    2 type  1   force =     0.00000000    0.00000000   -0.07279883
     The non-local contrib.  to forces
     atom    1 type  1   force =     0.00000000    0.00000000    2.25655510
     atom    2 type  1   force =     0.00000000    0.00000000   -2.25655510
     The ionic contribution  to forces
     atom    1 type  1   force =    -0.00000000   -0.00000000  -12.68881231
     atom    2 type  1   force =     0.00000000    0.00000000   12.68881231
     The local contribution  to forces
     atom    1 type  1   force =     0.00000000    0.00000000   10.51775089
     atom    2 type  1   force =     0.00000000    0.00000000  -10.51775089
     The core correction contribution to forces
     atom    1 type  1   force =     0.00000000    0.00000000   -0.01258746
     atom    2 type  1   force =     0.00000000    0.00000000    0.01258746
     The Hubbard contrib.    to forces
     atom    1 type  1   force =     0.00000000    0.00000000    0.00000000
     atom    2 type  1   force =     0.00000000    0.00000000    0.00000000
     The SCF correction term to forces
     atom    1 type  1   force =    -0.00000000    0.00000000   -0.00010739
     atom    2 type  1   force =    -0.00000000    0.00000000    0.00010739

     Total force =     0.102953     Total SCF correction =     0.000152

     number of scf cycles    =   2
     number of bfgs steps    =   1

     energy   old            =     -64.2208493906 Ry
     energy   new            =     -64.2192902075 Ry

     CASE: energy  _new > energy  _old

     new trust radius        =       0.0148880320 bohr
     new conv_thr            =       0.0000000100 Ry


ATOMIC_POSITIONS (crystal)
O        0.500000000   0.500000000   0.438712159
O        0.500000000   0.500000000   0.561287841


     Check: negative starting charge=   -0.003427
     NEW-OLD atomic charge density approx. for the potential
     Check: negative starting charge=   -0.003404

     negative rho (up, down):  2.400E-03 0.000E+00

     total cpu time spent up to now is       27.4 secs

     Self-consistent Calculation

     iteration #  1     ecut=    65.00 Ry     beta= 0.70
     Davidson diagonalization with overlap
     ethr =  1.00E-06,  avg # of iterations =  4.0

     negative rho (up, down):  2.210E-03 0.000E+00

     total cpu time spent up to now is       29.1 secs

     total energy              =     -64.22125790 Ry
     Harris-Foulkes estimate   =     -64.22166353 Ry
     estimated scf accuracy    <       0.00061992 Ry

     iteration #  2     ecut=    65.00 Ry     beta= 0.70
     Davidson diagonalization with overlap
     ethr =  5.17E-06,  avg # of iterations =  2.0

     negative rho (up, down):  2.237E-03 0.000E+00

     total cpu time spent up to now is       30.1 secs

     total energy              =     -64.22141437 Ry
     Harris-Foulkes estimate   =     -64.22147825 Ry
     estimated scf accuracy    <       0.00010954 Ry

     iteration #  3     ecut=    65.00 Ry     beta= 0.70
     Davidson diagonalization with overlap
     ethr =  9.13E-07,  avg # of iterations =  2.0

     negative rho (up, down):  2.286E-03 0.000E+00

     total cpu time spent up to now is       31.1 secs

     total energy              =     -64.22143759 Ry
     Harris-Foulkes estimate   =     -64.22143766 Ry
     estimated scf accuracy    <       0.00000154 Ry

     iteration #  4     ecut=    65.00 Ry     beta= 0.70
     Davidson diagonalization with overlap
     ethr =  1.29E-08,  avg # of iterations =  2.0

     negative rho (up, down):  2.293E-03 0.000E+00

     total cpu time spent up to now is       32.3 secs

     total energy              =     -64.22143773 Ry
     Harris-Foulkes estimate   =     -64.22143772 Ry
     estimated scf accuracy    <       0.00000001 Ry

     iteration #  5     ecut=    65.00 Ry     beta= 0.70
     Davidson diagonalization with overlap
     ethr =  1.06E-10,  avg # of iterations =  2.0

     negative rho (up, down):  2.294E-03 0.000E+00

     total cpu time spent up to now is       33.4 secs

     End of self-consistent calculation

          k = 0.0000 0.0000 0.0000 ( 59757 PWs)   bands (ev):

   -31.9100 -19.7007 -12.9841 -12.4362 -12.4362  -5.7852

     occupation numbers 
     1.0000   1.0000   1.0000   1.0000   1.0000   1.0000

     highest occupied level (ev):    -5.7852

!    total energy              =     -64.22143773 Ry
     Harris-Foulkes estimate   =     -64.22143773 Ry
     estimated scf accuracy    <          9.3E-10 Ry

     The total energy is the sum of the following terms:

     one-electron contribution =    -123.17042199 Ry
     hartree contribution      =      63.45023344 Ry
     xc contribution           =     -14.08664489 Ry
     ewald contribution        =       9.58539571 Ry

     convergence has been achieved in   5 iterations

     negative rho (up, down):  2.294E-03 0.000E+00

     Forces acting on atoms (cartesian axes, Ry/au):

     atom    1 type  1   force =     0.00000000    0.00000000    0.00219921
     atom    2 type  1   force =     0.00000000    0.00000000   -0.00219921
     The non-local contrib.  to forces
     atom    1 type  1   force =     0.00000000    0.00000000    2.34383940
     atom    2 type  1   force =     0.00000000    0.00000000   -2.34383940
     The ionic contribution  to forces
     atom    1 type  1   force =     0.00000000    0.00000000  -13.31102577
     atom    2 type  1   force =    -0.00000000   -0.00000000   13.31102577
     The local contribution  to forces
     atom    1 type  1   force =     0.00000000    0.00000000   10.98167607
     atom    2 type  1   force =     0.00000000    0.00000000  -10.98167607
     The core correction contribution to forces
     atom    1 type  1   force =     0.00000000    0.00000000   -0.01232593
     atom    2 type  1   force =     0.00000000    0.00000000    0.01232593
     The Hubbard contrib.    to forces
     atom    1 type  1   force =     0.00000000    0.00000000    0.00000000
     atom    2 type  1   force =     0.00000000    0.00000000    0.00000000
     The SCF correction term to forces
     atom    1 type  1   force =     0.00000000    0.00000000    0.00003545
     atom    2 type  1   force =    -0.00000000   -0.00000000   -0.00003545

     Total force =     0.003110     Total SCF correction =     0.000050

     number of scf cycles    =   3
     number of bfgs steps    =   1

     energy   old            =     -64.2208493906 Ry
     energy   new            =     -64.2214377311 Ry

     CASE: energy  _new < energy  _old

     new trust radius        =       0.0007311914 bohr
     new conv_thr            =       0.0000000002 Ry


ATOMIC_POSITIONS (crystal)
O        0.500000000   0.500000000   0.438750852
O        0.500000000   0.500000000   0.561249148


     Check: negative starting charge=   -0.003404
     NEW-OLD atomic charge density approx. for the potential
     Check: negative starting charge=   -0.003403

     negative rho (up, down):  2.288E-03 0.000E+00

     total cpu time spent up to now is       34.8 secs

     Self-consistent Calculation

     iteration #  1     ecut=    65.00 Ry     beta= 0.70
     Davidson diagonalization with overlap
     ethr =  1.00E-06,  avg # of iterations =  2.0

     Threshold (ethr) on eigenvalues was too large:
     Diagonalizing with lowered threshold

     Davidson diagonalization with overlap
     ethr =  4.04E-09,  avg # of iterations =  2.0

     negative rho (up, down):  2.293E-03 0.000E+00

     total cpu time spent up to now is       36.4 secs

     total energy              =     -64.22143926 Ry
     Harris-Foulkes estimate   =     -64.22143960 Ry
     estimated scf accuracy    <       0.00000049 Ry

     iteration #  2     ecut=    65.00 Ry     beta= 0.70
     Davidson diagonalization with overlap
     ethr =  4.11E-09,  avg # of iterations =  2.0

     negative rho (up, down):  2.293E-03 0.000E+00

     total cpu time spent up to now is       37.1 secs

     total energy              =     -64.22143939 Ry
     Harris-Foulkes estimate   =     -64.22143944 Ry
     estimated scf accuracy    <       0.00000009 Ry

     iteration #  3     ecut=    65.00 Ry     beta= 0.70
     Davidson diagonalization with overlap
     ethr =  7.13E-10,  avg # of iterations =  2.0

     negative rho (up, down):  2.294E-03 0.000E+00

     total cpu time spent up to now is       38.2 secs

     total energy              =     -64.22143939 Ry
     Harris-Foulkes estimate   =     -64.22143940 Ry
     estimated scf accuracy    <          1.2E-09 Ry

     iteration #  4     ecut=    65.00 Ry     beta= 0.70
     Davidson diagonalization with overlap
     ethr =  9.70E-12,  avg # of iterations =  2.0

     negative rho (up, down):  2.294E-03 0.000E+00

     total cpu time spent up to now is       39.2 secs

     End of self-consistent calculation

          k = 0.0000 0.0000 0.0000 ( 59757 PWs)   bands (ev):

   -31.9264 -19.6948 -12.9862 -12.4431 -12.4431  -5.7792

     occupation numbers 
     1.0000   1.0000   1.0000   1.0000   1.0000   1.0000

     highest occupied level (ev):    -5.7792

!    total energy              =     -64.22143939 Ry
     Harris-Foulkes estimate   =     -64.22143939 Ry
     estimated scf accuracy    <          7.0E-12 Ry

     The total energy is the sum of the following terms:

     one-electron contribution =    -123.20572293 Ry
     hartree contribution      =      63.46740448 Ry
     xc contribution           =     -14.08799491 Ry
     ewald contribution        =       9.60487397 Ry

     convergence has been achieved in   4 iterations

     negative rho (up, down):  2.294E-03 0.000E+00

     Forces acting on atoms (cartesian axes, Ry/au):

     atom    1 type  1   force =     0.00000000    0.00000000    0.00010479
     atom    2 type  1   force =     0.00000000    0.00000000   -0.00010479
     The non-local contrib.  to forces
     atom    1 type  1   force =     0.00000000    0.00000000    2.34612942
     atom    2 type  1   force =     0.00000000    0.00000000   -2.34612942
     The ionic contribution  to forces
     atom    1 type  1   force =     0.00000000    0.00000000  -13.32805992
     atom    2 type  1   force =    -0.00000000   -0.00000000   13.32805992
     The local contribution  to forces
     atom    1 type  1   force =     0.00000000    0.00000000   10.99435757
     atom    2 type  1   force =     0.00000000    0.00000000  -10.99435757
     The core correction contribution to forces
     atom    1 type  1   force =     0.00000000    0.00000000   -0.01231758
     atom    2 type  1   force =     0.00000000    0.00000000    0.01231758
     The Hubbard contrib.    to forces
     atom    1 type  1   force =     0.00000000    0.00000000    0.00000000
     atom    2 type  1   force =     0.00000000    0.00000000    0.00000000
     The SCF correction term to forces
     atom    1 type  1   force =    -0.00000000   -0.00000000   -0.00000470
     atom    2 type  1   force =    -0.00000000    0.00000000    0.00000470

     Total force =     0.000148     Total SCF correction =     0.000007

     bfgs converged in   4 scf cycles and   2 bfgs steps
     (criteria: energy <  1.0E-04 Ry, force <  1.0E-03 Ry/Bohr)

     End of BFGS Geometry Optimization

     Final energy   =     -64.2214393904 Ry
Begin final coordinates

ATOMIC_POSITIONS (crystal)
O        0.500000000   0.500000000   0.438750852
O        0.500000000   0.500000000   0.561249148
End final coordinates


 
     init_run     :      3.38s CPU      1.58s WALL (       1 calls)
     electrons    :     71.06s CPU     32.46s WALL (       4 calls)
     update_pot   :      2.61s CPU      1.25s WALL (       3 calls)
     forces       :      7.37s CPU      3.36s WALL (       4 calls)

     Called by init_run:
     wfcinit      :      0.55s CPU      0.30s WALL (       1 calls)
     wfcinit:atom :      0.00s CPU      0.00s WALL (       1 calls)
     wfcinit:wfcr :      0.53s CPU      0.29s WALL (       1 calls)
     potinit      :      0.91s CPU      0.32s WALL (       1 calls)
     hinit0       :      0.95s CPU      0.42s WALL (       1 calls)

     Called by electrons:
     c_bands      :     23.38s CPU     10.25s WALL (      23 calls)
     sum_band     :     19.90s CPU      9.37s WALL (      23 calls)
     v_of_rho     :     11.26s CPU      5.06s WALL (      25 calls)
     v_h          :      1.04s CPU      0.49s WALL (      25 calls)
     v_xc         :     12.08s CPU      5.42s WALL (      29 calls)
     newd         :     17.91s CPU      8.46s WALL (      25 calls)
     mix_rho      :      2.60s CPU      1.18s WALL (      23 calls)

     Called by c_bands:
     init_us_2    :      0.35s CPU      0.16s WALL (      47 calls)
     cegterg      :     22.26s CPU      9.76s WALL (      23 calls)

     Called by sum_band:
     sum_band:bec :      0.05s CPU      0.03s WALL (      23 calls)
     addusdens    :      9.59s CPU      4.76s WALL (      23 calls)

     Called by *egterg:
     h_psi        :     18.77s CPU      8.30s WALL (      76 calls)
     s_psi        :      0.12s CPU      0.05s WALL (      76 calls)
     g_psi        :      0.07s CPU      0.03s WALL (      52 calls)
     cdiaghg      :      0.10s CPU      0.05s WALL (      70 calls)
     cegterg:over :      1.68s CPU      0.72s WALL (      52 calls)
     cegterg:upda :      0.22s CPU      0.11s WALL (      52 calls)
     cegterg:last :      0.05s CPU      0.02s WALL (      25 calls)

     Called by h_psi:
     h_psi:pot    :     18.64s CPU      8.23s WALL (      76 calls)
     h_psi:calbec :      1.33s CPU      0.56s WALL (      76 calls)
     vloc_psi     :     17.01s CPU      7.52s WALL (      76 calls)
     add_vuspsi   :      0.30s CPU      0.15s WALL (      76 calls)

     General routines
     calbec       :      2.18s CPU      0.95s WALL (     115 calls)
     fft          :     12.97s CPU      5.97s WALL (     328 calls)
     ffts         :      0.51s CPU      0.23s WALL (      23 calls)
     fftw         :     19.08s CPU      8.39s WALL (     948 calls)
 
     Parallel routines
     fft_scatt_xy :      1.54s CPU      0.75s WALL (    1299 calls)
     fft_scatt_yz :     24.08s CPU     10.65s WALL (    1299 calls)
 
     PWSCF        :  1m26.89s CPU        39.90s WALL

 
   This run was terminated on:   9: 9:25  19Mar2019            

=------------------------------------------------------------------------------=
   JOB DONE.
=------------------------------------------------------------------------------=
