
     Program PWSCF v.6.3MaX starts on 19Mar2019 at  9: 7:18 

     This program is part of the open-source Quantum ESPRESSO suite
     for quantum simulation of materials; please cite
         "P. Giannozzi et al., J. Phys.:Condens. Matter 21 395502 (2009);
         "P. Giannozzi et al., J. Phys.:Condens. Matter 29 465901 (2017);
          URL http://www.quantum-espresso.org", 
     in publications or presentations arising from this work. More details at
     http://www.quantum-espresso.org/quote

 *** WARNING: using old-style file format, will disappear from next version ***

     Parallel version (MPI & OpenMP), running on      20 processor cores
     Number of MPI processes:                 5
     Threads/MPI process:                     4

     MPI processes distributed on     1 nodes
     R & G space division:  proc/nbgrp/npool/nimage =       5
     Reading input from /home/azadoks/dftman/projects/HW5_3/ConvergenceWorkflows/b959a7bdb810/85424b08cec6/pwscf.in
Warning: card &CELL ignored
Warning: card / ignored

     Current dimensions of program PWSCF are:
     Max number of different atomic species (ntypx) = 10
     Max number of k-points (npk) =  40000
     Max angular momentum in pseudopotentials (lmaxx) =  3
     Message from routine iosys:
     minimal I/O required, wf_collect reset to FALSE

     Subspace diagonalization in iterative solution of the eigenvalue problem:
     a serial algorithm will be used

 
     Parallelization info
     --------------------
     sticks:   dense  smooth     PW     G-vecs:    dense   smooth      PW
     Min        1250    1250    313                74436    74436    9317
     Max        1251    1251    313                74439    74439    9317
     Sum        6253    6253   1565               372189   372189   46585
 


     bravais-lattice index     =            0
     lattice parameter (alat)  =      18.8973  a.u.
     unit-cell volume          =    6748.3346 (a.u.)^3
     number of atoms/cell      =            2
     number of atomic types    =            1
     number of electrons       =        12.00
     number of Kohn-Sham states=            6
     kinetic-energy cutoff     =      55.0000  Ry
     charge density cutoff     =     220.0000  Ry
     convergence threshold     =      1.0E-08
     mixing beta               =       0.7000
     number of iterations used =            8  plain     mixing
     Exchange-correlation      = SLA  PW   PBE  PBE ( 1  4  3  4 0 0)
     nstep                     =           50


     celldm(1)=  18.897261  celldm(2)=   0.000000  celldm(3)=   0.000000
     celldm(4)=   0.000000  celldm(5)=   0.000000  celldm(6)=   0.000000

     crystal axes: (cart. coord. in units of alat)
               a(1) = (   1.000000   0.000000   0.000000 )  
               a(2) = (   0.000000   1.000000   0.000000 )  
               a(3) = (   0.000000   0.000000   1.000000 )  

     reciprocal axes: (cart. coord. in units 2 pi/alat)
               b(1) = (  1.000000  0.000000  0.000000 )  
               b(2) = (  0.000000  1.000000  0.000000 )  
               b(3) = (  0.000000  0.000000  1.000000 )  


     PseudoPot. # 1 for O  read from file:
     /home/azadoks/.local/share/pseudo/GBRV_PBE_US/o_pbe_v1.2.uspp.F.UPF
     MD5 check sum: 734c27235a0248c51dbae37a1fbe46ec
     Pseudo is Ultrasoft + core correction, Zval =  6.0
     Generated by new atomic code, or converted to UPF format
     Using radial grid of  737 points,  5 beta functions with: 
                l(1) =   0
                l(2) =   0
                l(3) =   1
                l(4) =   1
                l(5) =   2
     Q(r) pseudized with  8 coefficients,  rinner =    0.900   0.900   0.900
                                                       0.900   0.900

     atomic species   valence    mass     pseudopotential
        O              6.00    15.99940     O ( 1.00)

     16 Sym. Ops., with inversion, found


                                    s                        frac. trans.

      isym =  1     identity                                     

 cryst.   s( 1) = (     1          0          0      )
                  (     0          1          0      )
                  (     0          0          1      )

 cart.    s( 1) = (  1.0000000  0.0000000  0.0000000 )
                  (  0.0000000  1.0000000  0.0000000 )
                  (  0.0000000  0.0000000  1.0000000 )


      isym =  2     180 deg rotation - cart. axis [0,0,1]        

 cryst.   s( 2) = (    -1          0          0      )
                  (     0         -1          0      )
                  (     0          0          1      )

 cart.    s( 2) = ( -1.0000000  0.0000000  0.0000000 )
                  (  0.0000000 -1.0000000  0.0000000 )
                  (  0.0000000  0.0000000  1.0000000 )


      isym =  3     180 deg rotation - cart. axis [0,1,0]        

 cryst.   s( 3) = (    -1          0          0      )
                  (     0          1          0      )
                  (     0          0         -1      )

 cart.    s( 3) = ( -1.0000000  0.0000000  0.0000000 )
                  (  0.0000000  1.0000000  0.0000000 )
                  (  0.0000000  0.0000000 -1.0000000 )


      isym =  4     180 deg rotation - cart. axis [1,0,0]        

 cryst.   s( 4) = (     1          0          0      )
                  (     0         -1          0      )
                  (     0          0         -1      )

 cart.    s( 4) = (  1.0000000  0.0000000  0.0000000 )
                  (  0.0000000 -1.0000000  0.0000000 )
                  (  0.0000000  0.0000000 -1.0000000 )


      isym =  5     180 deg rotation - cart. axis [1,1,0]        

 cryst.   s( 5) = (     0          1          0      )
                  (     1          0          0      )
                  (     0          0         -1      )

 cart.    s( 5) = (  0.0000000  1.0000000  0.0000000 )
                  (  1.0000000  0.0000000  0.0000000 )
                  (  0.0000000  0.0000000 -1.0000000 )


      isym =  6     180 deg rotation - cart. axis [1,-1,0]       

 cryst.   s( 6) = (     0         -1          0      )
                  (    -1          0          0      )
                  (     0          0         -1      )

 cart.    s( 6) = (  0.0000000 -1.0000000  0.0000000 )
                  ( -1.0000000  0.0000000  0.0000000 )
                  (  0.0000000  0.0000000 -1.0000000 )


      isym =  7      90 deg rotation - cart. axis [0,0,-1]       

 cryst.   s( 7) = (     0         -1          0      )
                  (     1          0          0      )
                  (     0          0          1      )

 cart.    s( 7) = (  0.0000000  1.0000000  0.0000000 )
                  ( -1.0000000  0.0000000  0.0000000 )
                  (  0.0000000  0.0000000  1.0000000 )


      isym =  8      90 deg rotation - cart. axis [0,0,1]        

 cryst.   s( 8) = (     0          1          0      )
                  (    -1          0          0      )
                  (     0          0          1      )

 cart.    s( 8) = (  0.0000000 -1.0000000  0.0000000 )
                  (  1.0000000  0.0000000  0.0000000 )
                  (  0.0000000  0.0000000  1.0000000 )


      isym =  9     inversion                                    

 cryst.   s( 9) = (    -1          0          0      )
                  (     0         -1          0      )
                  (     0          0         -1      )

 cart.    s( 9) = ( -1.0000000  0.0000000  0.0000000 )
                  (  0.0000000 -1.0000000  0.0000000 )
                  (  0.0000000  0.0000000 -1.0000000 )


      isym = 10     inv. 180 deg rotation - cart. axis [0,0,1]   

 cryst.   s(10) = (     1          0          0      )
                  (     0          1          0      )
                  (     0          0         -1      )

 cart.    s(10) = (  1.0000000  0.0000000  0.0000000 )
                  (  0.0000000  1.0000000  0.0000000 )
                  (  0.0000000  0.0000000 -1.0000000 )


      isym = 11     inv. 180 deg rotation - cart. axis [0,1,0]   

 cryst.   s(11) = (     1          0          0      )
                  (     0         -1          0      )
                  (     0          0          1      )

 cart.    s(11) = (  1.0000000  0.0000000  0.0000000 )
                  (  0.0000000 -1.0000000  0.0000000 )
                  (  0.0000000  0.0000000  1.0000000 )


      isym = 12     inv. 180 deg rotation - cart. axis [1,0,0]   

 cryst.   s(12) = (    -1          0          0      )
                  (     0          1          0      )
                  (     0          0          1      )

 cart.    s(12) = ( -1.0000000  0.0000000  0.0000000 )
                  (  0.0000000  1.0000000  0.0000000 )
                  (  0.0000000  0.0000000  1.0000000 )


      isym = 13     inv. 180 deg rotation - cart. axis [1,1,0]   

 cryst.   s(13) = (     0         -1          0      )
                  (    -1          0          0      )
                  (     0          0          1      )

 cart.    s(13) = (  0.0000000 -1.0000000  0.0000000 )
                  ( -1.0000000  0.0000000  0.0000000 )
                  (  0.0000000  0.0000000  1.0000000 )


      isym = 14     inv. 180 deg rotation - cart. axis [1,-1,0]  

 cryst.   s(14) = (     0          1          0      )
                  (     1          0          0      )
                  (     0          0          1      )

 cart.    s(14) = (  0.0000000  1.0000000  0.0000000 )
                  (  1.0000000  0.0000000  0.0000000 )
                  (  0.0000000  0.0000000  1.0000000 )


      isym = 15     inv.  90 deg rotation - cart. axis [0,0,-1]  

 cryst.   s(15) = (     0          1          0      )
                  (    -1          0          0      )
                  (     0          0         -1      )

 cart.    s(15) = (  0.0000000 -1.0000000  0.0000000 )
                  (  1.0000000  0.0000000  0.0000000 )
                  (  0.0000000  0.0000000 -1.0000000 )


      isym = 16     inv.  90 deg rotation - cart. axis [0,0,1]   

 cryst.   s(16) = (     0         -1          0      )
                  (     1          0          0      )
                  (     0          0         -1      )

 cart.    s(16) = (  0.0000000  1.0000000  0.0000000 )
                  ( -1.0000000  0.0000000  0.0000000 )
                  (  0.0000000  0.0000000 -1.0000000 )


   Cartesian axes

     site n.     atom                  positions (alat units)
         1           O   tau(   1) = (   0.5000000   0.5000000   0.4395000  )
         2           O   tau(   2) = (   0.5000000   0.5000000   0.5605000  )

   Crystallographic axes

     site n.     atom                  positions (cryst. coord.)
         1           O   tau(   1) = (  0.5000000  0.5000000  0.4395000  )
         2           O   tau(   2) = (  0.5000000  0.5000000  0.5605000  )

     number of k points=     1
                       cart. coord. in units 2pi/alat
        k(    1) = (   0.0000000   0.0000000   0.0000000), wk =   2.0000000

                       cryst. coord.
        k(    1) = (   0.0000000   0.0000000   0.0000000), wk =   2.0000000

     Dense  grid:   372189 G-vectors     FFT dimensions: (  90,  90,  90)

     Dynamical RAM for                 wfc:       0.85 MB

     Dynamical RAM for     wfc (w. buffer):       0.85 MB

     Dynamical RAM for           str. fact:       1.14 MB

     Dynamical RAM for           local pot:       0.00 MB

     Dynamical RAM for          nlocal pot:       3.69 MB

     Dynamical RAM for                qrad:       2.55 MB

     Dynamical RAM for          rho,v,vnew:       6.74 MB

     Dynamical RAM for               rhoin:       2.25 MB

     Dynamical RAM for            rho*nmix:      18.17 MB

     Dynamical RAM for           G-vectors:       4.83 MB

     Dynamical RAM for          h,s,v(r/c):       0.03 MB

     Dynamical RAM for          <psi|beta>:       0.00 MB

     Dynamical RAM for                 psi:       3.40 MB

     Dynamical RAM for                hpsi:       3.40 MB

     Dynamical RAM for                spsi:       3.40 MB

     Dynamical RAM for      wfcinit/wfcrot:       2.27 MB

     Dynamical RAM for           addusdens:     122.67 MB

     Dynamical RAM for          addusforce:     125.52 MB

     Estimated static dynamical RAM per process >      48.06 MB

     Estimated max dynamical RAM per process >     173.57 MB

     Estimated total dynamical RAM >     867.86 MB

     Initial potential from superposition of free atoms
     Check: negative starting charge=   -0.003091

     starting charge   12.00000, renormalised to   12.00000

     negative rho (up, down):  3.091E-03 0.000E+00
     Starting wfcs are    8 randomized atomic wfcs

     total cpu time spent up to now is        1.5 secs

     Self-consistent Calculation

     iteration #  1     ecut=    55.00 Ry     beta= 0.70
     Davidson diagonalization with overlap
     ethr =  1.00E-02,  avg # of iterations =  2.0

     Threshold (ethr) on eigenvalues was too large:
     Diagonalizing with lowered threshold

     Davidson diagonalization with overlap
     ethr =  3.74E-04,  avg # of iterations =  2.0

     negative rho (up, down):  3.389E-04 0.000E+00

     total cpu time spent up to now is        3.9 secs

     total energy              =     -64.21210051 Ry
     Harris-Foulkes estimate   =     -64.23853226 Ry
     estimated scf accuracy    <       0.04390209 Ry

     iteration #  2     ecut=    55.00 Ry     beta= 0.70
     Davidson diagonalization with overlap
     ethr =  3.66E-04,  avg # of iterations =  2.0

     negative rho (up, down):  7.867E-04 0.000E+00

     total cpu time spent up to now is        5.6 secs

     total energy              =     -64.22002820 Ry
     Harris-Foulkes estimate   =     -64.22078448 Ry
     estimated scf accuracy    <       0.00179886 Ry

     iteration #  3     ecut=    55.00 Ry     beta= 0.70
     Davidson diagonalization with overlap
     ethr =  1.50E-05,  avg # of iterations =  2.0

     negative rho (up, down):  1.086E-03 0.000E+00

     total cpu time spent up to now is        7.0 secs

     total energy              =     -64.22039896 Ry
     Harris-Foulkes estimate   =     -64.22047887 Ry
     estimated scf accuracy    <       0.00021040 Ry

     iteration #  4     ecut=    55.00 Ry     beta= 0.70
     Davidson diagonalization with overlap
     ethr =  1.75E-06,  avg # of iterations =  2.0

     negative rho (up, down):  1.219E-03 0.000E+00

     total cpu time spent up to now is        8.0 secs

     total energy              =     -64.22043583 Ry
     Harris-Foulkes estimate   =     -64.22043716 Ry
     estimated scf accuracy    <       0.00001234 Ry

     iteration #  5     ecut=    55.00 Ry     beta= 0.70
     Davidson diagonalization with overlap
     ethr =  1.03E-07,  avg # of iterations =  2.0

     negative rho (up, down):  1.222E-03 0.000E+00

     total cpu time spent up to now is        9.2 secs

     total energy              =     -64.22043678 Ry
     Harris-Foulkes estimate   =     -64.22043682 Ry
     estimated scf accuracy    <       0.00000014 Ry

     iteration #  6     ecut=    55.00 Ry     beta= 0.70
     Davidson diagonalization with overlap
     ethr =  1.18E-09,  avg # of iterations =  3.0

     negative rho (up, down):  1.222E-03 0.000E+00

     total cpu time spent up to now is       10.6 secs

     total energy              =     -64.22043684 Ry
     Harris-Foulkes estimate   =     -64.22043684 Ry
     estimated scf accuracy    <       0.00000001 Ry

     iteration #  7     ecut=    55.00 Ry     beta= 0.70
     Davidson diagonalization with overlap
     ethr =  1.08E-10,  avg # of iterations =  2.0

     negative rho (up, down):  1.222E-03 0.000E+00

     total cpu time spent up to now is       11.8 secs

     End of self-consistent calculation

          k = 0.0000 0.0000 0.0000 ( 46585 PWs)   bands (ev):

   -32.2468 -19.5780 -13.0245 -12.5793 -12.5793  -5.6585

     occupation numbers 
     1.0000   1.0000   1.0000   1.0000   1.0000   1.0000

     highest occupied level (ev):    -5.6585

!    total energy              =     -64.22043684 Ry
     Harris-Foulkes estimate   =     -64.22043685 Ry
     estimated scf accuracy    <          7.4E-10 Ry

     The total energy is the sum of the following terms:

     one-electron contribution =    -123.89260718 Ry
     hartree contribution      =      63.79908459 Ry
     xc contribution           =     -14.11388560 Ry
     ewald contribution        =       9.98697134 Ry

     convergence has been achieved in   7 iterations

     negative rho (up, down):  1.222E-03 0.000E+00

     Forces acting on atoms (cartesian axes, Ry/au):

     atom    1 type  1   force =     0.00000000    0.00000000   -0.04279237
     atom    2 type  1   force =     0.00000000    0.00000000    0.04279237
     The non-local contrib.  to forces
     atom    1 type  1   force =     0.00000000    0.00000000    2.39107161
     atom    2 type  1   force =     0.00000000    0.00000000   -2.39107161
     The ionic contribution  to forces
     atom    1 type  1   force =    -0.00000000   -0.00000000  -13.66430279
     atom    2 type  1   force =     0.00000000    0.00000000   13.66430279
     The local contribution  to forces
     atom    1 type  1   force =     0.00000000    0.00000000   11.24268969
     atom    2 type  1   force =     0.00000000    0.00000000  -11.24268969
     The core correction contribution to forces
     atom    1 type  1   force =     0.00000000    0.00000000   -0.01216488
     atom    2 type  1   force =     0.00000000    0.00000000    0.01216488
     The Hubbard contrib.    to forces
     atom    1 type  1   force =     0.00000000    0.00000000    0.00000000
     atom    2 type  1   force =     0.00000000    0.00000000    0.00000000
     The SCF correction term to forces
     atom    1 type  1   force =     0.00000000    0.00000000   -0.00008600
     atom    2 type  1   force =     0.00000000   -0.00000000    0.00008600

     Total force =     0.060518     Total SCF correction =     0.000122

     BFGS Geometry Optimization

     number of scf cycles    =   1
     number of bfgs steps    =   0

     energy   new            =     -64.2204368448 Ry

     new trust radius        =       0.0427923736 bohr
     new conv_thr            =       0.0000000100 Ry


ATOMIC_POSITIONS (crystal)
O        0.500000000   0.500000000   0.437235525
O        0.500000000   0.500000000   0.562764475


     Check: negative starting charge=   -0.003091
     NEW-OLD atomic charge density approx. for the potential
     Check: negative starting charge=   -0.003039

     negative rho (up, down):  1.675E-03 0.000E+00

     total cpu time spent up to now is       13.2 secs

     Self-consistent Calculation

     iteration #  1     ecut=    55.00 Ry     beta= 0.70
     Davidson diagonalization with overlap
     ethr =  1.00E-06,  avg # of iterations =  4.0

     negative rho (up, down):  1.217E-03 0.000E+00

     total cpu time spent up to now is       15.3 secs

     total energy              =     -64.21842013 Ry
     Harris-Foulkes estimate   =     -64.21941576 Ry
     estimated scf accuracy    <       0.00153274 Ry

     iteration #  2     ecut=    55.00 Ry     beta= 0.70
     Davidson diagonalization with overlap
     ethr =  1.28E-05,  avg # of iterations =  2.0

     negative rho (up, down):  1.199E-03 0.000E+00

     total cpu time spent up to now is       16.6 secs

     total energy              =     -64.21880893 Ry
     Harris-Foulkes estimate   =     -64.21896852 Ry
     estimated scf accuracy    <       0.00027465 Ry

     iteration #  3     ecut=    55.00 Ry     beta= 0.70
     Davidson diagonalization with overlap
     ethr =  2.29E-06,  avg # of iterations =  2.0

     negative rho (up, down):  1.210E-03 0.000E+00

     total cpu time spent up to now is       18.2 secs

     total energy              =     -64.21886618 Ry
     Harris-Foulkes estimate   =     -64.21886651 Ry
     estimated scf accuracy    <       0.00000389 Ry

     iteration #  4     ecut=    55.00 Ry     beta= 0.70
     Davidson diagonalization with overlap
     ethr =  3.24E-08,  avg # of iterations =  2.0

     negative rho (up, down):  1.210E-03 0.000E+00

     total cpu time spent up to now is       20.1 secs

     total energy              =     -64.21886646 Ry
     Harris-Foulkes estimate   =     -64.21886648 Ry
     estimated scf accuracy    <       0.00000003 Ry

     iteration #  5     ecut=    55.00 Ry     beta= 0.70
     Davidson diagonalization with overlap
     ethr =  2.91E-10,  avg # of iterations =  2.0

     negative rho (up, down):  1.210E-03 0.000E+00

     total cpu time spent up to now is       21.6 secs

     End of self-consistent calculation

          k = 0.0000 0.0000 0.0000 ( 46585 PWs)   bands (ev):

   -31.3135 -19.9294 -12.9102 -12.1859 -12.1859  -6.0107

     occupation numbers 
     1.0000   1.0000   1.0000   1.0000   1.0000   1.0000

     highest occupied level (ev):    -6.0107

!    total energy              =     -64.21886648 Ry
     Harris-Foulkes estimate   =     -64.21886647 Ry
     estimated scf accuracy    <          2.6E-09 Ry

     The total energy is the sum of the following terms:

     one-electron contribution =    -121.85423908 Ry
     hartree contribution      =      62.81313306 Ry
     xc contribution           =     -14.03798366 Ry
     ewald contribution        =       8.86022321 Ry

     convergence has been achieved in   5 iterations

     negative rho (up, down):  1.210E-03 0.000E+00

     Forces acting on atoms (cartesian axes, Ry/au):

     atom    1 type  1   force =     0.00000000    0.00000000    0.07304379
     atom    2 type  1   force =     0.00000000    0.00000000   -0.07304379
     The non-local contrib.  to forces
     atom    1 type  1   force =     0.00000000    0.00000000    2.25665350
     atom    2 type  1   force =     0.00000000    0.00000000   -2.25665350
     The ionic contribution  to forces
     atom    1 type  1   force =     0.00000000    0.00000000  -12.68419916
     atom    2 type  1   force =    -0.00000000   -0.00000000   12.68419916
     The local contribution  to forces
     atom    1 type  1   force =     0.00000000    0.00000000   10.51331698
     atom    2 type  1   force =     0.00000000    0.00000000  -10.51331698
     The core correction contribution to forces
     atom    1 type  1   force =     0.00000000    0.00000000   -0.01262364
     atom    2 type  1   force =     0.00000000    0.00000000    0.01262364
     The Hubbard contrib.    to forces
     atom    1 type  1   force =     0.00000000    0.00000000    0.00000000
     atom    2 type  1   force =     0.00000000    0.00000000    0.00000000
     The SCF correction term to forces
     atom    1 type  1   force =    -0.00000000   -0.00000000   -0.00010389
     atom    2 type  1   force =    -0.00000000    0.00000000    0.00010389

     Total force =     0.103300     Total SCF correction =     0.000147

     number of scf cycles    =   2
     number of bfgs steps    =   1

     energy   old            =     -64.2204368448 Ry
     energy   new            =     -64.2188664763 Ry

     CASE: energy  _new > energy  _old

     new trust radius        =       0.0149750997 bohr
     new conv_thr            =       0.0000000100 Ry


ATOMIC_POSITIONS (crystal)
O        0.500000000   0.500000000   0.438707552
O        0.500000000   0.500000000   0.561292448


     Check: negative starting charge=   -0.003039
     NEW-OLD atomic charge density approx. for the potential
     Check: negative starting charge=   -0.003073

     negative rho (up, down):  1.480E-03 0.000E+00

     total cpu time spent up to now is       23.0 secs

     Self-consistent Calculation

     iteration #  1     ecut=    55.00 Ry     beta= 0.70
     Davidson diagonalization with overlap
     ethr =  1.00E-06,  avg # of iterations =  4.0

     negative rho (up, down):  1.240E-03 0.000E+00

     total cpu time spent up to now is       24.6 secs

     total energy              =     -64.22084997 Ry
     Harris-Foulkes estimate   =     -64.22125659 Ry
     estimated scf accuracy    <       0.00062550 Ry

     iteration #  2     ecut=    55.00 Ry     beta= 0.70
     Davidson diagonalization with overlap
     ethr =  5.21E-06,  avg # of iterations =  2.0

     negative rho (up, down):  1.220E-03 0.000E+00

     total cpu time spent up to now is       26.1 secs

     total energy              =     -64.22100781 Ry
     Harris-Foulkes estimate   =     -64.22107221 Ry
     estimated scf accuracy    <       0.00011061 Ry

     iteration #  3     ecut=    55.00 Ry     beta= 0.70
     Davidson diagonalization with overlap
     ethr =  9.22E-07,  avg # of iterations =  2.0

     negative rho (up, down):  1.217E-03 0.000E+00

     total cpu time spent up to now is       27.7 secs

     total energy              =     -64.22103121 Ry
     Harris-Foulkes estimate   =     -64.22103133 Ry
     estimated scf accuracy    <       0.00000156 Ry

     iteration #  4     ecut=    55.00 Ry     beta= 0.70
     Davidson diagonalization with overlap
     ethr =  1.30E-08,  avg # of iterations =  2.0

     negative rho (up, down):  1.218E-03 0.000E+00

     total cpu time spent up to now is       28.7 secs

     total energy              =     -64.22103134 Ry
     Harris-Foulkes estimate   =     -64.22103134 Ry
     estimated scf accuracy    <       0.00000001 Ry

     iteration #  5     ecut=    55.00 Ry     beta= 0.70
     Davidson diagonalization with overlap
     ethr =  1.05E-10,  avg # of iterations =  2.0

     negative rho (up, down):  1.218E-03 0.000E+00

     total cpu time spent up to now is       29.9 secs

     End of self-consistent calculation

          k = 0.0000 0.0000 0.0000 ( 46585 PWs)   bands (ev):

   -31.9093 -19.7017 -12.9839 -12.4358 -12.4358  -5.7858

     occupation numbers 
     1.0000   1.0000   1.0000   1.0000   1.0000   1.0000

     highest occupied level (ev):    -5.7858

!    total energy              =     -64.22103135 Ry
     Harris-Foulkes estimate   =     -64.22103135 Ry
     estimated scf accuracy    <          9.7E-10 Ry

     The total energy is the sum of the following terms:

     one-electron contribution =    -123.16516401 Ry
     hartree contribution      =      63.44740495 Ry
     xc contribution           =     -14.08635020 Ry
     ewald contribution        =       9.58307791 Ry

     convergence has been achieved in   5 iterations

     negative rho (up, down):  1.218E-03 0.000E+00

     Forces acting on atoms (cartesian axes, Ry/au):

     atom    1 type  1   force =     0.00000000    0.00000000    0.00221194
     atom    2 type  1   force =     0.00000000    0.00000000   -0.00221194
     The non-local contrib.  to forces
     atom    1 type  1   force =     0.00000000    0.00000000    2.34439570
     atom    2 type  1   force =     0.00000000    0.00000000   -2.34439570
     The ionic contribution  to forces
     atom    1 type  1   force =    -0.00000000   -0.00000000  -13.30899954
     atom    2 type  1   force =     0.00000000    0.00000000   13.30899954
     The local contribution  to forces
     atom    1 type  1   force =     0.00000000    0.00000000   10.97914025
     atom    2 type  1   force =     0.00000000    0.00000000  -10.97914025
     The core correction contribution to forces
     atom    1 type  1   force =     0.00000000    0.00000000   -0.01236154
     atom    2 type  1   force =     0.00000000    0.00000000    0.01236154
     The Hubbard contrib.    to forces
     atom    1 type  1   force =     0.00000000    0.00000000    0.00000000
     atom    2 type  1   force =     0.00000000    0.00000000    0.00000000
     The SCF correction term to forces
     atom    1 type  1   force =     0.00000000    0.00000000    0.00003707
     atom    2 type  1   force =     0.00000000   -0.00000000   -0.00003707

     Total force =     0.003128     Total SCF correction =     0.000052

     number of scf cycles    =   3
     number of bfgs steps    =   1

     energy   old            =     -64.2204368448 Ry
     energy   new            =     -64.2210313463 Ry

     CASE: energy  _new < energy  _old

     new trust radius        =       0.0007360195 bohr
     new conv_thr            =       0.0000000002 Ry


ATOMIC_POSITIONS (crystal)
O        0.500000000   0.500000000   0.438746500
O        0.500000000   0.500000000   0.561253500


     Check: negative starting charge=   -0.003073
     NEW-OLD atomic charge density approx. for the potential
     Check: negative starting charge=   -0.003074

     negative rho (up, down):  1.219E-03 0.000E+00

     total cpu time spent up to now is       31.3 secs

     Self-consistent Calculation

     iteration #  1     ecut=    55.00 Ry     beta= 0.70
     Davidson diagonalization with overlap
     ethr =  1.00E-06,  avg # of iterations =  2.0

     Threshold (ethr) on eigenvalues was too large:
     Diagonalizing with lowered threshold

     Davidson diagonalization with overlap
     ethr =  4.10E-09,  avg # of iterations =  2.0

     negative rho (up, down):  1.219E-03 0.000E+00

     total cpu time spent up to now is       34.3 secs

     total energy              =     -64.22103291 Ry
     Harris-Foulkes estimate   =     -64.22103325 Ry
     estimated scf accuracy    <       0.00000050 Ry

     iteration #  2     ecut=    55.00 Ry     beta= 0.70
     Davidson diagonalization with overlap
     ethr =  4.18E-09,  avg # of iterations =  2.0

     negative rho (up, down):  1.218E-03 0.000E+00

     total cpu time spent up to now is       36.0 secs

     total energy              =     -64.22103303 Ry
     Harris-Foulkes estimate   =     -64.22103309 Ry
     estimated scf accuracy    <       0.00000009 Ry

     iteration #  3     ecut=    55.00 Ry     beta= 0.70
     Davidson diagonalization with overlap
     ethr =  7.31E-10,  avg # of iterations =  2.0

     negative rho (up, down):  1.218E-03 0.000E+00

     total cpu time spent up to now is       38.1 secs

     total energy              =     -64.22103305 Ry
     Harris-Foulkes estimate   =     -64.22103305 Ry
     estimated scf accuracy    <          1.2E-09 Ry

     iteration #  4     ecut=    55.00 Ry     beta= 0.70
     Davidson diagonalization with overlap
     ethr =  9.84E-12,  avg # of iterations =  2.0

     negative rho (up, down):  1.218E-03 0.000E+00

     total cpu time spent up to now is       39.4 secs

     End of self-consistent calculation

          k = 0.0000 0.0000 0.0000 ( 46585 PWs)   bands (ev):

   -31.9258 -19.6957 -12.9860 -12.4428 -12.4428  -5.7798

     occupation numbers 
     1.0000   1.0000   1.0000   1.0000   1.0000   1.0000

     highest occupied level (ev):    -5.7798

!    total energy              =     -64.22103305 Ry
     Harris-Foulkes estimate   =     -64.22103305 Ry
     estimated scf accuracy    <          7.1E-12 Ry

     The total energy is the sum of the following terms:

     one-electron contribution =    -123.20069431 Ry
     hartree contribution      =      63.46468863 Ry
     xc contribution           =     -14.08770927 Ry
     ewald contribution        =       9.60268189 Ry

     convergence has been achieved in   4 iterations

     negative rho (up, down):  1.218E-03 0.000E+00

     Forces acting on atoms (cartesian axes, Ry/au):

     atom    1 type  1   force =     0.00000000    0.00000000    0.00010525
     atom    2 type  1   force =     0.00000000    0.00000000   -0.00010525
     The non-local contrib.  to forces
     atom    1 type  1   force =     0.00000000    0.00000000    2.34670205
     atom    2 type  1   force =     0.00000000    0.00000000   -2.34670205
     The ionic contribution  to forces
     atom    1 type  1   force =    -0.00000000   -0.00000000  -13.32614243
     atom    2 type  1   force =     0.00000000    0.00000000   13.32614243
     The local contribution  to forces
     atom    1 type  1   force =     0.00000000    0.00000000   10.99190316
     atom    2 type  1   force =     0.00000000    0.00000000  -10.99190316
     The core correction contribution to forces
     atom    1 type  1   force =     0.00000000    0.00000000   -0.01235292
     atom    2 type  1   force =     0.00000000    0.00000000    0.01235292
     The Hubbard contrib.    to forces
     atom    1 type  1   force =     0.00000000    0.00000000    0.00000000
     atom    2 type  1   force =     0.00000000    0.00000000    0.00000000
     The SCF correction term to forces
     atom    1 type  1   force =    -0.00000000    0.00000000   -0.00000462
     atom    2 type  1   force =     0.00000000    0.00000000    0.00000462

     Total force =     0.000149     Total SCF correction =     0.000007

     bfgs converged in   4 scf cycles and   2 bfgs steps
     (criteria: energy <  1.0E-04 Ry, force <  1.0E-03 Ry/Bohr)

     End of BFGS Geometry Optimization

     Final energy   =     -64.2210330496 Ry
Begin final coordinates

ATOMIC_POSITIONS (crystal)
O        0.500000000   0.500000000   0.438746500
O        0.500000000   0.500000000   0.561253500
End final coordinates


 
     init_run     :      3.02s CPU      1.49s WALL (       1 calls)
     electrons    :     73.65s CPU     33.66s WALL (       4 calls)
     update_pot   :      2.35s CPU      1.05s WALL (       3 calls)
     forces       :      6.99s CPU      3.06s WALL (       4 calls)

     Called by init_run:
     wfcinit      :      0.70s CPU      0.26s WALL (       1 calls)
     wfcinit:atom :      0.01s CPU      0.00s WALL (       1 calls)
     wfcinit:wfcr :      0.65s CPU      0.23s WALL (       1 calls)
     potinit      :      0.69s CPU      0.32s WALL (       1 calls)
     hinit0       :      0.81s CPU      0.41s WALL (       1 calls)

     Called by electrons:
     c_bands      :     27.25s CPU     12.27s WALL (      23 calls)
     sum_band     :     20.27s CPU      9.33s WALL (      23 calls)
     v_of_rho     :     10.46s CPU      4.77s WALL (      25 calls)
     v_h          :      1.15s CPU      0.54s WALL (      25 calls)
     v_xc         :     11.11s CPU      5.03s WALL (      29 calls)
     newd         :     17.05s CPU      7.94s WALL (      25 calls)
     mix_rho      :      2.08s CPU      0.95s WALL (      23 calls)

     Called by c_bands:
     init_us_2    :      0.29s CPU      0.14s WALL (      47 calls)
     cegterg      :     26.17s CPU     11.79s WALL (      23 calls)

     Called by sum_band:
     sum_band:bec :      0.06s CPU      0.03s WALL (      23 calls)
     addusdens    :      9.21s CPU      4.38s WALL (      23 calls)

     Called by *egterg:
     h_psi        :     22.59s CPU     10.07s WALL (      75 calls)
     s_psi        :      0.12s CPU      0.04s WALL (      75 calls)
     g_psi        :      0.10s CPU      0.04s WALL (      51 calls)
     cdiaghg      :      0.14s CPU      0.07s WALL (      69 calls)
     cegterg:over :      1.36s CPU      0.62s WALL (      51 calls)
     cegterg:upda :      0.42s CPU      0.21s WALL (      51 calls)
     cegterg:last :      0.03s CPU      0.01s WALL (      25 calls)

     Called by h_psi:
     h_psi:pot    :     22.51s CPU     10.04s WALL (      75 calls)
     h_psi:calbec :      1.22s CPU      0.54s WALL (      75 calls)
     vloc_psi     :     20.97s CPU      9.34s WALL (      75 calls)
     add_vuspsi   :      0.32s CPU      0.16s WALL (      75 calls)

     General routines
     calbec       :      2.23s CPU      0.97s WALL (     114 calls)
     fft          :     13.00s CPU      5.97s WALL (     328 calls)
     ffts         :      0.76s CPU      0.33s WALL (      23 calls)
     fftw         :     23.56s CPU     10.47s WALL (     948 calls)
 
     Parallel routines
     fft_scatt_xy :      2.16s CPU      0.98s WALL (    1299 calls)
     fft_scatt_yz :     27.93s CPU     12.43s WALL (    1299 calls)
 
     PWSCF        :  1m28.42s CPU        40.42s WALL

 
   This run was terminated on:   9: 7:59  19Mar2019            

=------------------------------------------------------------------------------=
   JOB DONE.
=------------------------------------------------------------------------------=
