
     Program PWSCF v.6.3MaX starts on 19Mar2019 at  9: 4:45 

     This program is part of the open-source Quantum ESPRESSO suite
     for quantum simulation of materials; please cite
         "P. Giannozzi et al., J. Phys.:Condens. Matter 21 395502 (2009);
         "P. Giannozzi et al., J. Phys.:Condens. Matter 29 465901 (2017);
          URL http://www.quantum-espresso.org", 
     in publications or presentations arising from this work. More details at
     http://www.quantum-espresso.org/quote

 *** WARNING: using old-style file format, will disappear from next version ***

     Parallel version (MPI & OpenMP), running on      20 processor cores
     Number of MPI processes:                 5
     Threads/MPI process:                     4

     MPI processes distributed on     1 nodes
     R & G space division:  proc/nbgrp/npool/nimage =       5
     Reading input from /home/azadoks/dftman/projects/HW5_3/ConvergenceWorkflows/b959a7bdb810/a01f8e16c13e/pwscf.in
Warning: card &CELL ignored
Warning: card / ignored

     Current dimensions of program PWSCF are:
     Max number of different atomic species (ntypx) = 10
     Max number of k-points (npk) =  40000
     Max angular momentum in pseudopotentials (lmaxx) =  3
     Message from routine iosys:
     minimal I/O required, wf_collect reset to FALSE

     Subspace diagonalization in iterative solution of the eigenvalue problem:
     a serial algorithm will be used

 
     Parallelization info
     --------------------
     sticks:   dense  smooth     PW     G-vecs:    dense   smooth      PW
     Min         797     797    197                37809    37809    4715
     Max         797     797    198                37811    37811    4718
     Sum        3985    3985    989               189047   189047   23583
 


     bravais-lattice index     =            0
     lattice parameter (alat)  =      18.8973  a.u.
     unit-cell volume          =    6748.3346 (a.u.)^3
     number of atoms/cell      =            2
     number of atomic types    =            1
     number of electrons       =        12.00
     number of Kohn-Sham states=            6
     kinetic-energy cutoff     =      35.0000  Ry
     charge density cutoff     =     140.0000  Ry
     convergence threshold     =      1.0E-08
     mixing beta               =       0.7000
     number of iterations used =            8  plain     mixing
     Exchange-correlation      = SLA  PW   PBE  PBE ( 1  4  3  4 0 0)
     nstep                     =           50


     celldm(1)=  18.897261  celldm(2)=   0.000000  celldm(3)=   0.000000
     celldm(4)=   0.000000  celldm(5)=   0.000000  celldm(6)=   0.000000

     crystal axes: (cart. coord. in units of alat)
               a(1) = (   1.000000   0.000000   0.000000 )  
               a(2) = (   0.000000   1.000000   0.000000 )  
               a(3) = (   0.000000   0.000000   1.000000 )  

     reciprocal axes: (cart. coord. in units 2 pi/alat)
               b(1) = (  1.000000  0.000000  0.000000 )  
               b(2) = (  0.000000  1.000000  0.000000 )  
               b(3) = (  0.000000  0.000000  1.000000 )  


     PseudoPot. # 1 for O  read from file:
     /home/azadoks/.local/share/pseudo/GBRV_PBE_US/o_pbe_v1.2.uspp.F.UPF
     MD5 check sum: 734c27235a0248c51dbae37a1fbe46ec
     Pseudo is Ultrasoft + core correction, Zval =  6.0
     Generated by new atomic code, or converted to UPF format
     Using radial grid of  737 points,  5 beta functions with: 
                l(1) =   0
                l(2) =   0
                l(3) =   1
                l(4) =   1
                l(5) =   2
     Q(r) pseudized with  8 coefficients,  rinner =    0.900   0.900   0.900
                                                       0.900   0.900

     atomic species   valence    mass     pseudopotential
        O              6.00    15.99940     O ( 1.00)

     16 Sym. Ops., with inversion, found


                                    s                        frac. trans.

      isym =  1     identity                                     

 cryst.   s( 1) = (     1          0          0      )
                  (     0          1          0      )
                  (     0          0          1      )

 cart.    s( 1) = (  1.0000000  0.0000000  0.0000000 )
                  (  0.0000000  1.0000000  0.0000000 )
                  (  0.0000000  0.0000000  1.0000000 )


      isym =  2     180 deg rotation - cart. axis [0,0,1]        

 cryst.   s( 2) = (    -1          0          0      )
                  (     0         -1          0      )
                  (     0          0          1      )

 cart.    s( 2) = ( -1.0000000  0.0000000  0.0000000 )
                  (  0.0000000 -1.0000000  0.0000000 )
                  (  0.0000000  0.0000000  1.0000000 )


      isym =  3     180 deg rotation - cart. axis [0,1,0]        

 cryst.   s( 3) = (    -1          0          0      )
                  (     0          1          0      )
                  (     0          0         -1      )

 cart.    s( 3) = ( -1.0000000  0.0000000  0.0000000 )
                  (  0.0000000  1.0000000  0.0000000 )
                  (  0.0000000  0.0000000 -1.0000000 )


      isym =  4     180 deg rotation - cart. axis [1,0,0]        

 cryst.   s( 4) = (     1          0          0      )
                  (     0         -1          0      )
                  (     0          0         -1      )

 cart.    s( 4) = (  1.0000000  0.0000000  0.0000000 )
                  (  0.0000000 -1.0000000  0.0000000 )
                  (  0.0000000  0.0000000 -1.0000000 )


      isym =  5     180 deg rotation - cart. axis [1,1,0]        

 cryst.   s( 5) = (     0          1          0      )
                  (     1          0          0      )
                  (     0          0         -1      )

 cart.    s( 5) = (  0.0000000  1.0000000  0.0000000 )
                  (  1.0000000  0.0000000  0.0000000 )
                  (  0.0000000  0.0000000 -1.0000000 )


      isym =  6     180 deg rotation - cart. axis [1,-1,0]       

 cryst.   s( 6) = (     0         -1          0      )
                  (    -1          0          0      )
                  (     0          0         -1      )

 cart.    s( 6) = (  0.0000000 -1.0000000  0.0000000 )
                  ( -1.0000000  0.0000000  0.0000000 )
                  (  0.0000000  0.0000000 -1.0000000 )


      isym =  7      90 deg rotation - cart. axis [0,0,-1]       

 cryst.   s( 7) = (     0         -1          0      )
                  (     1          0          0      )
                  (     0          0          1      )

 cart.    s( 7) = (  0.0000000  1.0000000  0.0000000 )
                  ( -1.0000000  0.0000000  0.0000000 )
                  (  0.0000000  0.0000000  1.0000000 )


      isym =  8      90 deg rotation - cart. axis [0,0,1]        

 cryst.   s( 8) = (     0          1          0      )
                  (    -1          0          0      )
                  (     0          0          1      )

 cart.    s( 8) = (  0.0000000 -1.0000000  0.0000000 )
                  (  1.0000000  0.0000000  0.0000000 )
                  (  0.0000000  0.0000000  1.0000000 )


      isym =  9     inversion                                    

 cryst.   s( 9) = (    -1          0          0      )
                  (     0         -1          0      )
                  (     0          0         -1      )

 cart.    s( 9) = ( -1.0000000  0.0000000  0.0000000 )
                  (  0.0000000 -1.0000000  0.0000000 )
                  (  0.0000000  0.0000000 -1.0000000 )


      isym = 10     inv. 180 deg rotation - cart. axis [0,0,1]   

 cryst.   s(10) = (     1          0          0      )
                  (     0          1          0      )
                  (     0          0         -1      )

 cart.    s(10) = (  1.0000000  0.0000000  0.0000000 )
                  (  0.0000000  1.0000000  0.0000000 )
                  (  0.0000000  0.0000000 -1.0000000 )


      isym = 11     inv. 180 deg rotation - cart. axis [0,1,0]   

 cryst.   s(11) = (     1          0          0      )
                  (     0         -1          0      )
                  (     0          0          1      )

 cart.    s(11) = (  1.0000000  0.0000000  0.0000000 )
                  (  0.0000000 -1.0000000  0.0000000 )
                  (  0.0000000  0.0000000  1.0000000 )


      isym = 12     inv. 180 deg rotation - cart. axis [1,0,0]   

 cryst.   s(12) = (    -1          0          0      )
                  (     0          1          0      )
                  (     0          0          1      )

 cart.    s(12) = ( -1.0000000  0.0000000  0.0000000 )
                  (  0.0000000  1.0000000  0.0000000 )
                  (  0.0000000  0.0000000  1.0000000 )


      isym = 13     inv. 180 deg rotation - cart. axis [1,1,0]   

 cryst.   s(13) = (     0         -1          0      )
                  (    -1          0          0      )
                  (     0          0          1      )

 cart.    s(13) = (  0.0000000 -1.0000000  0.0000000 )
                  ( -1.0000000  0.0000000  0.0000000 )
                  (  0.0000000  0.0000000  1.0000000 )


      isym = 14     inv. 180 deg rotation - cart. axis [1,-1,0]  

 cryst.   s(14) = (     0          1          0      )
                  (     1          0          0      )
                  (     0          0          1      )

 cart.    s(14) = (  0.0000000  1.0000000  0.0000000 )
                  (  1.0000000  0.0000000  0.0000000 )
                  (  0.0000000  0.0000000  1.0000000 )


      isym = 15     inv.  90 deg rotation - cart. axis [0,0,-1]  

 cryst.   s(15) = (     0          1          0      )
                  (    -1          0          0      )
                  (     0          0         -1      )

 cart.    s(15) = (  0.0000000 -1.0000000  0.0000000 )
                  (  1.0000000  0.0000000  0.0000000 )
                  (  0.0000000  0.0000000 -1.0000000 )


      isym = 16     inv.  90 deg rotation - cart. axis [0,0,1]   

 cryst.   s(16) = (     0         -1          0      )
                  (     1          0          0      )
                  (     0          0         -1      )

 cart.    s(16) = (  0.0000000  1.0000000  0.0000000 )
                  ( -1.0000000  0.0000000  0.0000000 )
                  (  0.0000000  0.0000000 -1.0000000 )


   Cartesian axes

     site n.     atom                  positions (alat units)
         1           O   tau(   1) = (   0.5000000   0.5000000   0.4395000  )
         2           O   tau(   2) = (   0.5000000   0.5000000   0.5605000  )

   Crystallographic axes

     site n.     atom                  positions (cryst. coord.)
         1           O   tau(   1) = (  0.5000000  0.5000000  0.4395000  )
         2           O   tau(   2) = (  0.5000000  0.5000000  0.5605000  )

     number of k points=     1
                       cart. coord. in units 2pi/alat
        k(    1) = (   0.0000000   0.0000000   0.0000000), wk =   2.0000000

                       cryst. coord.
        k(    1) = (   0.0000000   0.0000000   0.0000000), wk =   2.0000000

     Dense  grid:   189047 G-vectors     FFT dimensions: (  72,  72,  72)

     Dynamical RAM for                 wfc:       0.43 MB

     Dynamical RAM for     wfc (w. buffer):       0.43 MB

     Dynamical RAM for           str. fact:       0.58 MB

     Dynamical RAM for           local pot:       0.00 MB

     Dynamical RAM for          nlocal pot:       1.87 MB

     Dynamical RAM for                qrad:       2.04 MB

     Dynamical RAM for          rho,v,vnew:       3.51 MB

     Dynamical RAM for               rhoin:       1.17 MB

     Dynamical RAM for            rho*nmix:       9.23 MB

     Dynamical RAM for           G-vectors:       2.45 MB

     Dynamical RAM for          h,s,v(r/c):       0.03 MB

     Dynamical RAM for          <psi|beta>:       0.00 MB

     Dynamical RAM for                 psi:       1.73 MB

     Dynamical RAM for                hpsi:       1.73 MB

     Dynamical RAM for                spsi:       1.73 MB

     Dynamical RAM for      wfcinit/wfcrot:       1.15 MB

     Dynamical RAM for           addusdens:      62.31 MB

     Dynamical RAM for          addusforce:      63.76 MB

     Estimated static dynamical RAM per process >      25.40 MB

     Estimated max dynamical RAM per process >      89.16 MB

     Estimated total dynamical RAM >     445.80 MB

     Check: negative/imaginary core charge=   -0.000002    0.000000

     Initial potential from superposition of free atoms
     Check: negative starting charge=   -0.005786

     starting charge   12.00000, renormalised to   12.00000

     negative rho (up, down):  5.786E-03 0.000E+00
     Starting wfcs are    8 randomized atomic wfcs

     total cpu time spent up to now is        1.4 secs

     Self-consistent Calculation

     iteration #  1     ecut=    35.00 Ry     beta= 0.70
     Davidson diagonalization with overlap
     ethr =  1.00E-02,  avg # of iterations =  2.0

     Threshold (ethr) on eigenvalues was too large:
     Diagonalizing with lowered threshold

     Davidson diagonalization with overlap
     ethr =  3.71E-04,  avg # of iterations =  2.0

     negative rho (up, down):  6.574E-03 0.000E+00

     total cpu time spent up to now is        2.4 secs

     total energy              =     -64.20797709 Ry
     Harris-Foulkes estimate   =     -64.23401376 Ry
     estimated scf accuracy    <       0.04363234 Ry

     iteration #  2     ecut=    35.00 Ry     beta= 0.70
     Davidson diagonalization with overlap
     ethr =  3.64E-04,  avg # of iterations =  2.0

     negative rho (up, down):  7.090E-03 0.000E+00

     total cpu time spent up to now is        3.4 secs

     total energy              =     -64.21571144 Ry
     Harris-Foulkes estimate   =     -64.21642890 Ry
     estimated scf accuracy    <       0.00176163 Ry

     iteration #  3     ecut=    35.00 Ry     beta= 0.70
     Davidson diagonalization with overlap
     ethr =  1.47E-05,  avg # of iterations =  2.0

     negative rho (up, down):  7.386E-03 0.000E+00

     total cpu time spent up to now is        4.5 secs

     total energy              =     -64.21606493 Ry
     Harris-Foulkes estimate   =     -64.21614222 Ry
     estimated scf accuracy    <       0.00020737 Ry

     iteration #  4     ecut=    35.00 Ry     beta= 0.70
     Davidson diagonalization with overlap
     ethr =  1.73E-06,  avg # of iterations =  2.0

     negative rho (up, down):  7.498E-03 0.000E+00

     total cpu time spent up to now is        5.2 secs

     total energy              =     -64.21610039 Ry
     Harris-Foulkes estimate   =     -64.21610204 Ry
     estimated scf accuracy    <       0.00001208 Ry

     iteration #  5     ecut=    35.00 Ry     beta= 0.70
     Davidson diagonalization with overlap
     ethr =  1.01E-07,  avg # of iterations =  2.0

     negative rho (up, down):  7.499E-03 0.000E+00

     total cpu time spent up to now is        6.3 secs

     total energy              =     -64.21610134 Ry
     Harris-Foulkes estimate   =     -64.21610139 Ry
     estimated scf accuracy    <       0.00000012 Ry

     iteration #  6     ecut=    35.00 Ry     beta= 0.70
     Davidson diagonalization with overlap
     ethr =  1.01E-09,  avg # of iterations =  2.0

     negative rho (up, down):  7.499E-03 0.000E+00

     total cpu time spent up to now is        7.1 secs

     total energy              =     -64.21610139 Ry
     Harris-Foulkes estimate   =     -64.21610140 Ry
     estimated scf accuracy    <       0.00000001 Ry

     iteration #  7     ecut=    35.00 Ry     beta= 0.70
     Davidson diagonalization with overlap
     ethr =  1.12E-10,  avg # of iterations =  4.0

     negative rho (up, down):  7.500E-03 0.000E+00

     total cpu time spent up to now is        8.1 secs

     End of self-consistent calculation

          k = 0.0000 0.0000 0.0000 ( 23583 PWs)   bands (ev):

   -32.2487 -19.5803 -13.0245 -12.5800 -12.5800  -5.6540

     occupation numbers 
     1.0000   1.0000   1.0000   1.0000   1.0000   1.0000

     highest occupied level (ev):    -5.6540

!    total energy              =     -64.21610139 Ry
     Harris-Foulkes estimate   =     -64.21610140 Ry
     estimated scf accuracy    <          6.2E-10 Ry

     The total energy is the sum of the following terms:

     one-electron contribution =    -123.88440035 Ry
     hartree contribution      =      63.79445561 Ry
     xc contribution           =     -14.11312799 Ry
     ewald contribution        =       9.98697134 Ry

     convergence has been achieved in   7 iterations

     negative rho (up, down):  7.500E-03 0.000E+00

     Forces acting on atoms (cartesian axes, Ry/au):

     atom    1 type  1   force =     0.00000000    0.00000000   -0.04700266
     atom    2 type  1   force =     0.00000000    0.00000000    0.04700266
     The non-local contrib.  to forces
     atom    1 type  1   force =     0.00000000    0.00000000    2.39160423
     atom    2 type  1   force =     0.00000000    0.00000000   -2.39160423
     The ionic contribution  to forces
     atom    1 type  1   force =    -0.00000000   -0.00000000  -13.66430279
     atom    2 type  1   force =     0.00000000    0.00000000   13.66430279
     The local contribution  to forces
     atom    1 type  1   force =     0.00000000    0.00000000   11.23790961
     atom    2 type  1   force =     0.00000000    0.00000000  -11.23790961
     The core correction contribution to forces
     atom    1 type  1   force =     0.00000000    0.00000000   -0.01214012
     atom    2 type  1   force =    -0.00000000   -0.00000000    0.01214012
     The Hubbard contrib.    to forces
     atom    1 type  1   force =     0.00000000    0.00000000    0.00000000
     atom    2 type  1   force =     0.00000000    0.00000000    0.00000000
     The SCF correction term to forces
     atom    1 type  1   force =    -0.00000000    0.00000000   -0.00007359
     atom    2 type  1   force =    -0.00000000   -0.00000000    0.00007359

     Total force =     0.066472     Total SCF correction =     0.000104

     BFGS Geometry Optimization

     number of scf cycles    =   1
     number of bfgs steps    =   0

     energy   new            =     -64.2161013945 Ry

     new trust radius        =       0.0470026618 bohr
     new conv_thr            =       0.0000000100 Ry


ATOMIC_POSITIONS (crystal)
O        0.500000000   0.500000000   0.437012726
O        0.500000000   0.500000000   0.562987274


     Check: negative starting charge=   -0.005786
     NEW-OLD atomic charge density approx. for the potential

     Check: negative/imaginary core charge=   -0.000002    0.000000
     Check: negative starting charge=   -0.005693

     negative rho (up, down):  6.662E-03 0.000E+00

     total cpu time spent up to now is        9.0 secs

     Self-consistent Calculation

     iteration #  1     ecut=    35.00 Ry     beta= 0.70
     Davidson diagonalization with overlap
     ethr =  1.00E-06,  avg # of iterations =  4.0

     negative rho (up, down):  6.958E-03 0.000E+00

     total cpu time spent up to now is        9.9 secs

     total energy              =     -64.21371386 Ry
     Harris-Foulkes estimate   =     -64.21489148 Ry
     estimated scf accuracy    <       0.00183291 Ry

     iteration #  2     ecut=    35.00 Ry     beta= 0.70
     Davidson diagonalization with overlap
     ethr =  1.53E-05,  avg # of iterations =  2.0

     negative rho (up, down):  7.130E-03 0.000E+00

     total cpu time spent up to now is       10.4 secs

     total energy              =     -64.21417810 Ry
     Harris-Foulkes estimate   =     -64.21436649 Ry
     estimated scf accuracy    <       0.00032626 Ry

     iteration #  3     ecut=    35.00 Ry     beta= 0.70
     Davidson diagonalization with overlap
     ethr =  2.72E-06,  avg # of iterations =  2.0

     negative rho (up, down):  7.258E-03 0.000E+00

     total cpu time spent up to now is       10.8 secs

     total energy              =     -64.21424609 Ry
     Harris-Foulkes estimate   =     -64.21424624 Ry
     estimated scf accuracy    <       0.00000473 Ry

     iteration #  4     ecut=    35.00 Ry     beta= 0.70
     Davidson diagonalization with overlap
     ethr =  3.94E-08,  avg # of iterations =  2.0

     negative rho (up, down):  7.264E-03 0.000E+00

     total cpu time spent up to now is       11.4 secs

     total energy              =     -64.21424644 Ry
     Harris-Foulkes estimate   =     -64.21424645 Ry
     estimated scf accuracy    <       0.00000004 Ry

     iteration #  5     ecut=    35.00 Ry     beta= 0.70
     Davidson diagonalization with overlap
     ethr =  3.74E-10,  avg # of iterations =  2.0

     negative rho (up, down):  7.265E-03 0.000E+00

     total cpu time spent up to now is       11.8 secs

     End of self-consistent calculation

          k = 0.0000 0.0000 0.0000 ( 23583 PWs)   bands (ev):

   -31.2298 -19.9655 -12.8990 -12.1501 -12.1501  -6.0395

     occupation numbers 
     1.0000   1.0000   1.0000   1.0000   1.0000   1.0000

     highest occupied level (ev):    -6.0395

!    total energy              =     -64.21424645 Ry
     Harris-Foulkes estimate   =     -64.21424645 Ry
     estimated scf accuracy    <          4.1E-09 Ry

     The total energy is the sum of the following terms:

     one-electron contribution =    -121.65265518 Ry
     hartree contribution      =      62.71480345 Ry
     xc contribution           =     -14.03019258 Ry
     ewald contribution        =       8.75379786 Ry

     convergence has been achieved in   5 iterations

     negative rho (up, down):  7.265E-03 0.000E+00

     Forces acting on atoms (cartesian axes, Ry/au):

     atom    1 type  1   force =     0.00000000    0.00000000    0.07878519
     atom    2 type  1   force =     0.00000000    0.00000000   -0.07878519
     The non-local contrib.  to forces
     atom    1 type  1   force =     0.00000000    0.00000000    2.24426997
     atom    2 type  1   force =     0.00000000    0.00000000   -2.24426997
     The ionic contribution  to forces
     atom    1 type  1   force =     0.00000000    0.00000000  -12.59341103
     atom    2 type  1   force =    -0.00000000   -0.00000000   12.59341103
     The local contribution  to forces
     atom    1 type  1   force =     0.00000000    0.00000000   10.44075368
     atom    2 type  1   force =     0.00000000    0.00000000  -10.44075368
     The core correction contribution to forces
     atom    1 type  1   force =     0.00000000    0.00000000   -0.01267059
     atom    2 type  1   force =     0.00000000    0.00000000    0.01267059
     The Hubbard contrib.    to forces
     atom    1 type  1   force =     0.00000000    0.00000000    0.00000000
     atom    2 type  1   force =     0.00000000    0.00000000    0.00000000
     The SCF correction term to forces
     atom    1 type  1   force =    -0.00000000   -0.00000000   -0.00015683
     atom    2 type  1   force =    -0.00000000   -0.00000000    0.00015683

     Total force =     0.111419     Total SCF correction =     0.000222

     number of scf cycles    =   2
     number of bfgs steps    =   1

     energy   old            =     -64.2161013945 Ry
     energy   new            =     -64.2142464522 Ry

     CASE: energy  _new > energy  _old

     new trust radius        =       0.0165524171 bohr
     new conv_thr            =       0.0000000100 Ry


ATOMIC_POSITIONS (crystal)
O        0.500000000   0.500000000   0.438624084
O        0.500000000   0.500000000   0.561375916


     Check: negative starting charge=   -0.005693
     NEW-OLD atomic charge density approx. for the potential

     Check: negative/imaginary core charge=   -0.000002    0.000000
     Check: negative starting charge=   -0.005763

     negative rho (up, down):  7.690E-03 0.000E+00

     total cpu time spent up to now is       12.4 secs

     Self-consistent Calculation

     iteration #  1     ecut=    35.00 Ry     beta= 0.70
     Davidson diagonalization with overlap
     ethr =  1.00E-06,  avg # of iterations =  4.0

     negative rho (up, down):  7.577E-03 0.000E+00

     total cpu time spent up to now is       13.4 secs

     total energy              =     -64.21660462 Ry
     Harris-Foulkes estimate   =     -64.21708127 Ry
     estimated scf accuracy    <       0.00074079 Ry

     iteration #  2     ecut=    35.00 Ry     beta= 0.70
     Davidson diagonalization with overlap
     ethr =  6.17E-06,  avg # of iterations =  2.0

     negative rho (up, down):  7.506E-03 0.000E+00

     total cpu time spent up to now is       13.9 secs

     total energy              =     -64.21679099 Ry
     Harris-Foulkes estimate   =     -64.21686612 Ry
     estimated scf accuracy    <       0.00012971 Ry

     iteration #  3     ecut=    35.00 Ry     beta= 0.70
     Davidson diagonalization with overlap
     ethr =  1.08E-06,  avg # of iterations =  2.0

     negative rho (up, down):  7.471E-03 0.000E+00

     total cpu time spent up to now is       14.3 secs

     total energy              =     -64.21681850 Ry
     Harris-Foulkes estimate   =     -64.21681855 Ry
     estimated scf accuracy    <       0.00000188 Ry

     iteration #  4     ecut=    35.00 Ry     beta= 0.70
     Davidson diagonalization with overlap
     ethr =  1.56E-08,  avg # of iterations =  2.0

     negative rho (up, down):  7.470E-03 0.000E+00

     total cpu time spent up to now is       14.7 secs

     total energy              =     -64.21681863 Ry
     Harris-Foulkes estimate   =     -64.21681864 Ry
     estimated scf accuracy    <       0.00000002 Ry

     iteration #  5     ecut=    35.00 Ry     beta= 0.70
     Davidson diagonalization with overlap
     ethr =  1.31E-10,  avg # of iterations =  2.0

     negative rho (up, down):  7.470E-03 0.000E+00

     total cpu time spent up to now is       15.5 secs

     End of self-consistent calculation

          k = 0.0000 0.0000 0.0000 ( 23583 PWs)   bands (ev):

   -31.8767 -19.7168 -12.9795 -12.4215 -12.4215  -5.7946

     occupation numbers 
     1.0000   1.0000   1.0000   1.0000   1.0000   1.0000

     highest occupied level (ev):    -5.7946

!    total energy              =     -64.21681864 Ry
     Harris-Foulkes estimate   =     -64.21681864 Ry
     estimated scf accuracy    <          1.3E-09 Ry

     The total energy is the sum of the following terms:

     one-electron contribution =    -123.08152870 Ry
     hartree contribution      =      63.40632285 Ry
     xc contribution           =     -14.08276348 Ry
     ewald contribution        =       9.54115070 Ry

     convergence has been achieved in   5 iterations

     negative rho (up, down):  7.470E-03 0.000E+00

     Forces acting on atoms (cartesian axes, Ry/au):

     atom    1 type  1   force =     0.00000000    0.00000000    0.00262655
     atom    2 type  1   force =     0.00000000    0.00000000   -0.00262655
     The non-local contrib.  to forces
     atom    1 type  1   force =     0.00000000    0.00000000    2.34008358
     atom    2 type  1   force =     0.00000000    0.00000000   -2.34008358
     The ionic contribution  to forces
     atom    1 type  1   force =     0.00000000    0.00000000  -13.27237104
     atom    2 type  1   force =    -0.00000000   -0.00000000   13.27237104
     The local contribution  to forces
     atom    1 type  1   force =     0.00000000    0.00000000   10.94720173
     atom    2 type  1   force =     0.00000000    0.00000000  -10.94720173
     The core correction contribution to forces
     atom    1 type  1   force =     0.00000000    0.00000000   -0.01234877
     atom    2 type  1   force =     0.00000000    0.00000000    0.01234877
     The Hubbard contrib.    to forces
     atom    1 type  1   force =     0.00000000    0.00000000    0.00000000
     atom    2 type  1   force =     0.00000000    0.00000000    0.00000000
     The SCF correction term to forces
     atom    1 type  1   force =     0.00000000    0.00000000    0.00006105
     atom    2 type  1   force =    -0.00000000   -0.00000000   -0.00006105

     Total force =     0.003714     Total SCF correction =     0.000086

     number of scf cycles    =   3
     number of bfgs steps    =   1

     energy   old            =     -64.2161013945 Ry
     energy   new            =     -64.2168186380 Ry

     CASE: energy  _new < energy  _old

     new trust radius        =       0.0008760107 bohr
     new conv_thr            =       0.0000000003 Ry


ATOMIC_POSITIONS (crystal)
O        0.500000000   0.500000000   0.438670440
O        0.500000000   0.500000000   0.561329560


     Check: negative starting charge=   -0.005763
     NEW-OLD atomic charge density approx. for the potential

     Check: negative/imaginary core charge=   -0.000002    0.000000
     Check: negative starting charge=   -0.005765

     negative rho (up, down):  7.484E-03 0.000E+00

     total cpu time spent up to now is       16.3 secs

     Self-consistent Calculation

     iteration #  1     ecut=    35.00 Ry     beta= 0.70
     Davidson diagonalization with overlap
     ethr =  1.00E-06,  avg # of iterations =  2.0

     Threshold (ethr) on eigenvalues was too large:
     Diagonalizing with lowered threshold

     Davidson diagonalization with overlap
     ethr =  5.74E-09,  avg # of iterations =  2.0

     negative rho (up, down):  7.478E-03 0.000E+00

     total cpu time spent up to now is       17.8 secs

     total energy              =     -64.21682086 Ry
     Harris-Foulkes estimate   =     -64.21682132 Ry
     estimated scf accuracy    <       0.00000071 Ry

     iteration #  2     ecut=    35.00 Ry     beta= 0.70
     Davidson diagonalization with overlap
     ethr =  5.91E-09,  avg # of iterations =  2.0

     negative rho (up, down):  7.476E-03 0.000E+00

     total cpu time spent up to now is       19.0 secs

     total energy              =     -64.21682104 Ry
     Harris-Foulkes estimate   =     -64.21682112 Ry
     estimated scf accuracy    <       0.00000012 Ry

     iteration #  3     ecut=    35.00 Ry     beta= 0.70
     Davidson diagonalization with overlap
     ethr =  1.03E-09,  avg # of iterations =  2.0

     negative rho (up, down):  7.474E-03 0.000E+00

     total cpu time spent up to now is       20.6 secs

     total energy              =     -64.21682107 Ry
     Harris-Foulkes estimate   =     -64.21682107 Ry
     estimated scf accuracy    <          1.7E-09 Ry

     iteration #  4     ecut=    35.00 Ry     beta= 0.70
     Davidson diagonalization with overlap
     ethr =  1.39E-11,  avg # of iterations =  2.0

     negative rho (up, down):  7.474E-03 0.000E+00

     total cpu time spent up to now is       22.1 secs

     End of self-consistent calculation

          k = 0.0000 0.0000 0.0000 ( 23583 PWs)   bands (ev):

   -31.8963 -19.7097 -12.9820 -12.4298 -12.4298  -5.7875

     occupation numbers 
     1.0000   1.0000   1.0000   1.0000   1.0000   1.0000

     highest occupied level (ev):    -5.7875

!    total energy              =     -64.21682107 Ry
     Harris-Foulkes estimate   =     -64.21682107 Ry
     estimated scf accuracy    <          1.1E-11 Ry

     The total energy is the sum of the following terms:

     one-electron contribution =    -123.12371938 Ry
     hartree contribution      =      63.42685128 Ry
     xc contribution           =     -14.08437494 Ry
     ewald contribution        =       9.56442197 Ry

     convergence has been achieved in   4 iterations

     negative rho (up, down):  7.474E-03 0.000E+00

     Forces acting on atoms (cartesian axes, Ry/au):

     atom    1 type  1   force =     0.00000000    0.00000000    0.00013167
     atom    2 type  1   force =     0.00000000    0.00000000   -0.00013167
     The non-local contrib.  to forces
     atom    1 type  1   force =     0.00000000    0.00000000    2.34282176
     atom    2 type  1   force =     0.00000000    0.00000000   -2.34282176
     The ionic contribution  to forces
     atom    1 type  1   force =     0.00000000    0.00000000  -13.29269540
     atom    2 type  1   force =    -0.00000000   -0.00000000   13.29269540
     The local contribution  to forces
     atom    1 type  1   force =     0.00000000    0.00000000   10.96235116
     atom    2 type  1   force =     0.00000000    0.00000000  -10.96235116
     The core correction contribution to forces
     atom    1 type  1   force =     0.00000000    0.00000000   -0.01233905
     atom    2 type  1   force =     0.00000000    0.00000000    0.01233905
     The Hubbard contrib.    to forces
     atom    1 type  1   force =     0.00000000    0.00000000    0.00000000
     atom    2 type  1   force =     0.00000000    0.00000000    0.00000000
     The SCF correction term to forces
     atom    1 type  1   force =     0.00000000   -0.00000000   -0.00000680
     atom    2 type  1   force =     0.00000000    0.00000000    0.00000680

     Total force =     0.000186     Total SCF correction =     0.000010

     bfgs converged in   4 scf cycles and   2 bfgs steps
     (criteria: energy <  1.0E-04 Ry, force <  1.0E-03 Ry/Bohr)

     End of BFGS Geometry Optimization

     Final energy   =     -64.2168210654 Ry
Begin final coordinates

ATOMIC_POSITIONS (crystal)
O        0.500000000   0.500000000   0.438670440
O        0.500000000   0.500000000   0.561329560
End final coordinates


 
     init_run     :      3.15s CPU      1.36s WALL (       1 calls)
     electrons    :     38.00s CPU     18.27s WALL (       4 calls)
     update_pot   :      1.39s CPU      0.65s WALL (       3 calls)
     forces       :      3.59s CPU      1.64s WALL (       4 calls)

     Called by init_run:
     wfcinit      :      0.38s CPU      0.24s WALL (       1 calls)
     wfcinit:atom :      0.00s CPU      0.00s WALL (       1 calls)
     wfcinit:wfcr :      0.37s CPU      0.22s WALL (       1 calls)
     potinit      :      0.86s CPU      0.33s WALL (       1 calls)
     hinit0       :      0.98s CPU      0.38s WALL (       1 calls)

     Called by electrons:
     c_bands      :     13.40s CPU      6.55s WALL (      23 calls)
     sum_band     :      9.76s CPU      4.67s WALL (      23 calls)
     v_of_rho     :      7.21s CPU      3.29s WALL (      25 calls)
     v_h          :      0.75s CPU      0.35s WALL (      25 calls)
     v_xc         :      7.39s CPU      3.37s WALL (      29 calls)
     newd         :      8.93s CPU      4.28s WALL (      25 calls)
     mix_rho      :      1.22s CPU      0.56s WALL (      23 calls)

     Called by c_bands:
     init_us_2    :      0.18s CPU      0.09s WALL (      47 calls)
     cegterg      :     12.58s CPU      6.16s WALL (      23 calls)

     Called by sum_band:
     sum_band:bec :      0.04s CPU      0.02s WALL (      23 calls)
     addusdens    :      4.30s CPU      2.18s WALL (      23 calls)

     Called by *egterg:
     h_psi        :     10.57s CPU      5.25s WALL (      76 calls)
     s_psi        :      0.05s CPU      0.02s WALL (      76 calls)
     g_psi        :      0.02s CPU      0.01s WALL (      52 calls)
     cdiaghg      :      0.19s CPU      0.09s WALL (      70 calls)
     cegterg:over :      0.89s CPU      0.41s WALL (      52 calls)
     cegterg:upda :      0.10s CPU      0.06s WALL (      52 calls)
     cegterg:last :      0.05s CPU      0.03s WALL (      25 calls)

     Called by h_psi:
     h_psi:pot    :     10.54s CPU      5.23s WALL (      76 calls)
     h_psi:calbec :      0.73s CPU      0.34s WALL (      76 calls)
     vloc_psi     :      9.67s CPU      4.82s WALL (      76 calls)
     add_vuspsi   :      0.14s CPU      0.07s WALL (      76 calls)

     General routines
     calbec       :      1.32s CPU      0.60s WALL (     115 calls)
     fft          :      7.99s CPU      3.70s WALL (     328 calls)
     ffts         :      0.38s CPU      0.18s WALL (      23 calls)
     fftw         :     10.82s CPU      5.34s WALL (     948 calls)
 
     Parallel routines
     fft_scatt_xy :      0.65s CPU      0.34s WALL (    1299 calls)
     fft_scatt_yz :     15.78s CPU      7.50s WALL (    1299 calls)
 
     PWSCF        :    47.37s CPU        22.61s WALL

 
   This run was terminated on:   9: 5: 8  19Mar2019            

=------------------------------------------------------------------------------=
   JOB DONE.
=------------------------------------------------------------------------------=
