
     Program PWSCF v.6.3MaX starts on 19Mar2019 at  9: 5: 9 

     This program is part of the open-source Quantum ESPRESSO suite
     for quantum simulation of materials; please cite
         "P. Giannozzi et al., J. Phys.:Condens. Matter 21 395502 (2009);
         "P. Giannozzi et al., J. Phys.:Condens. Matter 29 465901 (2017);
          URL http://www.quantum-espresso.org", 
     in publications or presentations arising from this work. More details at
     http://www.quantum-espresso.org/quote

 *** WARNING: using old-style file format, will disappear from next version ***

     Parallel version (MPI & OpenMP), running on      20 processor cores
     Number of MPI processes:                 5
     Threads/MPI process:                     4

     MPI processes distributed on     1 nodes
     R & G space division:  proc/nbgrp/npool/nimage =       5
     Reading input from /home/azadoks/dftman/projects/HW5_3/ConvergenceWorkflows/b959a7bdb810/165d819c017d/pwscf.in
Warning: card &CELL ignored
Warning: card / ignored

     Current dimensions of program PWSCF are:
     Max number of different atomic species (ntypx) = 10
     Max number of k-points (npk) =  40000
     Max angular momentum in pseudopotentials (lmaxx) =  3
     Message from routine iosys:
     minimal I/O required, wf_collect reset to FALSE

     Subspace diagonalization in iterative solution of the eigenvalue problem:
     a serial algorithm will be used

 
     Parallelization info
     --------------------
     sticks:   dense  smooth     PW     G-vecs:    dense   smooth      PW
     Min         907     907    225                46077    46077    5734
     Max         908     908    226                46080    46080    5735
     Sum        4537    4537   1129               230389   230389   28671
 


     bravais-lattice index     =            0
     lattice parameter (alat)  =      18.8973  a.u.
     unit-cell volume          =    6748.3346 (a.u.)^3
     number of atoms/cell      =            2
     number of atomic types    =            1
     number of electrons       =        12.00
     number of Kohn-Sham states=            6
     kinetic-energy cutoff     =      40.0000  Ry
     charge density cutoff     =     160.0000  Ry
     convergence threshold     =      1.0E-08
     mixing beta               =       0.7000
     number of iterations used =            8  plain     mixing
     Exchange-correlation      = SLA  PW   PBE  PBE ( 1  4  3  4 0 0)
     nstep                     =           50


     celldm(1)=  18.897261  celldm(2)=   0.000000  celldm(3)=   0.000000
     celldm(4)=   0.000000  celldm(5)=   0.000000  celldm(6)=   0.000000

     crystal axes: (cart. coord. in units of alat)
               a(1) = (   1.000000   0.000000   0.000000 )  
               a(2) = (   0.000000   1.000000   0.000000 )  
               a(3) = (   0.000000   0.000000   1.000000 )  

     reciprocal axes: (cart. coord. in units 2 pi/alat)
               b(1) = (  1.000000  0.000000  0.000000 )  
               b(2) = (  0.000000  1.000000  0.000000 )  
               b(3) = (  0.000000  0.000000  1.000000 )  


     PseudoPot. # 1 for O  read from file:
     /home/azadoks/.local/share/pseudo/GBRV_PBE_US/o_pbe_v1.2.uspp.F.UPF
     MD5 check sum: 734c27235a0248c51dbae37a1fbe46ec
     Pseudo is Ultrasoft + core correction, Zval =  6.0
     Generated by new atomic code, or converted to UPF format
     Using radial grid of  737 points,  5 beta functions with: 
                l(1) =   0
                l(2) =   0
                l(3) =   1
                l(4) =   1
                l(5) =   2
     Q(r) pseudized with  8 coefficients,  rinner =    0.900   0.900   0.900
                                                       0.900   0.900

     atomic species   valence    mass     pseudopotential
        O              6.00    15.99940     O ( 1.00)

     16 Sym. Ops., with inversion, found


                                    s                        frac. trans.

      isym =  1     identity                                     

 cryst.   s( 1) = (     1          0          0      )
                  (     0          1          0      )
                  (     0          0          1      )

 cart.    s( 1) = (  1.0000000  0.0000000  0.0000000 )
                  (  0.0000000  1.0000000  0.0000000 )
                  (  0.0000000  0.0000000  1.0000000 )


      isym =  2     180 deg rotation - cart. axis [0,0,1]        

 cryst.   s( 2) = (    -1          0          0      )
                  (     0         -1          0      )
                  (     0          0          1      )

 cart.    s( 2) = ( -1.0000000  0.0000000  0.0000000 )
                  (  0.0000000 -1.0000000  0.0000000 )
                  (  0.0000000  0.0000000  1.0000000 )


      isym =  3     180 deg rotation - cart. axis [0,1,0]        

 cryst.   s( 3) = (    -1          0          0      )
                  (     0          1          0      )
                  (     0          0         -1      )

 cart.    s( 3) = ( -1.0000000  0.0000000  0.0000000 )
                  (  0.0000000  1.0000000  0.0000000 )
                  (  0.0000000  0.0000000 -1.0000000 )


      isym =  4     180 deg rotation - cart. axis [1,0,0]        

 cryst.   s( 4) = (     1          0          0      )
                  (     0         -1          0      )
                  (     0          0         -1      )

 cart.    s( 4) = (  1.0000000  0.0000000  0.0000000 )
                  (  0.0000000 -1.0000000  0.0000000 )
                  (  0.0000000  0.0000000 -1.0000000 )


      isym =  5     180 deg rotation - cart. axis [1,1,0]        

 cryst.   s( 5) = (     0          1          0      )
                  (     1          0          0      )
                  (     0          0         -1      )

 cart.    s( 5) = (  0.0000000  1.0000000  0.0000000 )
                  (  1.0000000  0.0000000  0.0000000 )
                  (  0.0000000  0.0000000 -1.0000000 )


      isym =  6     180 deg rotation - cart. axis [1,-1,0]       

 cryst.   s( 6) = (     0         -1          0      )
                  (    -1          0          0      )
                  (     0          0         -1      )

 cart.    s( 6) = (  0.0000000 -1.0000000  0.0000000 )
                  ( -1.0000000  0.0000000  0.0000000 )
                  (  0.0000000  0.0000000 -1.0000000 )


      isym =  7      90 deg rotation - cart. axis [0,0,-1]       

 cryst.   s( 7) = (     0         -1          0      )
                  (     1          0          0      )
                  (     0          0          1      )

 cart.    s( 7) = (  0.0000000  1.0000000  0.0000000 )
                  ( -1.0000000  0.0000000  0.0000000 )
                  (  0.0000000  0.0000000  1.0000000 )


      isym =  8      90 deg rotation - cart. axis [0,0,1]        

 cryst.   s( 8) = (     0          1          0      )
                  (    -1          0          0      )
                  (     0          0          1      )

 cart.    s( 8) = (  0.0000000 -1.0000000  0.0000000 )
                  (  1.0000000  0.0000000  0.0000000 )
                  (  0.0000000  0.0000000  1.0000000 )


      isym =  9     inversion                                    

 cryst.   s( 9) = (    -1          0          0      )
                  (     0         -1          0      )
                  (     0          0         -1      )

 cart.    s( 9) = ( -1.0000000  0.0000000  0.0000000 )
                  (  0.0000000 -1.0000000  0.0000000 )
                  (  0.0000000  0.0000000 -1.0000000 )


      isym = 10     inv. 180 deg rotation - cart. axis [0,0,1]   

 cryst.   s(10) = (     1          0          0      )
                  (     0          1          0      )
                  (     0          0         -1      )

 cart.    s(10) = (  1.0000000  0.0000000  0.0000000 )
                  (  0.0000000  1.0000000  0.0000000 )
                  (  0.0000000  0.0000000 -1.0000000 )


      isym = 11     inv. 180 deg rotation - cart. axis [0,1,0]   

 cryst.   s(11) = (     1          0          0      )
                  (     0         -1          0      )
                  (     0          0          1      )

 cart.    s(11) = (  1.0000000  0.0000000  0.0000000 )
                  (  0.0000000 -1.0000000  0.0000000 )
                  (  0.0000000  0.0000000  1.0000000 )


      isym = 12     inv. 180 deg rotation - cart. axis [1,0,0]   

 cryst.   s(12) = (    -1          0          0      )
                  (     0          1          0      )
                  (     0          0          1      )

 cart.    s(12) = ( -1.0000000  0.0000000  0.0000000 )
                  (  0.0000000  1.0000000  0.0000000 )
                  (  0.0000000  0.0000000  1.0000000 )


      isym = 13     inv. 180 deg rotation - cart. axis [1,1,0]   

 cryst.   s(13) = (     0         -1          0      )
                  (    -1          0          0      )
                  (     0          0          1      )

 cart.    s(13) = (  0.0000000 -1.0000000  0.0000000 )
                  ( -1.0000000  0.0000000  0.0000000 )
                  (  0.0000000  0.0000000  1.0000000 )


      isym = 14     inv. 180 deg rotation - cart. axis [1,-1,0]  

 cryst.   s(14) = (     0          1          0      )
                  (     1          0          0      )
                  (     0          0          1      )

 cart.    s(14) = (  0.0000000  1.0000000  0.0000000 )
                  (  1.0000000  0.0000000  0.0000000 )
                  (  0.0000000  0.0000000  1.0000000 )


      isym = 15     inv.  90 deg rotation - cart. axis [0,0,-1]  

 cryst.   s(15) = (     0          1          0      )
                  (    -1          0          0      )
                  (     0          0         -1      )

 cart.    s(15) = (  0.0000000 -1.0000000  0.0000000 )
                  (  1.0000000  0.0000000  0.0000000 )
                  (  0.0000000  0.0000000 -1.0000000 )


      isym = 16     inv.  90 deg rotation - cart. axis [0,0,1]   

 cryst.   s(16) = (     0         -1          0      )
                  (     1          0          0      )
                  (     0          0         -1      )

 cart.    s(16) = (  0.0000000  1.0000000  0.0000000 )
                  ( -1.0000000  0.0000000  0.0000000 )
                  (  0.0000000  0.0000000 -1.0000000 )


   Cartesian axes

     site n.     atom                  positions (alat units)
         1           O   tau(   1) = (   0.5000000   0.5000000   0.4395000  )
         2           O   tau(   2) = (   0.5000000   0.5000000   0.5605000  )

   Crystallographic axes

     site n.     atom                  positions (cryst. coord.)
         1           O   tau(   1) = (  0.5000000  0.5000000  0.4395000  )
         2           O   tau(   2) = (  0.5000000  0.5000000  0.5605000  )

     number of k points=     1
                       cart. coord. in units 2pi/alat
        k(    1) = (   0.0000000   0.0000000   0.0000000), wk =   2.0000000

                       cryst. coord.
        k(    1) = (   0.0000000   0.0000000   0.0000000), wk =   2.0000000

     Dense  grid:   230389 G-vectors     FFT dimensions: (  80,  80,  80)

     Dynamical RAM for                 wfc:       0.53 MB

     Dynamical RAM for     wfc (w. buffer):       0.53 MB

     Dynamical RAM for           str. fact:       0.70 MB

     Dynamical RAM for           local pot:       0.00 MB

     Dynamical RAM for          nlocal pot:       2.29 MB

     Dynamical RAM for                qrad:       2.18 MB

     Dynamical RAM for          rho,v,vnew:       4.45 MB

     Dynamical RAM for               rhoin:       1.48 MB

     Dynamical RAM for            rho*nmix:      11.25 MB

     Dynamical RAM for           G-vectors:       2.99 MB

     Dynamical RAM for          h,s,v(r/c):       0.03 MB

     Dynamical RAM for          <psi|beta>:       0.00 MB

     Dynamical RAM for                 psi:       2.11 MB

     Dynamical RAM for                hpsi:       2.11 MB

     Dynamical RAM for                spsi:       2.11 MB

     Dynamical RAM for      wfcinit/wfcrot:       1.41 MB

     Dynamical RAM for           addusdens:      75.94 MB

     Dynamical RAM for          addusforce:      77.70 MB

     Estimated static dynamical RAM per process >      31.19 MB

     Estimated max dynamical RAM per process >     108.88 MB

     Estimated total dynamical RAM >     544.42 MB

     Initial potential from superposition of free atoms
     Check: negative starting charge=   -0.006705

     starting charge   12.00000, renormalised to   12.00000

     negative rho (up, down):  6.705E-03 0.000E+00
     Starting wfcs are    8 randomized atomic wfcs

     total cpu time spent up to now is        1.2 secs

     Self-consistent Calculation

     iteration #  1     ecut=    40.00 Ry     beta= 0.70
     Davidson diagonalization with overlap
     ethr =  1.00E-02,  avg # of iterations =  2.0

     Threshold (ethr) on eigenvalues was too large:
     Diagonalizing with lowered threshold

     Davidson diagonalization with overlap
     ethr =  3.74E-04,  avg # of iterations =  2.0

     negative rho (up, down):  1.883E-03 0.000E+00

     total cpu time spent up to now is        2.8 secs

     total energy              =     -64.21029217 Ry
     Harris-Foulkes estimate   =     -64.23667431 Ry
     estimated scf accuracy    <       0.04392848 Ry

     iteration #  2     ecut=    40.00 Ry     beta= 0.70
     Davidson diagonalization with overlap
     ethr =  3.66E-04,  avg # of iterations =  2.0

     negative rho (up, down):  7.407E-04 0.000E+00

     total cpu time spent up to now is        4.1 secs

     total energy              =     -64.21816874 Ry
     Harris-Foulkes estimate   =     -64.21893059 Ry
     estimated scf accuracy    <       0.00181097 Ry

     iteration #  3     ecut=    40.00 Ry     beta= 0.70
     Davidson diagonalization with overlap
     ethr =  1.51E-05,  avg # of iterations =  2.0

     negative rho (up, down):  5.158E-04 0.000E+00

     total cpu time spent up to now is        5.0 secs

     total energy              =     -64.21854244 Ry
     Harris-Foulkes estimate   =     -64.21862421 Ry
     estimated scf accuracy    <       0.00021376 Ry

     iteration #  4     ecut=    40.00 Ry     beta= 0.70
     Davidson diagonalization with overlap
     ethr =  1.78E-06,  avg # of iterations =  2.0

     negative rho (up, down):  5.214E-04 0.000E+00

     total cpu time spent up to now is        5.9 secs

     total energy              =     -64.21857989 Ry
     Harris-Foulkes estimate   =     -64.21858104 Ry
     estimated scf accuracy    <       0.00001221 Ry

     iteration #  5     ecut=    40.00 Ry     beta= 0.70
     Davidson diagonalization with overlap
     ethr =  1.02E-07,  avg # of iterations =  2.0

     negative rho (up, down):  5.220E-04 0.000E+00

     total cpu time spent up to now is        7.0 secs

     total energy              =     -64.21858079 Ry
     Harris-Foulkes estimate   =     -64.21858085 Ry
     estimated scf accuracy    <       0.00000013 Ry

     iteration #  6     ecut=    40.00 Ry     beta= 0.70
     Davidson diagonalization with overlap
     ethr =  1.11E-09,  avg # of iterations =  3.0

     negative rho (up, down):  5.219E-04 0.000E+00

     total cpu time spent up to now is        8.1 secs

     total energy              =     -64.21858084 Ry
     Harris-Foulkes estimate   =     -64.21858085 Ry
     estimated scf accuracy    <       0.00000001 Ry

     iteration #  7     ecut=    40.00 Ry     beta= 0.70
     Davidson diagonalization with overlap
     ethr =  9.40E-11,  avg # of iterations =  2.0

     negative rho (up, down):  5.219E-04 0.000E+00

     total cpu time spent up to now is        9.1 secs

     End of self-consistent calculation

          k = 0.0000 0.0000 0.0000 ( 28671 PWs)   bands (ev):

   -32.2484 -19.5780 -13.0234 -12.5799 -12.5799  -5.6551

     occupation numbers 
     1.0000   1.0000   1.0000   1.0000   1.0000   1.0000

     highest occupied level (ev):    -5.6551

!    total energy              =     -64.21858083 Ry
     Harris-Foulkes estimate   =     -64.21858084 Ry
     estimated scf accuracy    <          6.4E-10 Ry

     The total energy is the sum of the following terms:

     one-electron contribution =    -123.88912868 Ry
     hartree contribution      =      63.79721772 Ry
     xc contribution           =     -14.11364123 Ry
     ewald contribution        =       9.98697137 Ry

     convergence has been achieved in   7 iterations

     negative rho (up, down):  5.219E-04 0.000E+00

     Forces acting on atoms (cartesian axes, Ry/au):

     atom    1 type  1   force =     0.00000000    0.00000000   -0.04524936
     atom    2 type  1   force =     0.00000000    0.00000000    0.04524936
     The non-local contrib.  to forces
     atom    1 type  1   force =     0.00000000    0.00000000    2.39251339
     atom    2 type  1   force =     0.00000000    0.00000000   -2.39251339
     The ionic contribution  to forces
     atom    1 type  1   force =    -0.00000000   -0.00000000  -13.66430279
     atom    2 type  1   force =     0.00000000    0.00000000   13.66430279
     The local contribution  to forces
     atom    1 type  1   force =     0.00000000    0.00000000   11.23881036
     atom    2 type  1   force =     0.00000000    0.00000000  -11.23881036
     The core correction contribution to forces
     atom    1 type  1   force =    -0.00000000   -0.00000000   -0.01219149
     atom    2 type  1   force =    -0.00000000   -0.00000000    0.01219149
     The Hubbard contrib.    to forces
     atom    1 type  1   force =     0.00000000    0.00000000    0.00000000
     atom    2 type  1   force =     0.00000000    0.00000000    0.00000000
     The SCF correction term to forces
     atom    1 type  1   force =     0.00000000   -0.00000000   -0.00007881
     atom    2 type  1   force =     0.00000000    0.00000000    0.00007881

     Total force =     0.063992     Total SCF correction =     0.000111

     BFGS Geometry Optimization

     number of scf cycles    =   1
     number of bfgs steps    =   0

     energy   new            =     -64.2185808327 Ry

     new trust radius        =       0.0452493562 bohr
     new conv_thr            =       0.0000000100 Ry


ATOMIC_POSITIONS (crystal)
O        0.500000000   0.500000000   0.437105507
O        0.500000000   0.500000000   0.562894493


     Check: negative starting charge=   -0.006705
     NEW-OLD atomic charge density approx. for the potential
     Check: negative starting charge=   -0.006640

     negative rho (up, down):  1.969E-03 0.000E+00

     total cpu time spent up to now is       10.0 secs

     Self-consistent Calculation

     iteration #  1     ecut=    40.00 Ry     beta= 0.70
     Davidson diagonalization with overlap
     ethr =  1.00E-06,  avg # of iterations =  4.0

     negative rho (up, down):  7.176E-04 0.000E+00

     total cpu time spent up to now is       11.4 secs

     total energy              =     -64.21634602 Ry
     Harris-Foulkes estimate   =     -64.21745783 Ry
     estimated scf accuracy    <       0.00170982 Ry

     iteration #  2     ecut=    40.00 Ry     beta= 0.70
     Davidson diagonalization with overlap
     ethr =  1.42E-05,  avg # of iterations =  2.0

     negative rho (up, down):  5.643E-04 0.000E+00

     total cpu time spent up to now is       12.5 secs

     total energy              =     -64.21677884 Ry
     Harris-Foulkes estimate   =     -64.21695692 Ry
     estimated scf accuracy    <       0.00030718 Ry

     iteration #  3     ecut=    40.00 Ry     beta= 0.70
     Davidson diagonalization with overlap
     ethr =  2.56E-06,  avg # of iterations =  2.0

     negative rho (up, down):  5.243E-04 0.000E+00

     total cpu time spent up to now is       13.9 secs

     total energy              =     -64.21684286 Ry
     Harris-Foulkes estimate   =     -64.21684315 Ry
     estimated scf accuracy    <       0.00000444 Ry

     iteration #  4     ecut=    40.00 Ry     beta= 0.70
     Davidson diagonalization with overlap
     ethr =  3.70E-08,  avg # of iterations =  2.0

     negative rho (up, down):  5.252E-04 0.000E+00

     total cpu time spent up to now is       14.8 secs

     total energy              =     -64.21684316 Ry
     Harris-Foulkes estimate   =     -64.21684320 Ry
     estimated scf accuracy    <       0.00000004 Ry

     iteration #  5     ecut=    40.00 Ry     beta= 0.70
     Davidson diagonalization with overlap
     ethr =  3.49E-10,  avg # of iterations =  2.0

     negative rho (up, down):  5.252E-04 0.000E+00

     total cpu time spent up to now is       16.1 secs

     End of self-consistent calculation

          k = 0.0000 0.0000 0.0000 ( 28671 PWs)   bands (ev):

   -31.2648 -19.9493 -12.9027 -12.1652 -12.1652  -6.0270

     occupation numbers 
     1.0000   1.0000   1.0000   1.0000   1.0000   1.0000

     highest occupied level (ev):    -6.0270

!    total energy              =     -64.21684318 Ry
     Harris-Foulkes estimate   =     -64.21684318 Ry
     estimated scf accuracy    <          3.6E-09 Ry

     The total energy is the sum of the following terms:

     one-electron contribution =    -121.73774398 Ry
     hartree contribution      =      62.75649417 Ry
     xc contribution           =     -14.03361748 Ry
     ewald contribution        =       8.79802410 Ry

     convergence has been achieved in   5 iterations

     negative rho (up, down):  5.252E-04 0.000E+00

     Forces acting on atoms (cartesian axes, Ry/au):

     atom    1 type  1   force =     0.00000000    0.00000000    0.07651075
     atom    2 type  1   force =     0.00000000    0.00000000   -0.07651075
     The non-local contrib.  to forces
     atom    1 type  1   force =     0.00000000    0.00000000    2.25027448
     atom    2 type  1   force =     0.00000000    0.00000000   -2.25027448
     The ionic contribution  to forces
     atom    1 type  1   force =     0.00000000    0.00000000  -12.63110164
     atom    2 type  1   force =    -0.00000000   -0.00000000   12.63110164
     The local contribution  to forces
     atom    1 type  1   force =     0.00000000    0.00000000   10.47015288
     atom    2 type  1   force =     0.00000000    0.00000000  -10.47015288
     The core correction contribution to forces
     atom    1 type  1   force =     0.00000000    0.00000000   -0.01267393
     atom    2 type  1   force =     0.00000000    0.00000000    0.01267393
     The Hubbard contrib.    to forces
     atom    1 type  1   force =     0.00000000    0.00000000    0.00000000
     atom    2 type  1   force =     0.00000000    0.00000000    0.00000000
     The SCF correction term to forces
     atom    1 type  1   force =    -0.00000000    0.00000000   -0.00014103
     atom    2 type  1   force =    -0.00000000   -0.00000000    0.00014103

     Total force =     0.108203     Total SCF correction =     0.000199

     number of scf cycles    =   2
     number of bfgs steps    =   1

     energy   old            =     -64.2185808327 Ry
     energy   new            =     -64.2168431798 Ry

     CASE: energy  _new > energy  _old

     new trust radius        =       0.0158843868 bohr
     new conv_thr            =       0.0000000100 Ry


ATOMIC_POSITIONS (crystal)
O        0.500000000   0.500000000   0.438659434
O        0.500000000   0.500000000   0.561340566


     Check: negative starting charge=   -0.006640
     NEW-OLD atomic charge density approx. for the potential
     Check: negative starting charge=   -0.006672

     negative rho (up, down):  1.395E-03 0.000E+00

     total cpu time spent up to now is       17.4 secs

     Self-consistent Calculation

     iteration #  1     ecut=    40.00 Ry     beta= 0.70
     Davidson diagonalization with overlap
     ethr =  1.00E-06,  avg # of iterations =  4.0

     negative rho (up, down):  6.766E-04 0.000E+00

     total cpu time spent up to now is       18.9 secs

     total energy              =     -64.21904472 Ry
     Harris-Foulkes estimate   =     -64.21949568 Ry
     estimated scf accuracy    <       0.00069391 Ry

     iteration #  2     ecut=    40.00 Ry     beta= 0.70
     Davidson diagonalization with overlap
     ethr =  5.78E-06,  avg # of iterations =  2.0

     negative rho (up, down):  5.776E-04 0.000E+00

     total cpu time spent up to now is       20.2 secs

     total energy              =     -64.21921921 Ry
     Harris-Foulkes estimate   =     -64.21929021 Ry
     estimated scf accuracy    <       0.00012220 Ry

     iteration #  3     ecut=    40.00 Ry     beta= 0.70
     Davidson diagonalization with overlap
     ethr =  1.02E-06,  avg # of iterations =  2.0

     negative rho (up, down):  5.247E-04 0.000E+00

     total cpu time spent up to now is       21.4 secs

     total energy              =     -64.21924517 Ry
     Harris-Foulkes estimate   =     -64.21924517 Ry
     estimated scf accuracy    <       0.00000176 Ry

     iteration #  4     ecut=    40.00 Ry     beta= 0.70
     Davidson diagonalization with overlap
     ethr =  1.46E-08,  avg # of iterations =  2.0

     negative rho (up, down):  5.223E-04 0.000E+00

     total cpu time spent up to now is       22.4 secs

     total energy              =     -64.21924529 Ry
     Harris-Foulkes estimate   =     -64.21924531 Ry
     estimated scf accuracy    <       0.00000001 Ry

     iteration #  5     ecut=    40.00 Ry     beta= 0.70
     Davidson diagonalization with overlap
     ethr =  1.20E-10,  avg # of iterations =  2.0

     negative rho (up, down):  5.222E-04 0.000E+00

     total cpu time spent up to now is       23.5 secs

     End of self-consistent calculation

          k = 0.0000 0.0000 0.0000 ( 28671 PWs)   bands (ev):

   -31.8909 -19.7092 -12.9803 -12.4278 -12.4278  -5.7903

     occupation numbers 
     1.0000   1.0000   1.0000   1.0000   1.0000   1.0000

     highest occupied level (ev):    -5.7903

!    total energy              =     -64.21924530 Ry
     Harris-Foulkes estimate   =     -64.21924530 Ry
     estimated scf accuracy    <          1.2E-09 Ry

     The total energy is the sum of the following terms:

     one-electron contribution =    -123.11812445 Ry
     hartree contribution      =      63.42444734 Ry
     xc contribution           =     -14.08446195 Ry
     ewald contribution        =       9.55889375 Ry

     convergence has been achieved in   5 iterations

     negative rho (up, down):  5.222E-04 0.000E+00

     Forces acting on atoms (cartesian axes, Ry/au):

     atom    1 type  1   force =     0.00000000    0.00000000    0.00245476
     atom    2 type  1   force =     0.00000000    0.00000000   -0.00245476
     The non-local contrib.  to forces
     atom    1 type  1   force =     0.00000000    0.00000000    2.34293070
     atom    2 type  1   force =     0.00000000    0.00000000   -2.34293070
     The ionic contribution  to forces
     atom    1 type  1   force =    -0.00000000   -0.00000000  -13.28786589
     atom    2 type  1   force =     0.00000000    0.00000000   13.28786589
     The local contribution  to forces
     atom    1 type  1   force =     0.00000000    0.00000000   10.95973674
     atom    2 type  1   force =     0.00000000    0.00000000  -10.95973674
     The core correction contribution to forces
     atom    1 type  1   force =     0.00000000    0.00000000   -0.01239847
     atom    2 type  1   force =     0.00000000    0.00000000    0.01239847
     The Hubbard contrib.    to forces
     atom    1 type  1   force =     0.00000000    0.00000000    0.00000000
     atom    2 type  1   force =     0.00000000    0.00000000    0.00000000
     The SCF correction term to forces
     atom    1 type  1   force =    -0.00000000   -0.00000000    0.00005168
     atom    2 type  1   force =    -0.00000000   -0.00000000   -0.00005168

     Total force =     0.003472     Total SCF correction =     0.000073

     number of scf cycles    =   3
     number of bfgs steps    =   1

     energy   old            =     -64.2185808327 Ry
     energy   new            =     -64.2192453004 Ry

     CASE: energy  _new < energy  _old

     new trust radius        =       0.0008173788 bohr
     new conv_thr            =       0.0000000002 Ry


ATOMIC_POSITIONS (crystal)
O        0.500000000   0.500000000   0.438702688
O        0.500000000   0.500000000   0.561297312


     Check: negative starting charge=   -0.006672
     NEW-OLD atomic charge density approx. for the potential
     Check: negative starting charge=   -0.006673

     negative rho (up, down):  5.283E-04 0.000E+00

     total cpu time spent up to now is       26.2 secs

     Self-consistent Calculation

     iteration #  1     ecut=    40.00 Ry     beta= 0.70
     Davidson diagonalization with overlap
     ethr =  1.00E-06,  avg # of iterations =  2.0

     Threshold (ethr) on eigenvalues was too large:
     Diagonalizing with lowered threshold

     Davidson diagonalization with overlap
     ethr =  5.02E-09,  avg # of iterations =  2.0

     negative rho (up, down):  5.240E-04 0.000E+00

     total cpu time spent up to now is       27.3 secs

     total energy              =     -64.21924722 Ry
     Harris-Foulkes estimate   =     -64.21924759 Ry
     estimated scf accuracy    <       0.00000062 Ry

     iteration #  2     ecut=    40.00 Ry     beta= 0.70
     Davidson diagonalization with overlap
     ethr =  5.17E-09,  avg # of iterations =  2.0

     negative rho (up, down):  5.230E-04 0.000E+00

     total cpu time spent up to now is       28.2 secs

     total energy              =     -64.21924738 Ry
     Harris-Foulkes estimate   =     -64.21924744 Ry
     estimated scf accuracy    <       0.00000011 Ry

     iteration #  3     ecut=    40.00 Ry     beta= 0.70
     Davidson diagonalization with overlap
     ethr =  9.03E-10,  avg # of iterations =  2.0

     negative rho (up, down):  5.222E-04 0.000E+00

     total cpu time spent up to now is       29.0 secs

     total energy              =     -64.21924739 Ry
     Harris-Foulkes estimate   =     -64.21924740 Ry
     estimated scf accuracy    <          1.5E-09 Ry

     iteration #  4     ecut=    40.00 Ry     beta= 0.70
     Davidson diagonalization with overlap
     ethr =  1.22E-11,  avg # of iterations =  2.0

     negative rho (up, down):  5.221E-04 0.000E+00

     total cpu time spent up to now is       30.0 secs

     End of self-consistent calculation

          k = 0.0000 0.0000 0.0000 ( 28671 PWs)   bands (ev):

   -31.9092 -19.7026 -12.9827 -12.4356 -12.4356  -5.7836

     occupation numbers 
     1.0000   1.0000   1.0000   1.0000   1.0000   1.0000

     highest occupied level (ev):    -5.7836

!    total energy              =     -64.21924739 Ry
     Harris-Foulkes estimate   =     -64.21924739 Ry
     estimated scf accuracy    <          9.2E-12 Ry

     The total energy is the sum of the following terms:

     one-electron contribution =    -123.15753176 Ry
     hartree contribution      =      63.44362111 Ry
     xc contribution           =     -14.08596845 Ry
     ewald contribution        =       9.58063171 Ry

     convergence has been achieved in   4 iterations

     negative rho (up, down):  5.221E-04 0.000E+00

     Forces acting on atoms (cartesian axes, Ry/au):

     atom    1 type  1   force =     0.00000000    0.00000000    0.00011931
     atom    2 type  1   force =     0.00000000    0.00000000   -0.00011931
     The non-local contrib.  to forces
     atom    1 type  1   force =     0.00000000    0.00000000    2.34549368
     atom    2 type  1   force =     0.00000000    0.00000000   -2.34549368
     The ionic contribution  to forces
     atom    1 type  1   force =    -0.00000000   -0.00000000  -13.30686116
     atom    2 type  1   force =     0.00000000    0.00000000   13.30686116
     The local contribution  to forces
     atom    1 type  1   force =     0.00000000    0.00000000   10.97388154
     atom    2 type  1   force =     0.00000000    0.00000000  -10.97388154
     The core correction contribution to forces
     atom    1 type  1   force =     0.00000000    0.00000000   -0.01238908
     atom    2 type  1   force =     0.00000000   -0.00000000    0.01238908
     The Hubbard contrib.    to forces
     atom    1 type  1   force =     0.00000000    0.00000000    0.00000000
     atom    2 type  1   force =     0.00000000    0.00000000    0.00000000
     The SCF correction term to forces
     atom    1 type  1   force =     0.00000000    0.00000000   -0.00000568
     atom    2 type  1   force =     0.00000000    0.00000000    0.00000568

     Total force =     0.000169     Total SCF correction =     0.000008

     bfgs converged in   4 scf cycles and   2 bfgs steps
     (criteria: energy <  1.0E-04 Ry, force <  1.0E-03 Ry/Bohr)

     End of BFGS Geometry Optimization

     Final energy   =     -64.2192473880 Ry
Begin final coordinates

ATOMIC_POSITIONS (crystal)
O        0.500000000   0.500000000   0.438702688
O        0.500000000   0.500000000   0.561297312
End final coordinates


 
     init_run     :      2.30s CPU      1.10s WALL (       1 calls)
     electrons    :     54.82s CPU     23.98s WALL (       4 calls)
     update_pot   :      2.00s CPU      0.85s WALL (       3 calls)
     forces       :      4.58s CPU      2.07s WALL (       4 calls)

     Called by init_run:
     wfcinit      :      0.51s CPU      0.25s WALL (       1 calls)
     wfcinit:atom :      0.00s CPU      0.00s WALL (       1 calls)
     wfcinit:wfcr :      0.47s CPU      0.23s WALL (       1 calls)
     potinit      :      0.49s CPU      0.20s WALL (       1 calls)
     hinit0       :      0.68s CPU      0.34s WALL (       1 calls)

     Called by electrons:
     c_bands      :     21.38s CPU      9.22s WALL (      23 calls)
     sum_band     :     13.96s CPU      6.20s WALL (      23 calls)
     v_of_rho     :      8.35s CPU      3.54s WALL (      25 calls)
     v_h          :      1.00s CPU      0.42s WALL (      25 calls)
     v_xc         :      8.45s CPU      3.57s WALL (      29 calls)
     newd         :     12.15s CPU      5.34s WALL (      25 calls)
     mix_rho      :      1.44s CPU      0.65s WALL (      23 calls)

     Called by c_bands:
     init_us_2    :      0.24s CPU      0.13s WALL (      47 calls)
     cegterg      :     20.57s CPU      8.87s WALL (      23 calls)

     Called by sum_band:
     sum_band:bec :      0.14s CPU      0.08s WALL (      23 calls)
     addusdens    :      5.45s CPU      2.59s WALL (      23 calls)

     Called by *egterg:
     h_psi        :     17.27s CPU      7.49s WALL (      75 calls)
     s_psi        :      0.08s CPU      0.03s WALL (      75 calls)
     g_psi        :      0.02s CPU      0.01s WALL (      51 calls)
     cdiaghg      :      0.12s CPU      0.05s WALL (      69 calls)
     cegterg:over :      1.37s CPU      0.55s WALL (      51 calls)
     cegterg:upda :      0.20s CPU      0.10s WALL (      51 calls)
     cegterg:last :      0.04s CPU      0.02s WALL (      25 calls)

     Called by h_psi:
     h_psi:pot    :     17.20s CPU      7.46s WALL (      75 calls)
     h_psi:calbec :      0.97s CPU      0.41s WALL (      75 calls)
     vloc_psi     :     15.86s CPU      6.87s WALL (      75 calls)
     add_vuspsi   :      0.37s CPU      0.19s WALL (      75 calls)

     General routines
     calbec       :      1.40s CPU      0.60s WALL (     114 calls)
     fft          :     10.11s CPU      4.40s WALL (     328 calls)
     ffts         :      0.48s CPU      0.21s WALL (      23 calls)
     fftw         :     17.81s CPU      7.65s WALL (     948 calls)
 
     Parallel routines
     fft_scatt_xy :      0.68s CPU      0.32s WALL (    1299 calls)
     fft_scatt_yz :     23.45s CPU     10.00s WALL (    1299 calls)
 
     PWSCF        :  1m 5.92s CPU        38.34s WALL

 
   This run was terminated on:   9: 5:47  19Mar2019            

=------------------------------------------------------------------------------=
   JOB DONE.
=------------------------------------------------------------------------------=
