
     Program PWSCF v.6.3MaX starts on 19Mar2019 at  8:56:43 

     This program is part of the open-source Quantum ESPRESSO suite
     for quantum simulation of materials; please cite
         "P. Giannozzi et al., J. Phys.:Condens. Matter 21 395502 (2009);
         "P. Giannozzi et al., J. Phys.:Condens. Matter 29 465901 (2017);
          URL http://www.quantum-espresso.org", 
     in publications or presentations arising from this work. More details at
     http://www.quantum-espresso.org/quote

 *** WARNING: using old-style file format, will disappear from next version ***

     Parallel version (MPI & OpenMP), running on      20 processor cores
     Number of MPI processes:                 5
     Threads/MPI process:                     4

     MPI processes distributed on     1 nodes
     R & G space division:  proc/nbgrp/npool/nimage =       5
     Reading input from /home/azadoks/dftman/projects/HW5_3/ConvergenceWorkflows/48f78a10599b/bc101cf58e11/pwscf.in

     Current dimensions of program PWSCF are:
     Max number of different atomic species (ntypx) = 10
     Max number of k-points (npk) =  40000
     Max angular momentum in pseudopotentials (lmaxx) =  3
     Message from routine iosys:
     minimal I/O required, wf_collect reset to FALSE

     Subspace diagonalization in iterative solution of the eigenvalue problem:
     a serial algorithm will be used

 
     Parallelization info
     --------------------
     sticks:   dense  smooth     PW     G-vecs:    dense   smooth      PW
     Min        1478    1478    372                95572    95572   11950
     Max        1479    1479    373                95575    95575   11953
     Sum        7393    7393   1861               477865   477865   59757
 


     bravais-lattice index     =            0
     lattice parameter (alat)  =      18.8973  a.u.
     unit-cell volume          =    6748.3346 (a.u.)^3
     number of atoms/cell      =            2
     number of atomic types    =            1
     number of electrons       =        10.00
     number of Kohn-Sham states=            5
     kinetic-energy cutoff     =      65.0000  Ry
     charge density cutoff     =     260.0000  Ry
     convergence threshold     =      1.0E-08
     mixing beta               =       0.7000
     number of iterations used =            8  plain     mixing
     Exchange-correlation      = SLA  PW   PBE  PBE ( 1  4  3  4 0 0)
     nstep                     =           50


     celldm(1)=  18.897261  celldm(2)=   0.000000  celldm(3)=   0.000000
     celldm(4)=   0.000000  celldm(5)=   0.000000  celldm(6)=   0.000000

     crystal axes: (cart. coord. in units of alat)
               a(1) = (   1.000000   0.000000   0.000000 )  
               a(2) = (   0.000000   1.000000   0.000000 )  
               a(3) = (   0.000000   0.000000   1.000000 )  

     reciprocal axes: (cart. coord. in units 2 pi/alat)
               b(1) = (  1.000000  0.000000  0.000000 )  
               b(2) = (  0.000000  1.000000  0.000000 )  
               b(3) = (  0.000000  0.000000  1.000000 )  


     PseudoPot. # 1 for N  read from file:
     /home/azadoks/.local/share/pseudo/GBRV_PBE_US/n_pbe_v1.2.uspp.F.UPF
     MD5 check sum: 95339753478d7afb44899504a8723017
     Pseudo is Ultrasoft + core correction, Zval =  5.0
     Generated by new atomic code, or converted to UPF format
     Using radial grid of  729 points,  4 beta functions with: 
                l(1) =   0
                l(2) =   0
                l(3) =   1
                l(4) =   1
     Q(r) pseudized with  8 coefficients,  rinner =    0.900   0.900   0.900


     atomic species   valence    mass     pseudopotential
        N              5.00    14.00670     N ( 1.00)

     16 Sym. Ops., with inversion, found


                                    s                        frac. trans.

      isym =  1     identity                                     

 cryst.   s( 1) = (     1          0          0      )
                  (     0          1          0      )
                  (     0          0          1      )

 cart.    s( 1) = (  1.0000000  0.0000000  0.0000000 )
                  (  0.0000000  1.0000000  0.0000000 )
                  (  0.0000000  0.0000000  1.0000000 )


      isym =  2     180 deg rotation - cart. axis [0,0,1]        

 cryst.   s( 2) = (    -1          0          0      )
                  (     0         -1          0      )
                  (     0          0          1      )

 cart.    s( 2) = ( -1.0000000  0.0000000  0.0000000 )
                  (  0.0000000 -1.0000000  0.0000000 )
                  (  0.0000000  0.0000000  1.0000000 )


      isym =  3     180 deg rotation - cart. axis [0,1,0]        

 cryst.   s( 3) = (    -1          0          0      )
                  (     0          1          0      )
                  (     0          0         -1      )

 cart.    s( 3) = ( -1.0000000  0.0000000  0.0000000 )
                  (  0.0000000  1.0000000  0.0000000 )
                  (  0.0000000  0.0000000 -1.0000000 )


      isym =  4     180 deg rotation - cart. axis [1,0,0]        

 cryst.   s( 4) = (     1          0          0      )
                  (     0         -1          0      )
                  (     0          0         -1      )

 cart.    s( 4) = (  1.0000000  0.0000000  0.0000000 )
                  (  0.0000000 -1.0000000  0.0000000 )
                  (  0.0000000  0.0000000 -1.0000000 )


      isym =  5     180 deg rotation - cart. axis [1,1,0]        

 cryst.   s( 5) = (     0          1          0      )
                  (     1          0          0      )
                  (     0          0         -1      )

 cart.    s( 5) = (  0.0000000  1.0000000  0.0000000 )
                  (  1.0000000  0.0000000  0.0000000 )
                  (  0.0000000  0.0000000 -1.0000000 )


      isym =  6     180 deg rotation - cart. axis [1,-1,0]       

 cryst.   s( 6) = (     0         -1          0      )
                  (    -1          0          0      )
                  (     0          0         -1      )

 cart.    s( 6) = (  0.0000000 -1.0000000  0.0000000 )
                  ( -1.0000000  0.0000000  0.0000000 )
                  (  0.0000000  0.0000000 -1.0000000 )


      isym =  7      90 deg rotation - cart. axis [0,0,-1]       

 cryst.   s( 7) = (     0         -1          0      )
                  (     1          0          0      )
                  (     0          0          1      )

 cart.    s( 7) = (  0.0000000  1.0000000  0.0000000 )
                  ( -1.0000000  0.0000000  0.0000000 )
                  (  0.0000000  0.0000000  1.0000000 )


      isym =  8      90 deg rotation - cart. axis [0,0,1]        

 cryst.   s( 8) = (     0          1          0      )
                  (    -1          0          0      )
                  (     0          0          1      )

 cart.    s( 8) = (  0.0000000 -1.0000000  0.0000000 )
                  (  1.0000000  0.0000000  0.0000000 )
                  (  0.0000000  0.0000000  1.0000000 )


      isym =  9     inversion                                    

 cryst.   s( 9) = (    -1          0          0      )
                  (     0         -1          0      )
                  (     0          0         -1      )

 cart.    s( 9) = ( -1.0000000  0.0000000  0.0000000 )
                  (  0.0000000 -1.0000000  0.0000000 )
                  (  0.0000000  0.0000000 -1.0000000 )


      isym = 10     inv. 180 deg rotation - cart. axis [0,0,1]   

 cryst.   s(10) = (     1          0          0      )
                  (     0          1          0      )
                  (     0          0         -1      )

 cart.    s(10) = (  1.0000000  0.0000000  0.0000000 )
                  (  0.0000000  1.0000000  0.0000000 )
                  (  0.0000000  0.0000000 -1.0000000 )


      isym = 11     inv. 180 deg rotation - cart. axis [0,1,0]   

 cryst.   s(11) = (     1          0          0      )
                  (     0         -1          0      )
                  (     0          0          1      )

 cart.    s(11) = (  1.0000000  0.0000000  0.0000000 )
                  (  0.0000000 -1.0000000  0.0000000 )
                  (  0.0000000  0.0000000  1.0000000 )


      isym = 12     inv. 180 deg rotation - cart. axis [1,0,0]   

 cryst.   s(12) = (    -1          0          0      )
                  (     0          1          0      )
                  (     0          0          1      )

 cart.    s(12) = ( -1.0000000  0.0000000  0.0000000 )
                  (  0.0000000  1.0000000  0.0000000 )
                  (  0.0000000  0.0000000  1.0000000 )


      isym = 13     inv. 180 deg rotation - cart. axis [1,1,0]   

 cryst.   s(13) = (     0         -1          0      )
                  (    -1          0          0      )
                  (     0          0          1      )

 cart.    s(13) = (  0.0000000 -1.0000000  0.0000000 )
                  ( -1.0000000  0.0000000  0.0000000 )
                  (  0.0000000  0.0000000  1.0000000 )


      isym = 14     inv. 180 deg rotation - cart. axis [1,-1,0]  

 cryst.   s(14) = (     0          1          0      )
                  (     1          0          0      )
                  (     0          0          1      )

 cart.    s(14) = (  0.0000000  1.0000000  0.0000000 )
                  (  1.0000000  0.0000000  0.0000000 )
                  (  0.0000000  0.0000000  1.0000000 )


      isym = 15     inv.  90 deg rotation - cart. axis [0,0,-1]  

 cryst.   s(15) = (     0          1          0      )
                  (    -1          0          0      )
                  (     0          0         -1      )

 cart.    s(15) = (  0.0000000 -1.0000000  0.0000000 )
                  (  1.0000000  0.0000000  0.0000000 )
                  (  0.0000000  0.0000000 -1.0000000 )


      isym = 16     inv.  90 deg rotation - cart. axis [0,0,1]   

 cryst.   s(16) = (     0         -1          0      )
                  (     1          0          0      )
                  (     0          0         -1      )

 cart.    s(16) = (  0.0000000  1.0000000  0.0000000 )
                  ( -1.0000000  0.0000000  0.0000000 )
                  (  0.0000000  0.0000000 -1.0000000 )


   Cartesian axes

     site n.     atom                  positions (alat units)
         1           N   tau(   1) = (   0.5000000   0.5000000   0.4451200  )
         2           N   tau(   2) = (   0.5000000   0.5000000   0.5548800  )

   Crystallographic axes

     site n.     atom                  positions (cryst. coord.)
         1           N   tau(   1) = (  0.5000000  0.5000000  0.4451200  )
         2           N   tau(   2) = (  0.5000000  0.5000000  0.5548800  )

     number of k points=     1
                       cart. coord. in units 2pi/alat
        k(    1) = (   0.0000000   0.0000000   0.0000000), wk =   2.0000000

                       cryst. coord.
        k(    1) = (   0.0000000   0.0000000   0.0000000), wk =   2.0000000

     Dense  grid:   477865 G-vectors     FFT dimensions: ( 100, 100, 100)

     Dynamical RAM for                 wfc:       0.91 MB

     Dynamical RAM for     wfc (w. buffer):       0.91 MB

     Dynamical RAM for           str. fact:       1.46 MB

     Dynamical RAM for           local pot:       0.00 MB

     Dynamical RAM for          nlocal pot:       2.92 MB

     Dynamical RAM for                qrad:       2.22 MB

     Dynamical RAM for          rho,v,vnew:       8.95 MB

     Dynamical RAM for               rhoin:       2.98 MB

     Dynamical RAM for            rho*nmix:      23.33 MB

     Dynamical RAM for           G-vectors:       6.20 MB

     Dynamical RAM for          h,s,v(r/c):       0.02 MB

     Dynamical RAM for          <psi|beta>:       0.00 MB

     Dynamical RAM for                 psi:       3.64 MB

     Dynamical RAM for                hpsi:       3.64 MB

     Dynamical RAM for                spsi:       3.64 MB

     Dynamical RAM for      wfcinit/wfcrot:       2.92 MB

     Dynamical RAM for           addusdens:      65.63 MB

     Dynamical RAM for          addusforce:      69.27 MB

     Dynamical RAM for         addusstress:      72.92 MB

     Estimated static dynamical RAM per process >      59.52 MB

     Estimated max dynamical RAM per process >     132.44 MB

     Estimated total dynamical RAM >     662.20 MB

     Initial potential from superposition of free atoms
     Check: negative starting charge=   -0.001878

     starting charge    9.99998, renormalised to   10.00000

     negative rho (up, down):  1.878E-03 0.000E+00
     Starting wfcs are    8 randomized atomic wfcs

     total cpu time spent up to now is        3.7 secs

     Self-consistent Calculation

     iteration #  1     ecut=    65.00 Ry     beta= 0.70
     Davidson diagonalization with overlap
     ethr =  1.00E-02,  avg # of iterations =  2.0

     negative rho (up, down):  7.811E-04 0.000E+00

     total cpu time spent up to now is        4.7 secs

     total energy              =     -40.24902867 Ry
     Harris-Foulkes estimate   =     -40.34573761 Ry
     estimated scf accuracy    <       0.15512266 Ry

     iteration #  2     ecut=    65.00 Ry     beta= 0.70
     Davidson diagonalization with overlap
     ethr =  1.55E-03,  avg # of iterations =  2.0

     negative rho (up, down):  1.552E-03 0.000E+00

     total cpu time spent up to now is        5.6 secs

     total energy              =     -40.27810140 Ry
     Harris-Foulkes estimate   =     -40.28431015 Ry
     estimated scf accuracy    <       0.01100788 Ry

     iteration #  3     ecut=    65.00 Ry     beta= 0.70
     Davidson diagonalization with overlap
     ethr =  1.10E-04,  avg # of iterations =  2.0

     negative rho (up, down):  2.075E-03 0.000E+00

     total cpu time spent up to now is        7.3 secs

     total energy              =     -40.28004117 Ry
     Harris-Foulkes estimate   =     -40.28024263 Ry
     estimated scf accuracy    <       0.00043907 Ry

     iteration #  4     ecut=    65.00 Ry     beta= 0.70
     Davidson diagonalization with overlap
     ethr =  4.39E-06,  avg # of iterations =  2.0

     negative rho (up, down):  2.142E-03 0.000E+00

     total cpu time spent up to now is        8.3 secs

     total energy              =     -40.28008836 Ry
     Harris-Foulkes estimate   =     -40.28008814 Ry
     estimated scf accuracy    <       0.00000155 Ry

     iteration #  5     ecut=    65.00 Ry     beta= 0.70
     Davidson diagonalization with overlap
     ethr =  1.55E-08,  avg # of iterations =  3.0

     negative rho (up, down):  2.146E-03 0.000E+00

     total cpu time spent up to now is        9.4 secs

     total energy              =     -40.28008944 Ry
     Harris-Foulkes estimate   =     -40.28008946 Ry
     estimated scf accuracy    <       0.00000004 Ry

     iteration #  6     ecut=    65.00 Ry     beta= 0.70
     Davidson diagonalization with overlap
     ethr =  3.75E-10,  avg # of iterations =  4.0

     negative rho (up, down):  2.147E-03 0.000E+00

     total cpu time spent up to now is       10.9 secs

     End of self-consistent calculation

          k = 0.0000 0.0000 0.0000 ( 59757 PWs)   bands (ev):

   -28.2015 -13.2547 -11.4806 -11.4806 -10.0297

     occupation numbers 
     1.0000   1.0000   1.0000   1.0000   1.0000

     highest occupied level (ev):   -10.0297

!    total energy              =     -40.28008947 Ry
     Harris-Foulkes estimate   =     -40.28008947 Ry
     estimated scf accuracy    <          1.0E-09 Ry

     The total energy is the sum of the following terms:

     one-electron contribution =     -79.98114109 Ry
     hartree contribution      =      40.95374440 Ry
     xc contribution           =     -10.41242248 Ry
     ewald contribution        =       9.15972970 Ry

     convergence has been achieved in   6 iterations

     negative rho (up, down):  2.147E-03 0.000E+00

     Forces acting on atoms (cartesian axes, Ry/au):

     atom    1 type  1   force =     0.00000000    0.00000000   -0.06112321
     atom    2 type  1   force =     0.00000000    0.00000000    0.06112321
     The non-local contrib.  to forces
     atom    1 type  1   force =     0.00000000    0.00000000    1.87756059
     atom    2 type  1   force =     0.00000000    0.00000000   -1.87756059
     The ionic contribution  to forces
     atom    1 type  1   force =     0.00000000    0.00000000  -11.55540219
     atom    2 type  1   force =    -0.00000000   -0.00000000   11.55540219
     The local contribution  to forces
     atom    1 type  1   force =     0.00000000    0.00000000    9.62037899
     atom    2 type  1   force =     0.00000000    0.00000000   -9.62037899
     The core correction contribution to forces
     atom    1 type  1   force =     0.00000000    0.00000000   -0.00367659
     atom    2 type  1   force =     0.00000000    0.00000000    0.00367659
     The Hubbard contrib.    to forces
     atom    1 type  1   force =     0.00000000    0.00000000    0.00000000
     atom    2 type  1   force =     0.00000000    0.00000000    0.00000000
     The SCF correction term to forces
     atom    1 type  1   force =     0.00000000    0.00000000    0.00001599
     atom    2 type  1   force =     0.00000000   -0.00000000   -0.00001599

     Total force =     0.086441     Total SCF correction =     0.000023


     Computing stress (Cartesian axis) and pressure


     negative rho (up, down):  2.147E-03 0.000E+00
          total   stress  (Ry/bohr**3)                   (kbar)     P=    0.91
  -0.00000006   0.00000000   0.00000000         -0.01      0.00      0.00
   0.00000000  -0.00000006   0.00000000          0.00     -0.01      0.00
   0.00000000   0.00000000   0.00001868          0.00      0.00      2.75

     kinetic stress (kbar)    314.20      0.00      0.00
                                0.00    314.20      0.00
                                0.00      0.00    287.98

     local   stress (kbar)   -451.44      0.00     -0.00
                                0.00   -451.44     -0.00
                               -0.00     -0.00  -1133.61

     nonloc. stress (kbar)     83.72      0.00      0.00
                                0.00     83.72      0.00
                                0.00      0.00     75.40

     hartree stress (kbar)    234.64      0.00      0.00
                                0.00    234.64      0.00
                                0.00      0.00    423.45

     exc-cor stress (kbar)    -57.88     -0.00     -0.00
                               -0.00    -57.88      0.00
                               -0.00      0.00    -55.71

     corecor stress (kbar)    -13.44      0.00     -0.00
                                0.00    -13.44     -0.00
                               -0.00     -0.00    -14.07

     ewald   stress (kbar)   -109.82     -0.00      0.00
                               -0.00   -109.82      0.00
                                0.00      0.00    419.30

     hubbard stress (kbar)      0.00      0.00      0.00
                                0.00      0.00      0.00
                                0.00      0.00      0.00

     london  stress (kbar)      0.00      0.00      0.00
                                0.00      0.00      0.00
                                0.00      0.00      0.00

     DFT-D3  stress (kbar)      0.00      0.00      0.00
                                0.00      0.00      0.00
                                0.00      0.00      0.00

     XDM     stress (kbar)      0.00      0.00      0.00
                                0.00      0.00      0.00
                                0.00      0.00      0.00

     dft-nl  stress (kbar)      0.00      0.00      0.00
                                0.00      0.00      0.00
                                0.00      0.00      0.00

     TS-vdW  stress (kbar)      0.00      0.00      0.00
                                0.00      0.00      0.00
                                0.00      0.00      0.00



     BFGS Geometry Optimization

     number of scf cycles    =   1
     number of bfgs steps    =   0

     enthalpy new            =     -40.2800894674 Ry

     new trust radius        =       0.0611232099 bohr
     new conv_thr            =       0.0000000100 Ry

     new unit-cell volume =   6751.46583 a.u.^3 (  1000.46400 Ang^3 )
     density =      0.04650 g/cm^3

CELL_PARAMETERS (angstrom)
   9.999984706   0.000000000   0.000000000
   0.000000000   9.999984706   0.000000000
   0.000000000   0.000000000  10.004670625

ATOMIC_POSITIONS (crystal)
N        0.500000000   0.500000000   0.441885499
N        0.500000000   0.500000000   0.558114501


     Check: negative starting charge=   -0.001878
     NEW-OLD atomic charge density approx. for the potential
[mpiexec@halstead-fe01.rcac.purdue.edu] Sending Ctrl-C to processes as requested
[mpiexec@halstead-fe01.rcac.purdue.edu] Press Ctrl-C again to force abort
