
     Program PWSCF v.6.3MaX starts on 19Mar2019 at  8:59:25 

     This program is part of the open-source Quantum ESPRESSO suite
     for quantum simulation of materials; please cite
         "P. Giannozzi et al., J. Phys.:Condens. Matter 21 395502 (2009);
         "P. Giannozzi et al., J. Phys.:Condens. Matter 29 465901 (2017);
          URL http://www.quantum-espresso.org", 
     in publications or presentations arising from this work. More details at
     http://www.quantum-espresso.org/quote

 *** WARNING: using old-style file format, will disappear from next version ***

     Parallel version (MPI & OpenMP), running on      20 processor cores
     Number of MPI processes:                 5
     Threads/MPI process:                     4

     MPI processes distributed on     1 nodes
     R & G space division:  proc/nbgrp/npool/nimage =       5
     Reading input from /home/azadoks/dftman/projects/HW5_3/ConvergenceWorkflows/8ea71bd0fc85/46f88c8e86b9/pwscf.in
Warning: card &CELL ignored
Warning: card / ignored

     Current dimensions of program PWSCF are:
     Max number of different atomic species (ntypx) = 10
     Max number of k-points (npk) =  40000
     Max angular momentum in pseudopotentials (lmaxx) =  3
     Message from routine iosys:
     minimal I/O required, wf_collect reset to FALSE

     Subspace diagonalization in iterative solution of the eigenvalue problem:
     a serial algorithm will be used

 
     Parallelization info
     --------------------
     sticks:   dense  smooth     PW     G-vecs:    dense   smooth      PW
     Min        1137    1137    286                64489    64489    8067
     Max        1138    1138    288                64492    64492    8068
     Sum        5689    5689   1433               322453   322453   40339
 


     bravais-lattice index     =            0
     lattice parameter (alat)  =      18.8973  a.u.
     unit-cell volume          =    6748.3346 (a.u.)^3
     number of atoms/cell      =            2
     number of atomic types    =            1
     number of electrons       =        10.00
     number of Kohn-Sham states=            5
     kinetic-energy cutoff     =      50.0000  Ry
     charge density cutoff     =     200.0000  Ry
     convergence threshold     =      1.0E-08
     mixing beta               =       0.7000
     number of iterations used =            8  plain     mixing
     Exchange-correlation      = SLA  PW   PBE  PBE ( 1  4  3  4 0 0)
     nstep                     =           50


     celldm(1)=  18.897261  celldm(2)=   0.000000  celldm(3)=   0.000000
     celldm(4)=   0.000000  celldm(5)=   0.000000  celldm(6)=   0.000000

     crystal axes: (cart. coord. in units of alat)
               a(1) = (   1.000000   0.000000   0.000000 )  
               a(2) = (   0.000000   1.000000   0.000000 )  
               a(3) = (   0.000000   0.000000   1.000000 )  

     reciprocal axes: (cart. coord. in units 2 pi/alat)
               b(1) = (  1.000000  0.000000  0.000000 )  
               b(2) = (  0.000000  1.000000  0.000000 )  
               b(3) = (  0.000000  0.000000  1.000000 )  


     PseudoPot. # 1 for N  read from file:
     /home/azadoks/.local/share/pseudo/GBRV_PBE_US/n_pbe_v1.2.uspp.F.UPF
     MD5 check sum: 95339753478d7afb44899504a8723017
     Pseudo is Ultrasoft + core correction, Zval =  5.0
     Generated by new atomic code, or converted to UPF format
     Using radial grid of  729 points,  4 beta functions with: 
                l(1) =   0
                l(2) =   0
                l(3) =   1
                l(4) =   1
     Q(r) pseudized with  8 coefficients,  rinner =    0.900   0.900   0.900


     atomic species   valence    mass     pseudopotential
        N              5.00    14.00670     N ( 1.00)

     16 Sym. Ops., with inversion, found


                                    s                        frac. trans.

      isym =  1     identity                                     

 cryst.   s( 1) = (     1          0          0      )
                  (     0          1          0      )
                  (     0          0          1      )

 cart.    s( 1) = (  1.0000000  0.0000000  0.0000000 )
                  (  0.0000000  1.0000000  0.0000000 )
                  (  0.0000000  0.0000000  1.0000000 )


      isym =  2     180 deg rotation - cart. axis [0,0,1]        

 cryst.   s( 2) = (    -1          0          0      )
                  (     0         -1          0      )
                  (     0          0          1      )

 cart.    s( 2) = ( -1.0000000  0.0000000  0.0000000 )
                  (  0.0000000 -1.0000000  0.0000000 )
                  (  0.0000000  0.0000000  1.0000000 )


      isym =  3     180 deg rotation - cart. axis [0,1,0]        

 cryst.   s( 3) = (    -1          0          0      )
                  (     0          1          0      )
                  (     0          0         -1      )

 cart.    s( 3) = ( -1.0000000  0.0000000  0.0000000 )
                  (  0.0000000  1.0000000  0.0000000 )
                  (  0.0000000  0.0000000 -1.0000000 )


      isym =  4     180 deg rotation - cart. axis [1,0,0]        

 cryst.   s( 4) = (     1          0          0      )
                  (     0         -1          0      )
                  (     0          0         -1      )

 cart.    s( 4) = (  1.0000000  0.0000000  0.0000000 )
                  (  0.0000000 -1.0000000  0.0000000 )
                  (  0.0000000  0.0000000 -1.0000000 )


      isym =  5     180 deg rotation - cart. axis [1,1,0]        

 cryst.   s( 5) = (     0          1          0      )
                  (     1          0          0      )
                  (     0          0         -1      )

 cart.    s( 5) = (  0.0000000  1.0000000  0.0000000 )
                  (  1.0000000  0.0000000  0.0000000 )
                  (  0.0000000  0.0000000 -1.0000000 )


      isym =  6     180 deg rotation - cart. axis [1,-1,0]       

 cryst.   s( 6) = (     0         -1          0      )
                  (    -1          0          0      )
                  (     0          0         -1      )

 cart.    s( 6) = (  0.0000000 -1.0000000  0.0000000 )
                  ( -1.0000000  0.0000000  0.0000000 )
                  (  0.0000000  0.0000000 -1.0000000 )


      isym =  7      90 deg rotation - cart. axis [0,0,-1]       

 cryst.   s( 7) = (     0         -1          0      )
                  (     1          0          0      )
                  (     0          0          1      )

 cart.    s( 7) = (  0.0000000  1.0000000  0.0000000 )
                  ( -1.0000000  0.0000000  0.0000000 )
                  (  0.0000000  0.0000000  1.0000000 )


      isym =  8      90 deg rotation - cart. axis [0,0,1]        

 cryst.   s( 8) = (     0          1          0      )
                  (    -1          0          0      )
                  (     0          0          1      )

 cart.    s( 8) = (  0.0000000 -1.0000000  0.0000000 )
                  (  1.0000000  0.0000000  0.0000000 )
                  (  0.0000000  0.0000000  1.0000000 )


      isym =  9     inversion                                    

 cryst.   s( 9) = (    -1          0          0      )
                  (     0         -1          0      )
                  (     0          0         -1      )

 cart.    s( 9) = ( -1.0000000  0.0000000  0.0000000 )
                  (  0.0000000 -1.0000000  0.0000000 )
                  (  0.0000000  0.0000000 -1.0000000 )


      isym = 10     inv. 180 deg rotation - cart. axis [0,0,1]   

 cryst.   s(10) = (     1          0          0      )
                  (     0          1          0      )
                  (     0          0         -1      )

 cart.    s(10) = (  1.0000000  0.0000000  0.0000000 )
                  (  0.0000000  1.0000000  0.0000000 )
                  (  0.0000000  0.0000000 -1.0000000 )


      isym = 11     inv. 180 deg rotation - cart. axis [0,1,0]   

 cryst.   s(11) = (     1          0          0      )
                  (     0         -1          0      )
                  (     0          0          1      )

 cart.    s(11) = (  1.0000000  0.0000000  0.0000000 )
                  (  0.0000000 -1.0000000  0.0000000 )
                  (  0.0000000  0.0000000  1.0000000 )


      isym = 12     inv. 180 deg rotation - cart. axis [1,0,0]   

 cryst.   s(12) = (    -1          0          0      )
                  (     0          1          0      )
                  (     0          0          1      )

 cart.    s(12) = ( -1.0000000  0.0000000  0.0000000 )
                  (  0.0000000  1.0000000  0.0000000 )
                  (  0.0000000  0.0000000  1.0000000 )


      isym = 13     inv. 180 deg rotation - cart. axis [1,1,0]   

 cryst.   s(13) = (     0         -1          0      )
                  (    -1          0          0      )
                  (     0          0          1      )

 cart.    s(13) = (  0.0000000 -1.0000000  0.0000000 )
                  ( -1.0000000  0.0000000  0.0000000 )
                  (  0.0000000  0.0000000  1.0000000 )


      isym = 14     inv. 180 deg rotation - cart. axis [1,-1,0]  

 cryst.   s(14) = (     0          1          0      )
                  (     1          0          0      )
                  (     0          0          1      )

 cart.    s(14) = (  0.0000000  1.0000000  0.0000000 )
                  (  1.0000000  0.0000000  0.0000000 )
                  (  0.0000000  0.0000000  1.0000000 )


      isym = 15     inv.  90 deg rotation - cart. axis [0,0,-1]  

 cryst.   s(15) = (     0          1          0      )
                  (    -1          0          0      )
                  (     0          0         -1      )

 cart.    s(15) = (  0.0000000 -1.0000000  0.0000000 )
                  (  1.0000000  0.0000000  0.0000000 )
                  (  0.0000000  0.0000000 -1.0000000 )


      isym = 16     inv.  90 deg rotation - cart. axis [0,0,1]   

 cryst.   s(16) = (     0         -1          0      )
                  (     1          0          0      )
                  (     0          0         -1      )

 cart.    s(16) = (  0.0000000  1.0000000  0.0000000 )
                  ( -1.0000000  0.0000000  0.0000000 )
                  (  0.0000000  0.0000000 -1.0000000 )


   Cartesian axes

     site n.     atom                  positions (alat units)
         1           N   tau(   1) = (   0.5000000   0.5000000   0.4451200  )
         2           N   tau(   2) = (   0.5000000   0.5000000   0.5548800  )

   Crystallographic axes

     site n.     atom                  positions (cryst. coord.)
         1           N   tau(   1) = (  0.5000000  0.5000000  0.4451200  )
         2           N   tau(   2) = (  0.5000000  0.5000000  0.5548800  )

     number of k points=     1
                       cart. coord. in units 2pi/alat
        k(    1) = (   0.0000000   0.0000000   0.0000000), wk =   2.0000000

                       cryst. coord.
        k(    1) = (   0.0000000   0.0000000   0.0000000), wk =   2.0000000

     Dense  grid:   322453 G-vectors     FFT dimensions: (  90,  90,  90)

     Dynamical RAM for                 wfc:       0.61 MB

     Dynamical RAM for     wfc (w. buffer):       0.61 MB

     Dynamical RAM for           str. fact:       0.98 MB

     Dynamical RAM for           local pot:       0.00 MB

     Dynamical RAM for          nlocal pot:       1.97 MB

     Dynamical RAM for                qrad:       0.97 MB

     Dynamical RAM for          rho,v,vnew:       6.29 MB

     Dynamical RAM for               rhoin:       2.10 MB

     Dynamical RAM for            rho*nmix:      15.75 MB

     Dynamical RAM for           G-vectors:       4.18 MB

     Dynamical RAM for          h,s,v(r/c):       0.02 MB

     Dynamical RAM for          <psi|beta>:       0.00 MB

     Dynamical RAM for                 psi:       2.46 MB

     Dynamical RAM for                hpsi:       2.46 MB

     Dynamical RAM for                spsi:       2.46 MB

     Dynamical RAM for      wfcinit/wfcrot:       1.97 MB

     Dynamical RAM for           addusdens:      44.28 MB

     Dynamical RAM for          addusforce:      46.74 MB

     Estimated static dynamical RAM per process >      40.38 MB

     Estimated max dynamical RAM per process >      87.13 MB

     Estimated total dynamical RAM >     435.64 MB

     Initial potential from superposition of free atoms
     Check: negative starting charge=   -0.000265

     starting charge    9.99998, renormalised to   10.00000

     negative rho (up, down):  2.648E-04 0.000E+00
     Starting wfcs are    8 randomized atomic wfcs

     total cpu time spent up to now is        1.3 secs

     Self-consistent Calculation

     iteration #  1     ecut=    50.00 Ry     beta= 0.70
     Davidson diagonalization with overlap
     ethr =  1.00E-02,  avg # of iterations =  2.0

     negative rho (up, down):  1.092E-03 0.000E+00

     total cpu time spent up to now is        2.1 secs

     total energy              =     -40.24843340 Ry
     Harris-Foulkes estimate   =     -40.34486654 Ry
     estimated scf accuracy    <       0.15485429 Ry

     iteration #  2     ecut=    50.00 Ry     beta= 0.70
     Davidson diagonalization with overlap
     ethr =  1.55E-03,  avg # of iterations =  2.0

     negative rho (up, down):  1.491E-03 0.000E+00

     total cpu time spent up to now is        3.2 secs

     total energy              =     -40.27734595 Ry
     Harris-Foulkes estimate   =     -40.28351598 Ry
     estimated scf accuracy    <       0.01095791 Ry

     iteration #  3     ecut=    50.00 Ry     beta= 0.70
     Davidson diagonalization with overlap
     ethr =  1.10E-04,  avg # of iterations =  2.0

     negative rho (up, down):  1.764E-03 0.000E+00

     total cpu time spent up to now is        4.5 secs

     total energy              =     -40.27927356 Ry
     Harris-Foulkes estimate   =     -40.27947411 Ry
     estimated scf accuracy    <       0.00043816 Ry

     iteration #  4     ecut=    50.00 Ry     beta= 0.70
     Davidson diagonalization with overlap
     ethr =  4.38E-06,  avg # of iterations =  2.0

     negative rho (up, down):  1.802E-03 0.000E+00

     total cpu time spent up to now is        5.3 secs

     total energy              =     -40.27932097 Ry
     Harris-Foulkes estimate   =     -40.27932109 Ry
     estimated scf accuracy    <       0.00000170 Ry

     iteration #  5     ecut=    50.00 Ry     beta= 0.70
     Davidson diagonalization with overlap
     ethr =  1.70E-08,  avg # of iterations =  2.0

     negative rho (up, down):  1.803E-03 0.000E+00

     total cpu time spent up to now is        6.3 secs

     total energy              =     -40.27932156 Ry
     Harris-Foulkes estimate   =     -40.27932157 Ry
     estimated scf accuracy    <       0.00000005 Ry

     iteration #  6     ecut=    50.00 Ry     beta= 0.70
     Davidson diagonalization with overlap
     ethr =  4.74E-10,  avg # of iterations =  3.0

     negative rho (up, down):  1.804E-03 0.000E+00

     total cpu time spent up to now is        7.7 secs

     End of self-consistent calculation

          k = 0.0000 0.0000 0.0000 ( 40339 PWs)   bands (ev):

   -28.2030 -13.2550 -11.4804 -11.4804 -10.0290

     occupation numbers 
     1.0000   1.0000   1.0000   1.0000   1.0000

     highest occupied level (ev):   -10.0290

!    total energy              =     -40.27932158 Ry
     Harris-Foulkes estimate   =     -40.27932157 Ry
     estimated scf accuracy    <          3.2E-09 Ry

     The total energy is the sum of the following terms:

     one-electron contribution =     -79.97924920 Ry
     hartree contribution      =      40.95236801 Ry
     xc contribution           =     -10.41217007 Ry
     ewald contribution        =       9.15972968 Ry

     convergence has been achieved in   6 iterations

     negative rho (up, down):  1.804E-03 0.000E+00

     Forces acting on atoms (cartesian axes, Ry/au):

     atom    1 type  1   force =     0.00000000    0.00000000   -0.06136898
     atom    2 type  1   force =     0.00000000    0.00000000    0.06136898
     The non-local contrib.  to forces
     atom    1 type  1   force =     0.00000000    0.00000000    1.87865872
     atom    2 type  1   force =     0.00000000    0.00000000   -1.87865872
     The ionic contribution  to forces
     atom    1 type  1   force =     0.00000000    0.00000000  -11.55540219
     atom    2 type  1   force =    -0.00000000   -0.00000000   11.55540219
     The local contribution  to forces
     atom    1 type  1   force =     0.00000000    0.00000000    9.61920037
     atom    2 type  1   force =     0.00000000    0.00000000   -9.61920037
     The core correction contribution to forces
     atom    1 type  1   force =     0.00000000    0.00000000   -0.00382865
     atom    2 type  1   force =     0.00000000    0.00000000    0.00382865
     The Hubbard contrib.    to forces
     atom    1 type  1   force =     0.00000000    0.00000000    0.00000000
     atom    2 type  1   force =     0.00000000    0.00000000    0.00000000
     The SCF correction term to forces
     atom    1 type  1   force =     0.00000000   -0.00000000    0.00000277
     atom    2 type  1   force =     0.00000000    0.00000000   -0.00000277

     Total force =     0.086789     Total SCF correction =     0.000004

     BFGS Geometry Optimization

     number of scf cycles    =   1
     number of bfgs steps    =   0

     energy   new            =     -40.2793215763 Ry

     new trust radius        =       0.0613689847 bohr
     new conv_thr            =       0.0000000100 Ry


ATOMIC_POSITIONS (crystal)
N        0.500000000   0.500000000   0.441872493
N        0.500000000   0.500000000   0.558127507


     Check: negative starting charge=   -0.000265
     NEW-OLD atomic charge density approx. for the potential
     Check: negative starting charge=   -0.000261

     negative rho (up, down):  1.867E-03 0.000E+00

     total cpu time spent up to now is        8.5 secs

     Self-consistent Calculation

     iteration #  1     ecut=    50.00 Ry     beta= 0.70
     Davidson diagonalization with overlap
     ethr =  1.00E-06,  avg # of iterations =  5.0

     negative rho (up, down):  1.653E-03 0.000E+00

     total cpu time spent up to now is       10.2 secs

     total energy              =     -40.26396123 Ry
     Harris-Foulkes estimate   =     -40.26916917 Ry
     estimated scf accuracy    <       0.00767430 Ry

     iteration #  2     ecut=    50.00 Ry     beta= 0.70
     Davidson diagonalization with overlap
     ethr =  7.67E-05,  avg # of iterations =  2.0

     negative rho (up, down):  1.669E-03 0.000E+00

     total cpu time spent up to now is       11.6 secs

     total energy              =     -40.26592196 Ry
     Harris-Foulkes estimate   =     -40.26639334 Ry
     estimated scf accuracy    <       0.00081740 Ry

     iteration #  3     ecut=    50.00 Ry     beta= 0.70
     Davidson diagonalization with overlap
     ethr =  8.17E-06,  avg # of iterations =  2.0

     negative rho (up, down):  1.683E-03 0.000E+00

     total cpu time spent up to now is       12.8 secs

     total energy              =     -40.26607783 Ry
     Harris-Foulkes estimate   =     -40.26607960 Ry
     estimated scf accuracy    <       0.00001251 Ry

     iteration #  4     ecut=    50.00 Ry     beta= 0.70
     Davidson diagonalization with overlap
     ethr =  1.25E-07,  avg # of iterations =  1.0

     negative rho (up, down):  1.683E-03 0.000E+00

     total cpu time spent up to now is       13.7 secs

     total energy              =     -40.26607854 Ry
     Harris-Foulkes estimate   =     -40.26607855 Ry
     estimated scf accuracy    <       0.00000015 Ry

     iteration #  5     ecut=    50.00 Ry     beta= 0.70
     Davidson diagonalization with overlap
     ethr =  1.49E-09,  avg # of iterations =  2.0

     negative rho (up, down):  1.682E-03 0.000E+00

     total cpu time spent up to now is       14.6 secs

     total energy              =     -40.26607859 Ry
     Harris-Foulkes estimate   =     -40.26607858 Ry
     estimated scf accuracy    <       0.00000001 Ry

     iteration #  6     ecut=    50.00 Ry     beta= 0.70
     Davidson diagonalization with overlap
     ethr =  1.33E-10,  avg # of iterations =  2.0

     negative rho (up, down):  1.682E-03 0.000E+00

     total cpu time spent up to now is       15.9 secs

     End of self-consistent calculation

          k = 0.0000 0.0000 0.0000 ( 40339 PWs)   bands (ev):

   -27.2164 -13.7053 -10.9781 -10.9781  -9.9815

     occupation numbers 
     1.0000   1.0000   1.0000   1.0000   1.0000

     highest occupied level (ev):    -9.9815

!    total energy              =     -40.26607859 Ry
     Harris-Foulkes estimate   =     -40.26607859 Ry
     estimated scf accuracy    <          1.1E-09 Ry

     The total energy is the sum of the following terms:

     one-electron contribution =     -77.61331934 Ry
     hartree contribution      =      39.79356071 Ry
     xc contribution           =     -10.26771812 Ry
     ewald contribution        =       7.82139816 Ry

     convergence has been achieved in   6 iterations

     negative rho (up, down):  1.682E-03 0.000E+00

     Forces acting on atoms (cartesian axes, Ry/au):

     atom    1 type  1   force =     0.00000000    0.00000000    0.25112203
     atom    2 type  1   force =     0.00000000    0.00000000   -0.25112203
     The non-local contrib.  to forces
     atom    1 type  1   force =     0.00000000    0.00000000    1.95704101
     atom    2 type  1   force =     0.00000000    0.00000000   -1.95704101
     The ionic contribution  to forces
     atom    1 type  1   force =    -0.00000000   -0.00000000  -10.28881180
     atom    2 type  1   force =     0.00000000    0.00000000   10.28881180
     The local contribution  to forces
     atom    1 type  1   force =     0.00000000    0.00000000    8.59144886
     atom    2 type  1   force =     0.00000000    0.00000000   -8.59144886
     The core correction contribution to forces
     atom    1 type  1   force =     0.00000000    0.00000000   -0.00847711
     atom    2 type  1   force =     0.00000000    0.00000000    0.00847711
     The Hubbard contrib.    to forces
     atom    1 type  1   force =     0.00000000    0.00000000    0.00000000
     atom    2 type  1   force =     0.00000000    0.00000000    0.00000000
     The SCF correction term to forces
     atom    1 type  1   force =    -0.00000000   -0.00000000   -0.00007894
     atom    2 type  1   force =     0.00000000    0.00000000    0.00007894

     Total force =     0.355140     Total SCF correction =     0.000112

     number of scf cycles    =   2
     number of bfgs steps    =   1

     energy   old            =     -40.2793215763 Ry
     energy   new            =     -40.2660785901 Ry

     CASE: energy  _new > energy  _old

     new trust radius        =       0.0111249919 bohr
     new conv_thr            =       0.0000000100 Ry


ATOMIC_POSITIONS (crystal)
N        0.500000000   0.500000000   0.444531291
N        0.500000000   0.500000000   0.555468709


     Check: negative starting charge=   -0.000261
     NEW-OLD atomic charge density approx. for the potential
     Check: negative starting charge=   -0.000264

     negative rho (up, down):  1.701E-03 0.000E+00

     total cpu time spent up to now is       17.3 secs

     Self-consistent Calculation

     iteration #  1     ecut=    50.00 Ry     beta= 0.70
     Davidson diagonalization with overlap
     ethr =  1.00E-06,  avg # of iterations =  5.0

     negative rho (up, down):  1.757E-03 0.000E+00

     total cpu time spent up to now is       18.7 secs

     total energy              =     -40.27856553 Ry
     Harris-Foulkes estimate   =     -40.28194272 Ry
     estimated scf accuracy    <       0.00498184 Ry

     iteration #  2     ecut=    50.00 Ry     beta= 0.70
     Davidson diagonalization with overlap
     ethr =  4.98E-05,  avg # of iterations =  2.0

     negative rho (up, down):  1.764E-03 0.000E+00

     total cpu time spent up to now is       19.8 secs

     total energy              =     -40.27981283 Ry
     Harris-Foulkes estimate   =     -40.28009978 Ry
     estimated scf accuracy    <       0.00049490 Ry

     iteration #  3     ecut=    50.00 Ry     beta= 0.70
     Davidson diagonalization with overlap
     ethr =  4.95E-06,  avg # of iterations =  2.0

     negative rho (up, down):  1.778E-03 0.000E+00

     total cpu time spent up to now is       20.9 secs

     total energy              =     -40.27991030 Ry
     Harris-Foulkes estimate   =     -40.27991110 Ry
     estimated scf accuracy    <       0.00000743 Ry

     iteration #  4     ecut=    50.00 Ry     beta= 0.70
     Davidson diagonalization with overlap
     ethr =  7.43E-08,  avg # of iterations =  1.0

     negative rho (up, down):  1.781E-03 0.000E+00

     total cpu time spent up to now is       22.1 secs

     total energy              =     -40.27991076 Ry
     Harris-Foulkes estimate   =     -40.27991077 Ry
     estimated scf accuracy    <       0.00000008 Ry

     iteration #  5     ecut=    50.00 Ry     beta= 0.70
     Davidson diagonalization with overlap
     ethr =  7.87E-10,  avg # of iterations =  3.0

     negative rho (up, down):  1.782E-03 0.000E+00

     total cpu time spent up to now is       23.5 secs

     End of self-consistent calculation

          k = 0.0000 0.0000 0.0000 ( 40339 PWs)   bands (ev):

   -28.0231 -13.3380 -11.3850 -11.3850 -10.0208

     occupation numbers 
     1.0000   1.0000   1.0000   1.0000   1.0000

     highest occupied level (ev):   -10.0208

!    total energy              =     -40.27991079 Ry
     Harris-Foulkes estimate   =     -40.27991079 Ry
     estimated scf accuracy    <          5.3E-09 Ry

     The total energy is the sum of the following terms:

     one-electron contribution =     -79.53548501 Ry
     hartree contribution      =      40.73474872 Ry
     xc contribution           =     -10.38454970 Ry
     ewald contribution        =       8.90537521 Ry

     convergence has been achieved in   5 iterations

     negative rho (up, down):  1.782E-03 0.000E+00

     Forces acting on atoms (cartesian axes, Ry/au):

     atom    1 type  1   force =     0.00000000    0.00000000    0.00737544
     atom    2 type  1   force =     0.00000000    0.00000000   -0.00737544
     The non-local contrib.  to forces
     atom    1 type  1   force =     0.00000000    0.00000000    1.89783142
     atom    2 type  1   force =     0.00000000    0.00000000   -1.89783142
     The ionic contribution  to forces
     atom    1 type  1   force =     0.00000000    0.00000000  -11.30924676
     atom    2 type  1   force =    -0.00000000   -0.00000000   11.30924676
     The local contribution  to forces
     atom    1 type  1   force =     0.00000000    0.00000000    9.42368800
     atom    2 type  1   force =     0.00000000    0.00000000   -9.42368800
     The core correction contribution to forces
     atom    1 type  1   force =     0.00000000    0.00000000   -0.00477534
     atom    2 type  1   force =     0.00000000    0.00000000    0.00477534
     The Hubbard contrib.    to forces
     atom    1 type  1   force =     0.00000000    0.00000000    0.00000000
     atom    2 type  1   force =     0.00000000    0.00000000    0.00000000
     The SCF correction term to forces
     atom    1 type  1   force =     0.00000000    0.00000000   -0.00012188
     atom    2 type  1   force =     0.00000000    0.00000000    0.00012188

     Total force =     0.010430     Total SCF correction =     0.000172

     number of scf cycles    =   3
     number of bfgs steps    =   1

     energy   old            =     -40.2793215763 Ry
     energy   new            =     -40.2799107870 Ry

     CASE: energy  _new < energy  _old

     new trust radius        =       0.0011935767 bohr
     new conv_thr            =       0.0000000006 Ry


ATOMIC_POSITIONS (crystal)
N        0.500000000   0.500000000   0.444594452
N        0.500000000   0.500000000   0.555405548


     Check: negative starting charge=   -0.000264
     NEW-OLD atomic charge density approx. for the potential
     Check: negative starting charge=   -0.000264

     negative rho (up, down):  1.782E-03 0.000E+00

     total cpu time spent up to now is       24.4 secs

     Self-consistent Calculation

     iteration #  1     ecut=    50.00 Ry     beta= 0.70
     Davidson diagonalization with overlap
     ethr =  1.00E-06,  avg # of iterations =  2.0

     Threshold (ethr) on eigenvalues was too large:
     Diagonalizing with lowered threshold

     Davidson diagonalization with overlap
     ethr =  3.19E-08,  avg # of iterations =  1.0

     negative rho (up, down):  1.784E-03 0.000E+00

     total cpu time spent up to now is       26.1 secs

     total energy              =     -40.27991911 Ry
     Harris-Foulkes estimate   =     -40.27992125 Ry
     estimated scf accuracy    <       0.00000313 Ry

     iteration #  2     ecut=    50.00 Ry     beta= 0.70
     Davidson diagonalization with overlap
     ethr =  3.13E-08,  avg # of iterations =  2.0

     negative rho (up, down):  1.784E-03 0.000E+00

     total cpu time spent up to now is       27.1 secs

     total energy              =     -40.27991992 Ry
     Harris-Foulkes estimate   =     -40.27992009 Ry
     estimated scf accuracy    <       0.00000032 Ry

     iteration #  3     ecut=    50.00 Ry     beta= 0.70
     Davidson diagonalization with overlap
     ethr =  3.17E-09,  avg # of iterations =  2.0

     negative rho (up, down):  1.784E-03 0.000E+00

     total cpu time spent up to now is       27.8 secs

     total energy              =     -40.27991998 Ry
     Harris-Foulkes estimate   =     -40.27991998 Ry
     estimated scf accuracy    <          4.5E-09 Ry

     iteration #  4     ecut=    50.00 Ry     beta= 0.70
     Davidson diagonalization with overlap
     ethr =  4.47E-11,  avg # of iterations =  1.0

     negative rho (up, down):  1.784E-03 0.000E+00

     total cpu time spent up to now is       28.2 secs

     End of self-consistent calculation

          k = 0.0000 0.0000 0.0000 ( 40339 PWs)   bands (ev):

   -28.0421 -13.3291 -11.3950 -11.3950 -10.0217

     occupation numbers 
     1.0000   1.0000   1.0000   1.0000   1.0000

     highest occupied level (ev):   -10.0217

!    total energy              =     -40.27991998 Ry
     Harris-Foulkes estimate   =     -40.27991998 Ry
     estimated scf accuracy    <          5.2E-11 Ry

     The total energy is the sum of the following terms:

     one-electron contribution =     -79.58269792 Ry
     hartree contribution      =      40.75784536 Ry
     xc contribution           =     -10.38747060 Ry
     ewald contribution        =       8.93240317 Ry

     convergence has been achieved in   4 iterations

     negative rho (up, down):  1.784E-03 0.000E+00

     Forces acting on atoms (cartesian axes, Ry/au):

     atom    1 type  1   force =     0.00000000    0.00000000    0.00029492
     atom    2 type  1   force =     0.00000000    0.00000000   -0.00029492
     The non-local contrib.  to forces
     atom    1 type  1   force =     0.00000000    0.00000000    1.89590721
     atom    2 type  1   force =     0.00000000    0.00000000   -1.89590721
     The ionic contribution  to forces
     atom    1 type  1   force =     0.00000000    0.00000000  -11.33528226
     atom    2 type  1   force =    -0.00000000   -0.00000000   11.33528226
     The local contribution  to forces
     atom    1 type  1   force =     0.00000000    0.00000000    9.44435392
     atom    2 type  1   force =     0.00000000    0.00000000   -9.44435392
     The core correction contribution to forces
     atom    1 type  1   force =     0.00000000    0.00000000   -0.00467689
     atom    2 type  1   force =     0.00000000    0.00000000    0.00467689
     The Hubbard contrib.    to forces
     atom    1 type  1   force =     0.00000000    0.00000000    0.00000000
     atom    2 type  1   force =     0.00000000    0.00000000    0.00000000
     The SCF correction term to forces
     atom    1 type  1   force =    -0.00000000   -0.00000000   -0.00000707
     atom    2 type  1   force =    -0.00000000   -0.00000000    0.00000707

     Total force =     0.000417     Total SCF correction =     0.000010

     bfgs converged in   4 scf cycles and   2 bfgs steps
     (criteria: energy <  1.0E-04 Ry, force <  1.0E-03 Ry/Bohr)

     End of BFGS Geometry Optimization

     Final energy   =     -40.2799199814 Ry
Begin final coordinates

ATOMIC_POSITIONS (crystal)
N        0.500000000   0.500000000   0.444594452
N        0.500000000   0.500000000   0.555405548
End final coordinates


 
     init_run     :      2.59s CPU      1.19s WALL (       1 calls)
     electrons    :     49.83s CPU     23.75s WALL (       4 calls)
     update_pot   :      2.97s CPU      1.34s WALL (       3 calls)
     forces       :      4.03s CPU      1.67s WALL (       4 calls)

     Called by init_run:
     wfcinit      :      0.47s CPU      0.24s WALL (       1 calls)
     wfcinit:atom :      0.00s CPU      0.00s WALL (       1 calls)
     wfcinit:wfcr :      0.45s CPU      0.23s WALL (       1 calls)
     potinit      :      1.05s CPU      0.36s WALL (       1 calls)
     hinit0       :      0.64s CPU      0.31s WALL (       1 calls)

     Called by electrons:
     c_bands      :     23.21s CPU     10.86s WALL (      22 calls)
     sum_band     :     10.35s CPU      5.19s WALL (      22 calls)
     v_of_rho     :     11.10s CPU      5.13s WALL (      25 calls)
     v_h          :      1.26s CPU      0.59s WALL (      25 calls)
     v_xc         :     11.11s CPU      5.05s WALL (      29 calls)
     newd         :      5.33s CPU      2.57s WALL (      25 calls)
     mix_rho      :      1.82s CPU      0.87s WALL (      22 calls)

     Called by c_bands:
     init_us_2    :      0.25s CPU      0.13s WALL (      45 calls)
     cegterg      :     22.39s CPU     10.48s WALL (      22 calls)

     Called by sum_band:
     sum_band:bec :      0.08s CPU      0.04s WALL (      22 calls)
     addusdens    :      2.51s CPU      1.33s WALL (      22 calls)

     Called by *egterg:
     h_psi        :     18.86s CPU      8.81s WALL (      71 calls)
     s_psi        :      0.06s CPU      0.03s WALL (      71 calls)
     g_psi        :      0.02s CPU      0.01s WALL (      48 calls)
     cdiaghg      :      0.21s CPU      0.11s WALL (      66 calls)
     cegterg:over :      1.52s CPU      0.70s WALL (      48 calls)
     cegterg:upda :      0.37s CPU      0.20s WALL (      48 calls)
     cegterg:last :      0.05s CPU      0.03s WALL (      24 calls)

     Called by h_psi:
     h_psi:pot    :     18.81s CPU      8.78s WALL (      71 calls)
     h_psi:calbec :      1.47s CPU      0.66s WALL (      71 calls)
     vloc_psi     :     17.14s CPU      8.02s WALL (      71 calls)
     add_vuspsi   :      0.20s CPU      0.10s WALL (      71 calls)

     General routines
     calbec       :      2.26s CPU      1.02s WALL (     109 calls)
     fft          :     13.23s CPU      6.12s WALL (     327 calls)
     ffts         :      0.50s CPU      0.24s WALL (      22 calls)
     fftw         :     19.78s CPU      9.30s WALL (     764 calls)
 
     Parallel routines
     fft_scatt_xy :      1.74s CPU      0.78s WALL (    1113 calls)
     fft_scatt_yz :     25.80s CPU     11.96s WALL (    1113 calls)
 
     PWSCF        :  1m 0.35s CPU        28.47s WALL

 
   This run was terminated on:   8:59:54  19Mar2019            

=------------------------------------------------------------------------------=
   JOB DONE.
=------------------------------------------------------------------------------=
