
     Program PWSCF v.6.3MaX starts on 19Mar2019 at  9: 0:23 

     This program is part of the open-source Quantum ESPRESSO suite
     for quantum simulation of materials; please cite
         "P. Giannozzi et al., J. Phys.:Condens. Matter 21 395502 (2009);
         "P. Giannozzi et al., J. Phys.:Condens. Matter 29 465901 (2017);
          URL http://www.quantum-espresso.org", 
     in publications or presentations arising from this work. More details at
     http://www.quantum-espresso.org/quote

 *** WARNING: using old-style file format, will disappear from next version ***

     Parallel version (MPI & OpenMP), running on      20 processor cores
     Number of MPI processes:                 5
     Threads/MPI process:                     4

     MPI processes distributed on     1 nodes
     R & G space division:  proc/nbgrp/npool/nimage =       5
     Reading input from /home/azadoks/dftman/projects/HW5_3/ConvergenceWorkflows/8ea71bd0fc85/fb994ba4fc45/pwscf.in
Warning: card &CELL ignored
Warning: card / ignored

     Current dimensions of program PWSCF are:
     Max number of different atomic species (ntypx) = 10
     Max number of k-points (npk) =  40000
     Max angular momentum in pseudopotentials (lmaxx) =  3
     Message from routine iosys:
     minimal I/O required, wf_collect reset to FALSE

     Subspace diagonalization in iterative solution of the eigenvalue problem:
     a serial algorithm will be used

 
     Parallelization info
     --------------------
     sticks:   dense  smooth     PW     G-vecs:    dense   smooth      PW
     Min        1363    1363    340                84739    84739   10584
     Max        1364    1364    341                84742    84742   10587
     Sum        6817    6817   1701               423701   423701   52923
 


     bravais-lattice index     =            0
     lattice parameter (alat)  =      18.8973  a.u.
     unit-cell volume          =    6748.3346 (a.u.)^3
     number of atoms/cell      =            2
     number of atomic types    =            1
     number of electrons       =        10.00
     number of Kohn-Sham states=            5
     kinetic-energy cutoff     =      60.0000  Ry
     charge density cutoff     =     240.0000  Ry
     convergence threshold     =      1.0E-08
     mixing beta               =       0.7000
     number of iterations used =            8  plain     mixing
     Exchange-correlation      = SLA  PW   PBE  PBE ( 1  4  3  4 0 0)
     nstep                     =           50


     celldm(1)=  18.897261  celldm(2)=   0.000000  celldm(3)=   0.000000
     celldm(4)=   0.000000  celldm(5)=   0.000000  celldm(6)=   0.000000

     crystal axes: (cart. coord. in units of alat)
               a(1) = (   1.000000   0.000000   0.000000 )  
               a(2) = (   0.000000   1.000000   0.000000 )  
               a(3) = (   0.000000   0.000000   1.000000 )  

     reciprocal axes: (cart. coord. in units 2 pi/alat)
               b(1) = (  1.000000  0.000000  0.000000 )  
               b(2) = (  0.000000  1.000000  0.000000 )  
               b(3) = (  0.000000  0.000000  1.000000 )  


     PseudoPot. # 1 for N  read from file:
     /home/azadoks/.local/share/pseudo/GBRV_PBE_US/n_pbe_v1.2.uspp.F.UPF
     MD5 check sum: 95339753478d7afb44899504a8723017
     Pseudo is Ultrasoft + core correction, Zval =  5.0
     Generated by new atomic code, or converted to UPF format
     Using radial grid of  729 points,  4 beta functions with: 
                l(1) =   0
                l(2) =   0
                l(3) =   1
                l(4) =   1
     Q(r) pseudized with  8 coefficients,  rinner =    0.900   0.900   0.900


     atomic species   valence    mass     pseudopotential
        N              5.00    14.00670     N ( 1.00)

     16 Sym. Ops., with inversion, found


                                    s                        frac. trans.

      isym =  1     identity                                     

 cryst.   s( 1) = (     1          0          0      )
                  (     0          1          0      )
                  (     0          0          1      )

 cart.    s( 1) = (  1.0000000  0.0000000  0.0000000 )
                  (  0.0000000  1.0000000  0.0000000 )
                  (  0.0000000  0.0000000  1.0000000 )


      isym =  2     180 deg rotation - cart. axis [0,0,1]        

 cryst.   s( 2) = (    -1          0          0      )
                  (     0         -1          0      )
                  (     0          0          1      )

 cart.    s( 2) = ( -1.0000000  0.0000000  0.0000000 )
                  (  0.0000000 -1.0000000  0.0000000 )
                  (  0.0000000  0.0000000  1.0000000 )


      isym =  3     180 deg rotation - cart. axis [0,1,0]        

 cryst.   s( 3) = (    -1          0          0      )
                  (     0          1          0      )
                  (     0          0         -1      )

 cart.    s( 3) = ( -1.0000000  0.0000000  0.0000000 )
                  (  0.0000000  1.0000000  0.0000000 )
                  (  0.0000000  0.0000000 -1.0000000 )


      isym =  4     180 deg rotation - cart. axis [1,0,0]        

 cryst.   s( 4) = (     1          0          0      )
                  (     0         -1          0      )
                  (     0          0         -1      )

 cart.    s( 4) = (  1.0000000  0.0000000  0.0000000 )
                  (  0.0000000 -1.0000000  0.0000000 )
                  (  0.0000000  0.0000000 -1.0000000 )


      isym =  5     180 deg rotation - cart. axis [1,1,0]        

 cryst.   s( 5) = (     0          1          0      )
                  (     1          0          0      )
                  (     0          0         -1      )

 cart.    s( 5) = (  0.0000000  1.0000000  0.0000000 )
                  (  1.0000000  0.0000000  0.0000000 )
                  (  0.0000000  0.0000000 -1.0000000 )


      isym =  6     180 deg rotation - cart. axis [1,-1,0]       

 cryst.   s( 6) = (     0         -1          0      )
                  (    -1          0          0      )
                  (     0          0         -1      )

 cart.    s( 6) = (  0.0000000 -1.0000000  0.0000000 )
                  ( -1.0000000  0.0000000  0.0000000 )
                  (  0.0000000  0.0000000 -1.0000000 )


      isym =  7      90 deg rotation - cart. axis [0,0,-1]       

 cryst.   s( 7) = (     0         -1          0      )
                  (     1          0          0      )
                  (     0          0          1      )

 cart.    s( 7) = (  0.0000000  1.0000000  0.0000000 )
                  ( -1.0000000  0.0000000  0.0000000 )
                  (  0.0000000  0.0000000  1.0000000 )


      isym =  8      90 deg rotation - cart. axis [0,0,1]        

 cryst.   s( 8) = (     0          1          0      )
                  (    -1          0          0      )
                  (     0          0          1      )

 cart.    s( 8) = (  0.0000000 -1.0000000  0.0000000 )
                  (  1.0000000  0.0000000  0.0000000 )
                  (  0.0000000  0.0000000  1.0000000 )


      isym =  9     inversion                                    

 cryst.   s( 9) = (    -1          0          0      )
                  (     0         -1          0      )
                  (     0          0         -1      )

 cart.    s( 9) = ( -1.0000000  0.0000000  0.0000000 )
                  (  0.0000000 -1.0000000  0.0000000 )
                  (  0.0000000  0.0000000 -1.0000000 )


      isym = 10     inv. 180 deg rotation - cart. axis [0,0,1]   

 cryst.   s(10) = (     1          0          0      )
                  (     0          1          0      )
                  (     0          0         -1      )

 cart.    s(10) = (  1.0000000  0.0000000  0.0000000 )
                  (  0.0000000  1.0000000  0.0000000 )
                  (  0.0000000  0.0000000 -1.0000000 )


      isym = 11     inv. 180 deg rotation - cart. axis [0,1,0]   

 cryst.   s(11) = (     1          0          0      )
                  (     0         -1          0      )
                  (     0          0          1      )

 cart.    s(11) = (  1.0000000  0.0000000  0.0000000 )
                  (  0.0000000 -1.0000000  0.0000000 )
                  (  0.0000000  0.0000000  1.0000000 )


      isym = 12     inv. 180 deg rotation - cart. axis [1,0,0]   

 cryst.   s(12) = (    -1          0          0      )
                  (     0          1          0      )
                  (     0          0          1      )

 cart.    s(12) = ( -1.0000000  0.0000000  0.0000000 )
                  (  0.0000000  1.0000000  0.0000000 )
                  (  0.0000000  0.0000000  1.0000000 )


      isym = 13     inv. 180 deg rotation - cart. axis [1,1,0]   

 cryst.   s(13) = (     0         -1          0      )
                  (    -1          0          0      )
                  (     0          0          1      )

 cart.    s(13) = (  0.0000000 -1.0000000  0.0000000 )
                  ( -1.0000000  0.0000000  0.0000000 )
                  (  0.0000000  0.0000000  1.0000000 )


      isym = 14     inv. 180 deg rotation - cart. axis [1,-1,0]  

 cryst.   s(14) = (     0          1          0      )
                  (     1          0          0      )
                  (     0          0          1      )

 cart.    s(14) = (  0.0000000  1.0000000  0.0000000 )
                  (  1.0000000  0.0000000  0.0000000 )
                  (  0.0000000  0.0000000  1.0000000 )


      isym = 15     inv.  90 deg rotation - cart. axis [0,0,-1]  

 cryst.   s(15) = (     0          1          0      )
                  (    -1          0          0      )
                  (     0          0         -1      )

 cart.    s(15) = (  0.0000000 -1.0000000  0.0000000 )
                  (  1.0000000  0.0000000  0.0000000 )
                  (  0.0000000  0.0000000 -1.0000000 )


      isym = 16     inv.  90 deg rotation - cart. axis [0,0,1]   

 cryst.   s(16) = (     0         -1          0      )
                  (     1          0          0      )
                  (     0          0         -1      )

 cart.    s(16) = (  0.0000000  1.0000000  0.0000000 )
                  ( -1.0000000  0.0000000  0.0000000 )
                  (  0.0000000  0.0000000 -1.0000000 )


   Cartesian axes

     site n.     atom                  positions (alat units)
         1           N   tau(   1) = (   0.5000000   0.5000000   0.4451200  )
         2           N   tau(   2) = (   0.5000000   0.5000000   0.5548800  )

   Crystallographic axes

     site n.     atom                  positions (cryst. coord.)
         1           N   tau(   1) = (  0.5000000  0.5000000  0.4451200  )
         2           N   tau(   2) = (  0.5000000  0.5000000  0.5548800  )

     number of k points=     1
                       cart. coord. in units 2pi/alat
        k(    1) = (   0.0000000   0.0000000   0.0000000), wk =   2.0000000

                       cryst. coord.
        k(    1) = (   0.0000000   0.0000000   0.0000000), wk =   2.0000000

     Dense  grid:   423701 G-vectors     FFT dimensions: (  96,  96,  96)

     Dynamical RAM for                 wfc:       0.81 MB

     Dynamical RAM for     wfc (w. buffer):       0.81 MB

     Dynamical RAM for           str. fact:       1.29 MB

     Dynamical RAM for           local pot:       0.00 MB

     Dynamical RAM for          nlocal pot:       2.59 MB

     Dynamical RAM for                qrad:       1.07 MB

     Dynamical RAM for          rho,v,vnew:       8.10 MB

     Dynamical RAM for               rhoin:       2.70 MB

     Dynamical RAM for            rho*nmix:      20.69 MB

     Dynamical RAM for           G-vectors:       5.50 MB

     Dynamical RAM for          h,s,v(r/c):       0.02 MB

     Dynamical RAM for          <psi|beta>:       0.00 MB

     Dynamical RAM for                 psi:       3.23 MB

     Dynamical RAM for                hpsi:       3.23 MB

     Dynamical RAM for                spsi:       3.23 MB

     Dynamical RAM for      wfcinit/wfcrot:       2.59 MB

     Dynamical RAM for           addusdens:      58.19 MB

     Dynamical RAM for          addusforce:      61.42 MB

     Estimated static dynamical RAM per process >      52.35 MB

     Estimated max dynamical RAM per process >     113.78 MB

     Estimated total dynamical RAM >     568.88 MB

     Initial potential from superposition of free atoms
     Check: negative starting charge=   -0.001500

     starting charge    9.99998, renormalised to   10.00000

     negative rho (up, down):  1.500E-03 0.000E+00
     Starting wfcs are    8 randomized atomic wfcs

     total cpu time spent up to now is        1.3 secs

     Self-consistent Calculation

     iteration #  1     ecut=    60.00 Ry     beta= 0.70
     Davidson diagonalization with overlap
     ethr =  1.00E-02,  avg # of iterations =  2.0

     negative rho (up, down):  6.488E-04 0.000E+00

     total cpu time spent up to now is        2.6 secs

     total energy              =     -40.24898217 Ry
     Harris-Foulkes estimate   =     -40.34559090 Ry
     estimated scf accuracy    <       0.15501509 Ry

     iteration #  2     ecut=    60.00 Ry     beta= 0.70
     Davidson diagonalization with overlap
     ethr =  1.55E-03,  avg # of iterations =  2.0

     negative rho (up, down):  1.284E-03 0.000E+00

     total cpu time spent up to now is        3.6 secs

     total energy              =     -40.27799019 Ry
     Harris-Foulkes estimate   =     -40.28417761 Ry
     estimated scf accuracy    <       0.01097498 Ry

     iteration #  3     ecut=    60.00 Ry     beta= 0.70
     Davidson diagonalization with overlap
     ethr =  1.10E-04,  avg # of iterations =  2.0

     negative rho (up, down):  1.715E-03 0.000E+00

     total cpu time spent up to now is        4.6 secs

     total energy              =     -40.27992152 Ry
     Harris-Foulkes estimate   =     -40.28012245 Ry
     estimated scf accuracy    <       0.00043891 Ry

     iteration #  4     ecut=    60.00 Ry     beta= 0.70
     Davidson diagonalization with overlap
     ethr =  4.39E-06,  avg # of iterations =  2.0

     negative rho (up, down):  1.770E-03 0.000E+00

     total cpu time spent up to now is        5.6 secs

     total energy              =     -40.27996901 Ry
     Harris-Foulkes estimate   =     -40.27996904 Ry
     estimated scf accuracy    <       0.00000167 Ry

     iteration #  5     ecut=    60.00 Ry     beta= 0.70
     Davidson diagonalization with overlap
     ethr =  1.67E-08,  avg # of iterations =  2.0

     negative rho (up, down):  1.772E-03 0.000E+00

     total cpu time spent up to now is        6.7 secs

     total energy              =     -40.27996966 Ry
     Harris-Foulkes estimate   =     -40.27996966 Ry
     estimated scf accuracy    <       0.00000005 Ry

     iteration #  6     ecut=    60.00 Ry     beta= 0.70
     Davidson diagonalization with overlap
     ethr =  4.77E-10,  avg # of iterations =  4.0

     negative rho (up, down):  1.774E-03 0.000E+00

     total cpu time spent up to now is        7.8 secs

     End of self-consistent calculation

          k = 0.0000 0.0000 0.0000 ( 52923 PWs)   bands (ev):

   -28.2016 -13.2546 -11.4806 -11.4806 -10.0294

     occupation numbers 
     1.0000   1.0000   1.0000   1.0000   1.0000

     highest occupied level (ev):   -10.0294

!    total energy              =     -40.27996969 Ry
     Harris-Foulkes estimate   =     -40.27996969 Ry
     estimated scf accuracy    <          3.3E-09 Ry

     The total energy is the sum of the following terms:

     one-electron contribution =     -79.98080676 Ry
     hartree contribution      =      40.95347379 Ry
     xc contribution           =     -10.41236642 Ry
     ewald contribution        =       9.15972970 Ry

     convergence has been achieved in   6 iterations

     negative rho (up, down):  1.774E-03 0.000E+00

     Forces acting on atoms (cartesian axes, Ry/au):

     atom    1 type  1   force =     0.00000000    0.00000000   -0.06115650
     atom    2 type  1   force =     0.00000000    0.00000000    0.06115650
     The non-local contrib.  to forces
     atom    1 type  1   force =     0.00000000    0.00000000    1.87763068
     atom    2 type  1   force =     0.00000000    0.00000000   -1.87763068
     The ionic contribution  to forces
     atom    1 type  1   force =     0.00000000    0.00000000  -11.55540219
     atom    2 type  1   force =    -0.00000000   -0.00000000   11.55540219
     The local contribution  to forces
     atom    1 type  1   force =     0.00000000    0.00000000    9.62034153
     atom    2 type  1   force =     0.00000000    0.00000000   -9.62034153
     The core correction contribution to forces
     atom    1 type  1   force =     0.00000000    0.00000000   -0.00370377
     atom    2 type  1   force =     0.00000000    0.00000000    0.00370377
     The Hubbard contrib.    to forces
     atom    1 type  1   force =     0.00000000    0.00000000    0.00000000
     atom    2 type  1   force =     0.00000000    0.00000000    0.00000000
     The SCF correction term to forces
     atom    1 type  1   force =    -0.00000000   -0.00000000   -0.00002274
     atom    2 type  1   force =     0.00000000    0.00000000    0.00002274

     Total force =     0.086488     Total SCF correction =     0.000032

     BFGS Geometry Optimization

     number of scf cycles    =   1
     number of bfgs steps    =   0

     energy   new            =     -40.2799696890 Ry

     new trust radius        =       0.0611564962 bohr
     new conv_thr            =       0.0000000100 Ry


ATOMIC_POSITIONS (crystal)
N        0.500000000   0.500000000   0.441883738
N        0.500000000   0.500000000   0.558116262


     Check: negative starting charge=   -0.001500
     NEW-OLD atomic charge density approx. for the potential
     Check: negative starting charge=   -0.001502

     negative rho (up, down):  2.289E-03 0.000E+00

     total cpu time spent up to now is        8.7 secs

     Self-consistent Calculation

     iteration #  1     ecut=    60.00 Ry     beta= 0.70
     Davidson diagonalization with overlap
     ethr =  1.00E-06,  avg # of iterations =  5.0

     negative rho (up, down):  1.651E-03 0.000E+00

     total cpu time spent up to now is        9.9 secs

     total energy              =     -40.26470367 Ry
     Harris-Foulkes estimate   =     -40.26988670 Ry
     estimated scf accuracy    <       0.00762921 Ry

     iteration #  2     ecut=    60.00 Ry     beta= 0.70
     Davidson diagonalization with overlap
     ethr =  7.63E-05,  avg # of iterations =  2.0

     negative rho (up, down):  1.661E-03 0.000E+00

     total cpu time spent up to now is       10.8 secs

     total energy              =     -40.26665182 Ry
     Harris-Foulkes estimate   =     -40.26712042 Ry
     estimated scf accuracy    <       0.00081181 Ry

     iteration #  3     ecut=    60.00 Ry     beta= 0.70
     Davidson diagonalization with overlap
     ethr =  8.12E-06,  avg # of iterations =  2.0

     negative rho (up, down):  1.698E-03 0.000E+00

     total cpu time spent up to now is       12.0 secs

     total energy              =     -40.26680645 Ry
     Harris-Foulkes estimate   =     -40.26680847 Ry
     estimated scf accuracy    <       0.00001243 Ry

     iteration #  4     ecut=    60.00 Ry     beta= 0.70
     Davidson diagonalization with overlap
     ethr =  1.24E-07,  avg # of iterations =  1.0

     negative rho (up, down):  1.701E-03 0.000E+00

     total cpu time spent up to now is       13.3 secs

     total energy              =     -40.26680714 Ry
     Harris-Foulkes estimate   =     -40.26680715 Ry
     estimated scf accuracy    <       0.00000015 Ry

     iteration #  5     ecut=    60.00 Ry     beta= 0.70
     Davidson diagonalization with overlap
     ethr =  1.49E-09,  avg # of iterations =  2.0

     negative rho (up, down):  1.701E-03 0.000E+00

     total cpu time spent up to now is       14.4 secs

     total energy              =     -40.26680719 Ry
     Harris-Foulkes estimate   =     -40.26680719 Ry
     estimated scf accuracy    <       0.00000001 Ry

     iteration #  6     ecut=    60.00 Ry     beta= 0.70
     Davidson diagonalization with overlap
     ethr =  1.30E-10,  avg # of iterations =  2.0

     negative rho (up, down):  1.701E-03 0.000E+00

     total cpu time spent up to now is       15.5 secs

     End of self-consistent calculation

          k = 0.0000 0.0000 0.0000 ( 52923 PWs)   bands (ev):

   -27.2186 -13.7034 -10.9799 -10.9799  -9.9821

     occupation numbers 
     1.0000   1.0000   1.0000   1.0000   1.0000

     highest occupied level (ev):    -9.9821

!    total energy              =     -40.26680720 Ry
     Harris-Foulkes estimate   =     -40.26680719 Ry
     estimated scf accuracy    <          1.1E-09 Ry

     The total energy is the sum of the following terms:

     one-electron contribution =     -77.62258941 Ry
     hartree contribution      =      39.79837912 Ry
     xc contribution           =     -10.26836845 Ry
     ewald contribution        =       7.82577154 Ry

     convergence has been achieved in   6 iterations

     negative rho (up, down):  1.701E-03 0.000E+00

     Forces acting on atoms (cartesian axes, Ry/au):

     atom    1 type  1   force =     0.00000000    0.00000000    0.25054297
     atom    2 type  1   force =     0.00000000    0.00000000   -0.25054297
     The non-local contrib.  to forces
     atom    1 type  1   force =     0.00000000    0.00000000    1.95614048
     atom    2 type  1   force =     0.00000000    0.00000000   -1.95614048
     The ionic contribution  to forces
     atom    1 type  1   force =     0.00000000    0.00000000  -10.29283580
     atom    2 type  1   force =    -0.00000000   -0.00000000   10.29283580
     The local contribution  to forces
     atom    1 type  1   force =     0.00000000    0.00000000    8.59568366
     atom    2 type  1   force =     0.00000000    0.00000000   -8.59568366
     The core correction contribution to forces
     atom    1 type  1   force =     0.00000000    0.00000000   -0.00836490
     atom    2 type  1   force =     0.00000000    0.00000000    0.00836490
     The Hubbard contrib.    to forces
     atom    1 type  1   force =     0.00000000    0.00000000    0.00000000
     atom    2 type  1   force =     0.00000000    0.00000000    0.00000000
     The SCF correction term to forces
     atom    1 type  1   force =    -0.00000000    0.00000000   -0.00008047
     atom    2 type  1   force =    -0.00000000    0.00000000    0.00008047

     Total force =     0.354321     Total SCF correction =     0.000114

     number of scf cycles    =   2
     number of bfgs steps    =   1

     energy   old            =     -40.2799696890 Ry
     energy   new            =     -40.2668071989 Ry

     CASE: energy  _new > energy  _old

     new trust radius        =       0.0110805363 bohr
     new conv_thr            =       0.0000000100 Ry


ATOMIC_POSITIONS (crystal)
N        0.500000000   0.500000000   0.444533643
N        0.500000000   0.500000000   0.555466357


     Check: negative starting charge=   -0.001502
     NEW-OLD atomic charge density approx. for the potential
     Check: negative starting charge=   -0.001503

     negative rho (up, down):  1.943E-03 0.000E+00

     total cpu time spent up to now is       16.9 secs

     Self-consistent Calculation

     iteration #  1     ecut=    60.00 Ry     beta= 0.70
     Davidson diagonalization with overlap
     ethr =  1.00E-06,  avg # of iterations =  5.0

     negative rho (up, down):  1.706E-03 0.000E+00

     total cpu time spent up to now is       19.0 secs

     total energy              =     -40.27921760 Ry
     Harris-Foulkes estimate   =     -40.28258048 Ry
     estimated scf accuracy    <       0.00495477 Ry

     iteration #  2     ecut=    60.00 Ry     beta= 0.70
     Davidson diagonalization with overlap
     ethr =  4.95E-05,  avg # of iterations =  2.0

     negative rho (up, down):  1.719E-03 0.000E+00

     total cpu time spent up to now is       20.2 secs

     total energy              =     -40.28045801 Ry
     Harris-Foulkes estimate   =     -40.28074388 Ry
     estimated scf accuracy    <       0.00049232 Ry

     iteration #  3     ecut=    60.00 Ry     beta= 0.70
     Davidson diagonalization with overlap
     ethr =  4.92E-06,  avg # of iterations =  2.0

     negative rho (up, down):  1.756E-03 0.000E+00

     total cpu time spent up to now is       21.2 secs

     total energy              =     -40.28055484 Ry
     Harris-Foulkes estimate   =     -40.28055574 Ry
     estimated scf accuracy    <       0.00000740 Ry

     iteration #  4     ecut=    60.00 Ry     beta= 0.70
     Davidson diagonalization with overlap
     ethr =  7.40E-08,  avg # of iterations =  1.0

     negative rho (up, down):  1.762E-03 0.000E+00

     total cpu time spent up to now is       22.1 secs

     total energy              =     -40.28055533 Ry
     Harris-Foulkes estimate   =     -40.28055530 Ry
     estimated scf accuracy    <       0.00000008 Ry

     iteration #  5     ecut=    60.00 Ry     beta= 0.70
     Davidson diagonalization with overlap
     ethr =  7.88E-10,  avg # of iterations =  3.0

     negative rho (up, down):  1.764E-03 0.000E+00

     total cpu time spent up to now is       23.4 secs

     End of self-consistent calculation

          k = 0.0000 0.0000 0.0000 ( 52923 PWs)   bands (ev):

   -28.0225 -13.3372 -11.3855 -11.3855 -10.0212

     occupation numbers 
     1.0000   1.0000   1.0000   1.0000   1.0000

     highest occupied level (ev):   -10.0212

!    total energy              =     -40.28055534 Ry
     Harris-Foulkes estimate   =     -40.28055535 Ry
     estimated scf accuracy    <          5.4E-09 Ry

     The total energy is the sum of the following terms:

     one-electron contribution =     -79.53873793 Ry
     hartree contribution      =      40.73664650 Ry
     xc contribution           =     -10.38484471 Ry
     ewald contribution        =       8.90638079 Ry

     convergence has been achieved in   5 iterations

     negative rho (up, down):  1.764E-03 0.000E+00

     Forces acting on atoms (cartesian axes, Ry/au):

     atom    1 type  1   force =     0.00000000    0.00000000    0.00731096
     atom    2 type  1   force =     0.00000000    0.00000000   -0.00731096
     The non-local contrib.  to forces
     atom    1 type  1   force =     0.00000000    0.00000000    1.89675908
     atom    2 type  1   force =     0.00000000    0.00000000   -1.89675908
     The ionic contribution  to forces
     atom    1 type  1   force =     0.00000000    0.00000000  -11.31021488
     atom    2 type  1   force =    -0.00000000   -0.00000000   11.31021488
     The local contribution  to forces
     atom    1 type  1   force =     0.00000000    0.00000000    9.42554091
     atom    2 type  1   force =     0.00000000    0.00000000   -9.42554091
     The core correction contribution to forces
     atom    1 type  1   force =     0.00000000    0.00000000   -0.00465131
     atom    2 type  1   force =     0.00000000    0.00000000    0.00465131
     The Hubbard contrib.    to forces
     atom    1 type  1   force =     0.00000000    0.00000000    0.00000000
     atom    2 type  1   force =     0.00000000    0.00000000    0.00000000
     The SCF correction term to forces
     atom    1 type  1   force =     0.00000000   -0.00000000   -0.00012284
     atom    2 type  1   force =     0.00000000   -0.00000000    0.00012284

     Total force =     0.010339     Total SCF correction =     0.000174

     number of scf cycles    =   3
     number of bfgs steps    =   1

     energy   old            =     -40.2799696890 Ry
     energy   new            =     -40.2805553411 Ry

     CASE: energy  _new < energy  _old

     new trust radius        =       0.0011831802 bohr
     new conv_thr            =       0.0000000006 Ry


ATOMIC_POSITIONS (crystal)
N        0.500000000   0.500000000   0.444596254
N        0.500000000   0.500000000   0.555403746


     Check: negative starting charge=   -0.001503
     NEW-OLD atomic charge density approx. for the potential
     Check: negative starting charge=   -0.001503

     negative rho (up, down):  1.762E-03 0.000E+00

     total cpu time spent up to now is       24.7 secs

     Self-consistent Calculation

     iteration #  1     ecut=    60.00 Ry     beta= 0.70
     Davidson diagonalization with overlap
     ethr =  1.00E-06,  avg # of iterations =  2.0

     Threshold (ethr) on eigenvalues was too large:
     Diagonalizing with lowered threshold

     Davidson diagonalization with overlap
     ethr =  3.14E-08,  avg # of iterations =  1.0

     negative rho (up, down):  1.765E-03 0.000E+00

     total cpu time spent up to now is       26.8 secs

     total energy              =     -40.28056353 Ry
     Harris-Foulkes estimate   =     -40.28056564 Ry
     estimated scf accuracy    <       0.00000308 Ry

     iteration #  2     ecut=    60.00 Ry     beta= 0.70
     Davidson diagonalization with overlap
     ethr =  3.08E-08,  avg # of iterations =  2.0

     negative rho (up, down):  1.765E-03 0.000E+00

     total cpu time spent up to now is       27.9 secs

     total energy              =     -40.28056430 Ry
     Harris-Foulkes estimate   =     -40.28056449 Ry
     estimated scf accuracy    <       0.00000031 Ry

     iteration #  3     ecut=    60.00 Ry     beta= 0.70
     Davidson diagonalization with overlap
     ethr =  3.11E-09,  avg # of iterations =  2.0

     negative rho (up, down):  1.765E-03 0.000E+00

     total cpu time spent up to now is       29.4 secs

     total energy              =     -40.28056435 Ry
     Harris-Foulkes estimate   =     -40.28056436 Ry
     estimated scf accuracy    <          4.4E-09 Ry

     iteration #  4     ecut=    60.00 Ry     beta= 0.70
     Davidson diagonalization with overlap
     ethr =  4.41E-11,  avg # of iterations =  1.0

     negative rho (up, down):  1.765E-03 0.000E+00

     total cpu time spent up to now is       30.3 secs

     End of self-consistent calculation

          k = 0.0000 0.0000 0.0000 ( 52923 PWs)   bands (ev):

   -28.0413 -13.3284 -11.3954 -11.3954 -10.0221

     occupation numbers 
     1.0000   1.0000   1.0000   1.0000   1.0000

     highest occupied level (ev):   -10.0221

!    total energy              =     -40.28056435 Ry
     Harris-Foulkes estimate   =     -40.28056435 Ry
     estimated scf accuracy    <          5.1E-11 Ry

     The total energy is the sum of the following terms:

     one-electron contribution =     -79.58554832 Ry
     hartree contribution      =      40.75955050 Ry
     xc contribution           =     -10.38774188 Ry
     ewald contribution        =       8.93317536 Ry

     convergence has been achieved in   4 iterations

     negative rho (up, down):  1.765E-03 0.000E+00

     Forces acting on atoms (cartesian axes, Ry/au):

     atom    1 type  1   force =     0.00000000    0.00000000    0.00028979
     atom    2 type  1   force =     0.00000000    0.00000000   -0.00028979
     The non-local contrib.  to forces
     atom    1 type  1   force =     0.00000000    0.00000000    1.89484853
     atom    2 type  1   force =     0.00000000    0.00000000   -1.89484853
     The ionic contribution  to forces
     atom    1 type  1   force =     0.00000000    0.00000000  -11.33602650
     atom    2 type  1   force =    -0.00000000   -0.00000000   11.33602650
     The local contribution  to forces
     atom    1 type  1   force =     0.00000000    0.00000000    9.44602777
     atom    2 type  1   force =     0.00000000    0.00000000   -9.44602777
     The core correction contribution to forces
     atom    1 type  1   force =     0.00000000    0.00000000   -0.00455308
     atom    2 type  1   force =     0.00000000    0.00000000    0.00455308
     The Hubbard contrib.    to forces
     atom    1 type  1   force =     0.00000000    0.00000000    0.00000000
     atom    2 type  1   force =     0.00000000    0.00000000    0.00000000
     The SCF correction term to forces
     atom    1 type  1   force =     0.00000000   -0.00000000   -0.00000694
     atom    2 type  1   force =    -0.00000000   -0.00000000    0.00000694

     Total force =     0.000410     Total SCF correction =     0.000010

     bfgs converged in   4 scf cycles and   2 bfgs steps
     (criteria: energy <  1.0E-04 Ry, force <  1.0E-03 Ry/Bohr)

     End of BFGS Geometry Optimization

     Final energy   =     -40.2805643454 Ry
Begin final coordinates

ATOMIC_POSITIONS (crystal)
N        0.500000000   0.500000000   0.444596254
N        0.500000000   0.500000000   0.555403746
End final coordinates


 
     init_run     :      2.44s CPU      1.19s WALL (       1 calls)
     electrons    :     54.52s CPU     25.49s WALL (       4 calls)
     update_pot   :      2.72s CPU      1.31s WALL (       3 calls)
     forces       :      4.84s CPU      2.34s WALL (       4 calls)

     Called by init_run:
     wfcinit      :      0.44s CPU      0.22s WALL (       1 calls)
     wfcinit:atom :      0.00s CPU      0.00s WALL (       1 calls)
     wfcinit:wfcr :      0.39s CPU      0.20s WALL (       1 calls)
     potinit      :      0.66s CPU      0.28s WALL (       1 calls)
     hinit0       :      0.74s CPU      0.31s WALL (       1 calls)

     Called by electrons:
     c_bands      :     22.75s CPU     10.75s WALL (      22 calls)
     sum_band     :     11.47s CPU      5.30s WALL (      22 calls)
     v_of_rho     :     11.93s CPU      5.45s WALL (      25 calls)
     v_h          :      1.46s CPU      0.69s WALL (      25 calls)
     v_xc         :     11.96s CPU      5.49s WALL (      29 calls)
     newd         :      7.64s CPU      3.77s WALL (      25 calls)
     mix_rho      :      2.67s CPU      1.27s WALL (      22 calls)

     Called by c_bands:
     init_us_2    :      0.32s CPU      0.17s WALL (      45 calls)
     cegterg      :     21.92s CPU     10.34s WALL (      22 calls)

     Called by sum_band:
     sum_band:bec :      0.06s CPU      0.03s WALL (      22 calls)
     addusdens    :      3.64s CPU      1.81s WALL (      22 calls)

     Called by *egterg:
     h_psi        :     18.62s CPU      8.81s WALL (      72 calls)
     s_psi        :      0.09s CPU      0.04s WALL (      72 calls)
     g_psi        :      0.04s CPU      0.02s WALL (      49 calls)
     cdiaghg      :      0.09s CPU      0.05s WALL (      67 calls)
     cegterg:over :      1.39s CPU      0.62s WALL (      49 calls)
     cegterg:upda :      0.29s CPU      0.16s WALL (      49 calls)
     cegterg:last :      0.16s CPU      0.09s WALL (      24 calls)

     Called by h_psi:
     h_psi:pot    :     18.51s CPU      8.75s WALL (      72 calls)
     h_psi:calbec :      1.18s CPU      0.53s WALL (      72 calls)
     vloc_psi     :     17.02s CPU      8.05s WALL (      72 calls)
     add_vuspsi   :      0.31s CPU      0.17s WALL (      72 calls)

     General routines
     calbec       :      1.97s CPU      0.89s WALL (     110 calls)
     fft          :     13.11s CPU      6.11s WALL (     327 calls)
     ffts         :      0.67s CPU      0.32s WALL (      22 calls)
     fftw         :     18.66s CPU      8.74s WALL (     764 calls)
 
     Parallel routines
     fft_scatt_xy :      1.50s CPU      0.72s WALL (    1113 calls)
     fft_scatt_yz :     24.11s CPU     11.14s WALL (    1113 calls)
 
     PWSCF        :  1m 5.68s CPU        31.00s WALL

 
   This run was terminated on:   9: 0:54  19Mar2019            

=------------------------------------------------------------------------------=
   JOB DONE.
=------------------------------------------------------------------------------=
