
     Program PWSCF v.6.3MaX starts on 19Mar2019 at  8:58:11 

     This program is part of the open-source Quantum ESPRESSO suite
     for quantum simulation of materials; please cite
         "P. Giannozzi et al., J. Phys.:Condens. Matter 21 395502 (2009);
         "P. Giannozzi et al., J. Phys.:Condens. Matter 29 465901 (2017);
          URL http://www.quantum-espresso.org", 
     in publications or presentations arising from this work. More details at
     http://www.quantum-espresso.org/quote

 *** WARNING: using old-style file format, will disappear from next version ***

     Parallel version (MPI & OpenMP), running on      20 processor cores
     Number of MPI processes:                 5
     Threads/MPI process:                     4

     MPI processes distributed on     1 nodes
     R & G space division:  proc/nbgrp/npool/nimage =       5
     Reading input from /home/azadoks/dftman/projects/HW5_3/ConvergenceWorkflows/8ea71bd0fc85/030f88a66489/pwscf.in
Warning: card &CELL ignored
Warning: card / ignored

     Current dimensions of program PWSCF are:
     Max number of different atomic species (ntypx) = 10
     Max number of k-points (npk) =  40000
     Max angular momentum in pseudopotentials (lmaxx) =  3
     Message from routine iosys:
     minimal I/O required, wf_collect reset to FALSE

     Subspace diagonalization in iterative solution of the eigenvalue problem:
     a serial algorithm will be used

 
     Parallelization info
     --------------------
     sticks:   dense  smooth     PW     G-vecs:    dense   smooth      PW
     Min         797     797    197                37809    37809    4715
     Max         797     797    198                37811    37811    4718
     Sum        3985    3985    989               189047   189047   23583
 


     bravais-lattice index     =            0
     lattice parameter (alat)  =      18.8973  a.u.
     unit-cell volume          =    6748.3346 (a.u.)^3
     number of atoms/cell      =            2
     number of atomic types    =            1
     number of electrons       =        10.00
     number of Kohn-Sham states=            5
     kinetic-energy cutoff     =      35.0000  Ry
     charge density cutoff     =     140.0000  Ry
     convergence threshold     =      1.0E-08
     mixing beta               =       0.7000
     number of iterations used =            8  plain     mixing
     Exchange-correlation      = SLA  PW   PBE  PBE ( 1  4  3  4 0 0)
     nstep                     =           50


     celldm(1)=  18.897261  celldm(2)=   0.000000  celldm(3)=   0.000000
     celldm(4)=   0.000000  celldm(5)=   0.000000  celldm(6)=   0.000000

     crystal axes: (cart. coord. in units of alat)
               a(1) = (   1.000000   0.000000   0.000000 )  
               a(2) = (   0.000000   1.000000   0.000000 )  
               a(3) = (   0.000000   0.000000   1.000000 )  

     reciprocal axes: (cart. coord. in units 2 pi/alat)
               b(1) = (  1.000000  0.000000  0.000000 )  
               b(2) = (  0.000000  1.000000  0.000000 )  
               b(3) = (  0.000000  0.000000  1.000000 )  


     PseudoPot. # 1 for N  read from file:
     /home/azadoks/.local/share/pseudo/GBRV_PBE_US/n_pbe_v1.2.uspp.F.UPF
     MD5 check sum: 95339753478d7afb44899504a8723017
     Pseudo is Ultrasoft + core correction, Zval =  5.0
     Generated by new atomic code, or converted to UPF format
     Using radial grid of  729 points,  4 beta functions with: 
                l(1) =   0
                l(2) =   0
                l(3) =   1
                l(4) =   1
     Q(r) pseudized with  8 coefficients,  rinner =    0.900   0.900   0.900


     atomic species   valence    mass     pseudopotential
        N              5.00    14.00670     N ( 1.00)

     16 Sym. Ops., with inversion, found


                                    s                        frac. trans.

      isym =  1     identity                                     

 cryst.   s( 1) = (     1          0          0      )
                  (     0          1          0      )
                  (     0          0          1      )

 cart.    s( 1) = (  1.0000000  0.0000000  0.0000000 )
                  (  0.0000000  1.0000000  0.0000000 )
                  (  0.0000000  0.0000000  1.0000000 )


      isym =  2     180 deg rotation - cart. axis [0,0,1]        

 cryst.   s( 2) = (    -1          0          0      )
                  (     0         -1          0      )
                  (     0          0          1      )

 cart.    s( 2) = ( -1.0000000  0.0000000  0.0000000 )
                  (  0.0000000 -1.0000000  0.0000000 )
                  (  0.0000000  0.0000000  1.0000000 )


      isym =  3     180 deg rotation - cart. axis [0,1,0]        

 cryst.   s( 3) = (    -1          0          0      )
                  (     0          1          0      )
                  (     0          0         -1      )

 cart.    s( 3) = ( -1.0000000  0.0000000  0.0000000 )
                  (  0.0000000  1.0000000  0.0000000 )
                  (  0.0000000  0.0000000 -1.0000000 )


      isym =  4     180 deg rotation - cart. axis [1,0,0]        

 cryst.   s( 4) = (     1          0          0      )
                  (     0         -1          0      )
                  (     0          0         -1      )

 cart.    s( 4) = (  1.0000000  0.0000000  0.0000000 )
                  (  0.0000000 -1.0000000  0.0000000 )
                  (  0.0000000  0.0000000 -1.0000000 )


      isym =  5     180 deg rotation - cart. axis [1,1,0]        

 cryst.   s( 5) = (     0          1          0      )
                  (     1          0          0      )
                  (     0          0         -1      )

 cart.    s( 5) = (  0.0000000  1.0000000  0.0000000 )
                  (  1.0000000  0.0000000  0.0000000 )
                  (  0.0000000  0.0000000 -1.0000000 )


      isym =  6     180 deg rotation - cart. axis [1,-1,0]       

 cryst.   s( 6) = (     0         -1          0      )
                  (    -1          0          0      )
                  (     0          0         -1      )

 cart.    s( 6) = (  0.0000000 -1.0000000  0.0000000 )
                  ( -1.0000000  0.0000000  0.0000000 )
                  (  0.0000000  0.0000000 -1.0000000 )


      isym =  7      90 deg rotation - cart. axis [0,0,-1]       

 cryst.   s( 7) = (     0         -1          0      )
                  (     1          0          0      )
                  (     0          0          1      )

 cart.    s( 7) = (  0.0000000  1.0000000  0.0000000 )
                  ( -1.0000000  0.0000000  0.0000000 )
                  (  0.0000000  0.0000000  1.0000000 )


      isym =  8      90 deg rotation - cart. axis [0,0,1]        

 cryst.   s( 8) = (     0          1          0      )
                  (    -1          0          0      )
                  (     0          0          1      )

 cart.    s( 8) = (  0.0000000 -1.0000000  0.0000000 )
                  (  1.0000000  0.0000000  0.0000000 )
                  (  0.0000000  0.0000000  1.0000000 )


      isym =  9     inversion                                    

 cryst.   s( 9) = (    -1          0          0      )
                  (     0         -1          0      )
                  (     0          0         -1      )

 cart.    s( 9) = ( -1.0000000  0.0000000  0.0000000 )
                  (  0.0000000 -1.0000000  0.0000000 )
                  (  0.0000000  0.0000000 -1.0000000 )


      isym = 10     inv. 180 deg rotation - cart. axis [0,0,1]   

 cryst.   s(10) = (     1          0          0      )
                  (     0          1          0      )
                  (     0          0         -1      )

 cart.    s(10) = (  1.0000000  0.0000000  0.0000000 )
                  (  0.0000000  1.0000000  0.0000000 )
                  (  0.0000000  0.0000000 -1.0000000 )


      isym = 11     inv. 180 deg rotation - cart. axis [0,1,0]   

 cryst.   s(11) = (     1          0          0      )
                  (     0         -1          0      )
                  (     0          0          1      )

 cart.    s(11) = (  1.0000000  0.0000000  0.0000000 )
                  (  0.0000000 -1.0000000  0.0000000 )
                  (  0.0000000  0.0000000  1.0000000 )


      isym = 12     inv. 180 deg rotation - cart. axis [1,0,0]   

 cryst.   s(12) = (    -1          0          0      )
                  (     0          1          0      )
                  (     0          0          1      )

 cart.    s(12) = ( -1.0000000  0.0000000  0.0000000 )
                  (  0.0000000  1.0000000  0.0000000 )
                  (  0.0000000  0.0000000  1.0000000 )


      isym = 13     inv. 180 deg rotation - cart. axis [1,1,0]   

 cryst.   s(13) = (     0         -1          0      )
                  (    -1          0          0      )
                  (     0          0          1      )

 cart.    s(13) = (  0.0000000 -1.0000000  0.0000000 )
                  ( -1.0000000  0.0000000  0.0000000 )
                  (  0.0000000  0.0000000  1.0000000 )


      isym = 14     inv. 180 deg rotation - cart. axis [1,-1,0]  

 cryst.   s(14) = (     0          1          0      )
                  (     1          0          0      )
                  (     0          0          1      )

 cart.    s(14) = (  0.0000000  1.0000000  0.0000000 )
                  (  1.0000000  0.0000000  0.0000000 )
                  (  0.0000000  0.0000000  1.0000000 )


      isym = 15     inv.  90 deg rotation - cart. axis [0,0,-1]  

 cryst.   s(15) = (     0          1          0      )
                  (    -1          0          0      )
                  (     0          0         -1      )

 cart.    s(15) = (  0.0000000 -1.0000000  0.0000000 )
                  (  1.0000000  0.0000000  0.0000000 )
                  (  0.0000000  0.0000000 -1.0000000 )


      isym = 16     inv.  90 deg rotation - cart. axis [0,0,1]   

 cryst.   s(16) = (     0         -1          0      )
                  (     1          0          0      )
                  (     0          0         -1      )

 cart.    s(16) = (  0.0000000  1.0000000  0.0000000 )
                  ( -1.0000000  0.0000000  0.0000000 )
                  (  0.0000000  0.0000000 -1.0000000 )


   Cartesian axes

     site n.     atom                  positions (alat units)
         1           N   tau(   1) = (   0.5000000   0.5000000   0.4451200  )
         2           N   tau(   2) = (   0.5000000   0.5000000   0.5548800  )

   Crystallographic axes

     site n.     atom                  positions (cryst. coord.)
         1           N   tau(   1) = (  0.5000000  0.5000000  0.4451200  )
         2           N   tau(   2) = (  0.5000000  0.5000000  0.5548800  )

     number of k points=     1
                       cart. coord. in units 2pi/alat
        k(    1) = (   0.0000000   0.0000000   0.0000000), wk =   2.0000000

                       cryst. coord.
        k(    1) = (   0.0000000   0.0000000   0.0000000), wk =   2.0000000

     Dense  grid:   189047 G-vectors     FFT dimensions: (  72,  72,  72)

     Dynamical RAM for                 wfc:       0.36 MB

     Dynamical RAM for     wfc (w. buffer):       0.36 MB

     Dynamical RAM for           str. fact:       0.58 MB

     Dynamical RAM for           local pot:       0.00 MB

     Dynamical RAM for          nlocal pot:       1.15 MB

     Dynamical RAM for                qrad:       0.82 MB

     Dynamical RAM for          rho,v,vnew:       3.51 MB

     Dynamical RAM for               rhoin:       1.17 MB

     Dynamical RAM for            rho*nmix:       9.23 MB

     Dynamical RAM for           G-vectors:       2.45 MB

     Dynamical RAM for          h,s,v(r/c):       0.02 MB

     Dynamical RAM for          <psi|beta>:       0.00 MB

     Dynamical RAM for                 psi:       1.44 MB

     Dynamical RAM for                hpsi:       1.44 MB

     Dynamical RAM for                spsi:       1.44 MB

     Dynamical RAM for      wfcinit/wfcrot:       1.15 MB

     Dynamical RAM for           addusdens:      25.96 MB

     Dynamical RAM for          addusforce:      27.41 MB

     Estimated static dynamical RAM per process >      23.39 MB

     Estimated max dynamical RAM per process >      50.80 MB

     Estimated total dynamical RAM >     253.98 MB

     Initial potential from superposition of free atoms
     Check: negative starting charge=   -0.002013

     starting charge    9.99998, renormalised to   10.00000

     negative rho (up, down):  2.013E-03 0.000E+00
     Starting wfcs are    8 randomized atomic wfcs

     total cpu time spent up to now is        1.0 secs

     Self-consistent Calculation

     iteration #  1     ecut=    35.00 Ry     beta= 0.70
     Davidson diagonalization with overlap
     ethr =  1.00E-02,  avg # of iterations =  2.0

     negative rho (up, down):  4.344E-03 0.000E+00

     total cpu time spent up to now is        1.9 secs

     total energy              =     -40.24608659 Ry
     Harris-Foulkes estimate   =     -40.34232139 Ry
     estimated scf accuracy    <       0.15470208 Ry

     iteration #  2     ecut=    35.00 Ry     beta= 0.70
     Davidson diagonalization with overlap
     ethr =  1.55E-03,  avg # of iterations =  2.0

     negative rho (up, down):  4.897E-03 0.000E+00

     total cpu time spent up to now is        2.7 secs

     total energy              =     -40.27492817 Ry
     Harris-Foulkes estimate   =     -40.28119711 Ry
     estimated scf accuracy    <       0.01109176 Ry

     iteration #  3     ecut=    35.00 Ry     beta= 0.70
     Davidson diagonalization with overlap
     ethr =  1.11E-04,  avg # of iterations =  2.0

     negative rho (up, down):  5.335E-03 0.000E+00

     total cpu time spent up to now is        3.8 secs

     total energy              =     -40.27687201 Ry
     Harris-Foulkes estimate   =     -40.27707516 Ry
     estimated scf accuracy    <       0.00044022 Ry

     iteration #  4     ecut=    35.00 Ry     beta= 0.70
     Davidson diagonalization with overlap
     ethr =  4.40E-06,  avg # of iterations =  2.0

     negative rho (up, down):  5.392E-03 0.000E+00

     total cpu time spent up to now is        4.9 secs

     total energy              =     -40.27691819 Ry
     Harris-Foulkes estimate   =     -40.27691841 Ry
     estimated scf accuracy    <       0.00000174 Ry

     iteration #  5     ecut=    35.00 Ry     beta= 0.70
     Davidson diagonalization with overlap
     ethr =  1.74E-08,  avg # of iterations =  2.0

     negative rho (up, down):  5.393E-03 0.000E+00

     total cpu time spent up to now is        6.0 secs

     total energy              =     -40.27691875 Ry
     Harris-Foulkes estimate   =     -40.27691877 Ry
     estimated scf accuracy    <       0.00000005 Ry

     iteration #  6     ecut=    35.00 Ry     beta= 0.70
     Davidson diagonalization with overlap
     ethr =  5.15E-10,  avg # of iterations =  4.0

     negative rho (up, down):  5.395E-03 0.000E+00

     total cpu time spent up to now is        7.2 secs

     End of self-consistent calculation

          k = 0.0000 0.0000 0.0000 ( 23583 PWs)   bands (ev):

   -28.2101 -13.2554 -11.4815 -11.4815 -10.0278

     occupation numbers 
     1.0000   1.0000   1.0000   1.0000   1.0000

     highest occupied level (ev):   -10.0278

!    total energy              =     -40.27691879 Ry
     Harris-Foulkes estimate   =     -40.27691879 Ry
     estimated scf accuracy    <          3.1E-09 Ry

     The total energy is the sum of the following terms:

     one-electron contribution =     -79.97392849 Ry
     hartree contribution      =      40.94886372 Ry
     xc contribution           =     -10.41158369 Ry
     ewald contribution        =       9.15972967 Ry

     convergence has been achieved in   6 iterations

     negative rho (up, down):  5.395E-03 0.000E+00

     Forces acting on atoms (cartesian axes, Ry/au):

     atom    1 type  1   force =     0.00000000    0.00000000   -0.06261210
     atom    2 type  1   force =     0.00000000    0.00000000    0.06261210
     The non-local contrib.  to forces
     atom    1 type  1   force =     0.00000000    0.00000000    1.88741882
     atom    2 type  1   force =     0.00000000    0.00000000   -1.88741882
     The ionic contribution  to forces
     atom    1 type  1   force =     0.00000000    0.00000000  -11.55540219
     atom    2 type  1   force =    -0.00000000   -0.00000000   11.55540219
     The local contribution  to forces
     atom    1 type  1   force =     0.00000000    0.00000000    9.60962658
     atom    2 type  1   force =     0.00000000    0.00000000   -9.60962658
     The core correction contribution to forces
     atom    1 type  1   force =    -0.00000000    0.00000000   -0.00422670
     atom    2 type  1   force =     0.00000000    0.00000000    0.00422670
     The Hubbard contrib.    to forces
     atom    1 type  1   force =     0.00000000    0.00000000    0.00000000
     atom    2 type  1   force =     0.00000000    0.00000000    0.00000000
     The SCF correction term to forces
     atom    1 type  1   force =    -0.00000000    0.00000000   -0.00002861
     atom    2 type  1   force =     0.00000000   -0.00000000    0.00002861

     Total force =     0.088547     Total SCF correction =     0.000040

     BFGS Geometry Optimization

     number of scf cycles    =   1
     number of bfgs steps    =   0

     energy   new            =     -40.2769187900 Ry

     new trust radius        =       0.0626121006 bohr
     new conv_thr            =       0.0000000100 Ry


ATOMIC_POSITIONS (crystal)
N        0.500000000   0.500000000   0.441806710
N        0.500000000   0.500000000   0.558193290


     Check: negative starting charge=   -0.002013
     NEW-OLD atomic charge density approx. for the potential
     Check: negative starting charge=   -0.002039

     negative rho (up, down):  5.044E-03 0.000E+00

     total cpu time spent up to now is        8.3 secs

     Self-consistent Calculation

     iteration #  1     ecut=    35.00 Ry     beta= 0.70
     Davidson diagonalization with overlap
     ethr =  1.00E-06,  avg # of iterations =  5.0

     negative rho (up, down):  4.861E-03 0.000E+00

     total cpu time spent up to now is        9.2 secs

     total energy              =     -40.26104884 Ry
     Harris-Foulkes estimate   =     -40.26642313 Ry
     estimated scf accuracy    <       0.00793507 Ry

     iteration #  2     ecut=    35.00 Ry     beta= 0.70
     Davidson diagonalization with overlap
     ethr =  7.94E-05,  avg # of iterations =  2.0

     negative rho (up, down):  4.931E-03 0.000E+00

     total cpu time spent up to now is       10.4 secs

     total energy              =     -40.26307017 Ry
     Harris-Foulkes estimate   =     -40.26355413 Ry
     estimated scf accuracy    <       0.00084056 Ry

     iteration #  3     ecut=    35.00 Ry     beta= 0.70
     Davidson diagonalization with overlap
     ethr =  8.41E-06,  avg # of iterations =  2.0

     negative rho (up, down):  4.970E-03 0.000E+00

     total cpu time spent up to now is       11.8 secs

     total energy              =     -40.26322970 Ry
     Harris-Foulkes estimate   =     -40.26323150 Ry
     estimated scf accuracy    <       0.00001319 Ry

     iteration #  4     ecut=    35.00 Ry     beta= 0.70
     Davidson diagonalization with overlap
     ethr =  1.32E-07,  avg # of iterations =  1.0

     negative rho (up, down):  4.970E-03 0.000E+00

     total cpu time spent up to now is       12.7 secs

     total energy              =     -40.26323041 Ry
     Harris-Foulkes estimate   =     -40.26323044 Ry
     estimated scf accuracy    <       0.00000014 Ry

     iteration #  5     ecut=    35.00 Ry     beta= 0.70
     Davidson diagonalization with overlap
     ethr =  1.44E-09,  avg # of iterations =  3.0

     negative rho (up, down):  4.969E-03 0.000E+00

     total cpu time spent up to now is       14.1 secs

     total energy              =     -40.26323046 Ry
     Harris-Foulkes estimate   =     -40.26323045 Ry
     estimated scf accuracy    <       0.00000002 Ry

     iteration #  6     ecut=    35.00 Ry     beta= 0.70
     Davidson diagonalization with overlap
     ethr =  1.63E-10,  avg # of iterations =  2.0

     negative rho (up, down):  4.969E-03 0.000E+00

     total cpu time spent up to now is       15.1 secs

     End of self-consistent calculation

          k = 0.0000 0.0000 0.0000 ( 23583 PWs)   bands (ev):

   -27.2028 -13.7148 -10.9692 -10.9692  -9.9795

     occupation numbers 
     1.0000   1.0000   1.0000   1.0000   1.0000

     highest occupied level (ev):    -9.9795

!    total energy              =     -40.26323046 Ry
     Harris-Foulkes estimate   =     -40.26323046 Ry
     estimated scf accuracy    <          1.9E-09 Ry

     The total energy is the sum of the following terms:

     one-electron contribution =     -77.56261816 Ry
     hartree contribution      =      39.76797544 Ry
     xc contribution           =     -10.26443473 Ry
     ewald contribution        =       7.79584700 Ry

     convergence has been achieved in   6 iterations

     negative rho (up, down):  4.969E-03 0.000E+00

     Forces acting on atoms (cartesian axes, Ry/au):

     atom    1 type  1   force =     0.00000000    0.00000000    0.25434412
     atom    2 type  1   force =     0.00000000    0.00000000   -0.25434412
     The non-local contrib.  to forces
     atom    1 type  1   force =     0.00000000    0.00000000    1.96522537
     atom    2 type  1   force =     0.00000000    0.00000000   -1.96522537
     The ionic contribution  to forces
     atom    1 type  1   force =    -0.00000000   -0.00000000  -10.26531679
     atom    2 type  1   force =     0.00000000    0.00000000   10.26531679
     The local contribution  to forces
     atom    1 type  1   force =     0.00000000    0.00000000    8.56342540
     atom    2 type  1   force =     0.00000000    0.00000000   -8.56342540
     The core correction contribution to forces
     atom    1 type  1   force =     0.00000000    0.00000000   -0.00888519
     atom    2 type  1   force =     0.00000000    0.00000000    0.00888519
     The Hubbard contrib.    to forces
     atom    1 type  1   force =     0.00000000    0.00000000    0.00000000
     atom    2 type  1   force =     0.00000000    0.00000000    0.00000000
     The SCF correction term to forces
     atom    1 type  1   force =     0.00000000    0.00000000   -0.00010467
     atom    2 type  1   force =     0.00000000    0.00000000    0.00010467

     Total force =     0.359697     Total SCF correction =     0.000148

     number of scf cycles    =   2
     number of bfgs steps    =   1

     energy   old            =     -40.2769187900 Ry
     energy   new            =     -40.2632304589 Ry

     CASE: energy  _new > energy  _old

     new trust radius        =       0.0114012734 bohr
     new conv_thr            =       0.0000000100 Ry


ATOMIC_POSITIONS (crystal)
N        0.500000000   0.500000000   0.444516671
N        0.500000000   0.500000000   0.555483329


     Check: negative starting charge=   -0.002039
     NEW-OLD atomic charge density approx. for the potential
     Check: negative starting charge=   -0.002018

     negative rho (up, down):  5.326E-03 0.000E+00

     total cpu time spent up to now is       16.5 secs

     Self-consistent Calculation

     iteration #  1     ecut=    35.00 Ry     beta= 0.70
     Davidson diagonalization with overlap
     ethr =  1.00E-06,  avg # of iterations =  5.0

     negative rho (up, down):  5.368E-03 0.000E+00

     total cpu time spent up to now is       17.6 secs

     total energy              =     -40.27614961 Ry
     Harris-Foulkes estimate   =     -40.27962737 Ry
     estimated scf accuracy    <       0.00513898 Ry

     iteration #  2     ecut=    35.00 Ry     beta= 0.70
     Davidson diagonalization with overlap
     ethr =  5.14E-05,  avg # of iterations =  2.0

     negative rho (up, down):  5.326E-03 0.000E+00

     total cpu time spent up to now is       18.5 secs

     total energy              =     -40.27743305 Ry
     Harris-Foulkes estimate   =     -40.27772793 Ry
     estimated scf accuracy    <       0.00050888 Ry

     iteration #  3     ecut=    35.00 Ry     beta= 0.70
     Davidson diagonalization with overlap
     ethr =  5.09E-06,  avg # of iterations =  2.0

     negative rho (up, down):  5.323E-03 0.000E+00

     total cpu time spent up to now is       19.1 secs

     total energy              =     -40.27753280 Ry
     Harris-Foulkes estimate   =     -40.27753371 Ry
     estimated scf accuracy    <       0.00000782 Ry

     iteration #  4     ecut=    35.00 Ry     beta= 0.70
     Davidson diagonalization with overlap
     ethr =  7.82E-08,  avg # of iterations =  1.0

     negative rho (up, down):  5.325E-03 0.000E+00

     total cpu time spent up to now is       19.4 secs

     total energy              =     -40.27753327 Ry
     Harris-Foulkes estimate   =     -40.27753329 Ry
     estimated scf accuracy    <       0.00000008 Ry

     iteration #  5     ecut=    35.00 Ry     beta= 0.70
     Davidson diagonalization with overlap
     ethr =  7.59E-10,  avg # of iterations =  2.0

     negative rho (up, down):  5.326E-03 0.000E+00

     total cpu time spent up to now is       19.9 secs

     End of self-consistent calculation

          k = 0.0000 0.0000 0.0000 ( 23583 PWs)   bands (ev):

   -28.0254 -13.3403 -11.3836 -11.3836 -10.0192

     occupation numbers 
     1.0000   1.0000   1.0000   1.0000   1.0000

     highest occupied level (ev):   -10.0192

!    total energy              =     -40.27753328 Ry
     Harris-Foulkes estimate   =     -40.27753329 Ry
     estimated scf accuracy    <          6.1E-09 Ry

     The total energy is the sum of the following terms:

     one-electron contribution =     -79.51921206 Ry
     hartree contribution      =      40.72581768 Ry
     xc contribution           =     -10.38326670 Ry
     ewald contribution        =       8.89912779 Ry

     convergence has been achieved in   5 iterations

     negative rho (up, down):  5.326E-03 0.000E+00

     Forces acting on atoms (cartesian axes, Ry/au):

     atom    1 type  1   force =     0.00000000    0.00000000    0.00764699
     atom    2 type  1   force =     0.00000000    0.00000000   -0.00764699
     The non-local contrib.  to forces
     atom    1 type  1   force =     0.00000000    0.00000000    1.90677654
     atom    2 type  1   force =     0.00000000    0.00000000   -1.90677654
     The ionic contribution  to forces
     atom    1 type  1   force =     0.00000000    0.00000000  -11.30323285
     atom    2 type  1   force =    -0.00000000   -0.00000000   11.30323285
     The local contribution  to forces
     atom    1 type  1   force =     0.00000000    0.00000000    9.40941265
     atom    2 type  1   force =     0.00000000    0.00000000   -9.40941265
     The core correction contribution to forces
     atom    1 type  1   force =     0.00000000    0.00000000   -0.00518530
     atom    2 type  1   force =    -0.00000000   -0.00000000    0.00518530
     The Hubbard contrib.    to forces
     atom    1 type  1   force =     0.00000000    0.00000000    0.00000000
     atom    2 type  1   force =     0.00000000    0.00000000    0.00000000
     The SCF correction term to forces
     atom    1 type  1   force =     0.00000000   -0.00000000   -0.00012405
     atom    2 type  1   force =     0.00000000   -0.00000000    0.00012405

     Total force =     0.010814     Total SCF correction =     0.000175

     number of scf cycles    =   3
     number of bfgs steps    =   1

     energy   old            =     -40.2769187900 Ry
     energy   new            =     -40.2775332848 Ry

     CASE: energy  _new < energy  _old

     new trust radius        =       0.0012409124 bohr
     new conv_thr            =       0.0000000006 Ry


ATOMIC_POSITIONS (crystal)
N        0.500000000   0.500000000   0.444582337
N        0.500000000   0.500000000   0.555417663


     Check: negative starting charge=   -0.002018
     NEW-OLD atomic charge density approx. for the potential
     Check: negative starting charge=   -0.002018

     negative rho (up, down):  5.335E-03 0.000E+00

     total cpu time spent up to now is       20.4 secs

     Self-consistent Calculation

     iteration #  1     ecut=    35.00 Ry     beta= 0.70
     Davidson diagonalization with overlap
     ethr =  1.00E-06,  avg # of iterations =  2.0

     Threshold (ethr) on eigenvalues was too large:
     Diagonalizing with lowered threshold

     Davidson diagonalization with overlap
     ethr =  3.42E-08,  avg # of iterations =  1.0

     negative rho (up, down):  5.337E-03 0.000E+00

     total cpu time spent up to now is       21.2 secs

     total energy              =     -40.27754232 Ry
     Harris-Foulkes estimate   =     -40.27754467 Ry
     estimated scf accuracy    <       0.00000342 Ry

     iteration #  2     ecut=    35.00 Ry     beta= 0.70
     Davidson diagonalization with overlap
     ethr =  3.42E-08,  avg # of iterations =  2.0

     negative rho (up, down):  5.335E-03 0.000E+00

     total cpu time spent up to now is       21.7 secs

     total energy              =     -40.27754318 Ry
     Harris-Foulkes estimate   =     -40.27754338 Ry
     estimated scf accuracy    <       0.00000035 Ry

     iteration #  3     ecut=    35.00 Ry     beta= 0.70
     Davidson diagonalization with overlap
     ethr =  3.45E-09,  avg # of iterations =  2.0

     negative rho (up, down):  5.334E-03 0.000E+00

     total cpu time spent up to now is       22.1 secs

     total energy              =     -40.27754323 Ry
     Harris-Foulkes estimate   =     -40.27754325 Ry
     estimated scf accuracy    <          4.9E-09 Ry

     iteration #  4     ecut=    35.00 Ry     beta= 0.70
     Davidson diagonalization with overlap
     ethr =  4.91E-11,  avg # of iterations =  1.0

     negative rho (up, down):  5.334E-03 0.000E+00

     total cpu time spent up to now is       22.7 secs

     End of self-consistent calculation

          k = 0.0000 0.0000 0.0000 ( 23583 PWs)   bands (ev):

   -28.0452 -13.3312 -11.3940 -11.3940 -10.0202

     occupation numbers 
     1.0000   1.0000   1.0000   1.0000   1.0000

     highest occupied level (ev):   -10.0202

!    total energy              =     -40.27754323 Ry
     Harris-Foulkes estimate   =     -40.27754323 Ry
     estimated scf accuracy    <          5.2E-11 Ry

     The total energy is the sum of the following terms:

     one-electron contribution =     -79.56832558 Ry
     hartree contribution      =      40.74988392 Ry
     xc contribution           =     -10.38631555 Ry
     ewald contribution        =       8.92721398 Ry

     convergence has been achieved in   4 iterations

     negative rho (up, down):  5.334E-03 0.000E+00

     Forces acting on atoms (cartesian axes, Ry/au):

     atom    1 type  1   force =     0.00000000    0.00000000    0.00031267
     atom    2 type  1   force =     0.00000000    0.00000000   -0.00031267
     The non-local contrib.  to forces
     atom    1 type  1   force =     0.00000000    0.00000000    1.90482418
     atom    2 type  1   force =     0.00000000    0.00000000   -1.90482418
     The ionic contribution  to forces
     atom    1 type  1   force =    -0.00000000   -0.00000000  -11.33028138
     atom    2 type  1   force =     0.00000000    0.00000000   11.33028138
     The local contribution  to forces
     atom    1 type  1   force =     0.00000000    0.00000000    9.43086144
     atom    2 type  1   force =     0.00000000    0.00000000   -9.43086144
     The core correction contribution to forces
     atom    1 type  1   force =     0.00000000   -0.00000000   -0.00508432
     atom    2 type  1   force =     0.00000000    0.00000000    0.00508432
     The Hubbard contrib.    to forces
     atom    1 type  1   force =     0.00000000    0.00000000    0.00000000
     atom    2 type  1   force =     0.00000000    0.00000000    0.00000000
     The SCF correction term to forces
     atom    1 type  1   force =     0.00000000   -0.00000000   -0.00000725
     atom    2 type  1   force =     0.00000000    0.00000000    0.00000725

     Total force =     0.000442     Total SCF correction =     0.000010

     bfgs converged in   4 scf cycles and   2 bfgs steps
     (criteria: energy <  1.0E-04 Ry, force <  1.0E-03 Ry/Bohr)

     End of BFGS Geometry Optimization

     Final energy   =     -40.2775432279 Ry
Begin final coordinates

ATOMIC_POSITIONS (crystal)
N        0.500000000   0.500000000   0.444582337
N        0.500000000   0.500000000   0.555417663
End final coordinates


 
     init_run     :      2.08s CPU      0.89s WALL (       1 calls)
     electrons    :     40.45s CPU     18.59s WALL (       4 calls)
     update_pot   :      2.69s CPU      1.27s WALL (       3 calls)
     forces       :      4.95s CPU      2.10s WALL (       4 calls)

     Called by init_run:
     wfcinit      :      0.29s CPU      0.13s WALL (       1 calls)
     wfcinit:atom :      0.00s CPU      0.00s WALL (       1 calls)
     wfcinit:wfcr :      0.28s CPU      0.13s WALL (       1 calls)
     potinit      :      0.56s CPU      0.21s WALL (       1 calls)
     hinit0       :      0.94s CPU      0.36s WALL (       1 calls)

     Called by electrons:
     c_bands      :     18.33s CPU      8.26s WALL (      22 calls)
     sum_band     :      7.66s CPU      3.58s WALL (      22 calls)
     v_of_rho     :      9.60s CPU      4.47s WALL (      25 calls)
     v_h          :      1.14s CPU      0.55s WALL (      25 calls)
     v_xc         :     10.30s CPU      4.68s WALL (      29 calls)
     newd         :      4.85s CPU      2.22s WALL (      25 calls)
     mix_rho      :      1.59s CPU      0.74s WALL (      22 calls)

     Called by c_bands:
     init_us_2    :      0.24s CPU      0.12s WALL (      45 calls)
     cegterg      :     17.71s CPU      7.98s WALL (      22 calls)

     Called by sum_band:
     sum_band:bec :      0.10s CPU      0.05s WALL (      22 calls)
     addusdens    :      2.20s CPU      1.06s WALL (      22 calls)

     Called by *egterg:
     h_psi        :     14.41s CPU      6.51s WALL (      72 calls)
     s_psi        :      0.09s CPU      0.04s WALL (      72 calls)
     g_psi        :      0.02s CPU      0.01s WALL (      49 calls)
     cdiaghg      :      0.15s CPU      0.07s WALL (      67 calls)
     cegterg:over :      1.14s CPU      0.50s WALL (      49 calls)
     cegterg:upda :      0.44s CPU      0.21s WALL (      49 calls)
     cegterg:last :      0.10s CPU      0.05s WALL (      24 calls)

     Called by h_psi:
     h_psi:pot    :     14.27s CPU      6.44s WALL (      72 calls)
     h_psi:calbec :      1.13s CPU      0.49s WALL (      72 calls)
     vloc_psi     :     12.81s CPU      5.76s WALL (      72 calls)
     add_vuspsi   :      0.33s CPU      0.18s WALL (      72 calls)

     General routines
     calbec       :      1.68s CPU      0.72s WALL (     110 calls)
     fft          :     13.35s CPU      6.19s WALL (     327 calls)
     ffts         :      0.59s CPU      0.29s WALL (      22 calls)
     fftw         :     14.31s CPU      6.43s WALL (     770 calls)
 
     Parallel routines
     fft_scatt_xy :      0.84s CPU      0.40s WALL (    1119 calls)
     fft_scatt_yz :     22.43s CPU     10.15s WALL (    1119 calls)
 
     PWSCF        :    51.33s CPU        23.43s WALL

 
   This run was terminated on:   8:58:35  19Mar2019            

=------------------------------------------------------------------------------=
   JOB DONE.
=------------------------------------------------------------------------------=
