
     Program PWSCF v.6.3MaX starts on 19Mar2019 at  8:57:33 

     This program is part of the open-source Quantum ESPRESSO suite
     for quantum simulation of materials; please cite
         "P. Giannozzi et al., J. Phys.:Condens. Matter 21 395502 (2009);
         "P. Giannozzi et al., J. Phys.:Condens. Matter 29 465901 (2017);
          URL http://www.quantum-espresso.org", 
     in publications or presentations arising from this work. More details at
     http://www.quantum-espresso.org/quote

 *** WARNING: using old-style file format, will disappear from next version ***

     Parallel version (MPI & OpenMP), running on      20 processor cores
     Number of MPI processes:                 5
     Threads/MPI process:                     4

     MPI processes distributed on     1 nodes
     R & G space division:  proc/nbgrp/npool/nimage =       5
     Reading input from /home/azadoks/dftman/projects/HW5_3/ConvergenceWorkflows/8ea71bd0fc85/b9b9ea94a6a6/pwscf.in
Warning: card &CELL ignored
Warning: card / ignored

     Current dimensions of program PWSCF are:
     Max number of different atomic species (ntypx) = 10
     Max number of k-points (npk) =  40000
     Max angular momentum in pseudopotentials (lmaxx) =  3
     Message from routine iosys:
     minimal I/O required, wf_collect reset to FALSE

     Subspace diagonalization in iterative solution of the eigenvalue problem:
     a serial algorithm will be used

 
     Parallelization info
     --------------------
     sticks:   dense  smooth     PW     G-vecs:    dense   smooth      PW
     Min         568     568    143                22760    22760    2848
     Max         570     570    144                22761    22761    2849
     Sum        2845    2845    717               113801   113801   14243
 


     bravais-lattice index     =            0
     lattice parameter (alat)  =      18.8973  a.u.
     unit-cell volume          =    6748.3346 (a.u.)^3
     number of atoms/cell      =            2
     number of atomic types    =            1
     number of electrons       =        10.00
     number of Kohn-Sham states=            5
     kinetic-energy cutoff     =      25.0000  Ry
     charge density cutoff     =     100.0000  Ry
     convergence threshold     =      1.0E-08
     mixing beta               =       0.7000
     number of iterations used =            8  plain     mixing
     Exchange-correlation      = SLA  PW   PBE  PBE ( 1  4  3  4 0 0)
     nstep                     =           50


     celldm(1)=  18.897261  celldm(2)=   0.000000  celldm(3)=   0.000000
     celldm(4)=   0.000000  celldm(5)=   0.000000  celldm(6)=   0.000000

     crystal axes: (cart. coord. in units of alat)
               a(1) = (   1.000000   0.000000   0.000000 )  
               a(2) = (   0.000000   1.000000   0.000000 )  
               a(3) = (   0.000000   0.000000   1.000000 )  

     reciprocal axes: (cart. coord. in units 2 pi/alat)
               b(1) = (  1.000000  0.000000  0.000000 )  
               b(2) = (  0.000000  1.000000  0.000000 )  
               b(3) = (  0.000000  0.000000  1.000000 )  


     PseudoPot. # 1 for N  read from file:
     /home/azadoks/.local/share/pseudo/GBRV_PBE_US/n_pbe_v1.2.uspp.F.UPF
     MD5 check sum: 95339753478d7afb44899504a8723017
     Pseudo is Ultrasoft + core correction, Zval =  5.0
     Generated by new atomic code, or converted to UPF format
     Using radial grid of  729 points,  4 beta functions with: 
                l(1) =   0
                l(2) =   0
                l(3) =   1
                l(4) =   1
     Q(r) pseudized with  8 coefficients,  rinner =    0.900   0.900   0.900


     atomic species   valence    mass     pseudopotential
        N              5.00    14.00670     N ( 1.00)

     16 Sym. Ops., with inversion, found


                                    s                        frac. trans.

      isym =  1     identity                                     

 cryst.   s( 1) = (     1          0          0      )
                  (     0          1          0      )
                  (     0          0          1      )

 cart.    s( 1) = (  1.0000000  0.0000000  0.0000000 )
                  (  0.0000000  1.0000000  0.0000000 )
                  (  0.0000000  0.0000000  1.0000000 )


      isym =  2     180 deg rotation - cart. axis [0,0,1]        

 cryst.   s( 2) = (    -1          0          0      )
                  (     0         -1          0      )
                  (     0          0          1      )

 cart.    s( 2) = ( -1.0000000  0.0000000  0.0000000 )
                  (  0.0000000 -1.0000000  0.0000000 )
                  (  0.0000000  0.0000000  1.0000000 )


      isym =  3     180 deg rotation - cart. axis [0,1,0]        

 cryst.   s( 3) = (    -1          0          0      )
                  (     0          1          0      )
                  (     0          0         -1      )

 cart.    s( 3) = ( -1.0000000  0.0000000  0.0000000 )
                  (  0.0000000  1.0000000  0.0000000 )
                  (  0.0000000  0.0000000 -1.0000000 )


      isym =  4     180 deg rotation - cart. axis [1,0,0]        

 cryst.   s( 4) = (     1          0          0      )
                  (     0         -1          0      )
                  (     0          0         -1      )

 cart.    s( 4) = (  1.0000000  0.0000000  0.0000000 )
                  (  0.0000000 -1.0000000  0.0000000 )
                  (  0.0000000  0.0000000 -1.0000000 )


      isym =  5     180 deg rotation - cart. axis [1,1,0]        

 cryst.   s( 5) = (     0          1          0      )
                  (     1          0          0      )
                  (     0          0         -1      )

 cart.    s( 5) = (  0.0000000  1.0000000  0.0000000 )
                  (  1.0000000  0.0000000  0.0000000 )
                  (  0.0000000  0.0000000 -1.0000000 )


      isym =  6     180 deg rotation - cart. axis [1,-1,0]       

 cryst.   s( 6) = (     0         -1          0      )
                  (    -1          0          0      )
                  (     0          0         -1      )

 cart.    s( 6) = (  0.0000000 -1.0000000  0.0000000 )
                  ( -1.0000000  0.0000000  0.0000000 )
                  (  0.0000000  0.0000000 -1.0000000 )


      isym =  7      90 deg rotation - cart. axis [0,0,-1]       

 cryst.   s( 7) = (     0         -1          0      )
                  (     1          0          0      )
                  (     0          0          1      )

 cart.    s( 7) = (  0.0000000  1.0000000  0.0000000 )
                  ( -1.0000000  0.0000000  0.0000000 )
                  (  0.0000000  0.0000000  1.0000000 )


      isym =  8      90 deg rotation - cart. axis [0,0,1]        

 cryst.   s( 8) = (     0          1          0      )
                  (    -1          0          0      )
                  (     0          0          1      )

 cart.    s( 8) = (  0.0000000 -1.0000000  0.0000000 )
                  (  1.0000000  0.0000000  0.0000000 )
                  (  0.0000000  0.0000000  1.0000000 )


      isym =  9     inversion                                    

 cryst.   s( 9) = (    -1          0          0      )
                  (     0         -1          0      )
                  (     0          0         -1      )

 cart.    s( 9) = ( -1.0000000  0.0000000  0.0000000 )
                  (  0.0000000 -1.0000000  0.0000000 )
                  (  0.0000000  0.0000000 -1.0000000 )


      isym = 10     inv. 180 deg rotation - cart. axis [0,0,1]   

 cryst.   s(10) = (     1          0          0      )
                  (     0          1          0      )
                  (     0          0         -1      )

 cart.    s(10) = (  1.0000000  0.0000000  0.0000000 )
                  (  0.0000000  1.0000000  0.0000000 )
                  (  0.0000000  0.0000000 -1.0000000 )


      isym = 11     inv. 180 deg rotation - cart. axis [0,1,0]   

 cryst.   s(11) = (     1          0          0      )
                  (     0         -1          0      )
                  (     0          0          1      )

 cart.    s(11) = (  1.0000000  0.0000000  0.0000000 )
                  (  0.0000000 -1.0000000  0.0000000 )
                  (  0.0000000  0.0000000  1.0000000 )


      isym = 12     inv. 180 deg rotation - cart. axis [1,0,0]   

 cryst.   s(12) = (    -1          0          0      )
                  (     0          1          0      )
                  (     0          0          1      )

 cart.    s(12) = ( -1.0000000  0.0000000  0.0000000 )
                  (  0.0000000  1.0000000  0.0000000 )
                  (  0.0000000  0.0000000  1.0000000 )


      isym = 13     inv. 180 deg rotation - cart. axis [1,1,0]   

 cryst.   s(13) = (     0         -1          0      )
                  (    -1          0          0      )
                  (     0          0          1      )

 cart.    s(13) = (  0.0000000 -1.0000000  0.0000000 )
                  ( -1.0000000  0.0000000  0.0000000 )
                  (  0.0000000  0.0000000  1.0000000 )


      isym = 14     inv. 180 deg rotation - cart. axis [1,-1,0]  

 cryst.   s(14) = (     0          1          0      )
                  (     1          0          0      )
                  (     0          0          1      )

 cart.    s(14) = (  0.0000000  1.0000000  0.0000000 )
                  (  1.0000000  0.0000000  0.0000000 )
                  (  0.0000000  0.0000000  1.0000000 )


      isym = 15     inv.  90 deg rotation - cart. axis [0,0,-1]  

 cryst.   s(15) = (     0          1          0      )
                  (    -1          0          0      )
                  (     0          0         -1      )

 cart.    s(15) = (  0.0000000 -1.0000000  0.0000000 )
                  (  1.0000000  0.0000000  0.0000000 )
                  (  0.0000000  0.0000000 -1.0000000 )


      isym = 16     inv.  90 deg rotation - cart. axis [0,0,1]   

 cryst.   s(16) = (     0         -1          0      )
                  (     1          0          0      )
                  (     0          0         -1      )

 cart.    s(16) = (  0.0000000  1.0000000  0.0000000 )
                  ( -1.0000000  0.0000000  0.0000000 )
                  (  0.0000000  0.0000000 -1.0000000 )


   Cartesian axes

     site n.     atom                  positions (alat units)
         1           N   tau(   1) = (   0.5000000   0.5000000   0.4451200  )
         2           N   tau(   2) = (   0.5000000   0.5000000   0.5548800  )

   Crystallographic axes

     site n.     atom                  positions (cryst. coord.)
         1           N   tau(   1) = (  0.5000000  0.5000000  0.4451200  )
         2           N   tau(   2) = (  0.5000000  0.5000000  0.5548800  )

     number of k points=     1
                       cart. coord. in units 2pi/alat
        k(    1) = (   0.0000000   0.0000000   0.0000000), wk =   2.0000000

                       cryst. coord.
        k(    1) = (   0.0000000   0.0000000   0.0000000), wk =   2.0000000

     Dense  grid:   113801 G-vectors     FFT dimensions: (  64,  64,  64)

     Dynamical RAM for                 wfc:       0.22 MB

     Dynamical RAM for     wfc (w. buffer):       0.22 MB

     Dynamical RAM for           str. fact:       0.35 MB

     Dynamical RAM for           local pot:       0.00 MB

     Dynamical RAM for          nlocal pot:       0.70 MB

     Dynamical RAM for                qrad:       0.69 MB

     Dynamical RAM for          rho,v,vnew:       2.26 MB

     Dynamical RAM for               rhoin:       0.75 MB

     Dynamical RAM for            rho*nmix:       5.56 MB

     Dynamical RAM for           G-vectors:       1.48 MB

     Dynamical RAM for          h,s,v(r/c):       0.02 MB

     Dynamical RAM for          <psi|beta>:       0.00 MB

     Dynamical RAM for                 psi:       0.87 MB

     Dynamical RAM for                hpsi:       0.87 MB

     Dynamical RAM for                spsi:       0.87 MB

     Dynamical RAM for      wfcinit/wfcrot:       0.70 MB

     Dynamical RAM for           addusdens:      15.63 MB

     Dynamical RAM for          addusforce:      16.50 MB

     Estimated static dynamical RAM per process >      14.72 MB

     Estimated max dynamical RAM per process >      31.22 MB

     Estimated total dynamical RAM >     156.11 MB

     Check: negative/imaginary core charge=   -0.000013    0.000000

     Initial potential from superposition of free atoms
     Check: negative starting charge=   -0.029616

     starting charge    9.99998, renormalised to   10.00000

     negative rho (up, down):  2.962E-02 0.000E+00
     Starting wfcs are    8 randomized atomic wfcs

     total cpu time spent up to now is        1.1 secs

     Self-consistent Calculation

     iteration #  1     ecut=    25.00 Ry     beta= 0.70
     Davidson diagonalization with overlap
     ethr =  1.00E-02,  avg # of iterations =  2.0

     negative rho (up, down):  3.490E-02 0.000E+00

     total cpu time spent up to now is        2.0 secs

     total energy              =     -40.17969579 Ry
     Harris-Foulkes estimate   =     -40.26415306 Ry
     estimated scf accuracy    <       0.14198652 Ry

     iteration #  2     ecut=    25.00 Ry     beta= 0.70
     Davidson diagonalization with overlap
     ethr =  1.42E-03,  avg # of iterations =  2.0

     negative rho (up, down):  3.591E-02 0.000E+00

     total cpu time spent up to now is        2.5 secs

     total energy              =     -40.20354672 Ry
     Harris-Foulkes estimate   =     -40.20892041 Ry
     estimated scf accuracy    <       0.00959602 Ry

     iteration #  3     ecut=    25.00 Ry     beta= 0.70
     Davidson diagonalization with overlap
     ethr =  9.60E-05,  avg # of iterations =  2.0

     negative rho (up, down):  3.777E-02 0.000E+00

     total cpu time spent up to now is        3.3 secs

     total energy              =     -40.20512107 Ry
     Harris-Foulkes estimate   =     -40.20534008 Ry
     estimated scf accuracy    <       0.00047714 Ry

     iteration #  4     ecut=    25.00 Ry     beta= 0.70
     Davidson diagonalization with overlap
     ethr =  4.77E-06,  avg # of iterations =  2.0

     negative rho (up, down):  3.794E-02 0.000E+00

     total cpu time spent up to now is        4.0 secs

     total energy              =     -40.20517044 Ry
     Harris-Foulkes estimate   =     -40.20517118 Ry
     estimated scf accuracy    <       0.00000211 Ry

     iteration #  5     ecut=    25.00 Ry     beta= 0.70
     Davidson diagonalization with overlap
     ethr =  2.11E-08,  avg # of iterations =  2.0

     negative rho (up, down):  3.796E-02 0.000E+00

     total cpu time spent up to now is        4.7 secs

     total energy              =     -40.20517121 Ry
     Harris-Foulkes estimate   =     -40.20517127 Ry
     estimated scf accuracy    <       0.00000009 Ry

     iteration #  6     ecut=    25.00 Ry     beta= 0.70
     Davidson diagonalization with overlap
     ethr =  9.47E-10,  avg # of iterations =  3.0

     negative rho (up, down):  3.798E-02 0.000E+00

     total cpu time spent up to now is        5.5 secs

     End of self-consistent calculation

          k = 0.0000 0.0000 0.0000 ( 14243 PWs)   bands (ev):

   -28.3016 -13.3406 -11.4688 -11.4688  -9.9801

     occupation numbers 
     1.0000   1.0000   1.0000   1.0000   1.0000

     highest occupied level (ev):    -9.9801

!    total energy              =     -40.20517121 Ry
     Harris-Foulkes estimate   =     -40.20517123 Ry
     estimated scf accuracy    <          5.0E-09 Ry

     The total energy is the sum of the following terms:

     one-electron contribution =     -79.83350883 Ry
     hartree contribution      =      40.86273607 Ry
     xc contribution           =     -10.39412811 Ry
     ewald contribution        =       9.15972967 Ry

     convergence has been achieved in   6 iterations

     negative rho (up, down):  3.798E-02 0.000E+00

     Forces acting on atoms (cartesian axes, Ry/au):

     atom    1 type  1   force =     0.00000000    0.00000000   -0.07263641
     atom    2 type  1   force =     0.00000000    0.00000000    0.07263641
     The non-local contrib.  to forces
     atom    1 type  1   force =     0.00000000    0.00000000    1.89396567
     atom    2 type  1   force =     0.00000000    0.00000000   -1.89396567
     The ionic contribution  to forces
     atom    1 type  1   force =     0.00000000    0.00000000  -11.55540219
     atom    2 type  1   force =    -0.00000000   -0.00000000   11.55540219
     The local contribution  to forces
     atom    1 type  1   force =     0.00000000    0.00000000    9.59362927
     atom    2 type  1   force =     0.00000000    0.00000000   -9.59362927
     The core correction contribution to forces
     atom    1 type  1   force =     0.00000000   -0.00000000   -0.00487925
     atom    2 type  1   force =    -0.00000000   -0.00000000    0.00487925
     The Hubbard contrib.    to forces
     atom    1 type  1   force =     0.00000000    0.00000000    0.00000000
     atom    2 type  1   force =     0.00000000    0.00000000    0.00000000
     The SCF correction term to forces
     atom    1 type  1   force =     0.00000000    0.00000000    0.00005009
     atom    2 type  1   force =     0.00000000    0.00000000   -0.00005009

     Total force =     0.102723     Total SCF correction =     0.000071

     BFGS Geometry Optimization

     number of scf cycles    =   1
     number of bfgs steps    =   0

     energy   new            =     -40.2051712089 Ry

     new trust radius        =       0.0726364148 bohr
     new conv_thr            =       0.0000000100 Ry


ATOMIC_POSITIONS (crystal)
N        0.500000000   0.500000000   0.441276246
N        0.500000000   0.500000000   0.558723754


     Check: negative starting charge=   -0.029616
     NEW-OLD atomic charge density approx. for the potential

     Check: negative/imaginary core charge=   -0.000012    0.000000
     Check: negative starting charge=   -0.028888

     negative rho (up, down):  3.921E-02 0.000E+00

     total cpu time spent up to now is        6.1 secs

     Self-consistent Calculation

     iteration #  1     ecut=    25.00 Ry     beta= 0.70
     Davidson diagonalization with overlap
     ethr =  1.00E-06,  avg # of iterations =  5.0

     negative rho (up, down):  3.208E-02 0.000E+00

     total cpu time spent up to now is        7.0 secs

     total energy              =     -40.18657064 Ry
     Harris-Foulkes estimate   =     -40.19329456 Ry
     estimated scf accuracy    <       0.01022459 Ry

     iteration #  2     ecut=    25.00 Ry     beta= 0.70
     Davidson diagonalization with overlap
     ethr =  1.02E-04,  avg # of iterations =  2.0

     negative rho (up, down):  3.161E-02 0.000E+00

     total cpu time spent up to now is        7.5 secs

     total energy              =     -40.18912843 Ry
     Harris-Foulkes estimate   =     -40.18971000 Ry
     estimated scf accuracy    <       0.00103330 Ry

     iteration #  3     ecut=    25.00 Ry     beta= 0.70
     Davidson diagonalization with overlap
     ethr =  1.03E-05,  avg # of iterations =  2.0

     negative rho (up, down):  3.113E-02 0.000E+00

     total cpu time spent up to now is        8.0 secs

     total energy              =     -40.18932093 Ry
     Harris-Foulkes estimate   =     -40.18932191 Ry
     estimated scf accuracy    <       0.00001949 Ry

     iteration #  4     ecut=    25.00 Ry     beta= 0.70
     Davidson diagonalization with overlap
     ethr =  1.95E-07,  avg # of iterations =  1.0

     negative rho (up, down):  3.110E-02 0.000E+00

     total cpu time spent up to now is        8.6 secs

     total energy              =     -40.18932168 Ry
     Harris-Foulkes estimate   =     -40.18932175 Ry
     estimated scf accuracy    <       0.00000017 Ry

     iteration #  5     ecut=    25.00 Ry     beta= 0.70
     Davidson diagonalization with overlap
     ethr =  1.67E-09,  avg # of iterations =  3.0

     negative rho (up, down):  3.109E-02 0.000E+00

     total cpu time spent up to now is        9.1 secs

     total energy              =     -40.18932171 Ry
     Harris-Foulkes estimate   =     -40.18932172 Ry
     estimated scf accuracy    <       0.00000002 Ry

     iteration #  6     ecut=    25.00 Ry     beta= 0.70
     Davidson diagonalization with overlap
     ethr =  1.59E-10,  avg # of iterations =  2.0

     negative rho (up, down):  3.108E-02 0.000E+00

     total cpu time spent up to now is        9.5 secs

     End of self-consistent calculation

          k = 0.0000 0.0000 0.0000 ( 14243 PWs)   bands (ev):

   -27.1348 -13.8699 -10.8796 -10.8796  -9.9305

     occupation numbers 
     1.0000   1.0000   1.0000   1.0000   1.0000

     highest occupied level (ev):    -9.9305

!    total energy              =     -40.18932171 Ry
     Harris-Foulkes estimate   =     -40.18932171 Ry
     estimated scf accuracy    <          1.3E-09 Ry

     The total energy is the sum of the following terms:

     one-electron contribution =     -77.06101097 Ry
     hartree contribution      =      39.50490724 Ry
     xc contribution           =     -10.22513841 Ry
     ewald contribution        =       7.59192042 Ry

     convergence has been achieved in   6 iterations

     negative rho (up, down):  3.108E-02 0.000E+00

     Forces acting on atoms (cartesian axes, Ry/au):

     atom    1 type  1   force =     0.00000000    0.00000000    0.25879309
     atom    2 type  1   force =     0.00000000    0.00000000   -0.25879309
     The non-local contrib.  to forces
     atom    1 type  1   force =     0.00000000    0.00000000    1.96318742
     atom    2 type  1   force =     0.00000000    0.00000000   -1.96318742
     The ionic contribution  to forces
     atom    1 type  1   force =    -0.00000000   -0.00000000  -10.07872125
     atom    2 type  1   force =     0.00000000    0.00000000   10.07872125
     The local contribution  to forces
     atom    1 type  1   force =     0.00000000    0.00000000    8.38419109
     atom    2 type  1   force =     0.00000000    0.00000000   -8.38419109
     The core correction contribution to forces
     atom    1 type  1   force =     0.00000000    0.00000000   -0.00978529
     atom    2 type  1   force =     0.00000000    0.00000000    0.00978529
     The Hubbard contrib.    to forces
     atom    1 type  1   force =     0.00000000    0.00000000    0.00000000
     atom    2 type  1   force =     0.00000000    0.00000000    0.00000000
     The SCF correction term to forces
     atom    1 type  1   force =    -0.00000000    0.00000000   -0.00007889
     atom    2 type  1   force =     0.00000000    0.00000000    0.00007889

     Total force =     0.365989     Total SCF correction =     0.000112

     number of scf cycles    =   2
     number of bfgs steps    =   1

     energy   old            =     -40.2051712089 Ry
     energy   new            =     -40.1893217122 Ry

     CASE: energy  _new > energy  _old

     new trust radius        =       0.0145155350 bohr
     new conv_thr            =       0.0000000100 Ry


ATOMIC_POSITIONS (crystal)
N        0.500000000   0.500000000   0.444351871
N        0.500000000   0.500000000   0.555648129


     Check: negative starting charge=   -0.028888
     NEW-OLD atomic charge density approx. for the potential

     Check: negative/imaginary core charge=   -0.000013    0.000000
     Check: negative starting charge=   -0.029573

     negative rho (up, down):  2.737E-02 0.000E+00

     total cpu time spent up to now is       10.0 secs

     Self-consistent Calculation

     iteration #  1     ecut=    25.00 Ry     beta= 0.70
     Davidson diagonalization with overlap
     ethr =  1.00E-06,  avg # of iterations =  4.0

     negative rho (up, down):  3.401E-02 0.000E+00

     total cpu time spent up to now is       10.4 secs

     total energy              =     -40.20442405 Ry
     Harris-Foulkes estimate   =     -40.20855408 Ry
     estimated scf accuracy    <       0.00626969 Ry

     iteration #  2     ecut=    25.00 Ry     beta= 0.70
     Davidson diagonalization with overlap
     ethr =  6.27E-05,  avg # of iterations =  2.0

     negative rho (up, down):  3.520E-02 0.000E+00

     total cpu time spent up to now is       10.9 secs

     total energy              =     -40.20594803 Ry
     Harris-Foulkes estimate   =     -40.20628422 Ry
     estimated scf accuracy    <       0.00058468 Ry

     iteration #  3     ecut=    25.00 Ry     beta= 0.70
     Davidson diagonalization with overlap
     ethr =  5.85E-06,  avg # of iterations =  2.0

     negative rho (up, down):  3.639E-02 0.000E+00

     total cpu time spent up to now is       11.2 secs

     total energy              =     -40.20606059 Ry
     Harris-Foulkes estimate   =     -40.20606177 Ry
     estimated scf accuracy    <       0.00001109 Ry

     iteration #  4     ecut=    25.00 Ry     beta= 0.70
     Davidson diagonalization with overlap
     ethr =  1.11E-07,  avg # of iterations =  1.0

     negative rho (up, down):  3.647E-02 0.000E+00

     total cpu time spent up to now is       11.8 secs

     total energy              =     -40.20606112 Ry
     Harris-Foulkes estimate   =     -40.20606113 Ry
     estimated scf accuracy    <       0.00000007 Ry

     iteration #  5     ecut=    25.00 Ry     beta= 0.70
     Davidson diagonalization with overlap
     ethr =  7.50E-10,  avg # of iterations =  3.0

     negative rho (up, down):  3.649E-02 0.000E+00

     total cpu time spent up to now is       12.6 secs

     End of self-consistent calculation

          k = 0.0000 0.0000 0.0000 ( 14243 PWs)   bands (ev):

   -28.0657 -13.4482 -11.3449 -11.3449  -9.9681

     occupation numbers 
     1.0000   1.0000   1.0000   1.0000   1.0000

     highest occupied level (ev):    -9.9681

!    total energy              =     -40.20606115 Ry
     Harris-Foulkes estimate   =     -40.20606115 Ry
     estimated scf accuracy    <          8.5E-09 Ry

     The total energy is the sum of the following terms:

     one-electron contribution =     -79.25622596 Ry
     hartree contribution      =      40.57928435 Ry
     xc contribution           =     -10.35805529 Ry
     ewald contribution        =       8.82893574 Ry

     convergence has been achieved in   5 iterations

     negative rho (up, down):  3.649E-02 0.000E+00

     Forces acting on atoms (cartesian axes, Ry/au):

     atom    1 type  1   force =     0.00000000    0.00000000    0.00979168
     atom    2 type  1   force =     0.00000000    0.00000000   -0.00979168
     The non-local contrib.  to forces
     atom    1 type  1   force =     0.00000000    0.00000000    1.91449526
     atom    2 type  1   force =     0.00000000    0.00000000   -1.91449526
     The ionic contribution  to forces
     atom    1 type  1   force =    -0.00000000   -0.00000000  -11.23577015
     atom    2 type  1   force =     0.00000000    0.00000000   11.23577015
     The local contribution  to forces
     atom    1 type  1   force =     0.00000000    0.00000000    9.33711946
     atom    2 type  1   force =     0.00000000    0.00000000   -9.33711946
     The core correction contribution to forces
     atom    1 type  1   force =    -0.00000000   -0.00000000   -0.00597551
     atom    2 type  1   force =     0.00000000    0.00000000    0.00597551
     The Hubbard contrib.    to forces
     atom    1 type  1   force =     0.00000000    0.00000000    0.00000000
     atom    2 type  1   force =     0.00000000    0.00000000    0.00000000
     The SCF correction term to forces
     atom    1 type  1   force =    -0.00000000    0.00000000   -0.00007738
     atom    2 type  1   force =    -0.00000000    0.00000000    0.00007738

     Total force =     0.013848     Total SCF correction =     0.000109

     number of scf cycles    =   3
     number of bfgs steps    =   1

     energy   old            =     -40.2051712089 Ry
     energy   new            =     -40.2060611504 Ry

     CASE: energy  _new < energy  _old

     new trust radius        =       0.0017243083 bohr
     new conv_thr            =       0.0000000009 Ry


ATOMIC_POSITIONS (crystal)
N        0.500000000   0.500000000   0.444443117
N        0.500000000   0.500000000   0.555556883


     Check: negative starting charge=   -0.029573
     NEW-OLD atomic charge density approx. for the potential

     Check: negative/imaginary core charge=   -0.000013    0.000000
     Check: negative starting charge=   -0.029581

     negative rho (up, down):  3.642E-02 0.000E+00

     total cpu time spent up to now is       13.3 secs

     Self-consistent Calculation

     iteration #  1     ecut=    25.00 Ry     beta= 0.70
     Davidson diagonalization with overlap
     ethr =  1.00E-06,  avg # of iterations =  2.0

     Threshold (ethr) on eigenvalues was too large:
     Diagonalizing with lowered threshold

     Davidson diagonalization with overlap
     ethr =  6.61E-08,  avg # of iterations =  1.0

     negative rho (up, down):  3.661E-02 0.000E+00

     total cpu time spent up to now is       13.8 secs

     total energy              =     -40.20607709 Ry
     Harris-Foulkes estimate   =     -40.20608152 Ry
     estimated scf accuracy    <       0.00000665 Ry

     iteration #  2     ecut=    25.00 Ry     beta= 0.70
     Davidson diagonalization with overlap
     ethr =  6.65E-08,  avg # of iterations =  2.0

     negative rho (up, down):  3.664E-02 0.000E+00

     total cpu time spent up to now is       14.2 secs

     total energy              =     -40.20607875 Ry
     Harris-Foulkes estimate   =     -40.20607911 Ry
     estimated scf accuracy    <       0.00000065 Ry

     iteration #  3     ecut=    25.00 Ry     beta= 0.70
     Davidson diagonalization with overlap
     ethr =  6.47E-09,  avg # of iterations =  2.0

     negative rho (up, down):  3.666E-02 0.000E+00

     total cpu time spent up to now is       14.8 secs

     total energy              =     -40.20607888 Ry
     Harris-Foulkes estimate   =     -40.20607888 Ry
     estimated scf accuracy    <       0.00000001 Ry

     iteration #  4     ecut=    25.00 Ry     beta= 0.70
     Davidson diagonalization with overlap
     ethr =  1.06E-10,  avg # of iterations =  1.0

     negative rho (up, down):  3.667E-02 0.000E+00

     total cpu time spent up to now is       15.5 secs

     End of self-consistent calculation

          k = 0.0000 0.0000 0.0000 ( 14243 PWs)   bands (ev):

   -28.0938 -13.4357 -11.3596 -11.3596  -9.9698

     occupation numbers 
     1.0000   1.0000   1.0000   1.0000   1.0000

     highest occupied level (ev):    -9.9698

!    total energy              =     -40.20607888 Ry
     Harris-Foulkes estimate   =     -40.20607888 Ry
     estimated scf accuracy    <          7.4E-11 Ry

     The total energy is the sum of the following terms:

     one-electron contribution =     -79.32429050 Ry
     hartree contribution      =      40.61277730 Ry
     xc contribution           =     -10.36231351 Ry
     ewald contribution        =       8.86774784 Ry

     convergence has been achieved in   4 iterations

     negative rho (up, down):  3.667E-02 0.000E+00

     Forces acting on atoms (cartesian axes, Ry/au):

     atom    1 type  1   force =     0.00000000    0.00000000    0.00049516
     atom    2 type  1   force =     0.00000000    0.00000000   -0.00049516
     The non-local contrib.  to forces
     atom    1 type  1   force =     0.00000000    0.00000000    1.91226352
     atom    2 type  1   force =     0.00000000    0.00000000   -1.91226352
     The ionic contribution  to forces
     atom    1 type  1   force =    -0.00000000   -0.00000000  -11.27304905
     atom    2 type  1   force =     0.00000000    0.00000000   11.27304905
     The local contribution  to forces
     atom    1 type  1   force =     0.00000000    0.00000000    9.36712845
     atom    2 type  1   force =     0.00000000    0.00000000   -9.36712845
     The core correction contribution to forces
     atom    1 type  1   force =    -0.00000000   -0.00000000   -0.00583869
     atom    2 type  1   force =    -0.00000000   -0.00000000    0.00583869
     The Hubbard contrib.    to forces
     atom    1 type  1   force =     0.00000000    0.00000000    0.00000000
     atom    2 type  1   force =     0.00000000    0.00000000    0.00000000
     The SCF correction term to forces
     atom    1 type  1   force =    -0.00000000   -0.00000000   -0.00000907
     atom    2 type  1   force =    -0.00000000   -0.00000000    0.00000907

     Total force =     0.000700     Total SCF correction =     0.000013

     bfgs converged in   4 scf cycles and   2 bfgs steps
     (criteria: energy <  1.0E-04 Ry, force <  1.0E-03 Ry/Bohr)

     End of BFGS Geometry Optimization

     Final energy   =     -40.2060788768 Ry
Begin final coordinates

ATOMIC_POSITIONS (crystal)
N        0.500000000   0.500000000   0.444443117
N        0.500000000   0.500000000   0.555556883
End final coordinates


 
     init_run     :      2.32s CPU      1.01s WALL (       1 calls)
     electrons    :     26.88s CPU     12.77s WALL (       4 calls)
     update_pot   :      1.35s CPU      0.63s WALL (       3 calls)
     forces       :      2.12s CPU      1.00s WALL (       4 calls)

     Called by init_run:
     wfcinit      :      1.01s CPU      0.36s WALL (       1 calls)
     wfcinit:atom :      0.00s CPU      0.00s WALL (       1 calls)
     wfcinit:wfcr :      0.99s CPU      0.36s WALL (       1 calls)
     potinit      :      0.63s CPU      0.28s WALL (       1 calls)
     hinit0       :      0.47s CPU      0.26s WALL (       1 calls)

     Called by electrons:
     c_bands      :     11.72s CPU      5.55s WALL (      22 calls)
     sum_band     :      5.37s CPU      2.57s WALL (      22 calls)
     v_of_rho     :      6.46s CPU      3.06s WALL (      25 calls)
     v_h          :      0.78s CPU      0.37s WALL (      25 calls)
     v_xc         :      6.40s CPU      3.02s WALL (      29 calls)
     newd         :      2.72s CPU      1.29s WALL (      25 calls)
     mix_rho      :      1.05s CPU      0.49s WALL (      22 calls)

     Called by c_bands:
     init_us_2    :      0.15s CPU      0.09s WALL (      45 calls)
     cegterg      :     11.23s CPU      5.32s WALL (      22 calls)

     Called by sum_band:
     sum_band:bec :      0.08s CPU      0.05s WALL (      22 calls)
     addusdens    :      1.20s CPU      0.61s WALL (      22 calls)

     Called by *egterg:
     h_psi        :      9.33s CPU      4.32s WALL (      71 calls)
     s_psi        :      0.02s CPU      0.01s WALL (      71 calls)
     g_psi        :      0.01s CPU      0.00s WALL (      48 calls)
     cdiaghg      :      0.25s CPU      0.12s WALL (      66 calls)
     cegterg:over :      1.11s CPU      0.52s WALL (      48 calls)
     cegterg:upda :      0.09s CPU      0.05s WALL (      48 calls)
     cegterg:last :      0.03s CPU      0.02s WALL (      24 calls)

     Called by h_psi:
     h_psi:pot    :      9.32s CPU      4.32s WALL (      71 calls)
     h_psi:calbec :      1.18s CPU      0.52s WALL (      71 calls)
     vloc_psi     :      7.96s CPU      3.70s WALL (      71 calls)
     add_vuspsi   :      0.18s CPU      0.11s WALL (      71 calls)

     General routines
     calbec       :      1.78s CPU      0.80s WALL (     109 calls)
     fft          :      7.26s CPU      3.53s WALL (     327 calls)
     ffts         :      0.48s CPU      0.22s WALL (      22 calls)
     fftw         :      9.14s CPU      4.26s WALL (     764 calls)
 
     Parallel routines
     fft_scatt_xy :      0.51s CPU      0.25s WALL (    1113 calls)
     fft_scatt_yz :     14.37s CPU      6.74s WALL (    1113 calls)
 
     PWSCF        :    33.36s CPU        15.81s WALL

 
   This run was terminated on:   8:57:49  19Mar2019            

=------------------------------------------------------------------------------=
   JOB DONE.
=------------------------------------------------------------------------------=
