
     Program PWSCF v.6.3MaX starts on 19Mar2019 at  8:59:55 

     This program is part of the open-source Quantum ESPRESSO suite
     for quantum simulation of materials; please cite
         "P. Giannozzi et al., J. Phys.:Condens. Matter 21 395502 (2009);
         "P. Giannozzi et al., J. Phys.:Condens. Matter 29 465901 (2017);
          URL http://www.quantum-espresso.org", 
     in publications or presentations arising from this work. More details at
     http://www.quantum-espresso.org/quote

 *** WARNING: using old-style file format, will disappear from next version ***

     Parallel version (MPI & OpenMP), running on      20 processor cores
     Number of MPI processes:                 5
     Threads/MPI process:                     4

     MPI processes distributed on     1 nodes
     R & G space division:  proc/nbgrp/npool/nimage =       5
     Reading input from /home/azadoks/dftman/projects/HW5_3/ConvergenceWorkflows/8ea71bd0fc85/1baad22c8e51/pwscf.in
Warning: card &CELL ignored
Warning: card / ignored

     Current dimensions of program PWSCF are:
     Max number of different atomic species (ntypx) = 10
     Max number of k-points (npk) =  40000
     Max angular momentum in pseudopotentials (lmaxx) =  3
     Message from routine iosys:
     minimal I/O required, wf_collect reset to FALSE

     Subspace diagonalization in iterative solution of the eigenvalue problem:
     a serial algorithm will be used

 
     Parallelization info
     --------------------
     sticks:   dense  smooth     PW     G-vecs:    dense   smooth      PW
     Min        1250    1250    313                74436    74436    9317
     Max        1251    1251    313                74439    74439    9317
     Sum        6253    6253   1565               372189   372189   46585
 


     bravais-lattice index     =            0
     lattice parameter (alat)  =      18.8973  a.u.
     unit-cell volume          =    6748.3346 (a.u.)^3
     number of atoms/cell      =            2
     number of atomic types    =            1
     number of electrons       =        10.00
     number of Kohn-Sham states=            5
     kinetic-energy cutoff     =      55.0000  Ry
     charge density cutoff     =     220.0000  Ry
     convergence threshold     =      1.0E-08
     mixing beta               =       0.7000
     number of iterations used =            8  plain     mixing
     Exchange-correlation      = SLA  PW   PBE  PBE ( 1  4  3  4 0 0)
     nstep                     =           50


     celldm(1)=  18.897261  celldm(2)=   0.000000  celldm(3)=   0.000000
     celldm(4)=   0.000000  celldm(5)=   0.000000  celldm(6)=   0.000000

     crystal axes: (cart. coord. in units of alat)
               a(1) = (   1.000000   0.000000   0.000000 )  
               a(2) = (   0.000000   1.000000   0.000000 )  
               a(3) = (   0.000000   0.000000   1.000000 )  

     reciprocal axes: (cart. coord. in units 2 pi/alat)
               b(1) = (  1.000000  0.000000  0.000000 )  
               b(2) = (  0.000000  1.000000  0.000000 )  
               b(3) = (  0.000000  0.000000  1.000000 )  


     PseudoPot. # 1 for N  read from file:
     /home/azadoks/.local/share/pseudo/GBRV_PBE_US/n_pbe_v1.2.uspp.F.UPF
     MD5 check sum: 95339753478d7afb44899504a8723017
     Pseudo is Ultrasoft + core correction, Zval =  5.0
     Generated by new atomic code, or converted to UPF format
     Using radial grid of  729 points,  4 beta functions with: 
                l(1) =   0
                l(2) =   0
                l(3) =   1
                l(4) =   1
     Q(r) pseudized with  8 coefficients,  rinner =    0.900   0.900   0.900


     atomic species   valence    mass     pseudopotential
        N              5.00    14.00670     N ( 1.00)

     16 Sym. Ops., with inversion, found


                                    s                        frac. trans.

      isym =  1     identity                                     

 cryst.   s( 1) = (     1          0          0      )
                  (     0          1          0      )
                  (     0          0          1      )

 cart.    s( 1) = (  1.0000000  0.0000000  0.0000000 )
                  (  0.0000000  1.0000000  0.0000000 )
                  (  0.0000000  0.0000000  1.0000000 )


      isym =  2     180 deg rotation - cart. axis [0,0,1]        

 cryst.   s( 2) = (    -1          0          0      )
                  (     0         -1          0      )
                  (     0          0          1      )

 cart.    s( 2) = ( -1.0000000  0.0000000  0.0000000 )
                  (  0.0000000 -1.0000000  0.0000000 )
                  (  0.0000000  0.0000000  1.0000000 )


      isym =  3     180 deg rotation - cart. axis [0,1,0]        

 cryst.   s( 3) = (    -1          0          0      )
                  (     0          1          0      )
                  (     0          0         -1      )

 cart.    s( 3) = ( -1.0000000  0.0000000  0.0000000 )
                  (  0.0000000  1.0000000  0.0000000 )
                  (  0.0000000  0.0000000 -1.0000000 )


      isym =  4     180 deg rotation - cart. axis [1,0,0]        

 cryst.   s( 4) = (     1          0          0      )
                  (     0         -1          0      )
                  (     0          0         -1      )

 cart.    s( 4) = (  1.0000000  0.0000000  0.0000000 )
                  (  0.0000000 -1.0000000  0.0000000 )
                  (  0.0000000  0.0000000 -1.0000000 )


      isym =  5     180 deg rotation - cart. axis [1,1,0]        

 cryst.   s( 5) = (     0          1          0      )
                  (     1          0          0      )
                  (     0          0         -1      )

 cart.    s( 5) = (  0.0000000  1.0000000  0.0000000 )
                  (  1.0000000  0.0000000  0.0000000 )
                  (  0.0000000  0.0000000 -1.0000000 )


      isym =  6     180 deg rotation - cart. axis [1,-1,0]       

 cryst.   s( 6) = (     0         -1          0      )
                  (    -1          0          0      )
                  (     0          0         -1      )

 cart.    s( 6) = (  0.0000000 -1.0000000  0.0000000 )
                  ( -1.0000000  0.0000000  0.0000000 )
                  (  0.0000000  0.0000000 -1.0000000 )


      isym =  7      90 deg rotation - cart. axis [0,0,-1]       

 cryst.   s( 7) = (     0         -1          0      )
                  (     1          0          0      )
                  (     0          0          1      )

 cart.    s( 7) = (  0.0000000  1.0000000  0.0000000 )
                  ( -1.0000000  0.0000000  0.0000000 )
                  (  0.0000000  0.0000000  1.0000000 )


      isym =  8      90 deg rotation - cart. axis [0,0,1]        

 cryst.   s( 8) = (     0          1          0      )
                  (    -1          0          0      )
                  (     0          0          1      )

 cart.    s( 8) = (  0.0000000 -1.0000000  0.0000000 )
                  (  1.0000000  0.0000000  0.0000000 )
                  (  0.0000000  0.0000000  1.0000000 )


      isym =  9     inversion                                    

 cryst.   s( 9) = (    -1          0          0      )
                  (     0         -1          0      )
                  (     0          0         -1      )

 cart.    s( 9) = ( -1.0000000  0.0000000  0.0000000 )
                  (  0.0000000 -1.0000000  0.0000000 )
                  (  0.0000000  0.0000000 -1.0000000 )


      isym = 10     inv. 180 deg rotation - cart. axis [0,0,1]   

 cryst.   s(10) = (     1          0          0      )
                  (     0          1          0      )
                  (     0          0         -1      )

 cart.    s(10) = (  1.0000000  0.0000000  0.0000000 )
                  (  0.0000000  1.0000000  0.0000000 )
                  (  0.0000000  0.0000000 -1.0000000 )


      isym = 11     inv. 180 deg rotation - cart. axis [0,1,0]   

 cryst.   s(11) = (     1          0          0      )
                  (     0         -1          0      )
                  (     0          0          1      )

 cart.    s(11) = (  1.0000000  0.0000000  0.0000000 )
                  (  0.0000000 -1.0000000  0.0000000 )
                  (  0.0000000  0.0000000  1.0000000 )


      isym = 12     inv. 180 deg rotation - cart. axis [1,0,0]   

 cryst.   s(12) = (    -1          0          0      )
                  (     0          1          0      )
                  (     0          0          1      )

 cart.    s(12) = ( -1.0000000  0.0000000  0.0000000 )
                  (  0.0000000  1.0000000  0.0000000 )
                  (  0.0000000  0.0000000  1.0000000 )


      isym = 13     inv. 180 deg rotation - cart. axis [1,1,0]   

 cryst.   s(13) = (     0         -1          0      )
                  (    -1          0          0      )
                  (     0          0          1      )

 cart.    s(13) = (  0.0000000 -1.0000000  0.0000000 )
                  ( -1.0000000  0.0000000  0.0000000 )
                  (  0.0000000  0.0000000  1.0000000 )


      isym = 14     inv. 180 deg rotation - cart. axis [1,-1,0]  

 cryst.   s(14) = (     0          1          0      )
                  (     1          0          0      )
                  (     0          0          1      )

 cart.    s(14) = (  0.0000000  1.0000000  0.0000000 )
                  (  1.0000000  0.0000000  0.0000000 )
                  (  0.0000000  0.0000000  1.0000000 )


      isym = 15     inv.  90 deg rotation - cart. axis [0,0,-1]  

 cryst.   s(15) = (     0          1          0      )
                  (    -1          0          0      )
                  (     0          0         -1      )

 cart.    s(15) = (  0.0000000 -1.0000000  0.0000000 )
                  (  1.0000000  0.0000000  0.0000000 )
                  (  0.0000000  0.0000000 -1.0000000 )


      isym = 16     inv.  90 deg rotation - cart. axis [0,0,1]   

 cryst.   s(16) = (     0         -1          0      )
                  (     1          0          0      )
                  (     0          0         -1      )

 cart.    s(16) = (  0.0000000  1.0000000  0.0000000 )
                  ( -1.0000000  0.0000000  0.0000000 )
                  (  0.0000000  0.0000000 -1.0000000 )


   Cartesian axes

     site n.     atom                  positions (alat units)
         1           N   tau(   1) = (   0.5000000   0.5000000   0.4451200  )
         2           N   tau(   2) = (   0.5000000   0.5000000   0.5548800  )

   Crystallographic axes

     site n.     atom                  positions (cryst. coord.)
         1           N   tau(   1) = (  0.5000000  0.5000000  0.4451200  )
         2           N   tau(   2) = (  0.5000000  0.5000000  0.5548800  )

     number of k points=     1
                       cart. coord. in units 2pi/alat
        k(    1) = (   0.0000000   0.0000000   0.0000000), wk =   2.0000000

                       cryst. coord.
        k(    1) = (   0.0000000   0.0000000   0.0000000), wk =   2.0000000

     Dense  grid:   372189 G-vectors     FFT dimensions: (  90,  90,  90)

     Dynamical RAM for                 wfc:       0.71 MB

     Dynamical RAM for     wfc (w. buffer):       0.71 MB

     Dynamical RAM for           str. fact:       1.14 MB

     Dynamical RAM for           local pot:       0.00 MB

     Dynamical RAM for          nlocal pot:       2.27 MB

     Dynamical RAM for                qrad:       1.02 MB

     Dynamical RAM for          rho,v,vnew:       6.74 MB

     Dynamical RAM for               rhoin:       2.25 MB

     Dynamical RAM for            rho*nmix:      18.17 MB

     Dynamical RAM for           G-vectors:       4.83 MB

     Dynamical RAM for          h,s,v(r/c):       0.02 MB

     Dynamical RAM for          <psi|beta>:       0.00 MB

     Dynamical RAM for                 psi:       2.84 MB

     Dynamical RAM for                hpsi:       2.84 MB

     Dynamical RAM for                spsi:       2.84 MB

     Dynamical RAM for      wfcinit/wfcrot:       2.27 MB

     Dynamical RAM for           addusdens:      51.11 MB

     Dynamical RAM for          addusforce:      53.95 MB

     Estimated static dynamical RAM per process >      44.96 MB

     Estimated max dynamical RAM per process >      98.92 MB

     Estimated total dynamical RAM >     494.59 MB

     Initial potential from superposition of free atoms
     Check: negative starting charge=   -0.000727

     starting charge    9.99998, renormalised to   10.00000

     negative rho (up, down):  7.274E-04 0.000E+00
     Starting wfcs are    8 randomized atomic wfcs

     total cpu time spent up to now is        1.4 secs

     Self-consistent Calculation

     iteration #  1     ecut=    55.00 Ry     beta= 0.70
     Davidson diagonalization with overlap
     ethr =  1.00E-02,  avg # of iterations =  2.0

     negative rho (up, down):  2.484E-04 0.000E+00

     total cpu time spent up to now is        2.7 secs

     total energy              =     -40.24876361 Ry
     Harris-Foulkes estimate   =     -40.34524642 Ry
     estimated scf accuracy    <       0.15487801 Ry

     iteration #  2     ecut=    55.00 Ry     beta= 0.70
     Davidson diagonalization with overlap
     ethr =  1.55E-03,  avg # of iterations =  2.0

     negative rho (up, down):  3.176E-04 0.000E+00

     total cpu time spent up to now is        3.8 secs

     total energy              =     -40.27773299 Ry
     Harris-Foulkes estimate   =     -40.28392347 Ry
     estimated scf accuracy    <       0.01098065 Ry

     iteration #  3     ecut=    55.00 Ry     beta= 0.70
     Davidson diagonalization with overlap
     ethr =  1.10E-04,  avg # of iterations =  2.0

     negative rho (up, down):  4.083E-04 0.000E+00

     total cpu time spent up to now is        4.9 secs

     total energy              =     -40.27966402 Ry
     Harris-Foulkes estimate   =     -40.27986734 Ry
     estimated scf accuracy    <       0.00044100 Ry

     iteration #  4     ecut=    55.00 Ry     beta= 0.70
     Davidson diagonalization with overlap
     ethr =  4.41E-06,  avg # of iterations =  2.0

     negative rho (up, down):  4.231E-04 0.000E+00

     total cpu time spent up to now is        5.4 secs

     total energy              =     -40.27971105 Ry
     Harris-Foulkes estimate   =     -40.27971108 Ry
     estimated scf accuracy    <       0.00000159 Ry

     iteration #  5     ecut=    55.00 Ry     beta= 0.70
     Davidson diagonalization with overlap
     ethr =  1.59E-08,  avg # of iterations =  3.0

     negative rho (up, down):  4.236E-04 0.000E+00

     total cpu time spent up to now is        6.2 secs

     total energy              =     -40.27971215 Ry
     Harris-Foulkes estimate   =     -40.27971215 Ry
     estimated scf accuracy    <       0.00000004 Ry

     iteration #  6     ecut=    55.00 Ry     beta= 0.70
     Davidson diagonalization with overlap
     ethr =  3.54E-10,  avg # of iterations =  4.0

     negative rho (up, down):  4.239E-04 0.000E+00

     total cpu time spent up to now is        7.4 secs

     End of self-consistent calculation

          k = 0.0000 0.0000 0.0000 ( 46585 PWs)   bands (ev):

   -28.2023 -13.2550 -11.4806 -11.4806 -10.0295

     occupation numbers 
     1.0000   1.0000   1.0000   1.0000   1.0000

     highest occupied level (ev):   -10.0295

!    total energy              =     -40.27971218 Ry
     Harris-Foulkes estimate   =     -40.27971218 Ry
     estimated scf accuracy    <          9.7E-10 Ry

     The total energy is the sum of the following terms:

     one-electron contribution =     -79.98025211 Ry
     hartree contribution      =      40.95312575 Ry
     xc contribution           =     -10.41231550 Ry
     ewald contribution        =       9.15972967 Ry

     convergence has been achieved in   6 iterations

     negative rho (up, down):  4.239E-04 0.000E+00

     Forces acting on atoms (cartesian axes, Ry/au):

     atom    1 type  1   force =     0.00000000    0.00000000   -0.06122609
     atom    2 type  1   force =     0.00000000    0.00000000    0.06122609
     The non-local contrib.  to forces
     atom    1 type  1   force =     0.00000000    0.00000000    1.87796860
     atom    2 type  1   force =     0.00000000    0.00000000   -1.87796860
     The ionic contribution  to forces
     atom    1 type  1   force =     0.00000000    0.00000000  -11.55540219
     atom    2 type  1   force =    -0.00000000   -0.00000000   11.55540219
     The local contribution  to forces
     atom    1 type  1   force =     0.00000000    0.00000000    9.61994558
     atom    2 type  1   force =     0.00000000    0.00000000   -9.61994558
     The core correction contribution to forces
     atom    1 type  1   force =     0.00000000    0.00000000   -0.00375101
     atom    2 type  1   force =     0.00000000    0.00000000    0.00375101
     The Hubbard contrib.    to forces
     atom    1 type  1   force =     0.00000000    0.00000000    0.00000000
     atom    2 type  1   force =     0.00000000    0.00000000    0.00000000
     The SCF correction term to forces
     atom    1 type  1   force =     0.00000000   -0.00000000    0.00001292
     atom    2 type  1   force =     0.00000000    0.00000000   -0.00001292

     Total force =     0.086587     Total SCF correction =     0.000018

     BFGS Geometry Optimization

     number of scf cycles    =   1
     number of bfgs steps    =   0

     energy   new            =     -40.2797121827 Ry

     new trust radius        =       0.0612260922 bohr
     new conv_thr            =       0.0000000100 Ry


ATOMIC_POSITIONS (crystal)
N        0.500000000   0.500000000   0.441880055
N        0.500000000   0.500000000   0.558119945


     Check: negative starting charge=   -0.000727
     NEW-OLD atomic charge density approx. for the potential
     Check: negative starting charge=   -0.000733

     negative rho (up, down):  7.314E-04 0.000E+00

     total cpu time spent up to now is        8.9 secs

     Self-consistent Calculation

     iteration #  1     ecut=    55.00 Ry     beta= 0.70
     Davidson diagonalization with overlap
     ethr =  1.00E-06,  avg # of iterations =  5.0

     negative rho (up, down):  4.074E-04 0.000E+00

     total cpu time spent up to now is       11.4 secs

     total energy              =     -40.26441577 Ry
     Harris-Foulkes estimate   =     -40.26960524 Ry
     estimated scf accuracy    <       0.00764738 Ry

     iteration #  2     ecut=    55.00 Ry     beta= 0.70
     Davidson diagonalization with overlap
     ethr =  7.65E-05,  avg # of iterations =  2.0

     negative rho (up, down):  3.913E-04 0.000E+00

     total cpu time spent up to now is       13.4 secs

     total energy              =     -40.26636954 Ry
     Harris-Foulkes estimate   =     -40.26683950 Ry
     estimated scf accuracy    <       0.00081451 Ry

     iteration #  3     ecut=    55.00 Ry     beta= 0.70
     Davidson diagonalization with overlap
     ethr =  8.15E-06,  avg # of iterations =  2.0

     negative rho (up, down):  3.978E-04 0.000E+00

     total cpu time spent up to now is       14.4 secs

     total energy              =     -40.26652477 Ry
     Harris-Foulkes estimate   =     -40.26652667 Ry
     estimated scf accuracy    <       0.00001246 Ry

     iteration #  4     ecut=    55.00 Ry     beta= 0.70
     Davidson diagonalization with overlap
     ethr =  1.25E-07,  avg # of iterations =  1.0

     negative rho (up, down):  3.986E-04 0.000E+00

     total cpu time spent up to now is       15.5 secs

     total energy              =     -40.26652548 Ry
     Harris-Foulkes estimate   =     -40.26652548 Ry
     estimated scf accuracy    <       0.00000015 Ry

     iteration #  5     ecut=    55.00 Ry     beta= 0.70
     Davidson diagonalization with overlap
     ethr =  1.49E-09,  avg # of iterations =  2.0

     negative rho (up, down):  3.983E-04 0.000E+00

     total cpu time spent up to now is       16.7 secs

     total energy              =     -40.26652552 Ry
     Harris-Foulkes estimate   =     -40.26652553 Ry
     estimated scf accuracy    <       0.00000001 Ry

     iteration #  6     ecut=    55.00 Ry     beta= 0.70
     Davidson diagonalization with overlap
     ethr =  1.30E-10,  avg # of iterations =  2.0

     negative rho (up, down):  3.983E-04 0.000E+00

     total cpu time spent up to now is       17.8 secs

     End of self-consistent calculation

          k = 0.0000 0.0000 0.0000 ( 46585 PWs)   bands (ev):

   -27.2179 -13.7041 -10.9793 -10.9793  -9.9819

     occupation numbers 
     1.0000   1.0000   1.0000   1.0000   1.0000

     highest occupied level (ev):    -9.9819

!    total energy              =     -40.26652553 Ry
     Harris-Foulkes estimate   =     -40.26652553 Ry
     estimated scf accuracy    <          1.0E-09 Ry

     The total energy is the sum of the following terms:

     one-electron contribution =     -77.61945488 Ry
     hartree contribution      =      39.79674067 Ry
     xc contribution           =     -10.26815024 Ry
     ewald contribution        =       7.82433892 Ry

     convergence has been achieved in   6 iterations

     negative rho (up, down):  3.983E-04 0.000E+00

     Forces acting on atoms (cartesian axes, Ry/au):

     atom    1 type  1   force =     0.00000000    0.00000000    0.25070633
     atom    2 type  1   force =     0.00000000    0.00000000   -0.25070633
     The non-local contrib.  to forces
     atom    1 type  1   force =     0.00000000    0.00000000    1.95637153
     atom    2 type  1   force =     0.00000000    0.00000000   -1.95637153
     The ionic contribution  to forces
     atom    1 type  1   force =     0.00000000    0.00000000  -10.29151757
     atom    2 type  1   force =    -0.00000000   -0.00000000   10.29151757
     The local contribution  to forces
     atom    1 type  1   force =     0.00000000    0.00000000    8.59433563
     atom    2 type  1   force =     0.00000000    0.00000000   -8.59433563
     The core correction contribution to forces
     atom    1 type  1   force =     0.00000000    0.00000000   -0.00840490
     atom    2 type  1   force =     0.00000000    0.00000000    0.00840490
     The Hubbard contrib.    to forces
     atom    1 type  1   force =     0.00000000    0.00000000    0.00000000
     atom    2 type  1   force =     0.00000000    0.00000000    0.00000000
     The SCF correction term to forces
     atom    1 type  1   force =     0.00000000   -0.00000000   -0.00007838
     atom    2 type  1   force =     0.00000000    0.00000000    0.00007838

     Total force =     0.354552     Total SCF correction =     0.000111

     number of scf cycles    =   2
     number of bfgs steps    =   1

     energy   old            =     -40.2797121827 Ry
     energy   new            =     -40.2665255270 Ry

     CASE: energy  _new > energy  _old

     new trust radius        =       0.0110962615 bohr
     new conv_thr            =       0.0000000100 Ry


ATOMIC_POSITIONS (crystal)
N        0.500000000   0.500000000   0.444532811
N        0.500000000   0.500000000   0.555467189


     Check: negative starting charge=   -0.000733
     NEW-OLD atomic charge density approx. for the potential
     Check: negative starting charge=   -0.000728

     negative rho (up, down):  5.531E-04 0.000E+00

     total cpu time spent up to now is       18.8 secs

     Self-consistent Calculation

     iteration #  1     ecut=    55.00 Ry     beta= 0.70
     Davidson diagonalization with overlap
     ethr =  1.00E-06,  avg # of iterations =  5.0

     negative rho (up, down):  3.900E-04 0.000E+00

     total cpu time spent up to now is       20.0 secs

     total energy              =     -40.27895871 Ry
     Harris-Foulkes estimate   =     -40.28232414 Ry
     estimated scf accuracy    <       0.00496275 Ry

     iteration #  2     ecut=    55.00 Ry     beta= 0.70
     Davidson diagonalization with overlap
     ethr =  4.96E-05,  avg # of iterations =  2.0

     negative rho (up, down):  3.971E-04 0.000E+00

     total cpu time spent up to now is       21.1 secs

     total energy              =     -40.28020153 Ry
     Harris-Foulkes estimate   =     -40.28048719 Ry
     estimated scf accuracy    <       0.00049301 Ry

     iteration #  3     ecut=    55.00 Ry     beta= 0.70
     Davidson diagonalization with overlap
     ethr =  4.93E-06,  avg # of iterations =  2.0

     negative rho (up, down):  4.143E-04 0.000E+00

     total cpu time spent up to now is       22.0 secs

     total energy              =     -40.28029863 Ry
     Harris-Foulkes estimate   =     -40.28029941 Ry
     estimated scf accuracy    <       0.00000740 Ry

     iteration #  4     ecut=    55.00 Ry     beta= 0.70
     Davidson diagonalization with overlap
     ethr =  7.40E-08,  avg # of iterations =  1.0

     negative rho (up, down):  4.169E-04 0.000E+00

     total cpu time spent up to now is       22.8 secs

     total energy              =     -40.28029910 Ry
     Harris-Foulkes estimate   =     -40.28029909 Ry
     estimated scf accuracy    <       0.00000008 Ry

     iteration #  5     ecut=    55.00 Ry     beta= 0.70
     Davidson diagonalization with overlap
     ethr =  7.86E-10,  avg # of iterations =  3.0

     negative rho (up, down):  4.178E-04 0.000E+00

     total cpu time spent up to now is       23.1 secs

     End of self-consistent calculation

          k = 0.0000 0.0000 0.0000 ( 46585 PWs)   bands (ev):

   -28.0227 -13.3375 -11.3854 -11.3854 -10.0211

     occupation numbers 
     1.0000   1.0000   1.0000   1.0000   1.0000

     highest occupied level (ev):   -10.0211

!    total energy              =     -40.28029913 Ry
     Harris-Foulkes estimate   =     -40.28029913 Ry
     estimated scf accuracy    <          5.3E-09 Ry

     The total energy is the sum of the following terms:

     one-electron contribution =     -79.53749918 Ry
     hartree contribution      =      40.73590931 Ry
     xc contribution           =     -10.38473431 Ry
     ewald contribution        =       8.90602505 Ry

     convergence has been achieved in   5 iterations

     negative rho (up, down):  4.178E-04 0.000E+00

     Forces acting on atoms (cartesian axes, Ry/au):

     atom    1 type  1   force =     0.00000000    0.00000000    0.00733753
     atom    2 type  1   force =     0.00000000    0.00000000   -0.00733753
     The non-local contrib.  to forces
     atom    1 type  1   force =     0.00000000    0.00000000    1.89708361
     atom    2 type  1   force =     0.00000000    0.00000000   -1.89708361
     The ionic contribution  to forces
     atom    1 type  1   force =    -0.00000000   -0.00000000  -11.30987241
     atom    2 type  1   force =     0.00000000    0.00000000   11.30987241
     The local contribution  to forces
     atom    1 type  1   force =     0.00000000    0.00000000    9.42494494
     atom    2 type  1   force =     0.00000000    0.00000000   -9.42494494
     The core correction contribution to forces
     atom    1 type  1   force =     0.00000000    0.00000000   -0.00469671
     atom    2 type  1   force =     0.00000000    0.00000000    0.00469671
     The Hubbard contrib.    to forces
     atom    1 type  1   force =     0.00000000    0.00000000    0.00000000
     atom    2 type  1   force =     0.00000000    0.00000000    0.00000000
     The SCF correction term to forces
     atom    1 type  1   force =     0.00000000   -0.00000000   -0.00012189
     atom    2 type  1   force =    -0.00000000    0.00000000    0.00012189

     Total force =     0.010377     Total SCF correction =     0.000172

     number of scf cycles    =   3
     number of bfgs steps    =   1

     energy   old            =     -40.2797121827 Ry
     energy   new            =     -40.2802991276 Ry

     CASE: energy  _new < energy  _old

     new trust radius        =       0.0011874981 bohr
     new conv_thr            =       0.0000000006 Ry


ATOMIC_POSITIONS (crystal)
N        0.500000000   0.500000000   0.444595651
N        0.500000000   0.500000000   0.555404349


     Check: negative starting charge=   -0.000728
     NEW-OLD atomic charge density approx. for the potential
     Check: negative starting charge=   -0.000728

     negative rho (up, down):  4.165E-04 0.000E+00

     total cpu time spent up to now is       23.6 secs

     Self-consistent Calculation

     iteration #  1     ecut=    55.00 Ry     beta= 0.70
     Davidson diagonalization with overlap
     ethr =  1.00E-06,  avg # of iterations =  2.0

     Threshold (ethr) on eigenvalues was too large:
     Diagonalizing with lowered threshold

     Davidson diagonalization with overlap
     ethr =  3.16E-08,  avg # of iterations =  1.0

     negative rho (up, down):  4.180E-04 0.000E+00

     total cpu time spent up to now is       24.8 secs

     total energy              =     -40.28030735 Ry
     Harris-Foulkes estimate   =     -40.28030947 Ry
     estimated scf accuracy    <       0.00000311 Ry

     iteration #  2     ecut=    55.00 Ry     beta= 0.70
     Davidson diagonalization with overlap
     ethr =  3.11E-08,  avg # of iterations =  2.0

     negative rho (up, down):  4.182E-04 0.000E+00

     total cpu time spent up to now is       25.6 secs

     total energy              =     -40.28030814 Ry
     Harris-Foulkes estimate   =     -40.28030832 Ry
     estimated scf accuracy    <       0.00000031 Ry

     iteration #  3     ecut=    55.00 Ry     beta= 0.70
     Davidson diagonalization with overlap
     ethr =  3.14E-09,  avg # of iterations =  2.0

     negative rho (up, down):  4.184E-04 0.000E+00

     total cpu time spent up to now is       26.3 secs

     total energy              =     -40.28030819 Ry
     Harris-Foulkes estimate   =     -40.28030820 Ry
     estimated scf accuracy    <          4.4E-09 Ry

     iteration #  4     ecut=    55.00 Ry     beta= 0.70
     Davidson diagonalization with overlap
     ethr =  4.44E-11,  avg # of iterations =  1.0

     negative rho (up, down):  4.184E-04 0.000E+00

     total cpu time spent up to now is       26.9 secs

     End of self-consistent calculation

          k = 0.0000 0.0000 0.0000 ( 46585 PWs)   bands (ev):

   -28.0416 -13.3287 -11.3953 -11.3953 -10.0220

     occupation numbers 
     1.0000   1.0000   1.0000   1.0000   1.0000

     highest occupied level (ev):   -10.0220

!    total energy              =     -40.28030819 Ry
     Harris-Foulkes estimate   =     -40.28030819 Ry
     estimated scf accuracy    <          5.2E-11 Ry

     The total energy is the sum of the following terms:

     one-electron contribution =     -79.58448038 Ry
     hartree contribution      =      40.75889764 Ry
     xc contribution           =     -10.38764215 Ry
     ewald contribution        =       8.93291670 Ry

     convergence has been achieved in   4 iterations

     negative rho (up, down):  4.184E-04 0.000E+00

     Forces acting on atoms (cartesian axes, Ry/au):

     atom    1 type  1   force =     0.00000000    0.00000000    0.00029154
     atom    2 type  1   force =     0.00000000    0.00000000   -0.00029154
     The non-local contrib.  to forces
     atom    1 type  1   force =     0.00000000    0.00000000    1.89516828
     atom    2 type  1   force =     0.00000000    0.00000000   -1.89516828
     The ionic contribution  to forces
     atom    1 type  1   force =     0.00000000    0.00000000  -11.33577722
     atom    2 type  1   force =    -0.00000000   -0.00000000   11.33577722
     The local contribution  to forces
     atom    1 type  1   force =     0.00000000    0.00000000    9.44550604
     atom    2 type  1   force =     0.00000000    0.00000000   -9.44550604
     The core correction contribution to forces
     atom    1 type  1   force =     0.00000000    0.00000000   -0.00459851
     atom    2 type  1   force =     0.00000000    0.00000000    0.00459851
     The Hubbard contrib.    to forces
     atom    1 type  1   force =     0.00000000    0.00000000    0.00000000
     atom    2 type  1   force =     0.00000000    0.00000000    0.00000000
     The SCF correction term to forces
     atom    1 type  1   force =    -0.00000000   -0.00000000   -0.00000704
     atom    2 type  1   force =     0.00000000   -0.00000000    0.00000704

     Total force =     0.000412     Total SCF correction =     0.000010

     bfgs converged in   4 scf cycles and   2 bfgs steps
     (criteria: energy <  1.0E-04 Ry, force <  1.0E-03 Ry/Bohr)

     End of BFGS Geometry Optimization

     Final energy   =     -40.2803081871 Ry
Begin final coordinates

ATOMIC_POSITIONS (crystal)
N        0.500000000   0.500000000   0.444595651
N        0.500000000   0.500000000   0.555404349
End final coordinates


 
     init_run     :      2.42s CPU      1.30s WALL (       1 calls)
     electrons    :     49.73s CPU     22.69s WALL (       4 calls)
     update_pot   :      2.00s CPU      1.07s WALL (       3 calls)
     forces       :      3.26s CPU      1.64s WALL (       4 calls)

     Called by init_run:
     wfcinit      :      0.62s CPU      0.34s WALL (       1 calls)
     wfcinit:atom :      0.02s CPU      0.01s WALL (       1 calls)
     wfcinit:wfcr :      0.59s CPU      0.32s WALL (       1 calls)
     potinit      :      0.78s CPU      0.34s WALL (       1 calls)
     hinit0       :      0.56s CPU      0.28s WALL (       1 calls)

     Called by electrons:
     c_bands      :     24.24s CPU     10.43s WALL (      22 calls)
     sum_band     :      9.15s CPU      4.47s WALL (      22 calls)
     v_of_rho     :      9.36s CPU      4.57s WALL (      25 calls)
     v_h          :      1.02s CPU      0.51s WALL (      25 calls)
     v_xc         :      9.41s CPU      4.59s WALL (      29 calls)
     newd         :      6.71s CPU      3.18s WALL (      25 calls)
     mix_rho      :      1.90s CPU      0.93s WALL (      22 calls)

     Called by c_bands:
     init_us_2    :      0.19s CPU      0.09s WALL (      45 calls)
     cegterg      :     23.58s CPU     10.13s WALL (      22 calls)

     Called by sum_band:
     sum_band:bec :      0.05s CPU      0.03s WALL (      22 calls)
     addusdens    :      2.14s CPU      1.14s WALL (      22 calls)

     Called by *egterg:
     h_psi        :     20.52s CPU      8.87s WALL (      73 calls)
     s_psi        :      0.04s CPU      0.02s WALL (      73 calls)
     g_psi        :      0.04s CPU      0.02s WALL (      50 calls)
     cdiaghg      :      0.20s CPU      0.08s WALL (      68 calls)
     cegterg:over :      1.66s CPU      0.70s WALL (      50 calls)
     cegterg:upda :      0.09s CPU      0.05s WALL (      50 calls)
     cegterg:last :      0.03s CPU      0.01s WALL (      24 calls)

     Called by h_psi:
     h_psi:pot    :     20.48s CPU      8.85s WALL (      73 calls)
     h_psi:calbec :      1.45s CPU      0.61s WALL (      73 calls)
     vloc_psi     :     18.93s CPU      8.19s WALL (      73 calls)
     add_vuspsi   :      0.09s CPU      0.05s WALL (      73 calls)

     General routines
     calbec       :      1.91s CPU      0.84s WALL (     111 calls)
     fft          :     10.33s CPU      5.15s WALL (     327 calls)
     ffts         :      0.47s CPU      0.24s WALL (      22 calls)
     fftw         :     21.51s CPU      9.35s WALL (     768 calls)
 
     Parallel routines
     fft_scatt_xy :      1.30s CPU      0.58s WALL (    1117 calls)
     fft_scatt_yz :     27.10s CPU     12.26s WALL (    1117 calls)
 
     PWSCF        :    58.50s CPU        27.29s WALL

 
   This run was terminated on:   9: 0:22  19Mar2019            

=------------------------------------------------------------------------------=
   JOB DONE.
=------------------------------------------------------------------------------=
