
     Program PWSCF v.6.3MaX starts on 19Mar2019 at  9: 2: 9 

     This program is part of the open-source Quantum ESPRESSO suite
     for quantum simulation of materials; please cite
         "P. Giannozzi et al., J. Phys.:Condens. Matter 21 395502 (2009);
         "P. Giannozzi et al., J. Phys.:Condens. Matter 29 465901 (2017);
          URL http://www.quantum-espresso.org", 
     in publications or presentations arising from this work. More details at
     http://www.quantum-espresso.org/quote

 *** WARNING: using old-style file format, will disappear from next version ***

     Parallel version (MPI & OpenMP), running on      20 processor cores
     Number of MPI processes:                 5
     Threads/MPI process:                     4

     MPI processes distributed on     1 nodes
     R & G space division:  proc/nbgrp/npool/nimage =       5
     Reading input from /home/azadoks/dftman/projects/HW5_3/ConvergenceWorkflows/8ea71bd0fc85/aec0987a1abf/pwscf.in
Warning: card &CELL ignored
Warning: card / ignored

     Current dimensions of program PWSCF are:
     Max number of different atomic species (ntypx) = 10
     Max number of k-points (npk) =  40000
     Max angular momentum in pseudopotentials (lmaxx) =  3
     Message from routine iosys:
     minimal I/O required, wf_collect reset to FALSE

     Subspace diagonalization in iterative solution of the eigenvalue problem:
     a serial algorithm will be used

 
     Parallelization info
     --------------------
     sticks:   dense  smooth     PW     G-vecs:    dense   smooth      PW
     Min        1705    1705    425               118377   118377   14823
     Max        1707    1707    426               118379   118379   14826
     Sum        8529    8529   2129               591889   591889   74125
 


     bravais-lattice index     =            0
     lattice parameter (alat)  =      18.8973  a.u.
     unit-cell volume          =    6748.3346 (a.u.)^3
     number of atoms/cell      =            2
     number of atomic types    =            1
     number of electrons       =        10.00
     number of Kohn-Sham states=            5
     kinetic-energy cutoff     =      75.0000  Ry
     charge density cutoff     =     300.0000  Ry
     convergence threshold     =      1.0E-08
     mixing beta               =       0.7000
     number of iterations used =            8  plain     mixing
     Exchange-correlation      = SLA  PW   PBE  PBE ( 1  4  3  4 0 0)
     nstep                     =           50


     celldm(1)=  18.897261  celldm(2)=   0.000000  celldm(3)=   0.000000
     celldm(4)=   0.000000  celldm(5)=   0.000000  celldm(6)=   0.000000

     crystal axes: (cart. coord. in units of alat)
               a(1) = (   1.000000   0.000000   0.000000 )  
               a(2) = (   0.000000   1.000000   0.000000 )  
               a(3) = (   0.000000   0.000000   1.000000 )  

     reciprocal axes: (cart. coord. in units 2 pi/alat)
               b(1) = (  1.000000  0.000000  0.000000 )  
               b(2) = (  0.000000  1.000000  0.000000 )  
               b(3) = (  0.000000  0.000000  1.000000 )  


     PseudoPot. # 1 for N  read from file:
     /home/azadoks/.local/share/pseudo/GBRV_PBE_US/n_pbe_v1.2.uspp.F.UPF
     MD5 check sum: 95339753478d7afb44899504a8723017
     Pseudo is Ultrasoft + core correction, Zval =  5.0
     Generated by new atomic code, or converted to UPF format
     Using radial grid of  729 points,  4 beta functions with: 
                l(1) =   0
                l(2) =   0
                l(3) =   1
                l(4) =   1
     Q(r) pseudized with  8 coefficients,  rinner =    0.900   0.900   0.900


     atomic species   valence    mass     pseudopotential
        N              5.00    14.00670     N ( 1.00)

     16 Sym. Ops., with inversion, found


                                    s                        frac. trans.

      isym =  1     identity                                     

 cryst.   s( 1) = (     1          0          0      )
                  (     0          1          0      )
                  (     0          0          1      )

 cart.    s( 1) = (  1.0000000  0.0000000  0.0000000 )
                  (  0.0000000  1.0000000  0.0000000 )
                  (  0.0000000  0.0000000  1.0000000 )


      isym =  2     180 deg rotation - cart. axis [0,0,1]        

 cryst.   s( 2) = (    -1          0          0      )
                  (     0         -1          0      )
                  (     0          0          1      )

 cart.    s( 2) = ( -1.0000000  0.0000000  0.0000000 )
                  (  0.0000000 -1.0000000  0.0000000 )
                  (  0.0000000  0.0000000  1.0000000 )


      isym =  3     180 deg rotation - cart. axis [0,1,0]        

 cryst.   s( 3) = (    -1          0          0      )
                  (     0          1          0      )
                  (     0          0         -1      )

 cart.    s( 3) = ( -1.0000000  0.0000000  0.0000000 )
                  (  0.0000000  1.0000000  0.0000000 )
                  (  0.0000000  0.0000000 -1.0000000 )


      isym =  4     180 deg rotation - cart. axis [1,0,0]        

 cryst.   s( 4) = (     1          0          0      )
                  (     0         -1          0      )
                  (     0          0         -1      )

 cart.    s( 4) = (  1.0000000  0.0000000  0.0000000 )
                  (  0.0000000 -1.0000000  0.0000000 )
                  (  0.0000000  0.0000000 -1.0000000 )


      isym =  5     180 deg rotation - cart. axis [1,1,0]        

 cryst.   s( 5) = (     0          1          0      )
                  (     1          0          0      )
                  (     0          0         -1      )

 cart.    s( 5) = (  0.0000000  1.0000000  0.0000000 )
                  (  1.0000000  0.0000000  0.0000000 )
                  (  0.0000000  0.0000000 -1.0000000 )


      isym =  6     180 deg rotation - cart. axis [1,-1,0]       

 cryst.   s( 6) = (     0         -1          0      )
                  (    -1          0          0      )
                  (     0          0         -1      )

 cart.    s( 6) = (  0.0000000 -1.0000000  0.0000000 )
                  ( -1.0000000  0.0000000  0.0000000 )
                  (  0.0000000  0.0000000 -1.0000000 )


      isym =  7      90 deg rotation - cart. axis [0,0,-1]       

 cryst.   s( 7) = (     0         -1          0      )
                  (     1          0          0      )
                  (     0          0          1      )

 cart.    s( 7) = (  0.0000000  1.0000000  0.0000000 )
                  ( -1.0000000  0.0000000  0.0000000 )
                  (  0.0000000  0.0000000  1.0000000 )


      isym =  8      90 deg rotation - cart. axis [0,0,1]        

 cryst.   s( 8) = (     0          1          0      )
                  (    -1          0          0      )
                  (     0          0          1      )

 cart.    s( 8) = (  0.0000000 -1.0000000  0.0000000 )
                  (  1.0000000  0.0000000  0.0000000 )
                  (  0.0000000  0.0000000  1.0000000 )


      isym =  9     inversion                                    

 cryst.   s( 9) = (    -1          0          0      )
                  (     0         -1          0      )
                  (     0          0         -1      )

 cart.    s( 9) = ( -1.0000000  0.0000000  0.0000000 )
                  (  0.0000000 -1.0000000  0.0000000 )
                  (  0.0000000  0.0000000 -1.0000000 )


      isym = 10     inv. 180 deg rotation - cart. axis [0,0,1]   

 cryst.   s(10) = (     1          0          0      )
                  (     0          1          0      )
                  (     0          0         -1      )

 cart.    s(10) = (  1.0000000  0.0000000  0.0000000 )
                  (  0.0000000  1.0000000  0.0000000 )
                  (  0.0000000  0.0000000 -1.0000000 )


      isym = 11     inv. 180 deg rotation - cart. axis [0,1,0]   

 cryst.   s(11) = (     1          0          0      )
                  (     0         -1          0      )
                  (     0          0          1      )

 cart.    s(11) = (  1.0000000  0.0000000  0.0000000 )
                  (  0.0000000 -1.0000000  0.0000000 )
                  (  0.0000000  0.0000000  1.0000000 )


      isym = 12     inv. 180 deg rotation - cart. axis [1,0,0]   

 cryst.   s(12) = (    -1          0          0      )
                  (     0          1          0      )
                  (     0          0          1      )

 cart.    s(12) = ( -1.0000000  0.0000000  0.0000000 )
                  (  0.0000000  1.0000000  0.0000000 )
                  (  0.0000000  0.0000000  1.0000000 )


      isym = 13     inv. 180 deg rotation - cart. axis [1,1,0]   

 cryst.   s(13) = (     0         -1          0      )
                  (    -1          0          0      )
                  (     0          0          1      )

 cart.    s(13) = (  0.0000000 -1.0000000  0.0000000 )
                  ( -1.0000000  0.0000000  0.0000000 )
                  (  0.0000000  0.0000000  1.0000000 )


      isym = 14     inv. 180 deg rotation - cart. axis [1,-1,0]  

 cryst.   s(14) = (     0          1          0      )
                  (     1          0          0      )
                  (     0          0          1      )

 cart.    s(14) = (  0.0000000  1.0000000  0.0000000 )
                  (  1.0000000  0.0000000  0.0000000 )
                  (  0.0000000  0.0000000  1.0000000 )


      isym = 15     inv.  90 deg rotation - cart. axis [0,0,-1]  

 cryst.   s(15) = (     0          1          0      )
                  (    -1          0          0      )
                  (     0          0         -1      )

 cart.    s(15) = (  0.0000000 -1.0000000  0.0000000 )
                  (  1.0000000  0.0000000  0.0000000 )
                  (  0.0000000  0.0000000 -1.0000000 )


      isym = 16     inv.  90 deg rotation - cart. axis [0,0,1]   

 cryst.   s(16) = (     0         -1          0      )
                  (     1          0          0      )
                  (     0          0         -1      )

 cart.    s(16) = (  0.0000000  1.0000000  0.0000000 )
                  ( -1.0000000  0.0000000  0.0000000 )
                  (  0.0000000  0.0000000 -1.0000000 )


   Cartesian axes

     site n.     atom                  positions (alat units)
         1           N   tau(   1) = (   0.5000000   0.5000000   0.4451200  )
         2           N   tau(   2) = (   0.5000000   0.5000000   0.5548800  )

   Crystallographic axes

     site n.     atom                  positions (cryst. coord.)
         1           N   tau(   1) = (  0.5000000  0.5000000  0.4451200  )
         2           N   tau(   2) = (  0.5000000  0.5000000  0.5548800  )

     number of k points=     1
                       cart. coord. in units 2pi/alat
        k(    1) = (   0.0000000   0.0000000   0.0000000), wk =   2.0000000

                       cryst. coord.
        k(    1) = (   0.0000000   0.0000000   0.0000000), wk =   2.0000000

     Dense  grid:   591889 G-vectors     FFT dimensions: ( 108, 108, 108)

     Dynamical RAM for                 wfc:       1.13 MB

     Dynamical RAM for     wfc (w. buffer):       1.13 MB

     Dynamical RAM for           str. fact:       1.81 MB

     Dynamical RAM for           local pot:       0.00 MB

     Dynamical RAM for          nlocal pot:       3.61 MB

     Dynamical RAM for                qrad:       1.19 MB

     Dynamical RAM for          rho,v,vnew:      11.29 MB

     Dynamical RAM for               rhoin:       3.76 MB

     Dynamical RAM for            rho*nmix:      28.90 MB

     Dynamical RAM for           G-vectors:       7.68 MB

     Dynamical RAM for          h,s,v(r/c):       0.02 MB

     Dynamical RAM for          <psi|beta>:       0.00 MB

     Dynamical RAM for                 psi:       4.52 MB

     Dynamical RAM for                hpsi:       4.52 MB

     Dynamical RAM for                spsi:       4.52 MB

     Dynamical RAM for      wfcinit/wfcrot:       3.62 MB

     Dynamical RAM for           addusdens:      81.28 MB

     Dynamical RAM for          addusforce:      85.80 MB

     Estimated static dynamical RAM per process >      72.78 MB

     Estimated max dynamical RAM per process >     158.58 MB

     Estimated total dynamical RAM >     792.90 MB

     Initial potential from superposition of free atoms
     Check: negative starting charge=   -0.001552

     starting charge    9.99998, renormalised to   10.00000

     negative rho (up, down):  1.552E-03 0.000E+00
     Starting wfcs are    8 randomized atomic wfcs

     total cpu time spent up to now is        1.5 secs

     Self-consistent Calculation

     iteration #  1     ecut=    75.00 Ry     beta= 0.70
     Davidson diagonalization with overlap
     ethr =  1.00E-02,  avg # of iterations =  2.0

     negative rho (up, down):  7.497E-04 0.000E+00

     total cpu time spent up to now is        2.4 secs

     total energy              =     -40.24914551 Ry
     Harris-Foulkes estimate   =     -40.34565071 Ry
     estimated scf accuracy    <       0.15493248 Ry

     iteration #  2     ecut=    75.00 Ry     beta= 0.70
     Davidson diagonalization with overlap
     ethr =  1.55E-03,  avg # of iterations =  2.0

     negative rho (up, down):  5.921E-04 0.000E+00

     total cpu time spent up to now is        3.3 secs

     total energy              =     -40.27816323 Ry
     Harris-Foulkes estimate   =     -40.28434750 Ry
     estimated scf accuracy    <       0.01096721 Ry

     iteration #  3     ecut=    75.00 Ry     beta= 0.70
     Davidson diagonalization with overlap
     ethr =  1.10E-04,  avg # of iterations =  2.0

     negative rho (up, down):  5.354E-04 0.000E+00

     total cpu time spent up to now is        4.4 secs

     total energy              =     -40.28009157 Ry
     Harris-Foulkes estimate   =     -40.28029438 Ry
     estimated scf accuracy    <       0.00043962 Ry

     iteration #  4     ecut=    75.00 Ry     beta= 0.70
     Davidson diagonalization with overlap
     ethr =  4.40E-06,  avg # of iterations =  2.0

     negative rho (up, down):  5.353E-04 0.000E+00

     total cpu time spent up to now is        5.8 secs

     total energy              =     -40.28013865 Ry
     Harris-Foulkes estimate   =     -40.28013861 Ry
     estimated scf accuracy    <       0.00000154 Ry

     iteration #  5     ecut=    75.00 Ry     beta= 0.70
     Davidson diagonalization with overlap
     ethr =  1.54E-08,  avg # of iterations =  3.0

     negative rho (up, down):  5.348E-04 0.000E+00

     total cpu time spent up to now is        6.9 secs

     total energy              =     -40.28013971 Ry
     Harris-Foulkes estimate   =     -40.28013971 Ry
     estimated scf accuracy    <       0.00000004 Ry

     iteration #  6     ecut=    75.00 Ry     beta= 0.70
     Davidson diagonalization with overlap
     ethr =  3.76E-10,  avg # of iterations =  3.0

     negative rho (up, down):  5.346E-04 0.000E+00

     total cpu time spent up to now is        8.1 secs

     End of self-consistent calculation

          k = 0.0000 0.0000 0.0000 ( 74125 PWs)   bands (ev):

   -28.2013 -13.2547 -11.4806 -11.4806 -10.0297

     occupation numbers 
     1.0000   1.0000   1.0000   1.0000   1.0000

     highest occupied level (ev):   -10.0297

!    total energy              =     -40.28013973 Ry
     Harris-Foulkes estimate   =     -40.28013973 Ry
     estimated scf accuracy    <          1.3E-09 Ry

     The total energy is the sum of the following terms:

     one-electron contribution =     -79.98119972 Ry
     hartree contribution      =      40.95378252 Ry
     xc contribution           =     -10.41245223 Ry
     ewald contribution        =       9.15972970 Ry

     convergence has been achieved in   6 iterations

     negative rho (up, down):  5.346E-04 0.000E+00

     Forces acting on atoms (cartesian axes, Ry/au):

     atom    1 type  1   force =     0.00000000    0.00000000   -0.06109337
     atom    2 type  1   force =     0.00000000    0.00000000    0.06109337
     The non-local contrib.  to forces
     atom    1 type  1   force =     0.00000000    0.00000000    1.87757589
     atom    2 type  1   force =     0.00000000    0.00000000   -1.87757589
     The ionic contribution  to forces
     atom    1 type  1   force =     0.00000000    0.00000000  -11.55540219
     atom    2 type  1   force =    -0.00000000   -0.00000000   11.55540219
     The local contribution  to forces
     atom    1 type  1   force =     0.00000000    0.00000000    9.62034751
     atom    2 type  1   force =     0.00000000    0.00000000   -9.62034751
     The core correction contribution to forces
     atom    1 type  1   force =     0.00000000    0.00000000   -0.00365580
     atom    2 type  1   force =     0.00000000    0.00000000    0.00365580
     The Hubbard contrib.    to forces
     atom    1 type  1   force =     0.00000000    0.00000000    0.00000000
     atom    2 type  1   force =     0.00000000    0.00000000    0.00000000
     The SCF correction term to forces
     atom    1 type  1   force =     0.00000000    0.00000000    0.00004121
     atom    2 type  1   force =     0.00000000   -0.00000000   -0.00004121

     Total force =     0.086399     Total SCF correction =     0.000058

     BFGS Geometry Optimization

     number of scf cycles    =   1
     number of bfgs steps    =   0

     energy   new            =     -40.2801397298 Ry

     new trust radius        =       0.0610933724 bohr
     new conv_thr            =       0.0000000100 Ry


ATOMIC_POSITIONS (crystal)
N        0.500000000   0.500000000   0.441887078
N        0.500000000   0.500000000   0.558112922


     Check: negative starting charge=   -0.001552
     NEW-OLD atomic charge density approx. for the potential
     Check: negative starting charge=   -0.001552

     negative rho (up, down):  9.054E-04 0.000E+00

     total cpu time spent up to now is        9.8 secs

     Self-consistent Calculation

     iteration #  1     ecut=    75.00 Ry     beta= 0.70
     Davidson diagonalization with overlap
     ethr =  1.00E-06,  avg # of iterations =  5.0

     negative rho (up, down):  5.399E-04 0.000E+00

     total cpu time spent up to now is       12.8 secs

     total energy              =     -40.26489402 Ry
     Harris-Foulkes estimate   =     -40.27006545 Ry
     estimated scf accuracy    <       0.00762046 Ry

     iteration #  2     ecut=    75.00 Ry     beta= 0.70
     Davidson diagonalization with overlap
     ethr =  7.62E-05,  avg # of iterations =  2.0

     negative rho (up, down):  4.980E-04 0.000E+00

     total cpu time spent up to now is       14.3 secs

     total energy              =     -40.26684173 Ry
     Harris-Foulkes estimate   =     -40.26731013 Ry
     estimated scf accuracy    <       0.00081183 Ry

     iteration #  3     ecut=    75.00 Ry     beta= 0.70
     Davidson diagonalization with overlap
     ethr =  8.12E-06,  avg # of iterations =  2.0

     negative rho (up, down):  4.816E-04 0.000E+00

     total cpu time spent up to now is       15.9 secs

     total energy              =     -40.26699663 Ry
     Harris-Foulkes estimate   =     -40.26699855 Ry
     estimated scf accuracy    <       0.00001245 Ry

     iteration #  4     ecut=    75.00 Ry     beta= 0.70
     Davidson diagonalization with overlap
     ethr =  1.24E-07,  avg # of iterations =  1.0

     negative rho (up, down):  4.800E-04 0.000E+00

     total cpu time spent up to now is       17.6 secs

     total energy              =     -40.26699730 Ry
     Harris-Foulkes estimate   =     -40.26699733 Ry
     estimated scf accuracy    <       0.00000015 Ry

     iteration #  5     ecut=    75.00 Ry     beta= 0.70
     Davidson diagonalization with overlap
     ethr =  1.50E-09,  avg # of iterations =  2.0

     negative rho (up, down):  4.793E-04 0.000E+00

     total cpu time spent up to now is       19.1 secs

     total energy              =     -40.26699735 Ry
     Harris-Foulkes estimate   =     -40.26699735 Ry
     estimated scf accuracy    <       0.00000001 Ry

     iteration #  6     ecut=    75.00 Ry     beta= 0.70
     Davidson diagonalization with overlap
     ethr =  1.36E-10,  avg # of iterations =  2.0

     negative rho (up, down):  4.792E-04 0.000E+00

     total cpu time spent up to now is       20.5 secs

     End of self-consistent calculation

          k = 0.0000 0.0000 0.0000 ( 74125 PWs)   bands (ev):

   -27.2193 -13.7028 -10.9804 -10.9804  -9.9822

     occupation numbers 
     1.0000   1.0000   1.0000   1.0000   1.0000

     highest occupied level (ev):    -9.9822

!    total energy              =     -40.26699736 Ry
     Harris-Foulkes estimate   =     -40.26699736 Ry
     estimated scf accuracy    <          1.3E-09 Ry

     The total energy is the sum of the following terms:

     one-electron contribution =     -77.62528028 Ry
     hartree contribution      =      39.79979100 Ry
     xc contribution           =     -10.26857915 Ry
     ewald contribution        =       7.82707107 Ry

     convergence has been achieved in   6 iterations

     negative rho (up, down):  4.792E-04 0.000E+00

     Forces acting on atoms (cartesian axes, Ry/au):

     atom    1 type  1   force =     0.00000000    0.00000000    0.25040369
     atom    2 type  1   force =     0.00000000    0.00000000   -0.25040369
     The non-local contrib.  to forces
     atom    1 type  1   force =     0.00000000    0.00000000    1.95608748
     atom    2 type  1   force =     0.00000000    0.00000000   -1.95608748
     The ionic contribution  to forces
     atom    1 type  1   force =     0.00000000    0.00000000  -10.29403166
     atom    2 type  1   force =    -0.00000000   -0.00000000   10.29403166
     The local contribution  to forces
     atom    1 type  1   force =     0.00000000    0.00000000    8.59675474
     atom    2 type  1   force =     0.00000000    0.00000000   -8.59675474
     The core correction contribution to forces
     atom    1 type  1   force =     0.00000000    0.00000000   -0.00831828
     atom    2 type  1   force =     0.00000000    0.00000000    0.00831828
     The Hubbard contrib.    to forces
     atom    1 type  1   force =     0.00000000    0.00000000    0.00000000
     atom    2 type  1   force =     0.00000000    0.00000000    0.00000000
     The SCF correction term to forces
     atom    1 type  1   force =     0.00000000    0.00000000   -0.00008860
     atom    2 type  1   force =    -0.00000000    0.00000000    0.00008860

     Total force =     0.354124     Total SCF correction =     0.000125

     number of scf cycles    =   2
     number of bfgs steps    =   1

     energy   old            =     -40.2801397298 Ry
     energy   new            =     -40.2669973555 Ry

     CASE: energy  _new > energy  _old

     new trust radius        =       0.0110653167 bohr
     new conv_thr            =       0.0000000100 Ry


ATOMIC_POSITIONS (crystal)
N        0.500000000   0.500000000   0.444534449
N        0.500000000   0.500000000   0.555465551


     Check: negative starting charge=   -0.001552
     NEW-OLD atomic charge density approx. for the potential
     Check: negative starting charge=   -0.001550

     negative rho (up, down):  8.915E-04 0.000E+00

     total cpu time spent up to now is       22.0 secs

     Self-consistent Calculation

     iteration #  1     ecut=    75.00 Ry     beta= 0.70
     Davidson diagonalization with overlap
     ethr =  1.00E-06,  avg # of iterations =  5.0

     negative rho (up, down):  6.025E-04 0.000E+00

     total cpu time spent up to now is       23.7 secs

     total energy              =     -40.27938787 Ry
     Harris-Foulkes estimate   =     -40.28274168 Ry
     estimated scf accuracy    <       0.00494552 Ry

     iteration #  2     ecut=    75.00 Ry     beta= 0.70
     Davidson diagonalization with overlap
     ethr =  4.95E-05,  avg # of iterations =  2.0

     negative rho (up, down):  5.505E-04 0.000E+00

     total cpu time spent up to now is       24.9 secs

     total energy              =     -40.28062625 Ry
     Harris-Foulkes estimate   =     -40.28091059 Ry
     estimated scf accuracy    <       0.00049084 Ry

     iteration #  3     ecut=    75.00 Ry     beta= 0.70
     Davidson diagonalization with overlap
     ethr =  4.91E-06,  avg # of iterations =  2.0

     negative rho (up, down):  5.210E-04 0.000E+00

     total cpu time spent up to now is       26.6 secs

     total energy              =     -40.28072305 Ry
     Harris-Foulkes estimate   =     -40.28072380 Ry
     estimated scf accuracy    <       0.00000740 Ry

     iteration #  4     ecut=    75.00 Ry     beta= 0.70
     Davidson diagonalization with overlap
     ethr =  7.40E-08,  avg # of iterations =  1.0

     negative rho (up, down):  5.193E-04 0.000E+00

     total cpu time spent up to now is       28.1 secs

     total energy              =     -40.28072351 Ry
     Harris-Foulkes estimate   =     -40.28072352 Ry
     estimated scf accuracy    <       0.00000008 Ry

     iteration #  5     ecut=    75.00 Ry     beta= 0.70
     Davidson diagonalization with overlap
     ethr =  7.85E-10,  avg # of iterations =  3.0

     negative rho (up, down):  5.193E-04 0.000E+00

     total cpu time spent up to now is       29.5 secs

     End of self-consistent calculation

          k = 0.0000 0.0000 0.0000 ( 74125 PWs)   bands (ev):

   -28.0224 -13.3370 -11.3857 -11.3857 -10.0213

     occupation numbers 
     1.0000   1.0000   1.0000   1.0000   1.0000

     highest occupied level (ev):   -10.0213

!    total energy              =     -40.28072354 Ry
     Harris-Foulkes estimate   =     -40.28072354 Ry
     estimated scf accuracy    <          5.6E-09 Ry

     The total energy is the sum of the following terms:

     one-electron contribution =     -79.53968301 Ry
     hartree contribution      =      40.73718207 Ry
     xc contribution           =     -10.38494767 Ry
     ewald contribution        =       8.90672507 Ry

     convergence has been achieved in   5 iterations

     negative rho (up, down):  5.193E-04 0.000E+00

     Forces acting on atoms (cartesian axes, Ry/au):

     atom    1 type  1   force =     0.00000000    0.00000000    0.00731113
     atom    2 type  1   force =     0.00000000    0.00000000   -0.00731113
     The non-local contrib.  to forces
     atom    1 type  1   force =     0.00000000    0.00000000    1.89666763
     atom    2 type  1   force =     0.00000000    0.00000000   -1.89666763
     The ionic contribution  to forces
     atom    1 type  1   force =    -0.00000000   -0.00000000  -11.31054635
     atom    2 type  1   force =     0.00000000    0.00000000   11.31054635
     The local contribution  to forces
     atom    1 type  1   force =     0.00000000    0.00000000    9.42591660
     atom    2 type  1   force =     0.00000000    0.00000000   -9.42591660
     The core correction contribution to forces
     atom    1 type  1   force =     0.00000000    0.00000000   -0.00460222
     atom    2 type  1   force =     0.00000000    0.00000000    0.00460222
     The Hubbard contrib.    to forces
     atom    1 type  1   force =     0.00000000    0.00000000    0.00000000
     atom    2 type  1   force =     0.00000000    0.00000000    0.00000000
     The SCF correction term to forces
     atom    1 type  1   force =     0.00000000   -0.00000000   -0.00012453
     atom    2 type  1   force =     0.00000000    0.00000000    0.00012453

     Total force =     0.010340     Total SCF correction =     0.000176

     number of scf cycles    =   3
     number of bfgs steps    =   1

     energy   old            =     -40.2801397298 Ry
     energy   new            =     -40.2807235380 Ry

     CASE: energy  _new < energy  _old

     new trust radius        =       0.0011826706 bohr
     new conv_thr            =       0.0000000006 Ry


ATOMIC_POSITIONS (crystal)
N        0.500000000   0.500000000   0.444597033
N        0.500000000   0.500000000   0.555402967


     Check: negative starting charge=   -0.001550
     NEW-OLD atomic charge density approx. for the potential
     Check: negative starting charge=   -0.001550

     negative rho (up, down):  5.221E-04 0.000E+00

     total cpu time spent up to now is       31.3 secs

     Self-consistent Calculation

     iteration #  1     ecut=    75.00 Ry     beta= 0.70
     Davidson diagonalization with overlap
     ethr =  1.00E-06,  avg # of iterations =  2.0

     Threshold (ethr) on eigenvalues was too large:
     Diagonalizing with lowered threshold

     Davidson diagonalization with overlap
     ethr =  3.15E-08,  avg # of iterations =  1.0

     negative rho (up, down):  5.214E-04 0.000E+00

     total cpu time spent up to now is       33.9 secs

     total energy              =     -40.28073173 Ry
     Harris-Foulkes estimate   =     -40.28073382 Ry
     estimated scf accuracy    <       0.00000309 Ry

     iteration #  2     ecut=    75.00 Ry     beta= 0.70
     Davidson diagonalization with overlap
     ethr =  3.09E-08,  avg # of iterations =  2.0

     negative rho (up, down):  5.211E-04 0.000E+00

     total cpu time spent up to now is       35.5 secs

     total energy              =     -40.28073251 Ry
     Harris-Foulkes estimate   =     -40.28073269 Ry
     estimated scf accuracy    <       0.00000031 Ry

     iteration #  3     ecut=    75.00 Ry     beta= 0.70
     Davidson diagonalization with overlap
     ethr =  3.13E-09,  avg # of iterations =  2.0

     negative rho (up, down):  5.208E-04 0.000E+00

     total cpu time spent up to now is       37.2 secs

     total energy              =     -40.28073257 Ry
     Harris-Foulkes estimate   =     -40.28073257 Ry
     estimated scf accuracy    <          4.4E-09 Ry

     iteration #  4     ecut=    75.00 Ry     beta= 0.70
     Davidson diagonalization with overlap
     ethr =  4.43E-11,  avg # of iterations =  1.0

     negative rho (up, down):  5.208E-04 0.000E+00

     total cpu time spent up to now is       38.4 secs

     End of self-consistent calculation

          k = 0.0000 0.0000 0.0000 ( 74125 PWs)   bands (ev):

   -28.0412 -13.3282 -11.3955 -11.3955 -10.0222

     occupation numbers 
     1.0000   1.0000   1.0000   1.0000   1.0000

     highest occupied level (ev):   -10.0222

!    total energy              =     -40.28073257 Ry
     Harris-Foulkes estimate   =     -40.28073257 Ry
     estimated scf accuracy    <          5.2E-11 Ry

     The total energy is the sum of the following terms:

     one-electron contribution =     -79.58648644 Ry
     hartree contribution      =      40.76009199 Ry
     xc contribution           =     -10.38784700 Ry
     ewald contribution        =       8.93350887 Ry

     convergence has been achieved in   4 iterations

     negative rho (up, down):  5.208E-04 0.000E+00

     Forces acting on atoms (cartesian axes, Ry/au):

     atom    1 type  1   force =     0.00000000    0.00000000    0.00029338
     atom    2 type  1   force =     0.00000000    0.00000000   -0.00029338
     The non-local contrib.  to forces
     atom    1 type  1   force =     0.00000000    0.00000000    1.89475830
     atom    2 type  1   force =     0.00000000    0.00000000   -1.89475830
     The ionic contribution  to forces
     atom    1 type  1   force =     0.00000000    0.00000000  -11.33634795
     atom    2 type  1   force =    -0.00000000   -0.00000000   11.33634795
     The local contribution  to forces
     atom    1 type  1   force =     0.00000000    0.00000000    9.44639419
     atom    2 type  1   force =     0.00000000    0.00000000   -9.44639419
     The core correction contribution to forces
     atom    1 type  1   force =     0.00000000    0.00000000   -0.00450415
     atom    2 type  1   force =     0.00000000    0.00000000    0.00450415
     The Hubbard contrib.    to forces
     atom    1 type  1   force =     0.00000000    0.00000000    0.00000000
     atom    2 type  1   force =     0.00000000    0.00000000    0.00000000
     The SCF correction term to forces
     atom    1 type  1   force =     0.00000000    0.00000000   -0.00000701
     atom    2 type  1   force =     0.00000000   -0.00000000    0.00000701

     Total force =     0.000415     Total SCF correction =     0.000010

     bfgs converged in   4 scf cycles and   2 bfgs steps
     (criteria: energy <  1.0E-04 Ry, force <  1.0E-03 Ry/Bohr)

     End of BFGS Geometry Optimization

     Final energy   =     -40.2807325749 Ry
Begin final coordinates

ATOMIC_POSITIONS (crystal)
N        0.500000000   0.500000000   0.444597033
N        0.500000000   0.500000000   0.555402967
End final coordinates


 
     init_run     :      2.99s CPU      1.43s WALL (       1 calls)
     electrons    :     68.31s CPU     31.94s WALL (       4 calls)
     update_pot   :      3.85s CPU      1.86s WALL (       3 calls)
     forces       :      6.20s CPU      3.06s WALL (       4 calls)

     Called by init_run:
     wfcinit      :      0.61s CPU      0.23s WALL (       1 calls)
     wfcinit:atom :      0.02s CPU      0.01s WALL (       1 calls)
     wfcinit:wfcr :      0.56s CPU      0.21s WALL (       1 calls)
     potinit      :      0.94s CPU      0.45s WALL (       1 calls)
     hinit0       :      0.80s CPU      0.37s WALL (       1 calls)

     Called by electrons:
     c_bands      :     29.78s CPU     13.73s WALL (      22 calls)
     sum_band     :     14.50s CPU      6.84s WALL (      22 calls)
     v_of_rho     :     14.59s CPU      6.85s WALL (      25 calls)
     v_h          :      1.94s CPU      0.92s WALL (      25 calls)
     v_xc         :     14.65s CPU      6.93s WALL (      29 calls)
     newd         :      9.25s CPU      4.47s WALL (      25 calls)
     mix_rho      :      2.89s CPU      1.36s WALL (      22 calls)

     Called by c_bands:
     init_us_2    :      0.34s CPU      0.18s WALL (      45 calls)
     cegterg      :     28.80s CPU     13.24s WALL (      22 calls)

     Called by sum_band:
     sum_band:bec :      0.13s CPU      0.06s WALL (      22 calls)
     addusdens    :      4.53s CPU      2.32s WALL (      22 calls)

     Called by *egterg:
     h_psi        :     24.40s CPU     11.12s WALL (      72 calls)
     s_psi        :      0.11s CPU      0.05s WALL (      72 calls)
     g_psi        :      0.06s CPU      0.03s WALL (      49 calls)
     cdiaghg      :      0.21s CPU      0.10s WALL (      67 calls)
     cegterg:over :      1.68s CPU      0.76s WALL (      49 calls)
     cegterg:upda :      0.24s CPU      0.13s WALL (      49 calls)
     cegterg:last :      0.09s CPU      0.05s WALL (      24 calls)

     Called by h_psi:
     h_psi:pot    :     24.29s CPU     11.06s WALL (      72 calls)
     h_psi:calbec :      1.62s CPU      0.73s WALL (      72 calls)
     vloc_psi     :     22.37s CPU     10.19s WALL (      72 calls)
     add_vuspsi   :      0.30s CPU      0.15s WALL (      72 calls)

     General routines
     calbec       :      2.44s CPU      1.11s WALL (     110 calls)
     fft          :     16.15s CPU      7.79s WALL (     327 calls)
     ffts         :      0.83s CPU      0.42s WALL (      22 calls)
     fftw         :     24.53s CPU     11.16s WALL (     764 calls)
 
     Parallel routines
     fft_scatt_xy :      2.13s CPU      0.99s WALL (    1113 calls)
     fft_scatt_yz :     30.81s CPU     14.37s WALL (    1113 calls)
 
     PWSCF        :  1m22.87s CPU        39.15s WALL

 
   This run was terminated on:   9: 2:48  19Mar2019            

=------------------------------------------------------------------------------=
   JOB DONE.
=------------------------------------------------------------------------------=
