
     Program PWSCF v.6.3MaX starts on 19Mar2019 at  9: 0:55 

     This program is part of the open-source Quantum ESPRESSO suite
     for quantum simulation of materials; please cite
         "P. Giannozzi et al., J. Phys.:Condens. Matter 21 395502 (2009);
         "P. Giannozzi et al., J. Phys.:Condens. Matter 29 465901 (2017);
          URL http://www.quantum-espresso.org", 
     in publications or presentations arising from this work. More details at
     http://www.quantum-espresso.org/quote

 *** WARNING: using old-style file format, will disappear from next version ***

     Parallel version (MPI & OpenMP), running on      20 processor cores
     Number of MPI processes:                 5
     Threads/MPI process:                     4

     MPI processes distributed on     1 nodes
     R & G space division:  proc/nbgrp/npool/nimage =       5
     Reading input from /home/azadoks/dftman/projects/HW5_3/ConvergenceWorkflows/8ea71bd0fc85/f2ce666b8d65/pwscf.in
Warning: card &CELL ignored
Warning: card / ignored

     Current dimensions of program PWSCF are:
     Max number of different atomic species (ntypx) = 10
     Max number of k-points (npk) =  40000
     Max angular momentum in pseudopotentials (lmaxx) =  3
     Message from routine iosys:
     minimal I/O required, wf_collect reset to FALSE

     Subspace diagonalization in iterative solution of the eigenvalue problem:
     a serial algorithm will be used

 
     Parallelization info
     --------------------
     sticks:   dense  smooth     PW     G-vecs:    dense   smooth      PW
     Min        1478    1478    372                95572    95572   11950
     Max        1479    1479    373                95575    95575   11953
     Sum        7393    7393   1861               477865   477865   59757
 


     bravais-lattice index     =            0
     lattice parameter (alat)  =      18.8973  a.u.
     unit-cell volume          =    6748.3346 (a.u.)^3
     number of atoms/cell      =            2
     number of atomic types    =            1
     number of electrons       =        10.00
     number of Kohn-Sham states=            5
     kinetic-energy cutoff     =      65.0000  Ry
     charge density cutoff     =     260.0000  Ry
     convergence threshold     =      1.0E-08
     mixing beta               =       0.7000
     number of iterations used =            8  plain     mixing
     Exchange-correlation      = SLA  PW   PBE  PBE ( 1  4  3  4 0 0)
     nstep                     =           50


     celldm(1)=  18.897261  celldm(2)=   0.000000  celldm(3)=   0.000000
     celldm(4)=   0.000000  celldm(5)=   0.000000  celldm(6)=   0.000000

     crystal axes: (cart. coord. in units of alat)
               a(1) = (   1.000000   0.000000   0.000000 )  
               a(2) = (   0.000000   1.000000   0.000000 )  
               a(3) = (   0.000000   0.000000   1.000000 )  

     reciprocal axes: (cart. coord. in units 2 pi/alat)
               b(1) = (  1.000000  0.000000  0.000000 )  
               b(2) = (  0.000000  1.000000  0.000000 )  
               b(3) = (  0.000000  0.000000  1.000000 )  


     PseudoPot. # 1 for N  read from file:
     /home/azadoks/.local/share/pseudo/GBRV_PBE_US/n_pbe_v1.2.uspp.F.UPF
     MD5 check sum: 95339753478d7afb44899504a8723017
     Pseudo is Ultrasoft + core correction, Zval =  5.0
     Generated by new atomic code, or converted to UPF format
     Using radial grid of  729 points,  4 beta functions with: 
                l(1) =   0
                l(2) =   0
                l(3) =   1
                l(4) =   1
     Q(r) pseudized with  8 coefficients,  rinner =    0.900   0.900   0.900


     atomic species   valence    mass     pseudopotential
        N              5.00    14.00670     N ( 1.00)

     16 Sym. Ops., with inversion, found


                                    s                        frac. trans.

      isym =  1     identity                                     

 cryst.   s( 1) = (     1          0          0      )
                  (     0          1          0      )
                  (     0          0          1      )

 cart.    s( 1) = (  1.0000000  0.0000000  0.0000000 )
                  (  0.0000000  1.0000000  0.0000000 )
                  (  0.0000000  0.0000000  1.0000000 )


      isym =  2     180 deg rotation - cart. axis [0,0,1]        

 cryst.   s( 2) = (    -1          0          0      )
                  (     0         -1          0      )
                  (     0          0          1      )

 cart.    s( 2) = ( -1.0000000  0.0000000  0.0000000 )
                  (  0.0000000 -1.0000000  0.0000000 )
                  (  0.0000000  0.0000000  1.0000000 )


      isym =  3     180 deg rotation - cart. axis [0,1,0]        

 cryst.   s( 3) = (    -1          0          0      )
                  (     0          1          0      )
                  (     0          0         -1      )

 cart.    s( 3) = ( -1.0000000  0.0000000  0.0000000 )
                  (  0.0000000  1.0000000  0.0000000 )
                  (  0.0000000  0.0000000 -1.0000000 )


      isym =  4     180 deg rotation - cart. axis [1,0,0]        

 cryst.   s( 4) = (     1          0          0      )
                  (     0         -1          0      )
                  (     0          0         -1      )

 cart.    s( 4) = (  1.0000000  0.0000000  0.0000000 )
                  (  0.0000000 -1.0000000  0.0000000 )
                  (  0.0000000  0.0000000 -1.0000000 )


      isym =  5     180 deg rotation - cart. axis [1,1,0]        

 cryst.   s( 5) = (     0          1          0      )
                  (     1          0          0      )
                  (     0          0         -1      )

 cart.    s( 5) = (  0.0000000  1.0000000  0.0000000 )
                  (  1.0000000  0.0000000  0.0000000 )
                  (  0.0000000  0.0000000 -1.0000000 )


      isym =  6     180 deg rotation - cart. axis [1,-1,0]       

 cryst.   s( 6) = (     0         -1          0      )
                  (    -1          0          0      )
                  (     0          0         -1      )

 cart.    s( 6) = (  0.0000000 -1.0000000  0.0000000 )
                  ( -1.0000000  0.0000000  0.0000000 )
                  (  0.0000000  0.0000000 -1.0000000 )


      isym =  7      90 deg rotation - cart. axis [0,0,-1]       

 cryst.   s( 7) = (     0         -1          0      )
                  (     1          0          0      )
                  (     0          0          1      )

 cart.    s( 7) = (  0.0000000  1.0000000  0.0000000 )
                  ( -1.0000000  0.0000000  0.0000000 )
                  (  0.0000000  0.0000000  1.0000000 )


      isym =  8      90 deg rotation - cart. axis [0,0,1]        

 cryst.   s( 8) = (     0          1          0      )
                  (    -1          0          0      )
                  (     0          0          1      )

 cart.    s( 8) = (  0.0000000 -1.0000000  0.0000000 )
                  (  1.0000000  0.0000000  0.0000000 )
                  (  0.0000000  0.0000000  1.0000000 )


      isym =  9     inversion                                    

 cryst.   s( 9) = (    -1          0          0      )
                  (     0         -1          0      )
                  (     0          0         -1      )

 cart.    s( 9) = ( -1.0000000  0.0000000  0.0000000 )
                  (  0.0000000 -1.0000000  0.0000000 )
                  (  0.0000000  0.0000000 -1.0000000 )


      isym = 10     inv. 180 deg rotation - cart. axis [0,0,1]   

 cryst.   s(10) = (     1          0          0      )
                  (     0          1          0      )
                  (     0          0         -1      )

 cart.    s(10) = (  1.0000000  0.0000000  0.0000000 )
                  (  0.0000000  1.0000000  0.0000000 )
                  (  0.0000000  0.0000000 -1.0000000 )


      isym = 11     inv. 180 deg rotation - cart. axis [0,1,0]   

 cryst.   s(11) = (     1          0          0      )
                  (     0         -1          0      )
                  (     0          0          1      )

 cart.    s(11) = (  1.0000000  0.0000000  0.0000000 )
                  (  0.0000000 -1.0000000  0.0000000 )
                  (  0.0000000  0.0000000  1.0000000 )


      isym = 12     inv. 180 deg rotation - cart. axis [1,0,0]   

 cryst.   s(12) = (    -1          0          0      )
                  (     0          1          0      )
                  (     0          0          1      )

 cart.    s(12) = ( -1.0000000  0.0000000  0.0000000 )
                  (  0.0000000  1.0000000  0.0000000 )
                  (  0.0000000  0.0000000  1.0000000 )


      isym = 13     inv. 180 deg rotation - cart. axis [1,1,0]   

 cryst.   s(13) = (     0         -1          0      )
                  (    -1          0          0      )
                  (     0          0          1      )

 cart.    s(13) = (  0.0000000 -1.0000000  0.0000000 )
                  ( -1.0000000  0.0000000  0.0000000 )
                  (  0.0000000  0.0000000  1.0000000 )


      isym = 14     inv. 180 deg rotation - cart. axis [1,-1,0]  

 cryst.   s(14) = (     0          1          0      )
                  (     1          0          0      )
                  (     0          0          1      )

 cart.    s(14) = (  0.0000000  1.0000000  0.0000000 )
                  (  1.0000000  0.0000000  0.0000000 )
                  (  0.0000000  0.0000000  1.0000000 )


      isym = 15     inv.  90 deg rotation - cart. axis [0,0,-1]  

 cryst.   s(15) = (     0          1          0      )
                  (    -1          0          0      )
                  (     0          0         -1      )

 cart.    s(15) = (  0.0000000 -1.0000000  0.0000000 )
                  (  1.0000000  0.0000000  0.0000000 )
                  (  0.0000000  0.0000000 -1.0000000 )


      isym = 16     inv.  90 deg rotation - cart. axis [0,0,1]   

 cryst.   s(16) = (     0         -1          0      )
                  (     1          0          0      )
                  (     0          0         -1      )

 cart.    s(16) = (  0.0000000  1.0000000  0.0000000 )
                  ( -1.0000000  0.0000000  0.0000000 )
                  (  0.0000000  0.0000000 -1.0000000 )


   Cartesian axes

     site n.     atom                  positions (alat units)
         1           N   tau(   1) = (   0.5000000   0.5000000   0.4451200  )
         2           N   tau(   2) = (   0.5000000   0.5000000   0.5548800  )

   Crystallographic axes

     site n.     atom                  positions (cryst. coord.)
         1           N   tau(   1) = (  0.5000000  0.5000000  0.4451200  )
         2           N   tau(   2) = (  0.5000000  0.5000000  0.5548800  )

     number of k points=     1
                       cart. coord. in units 2pi/alat
        k(    1) = (   0.0000000   0.0000000   0.0000000), wk =   2.0000000

                       cryst. coord.
        k(    1) = (   0.0000000   0.0000000   0.0000000), wk =   2.0000000

     Dense  grid:   477865 G-vectors     FFT dimensions: ( 100, 100, 100)

     Dynamical RAM for                 wfc:       0.91 MB

     Dynamical RAM for     wfc (w. buffer):       0.91 MB

     Dynamical RAM for           str. fact:       1.46 MB

     Dynamical RAM for           local pot:       0.00 MB

     Dynamical RAM for          nlocal pot:       2.92 MB

     Dynamical RAM for                qrad:       1.11 MB

     Dynamical RAM for          rho,v,vnew:       8.95 MB

     Dynamical RAM for               rhoin:       2.98 MB

     Dynamical RAM for            rho*nmix:      23.33 MB

     Dynamical RAM for           G-vectors:       6.20 MB

     Dynamical RAM for          h,s,v(r/c):       0.02 MB

     Dynamical RAM for          <psi|beta>:       0.00 MB

     Dynamical RAM for                 psi:       3.64 MB

     Dynamical RAM for                hpsi:       3.64 MB

     Dynamical RAM for                spsi:       3.64 MB

     Dynamical RAM for      wfcinit/wfcrot:       2.92 MB

     Dynamical RAM for           addusdens:      65.63 MB

     Dynamical RAM for          addusforce:      69.27 MB

     Estimated static dynamical RAM per process >      58.41 MB

     Estimated max dynamical RAM per process >     127.68 MB

     Estimated total dynamical RAM >     638.42 MB

     Initial potential from superposition of free atoms
     Check: negative starting charge=   -0.001878

     starting charge    9.99998, renormalised to   10.00000

     negative rho (up, down):  1.878E-03 0.000E+00
     Starting wfcs are    8 randomized atomic wfcs

     total cpu time spent up to now is        1.4 secs

     Self-consistent Calculation

     iteration #  1     ecut=    65.00 Ry     beta= 0.70
     Davidson diagonalization with overlap
     ethr =  1.00E-02,  avg # of iterations =  2.0

     negative rho (up, down):  7.811E-04 0.000E+00

     total cpu time spent up to now is        2.7 secs

     total energy              =     -40.24902867 Ry
     Harris-Foulkes estimate   =     -40.34573761 Ry
     estimated scf accuracy    <       0.15512266 Ry

     iteration #  2     ecut=    65.00 Ry     beta= 0.70
     Davidson diagonalization with overlap
     ethr =  1.55E-03,  avg # of iterations =  2.0

     negative rho (up, down):  1.552E-03 0.000E+00

     total cpu time spent up to now is        3.7 secs

     total energy              =     -40.27810140 Ry
     Harris-Foulkes estimate   =     -40.28431015 Ry
     estimated scf accuracy    <       0.01100788 Ry

     iteration #  3     ecut=    65.00 Ry     beta= 0.70
     Davidson diagonalization with overlap
     ethr =  1.10E-04,  avg # of iterations =  2.0

     negative rho (up, down):  2.075E-03 0.000E+00

     total cpu time spent up to now is        4.7 secs

     total energy              =     -40.28004117 Ry
     Harris-Foulkes estimate   =     -40.28024263 Ry
     estimated scf accuracy    <       0.00043907 Ry

     iteration #  4     ecut=    65.00 Ry     beta= 0.70
     Davidson diagonalization with overlap
     ethr =  4.39E-06,  avg # of iterations =  2.0

     negative rho (up, down):  2.142E-03 0.000E+00

     total cpu time spent up to now is        5.6 secs

     total energy              =     -40.28008836 Ry
     Harris-Foulkes estimate   =     -40.28008814 Ry
     estimated scf accuracy    <       0.00000155 Ry

     iteration #  5     ecut=    65.00 Ry     beta= 0.70
     Davidson diagonalization with overlap
     ethr =  1.55E-08,  avg # of iterations =  3.0

     negative rho (up, down):  2.146E-03 0.000E+00

     total cpu time spent up to now is        6.5 secs

     total energy              =     -40.28008944 Ry
     Harris-Foulkes estimate   =     -40.28008946 Ry
     estimated scf accuracy    <       0.00000004 Ry

     iteration #  6     ecut=    65.00 Ry     beta= 0.70
     Davidson diagonalization with overlap
     ethr =  3.75E-10,  avg # of iterations =  4.0

     negative rho (up, down):  2.147E-03 0.000E+00

     total cpu time spent up to now is        7.4 secs

     End of self-consistent calculation

          k = 0.0000 0.0000 0.0000 ( 59757 PWs)   bands (ev):

   -28.2015 -13.2547 -11.4806 -11.4806 -10.0297

     occupation numbers 
     1.0000   1.0000   1.0000   1.0000   1.0000

     highest occupied level (ev):   -10.0297

!    total energy              =     -40.28008947 Ry
     Harris-Foulkes estimate   =     -40.28008947 Ry
     estimated scf accuracy    <          1.0E-09 Ry

     The total energy is the sum of the following terms:

     one-electron contribution =     -79.98114109 Ry
     hartree contribution      =      40.95374440 Ry
     xc contribution           =     -10.41242248 Ry
     ewald contribution        =       9.15972970 Ry

     convergence has been achieved in   6 iterations

     negative rho (up, down):  2.147E-03 0.000E+00

     Forces acting on atoms (cartesian axes, Ry/au):

     atom    1 type  1   force =     0.00000000    0.00000000   -0.06112321
     atom    2 type  1   force =     0.00000000    0.00000000    0.06112321
     The non-local contrib.  to forces
     atom    1 type  1   force =     0.00000000    0.00000000    1.87756059
     atom    2 type  1   force =     0.00000000    0.00000000   -1.87756059
     The ionic contribution  to forces
     atom    1 type  1   force =     0.00000000    0.00000000  -11.55540219
     atom    2 type  1   force =    -0.00000000   -0.00000000   11.55540219
     The local contribution  to forces
     atom    1 type  1   force =     0.00000000    0.00000000    9.62037899
     atom    2 type  1   force =     0.00000000    0.00000000   -9.62037899
     The core correction contribution to forces
     atom    1 type  1   force =     0.00000000    0.00000000   -0.00367659
     atom    2 type  1   force =     0.00000000    0.00000000    0.00367659
     The Hubbard contrib.    to forces
     atom    1 type  1   force =     0.00000000    0.00000000    0.00000000
     atom    2 type  1   force =     0.00000000    0.00000000    0.00000000
     The SCF correction term to forces
     atom    1 type  1   force =     0.00000000    0.00000000    0.00001599
     atom    2 type  1   force =     0.00000000   -0.00000000   -0.00001599

     Total force =     0.086441     Total SCF correction =     0.000023

     BFGS Geometry Optimization

     number of scf cycles    =   1
     number of bfgs steps    =   0

     energy   new            =     -40.2800894674 Ry

     new trust radius        =       0.0611232099 bohr
     new conv_thr            =       0.0000000100 Ry


ATOMIC_POSITIONS (crystal)
N        0.500000000   0.500000000   0.441885499
N        0.500000000   0.500000000   0.558114501


     Check: negative starting charge=   -0.001878
     NEW-OLD atomic charge density approx. for the potential
     Check: negative starting charge=   -0.001845

     negative rho (up, down):  2.825E-03 0.000E+00

     total cpu time spent up to now is        8.6 secs

     Self-consistent Calculation

     iteration #  1     ecut=    65.00 Ry     beta= 0.70
     Davidson diagonalization with overlap
     ethr =  1.00E-06,  avg # of iterations =  5.0

     negative rho (up, down):  1.978E-03 0.000E+00

     total cpu time spent up to now is        9.8 secs

     total energy              =     -40.26483347 Ry
     Harris-Foulkes estimate   =     -40.27001571 Ry
     estimated scf accuracy    <       0.00762436 Ry

     iteration #  2     ecut=    65.00 Ry     beta= 0.70
     Davidson diagonalization with overlap
     ethr =  7.62E-05,  avg # of iterations =  2.0

     negative rho (up, down):  1.971E-03 0.000E+00

     total cpu time spent up to now is       10.8 secs

     total energy              =     -40.26678018 Ry
     Harris-Foulkes estimate   =     -40.26724901 Ry
     estimated scf accuracy    <       0.00081138 Ry

     iteration #  3     ecut=    65.00 Ry     beta= 0.70
     Davidson diagonalization with overlap
     ethr =  8.11E-06,  avg # of iterations =  2.0

     negative rho (up, down):  2.004E-03 0.000E+00

     total cpu time spent up to now is       11.8 secs

     total energy              =     -40.26693489 Ry
     Harris-Foulkes estimate   =     -40.26693681 Ry
     estimated scf accuracy    <       0.00001244 Ry

     iteration #  4     ecut=    65.00 Ry     beta= 0.70
     Davidson diagonalization with overlap
     ethr =  1.24E-07,  avg # of iterations =  1.0

     negative rho (up, down):  2.008E-03 0.000E+00

     total cpu time spent up to now is       12.8 secs

     total energy              =     -40.26693554 Ry
     Harris-Foulkes estimate   =     -40.26693560 Ry
     estimated scf accuracy    <       0.00000015 Ry

     iteration #  5     ecut=    65.00 Ry     beta= 0.70
     Davidson diagonalization with overlap
     ethr =  1.49E-09,  avg # of iterations =  2.0

     negative rho (up, down):  2.007E-03 0.000E+00

     total cpu time spent up to now is       13.8 secs

     total energy              =     -40.26693557 Ry
     Harris-Foulkes estimate   =     -40.26693559 Ry
     estimated scf accuracy    <       0.00000001 Ry

     iteration #  6     ecut=    65.00 Ry     beta= 0.70
     Davidson diagonalization with overlap
     ethr =  1.33E-10,  avg # of iterations =  2.0

     negative rho (up, down):  2.007E-03 0.000E+00

     total cpu time spent up to now is       15.2 secs

     End of self-consistent calculation

          k = 0.0000 0.0000 0.0000 ( 59757 PWs)   bands (ev):

   -27.2189 -13.7030 -10.9802 -10.9802  -9.9822

     occupation numbers 
     1.0000   1.0000   1.0000   1.0000   1.0000

     highest occupied level (ev):    -9.9822

!    total energy              =     -40.26693558 Ry
     Harris-Foulkes estimate   =     -40.26693558 Ry
     estimated scf accuracy    <          1.2E-09 Ry

     The total energy is the sum of the following terms:

     one-electron contribution =     -77.62410838 Ry
     hartree contribution      =      39.79919895 Ry
     xc contribution           =     -10.26848294 Ry
     ewald contribution        =       7.82645679 Ry

     convergence has been achieved in   6 iterations

     negative rho (up, down):  2.007E-03 0.000E+00

     Forces acting on atoms (cartesian axes, Ry/au):

     atom    1 type  1   force =     0.00000000    0.00000000    0.25048789
     atom    2 type  1   force =     0.00000000    0.00000000   -0.25048789
     The non-local contrib.  to forces
     atom    1 type  1   force =     0.00000000    0.00000000    1.95609847
     atom    2 type  1   force =     0.00000000    0.00000000   -1.95609847
     The ionic contribution  to forces
     atom    1 type  1   force =     0.00000000    0.00000000  -10.29346637
     atom    2 type  1   force =    -0.00000000   -0.00000000   10.29346637
     The local contribution  to forces
     atom    1 type  1   force =     0.00000000    0.00000000    8.59628027
     atom    2 type  1   force =     0.00000000    0.00000000   -8.59628027
     The core correction contribution to forces
     atom    1 type  1   force =     0.00000000    0.00000000   -0.00834067
     atom    2 type  1   force =     0.00000000    0.00000000    0.00834067
     The Hubbard contrib.    to forces
     atom    1 type  1   force =     0.00000000    0.00000000    0.00000000
     atom    2 type  1   force =     0.00000000    0.00000000    0.00000000
     The SCF correction term to forces
     atom    1 type  1   force =    -0.00000000    0.00000000   -0.00008381
     atom    2 type  1   force =    -0.00000000    0.00000000    0.00008381

     Total force =     0.354243     Total SCF correction =     0.000119

     number of scf cycles    =   2
     number of bfgs steps    =   1

     energy   old            =     -40.2800894674 Ry
     energy   new            =     -40.2669355781 Ry

     CASE: energy  _new > energy  _old

     new trust radius        =       0.0110714322 bohr
     new conv_thr            =       0.0000000100 Ry


ATOMIC_POSITIONS (crystal)
N        0.500000000   0.500000000   0.444534125
N        0.500000000   0.500000000   0.555465875


     Check: negative starting charge=   -0.001845
     NEW-OLD atomic charge density approx. for the potential
     Check: negative starting charge=   -0.001876

     negative rho (up, down):  2.353E-03 0.000E+00

     total cpu time spent up to now is       16.5 secs

     Self-consistent Calculation

     iteration #  1     ecut=    65.00 Ry     beta= 0.70
     Davidson diagonalization with overlap
     ethr =  1.00E-06,  avg # of iterations =  5.0

     negative rho (up, down):  2.044E-03 0.000E+00

     total cpu time spent up to now is       18.2 secs

     total energy              =     -40.27933769 Ry
     Harris-Foulkes estimate   =     -40.28270046 Ry
     estimated scf accuracy    <       0.00495007 Ry

     iteration #  2     ecut=    65.00 Ry     beta= 0.70
     Davidson diagonalization with overlap
     ethr =  4.95E-05,  avg # of iterations =  2.0

     negative rho (up, down):  2.065E-03 0.000E+00

     total cpu time spent up to now is       20.0 secs

     total energy              =     -40.28057665 Ry
     Harris-Foulkes estimate   =     -40.28086234 Ry
     estimated scf accuracy    <       0.00049173 Ry

     iteration #  3     ecut=    65.00 Ry     beta= 0.70
     Davidson diagonalization with overlap
     ethr =  4.92E-06,  avg # of iterations =  2.0

     negative rho (up, down):  2.115E-03 0.000E+00

     total cpu time spent up to now is       21.5 secs

     total energy              =     -40.28067346 Ry
     Harris-Foulkes estimate   =     -40.28067433 Ry
     estimated scf accuracy    <       0.00000740 Ry

     iteration #  4     ecut=    65.00 Ry     beta= 0.70
     Davidson diagonalization with overlap
     ethr =  7.40E-08,  avg # of iterations =  1.0

     negative rho (up, down):  2.123E-03 0.000E+00

     total cpu time spent up to now is       22.6 secs

     total energy              =     -40.28067396 Ry
     Harris-Foulkes estimate   =     -40.28067393 Ry
     estimated scf accuracy    <       0.00000008 Ry

     iteration #  5     ecut=    65.00 Ry     beta= 0.70
     Davidson diagonalization with overlap
     ethr =  7.85E-10,  avg # of iterations =  3.0

     negative rho (up, down):  2.125E-03 0.000E+00

     total cpu time spent up to now is       24.0 secs

     End of self-consistent calculation

          k = 0.0000 0.0000 0.0000 ( 59757 PWs)   bands (ev):

   -28.0224 -13.3371 -11.3856 -11.3856 -10.0213

     occupation numbers 
     1.0000   1.0000   1.0000   1.0000   1.0000

     highest occupied level (ev):   -10.0213

!    total energy              =     -40.28067401 Ry
     Harris-Foulkes estimate   =     -40.28067399 Ry
     estimated scf accuracy    <          5.5E-09 Ry

     The total energy is the sum of the following terms:

     one-electron contribution =     -79.53936211 Ry
     hartree contribution      =      40.73700224 Ry
     xc contribution           =     -10.38490087 Ry
     ewald contribution        =       8.90658673 Ry

     convergence has been achieved in   5 iterations

     negative rho (up, down):  2.125E-03 0.000E+00

     Forces acting on atoms (cartesian axes, Ry/au):

     atom    1 type  1   force =     0.00000000    0.00000000    0.00730624
     atom    2 type  1   force =     0.00000000    0.00000000   -0.00730624
     The non-local contrib.  to forces
     atom    1 type  1   force =     0.00000000    0.00000000    1.89666564
     atom    2 type  1   force =     0.00000000    0.00000000   -1.89666564
     The ionic contribution  to forces
     atom    1 type  1   force =     0.00000000    0.00000000  -11.31041316
     atom    2 type  1   force =    -0.00000000   -0.00000000   11.31041316
     The local contribution  to forces
     atom    1 type  1   force =     0.00000000    0.00000000    9.42580104
     atom    2 type  1   force =     0.00000000    0.00000000   -9.42580104
     The core correction contribution to forces
     atom    1 type  1   force =     0.00000000    0.00000000   -0.00462375
     atom    2 type  1   force =     0.00000000    0.00000000    0.00462375
     The Hubbard contrib.    to forces
     atom    1 type  1   force =     0.00000000    0.00000000    0.00000000
     atom    2 type  1   force =     0.00000000    0.00000000    0.00000000
     The SCF correction term to forces
     atom    1 type  1   force =    -0.00000000   -0.00000000   -0.00012354
     atom    2 type  1   force =     0.00000000   -0.00000000    0.00012354

     Total force =     0.010333     Total SCF correction =     0.000175

     number of scf cycles    =   3
     number of bfgs steps    =   1

     energy   old            =     -40.2800894674 Ry
     energy   new            =     -40.2806740083 Ry

     CASE: energy  _new < energy  _old

     new trust radius        =       0.0011821011 bohr
     new conv_thr            =       0.0000000006 Ry


ATOMIC_POSITIONS (crystal)
N        0.500000000   0.500000000   0.444596679
N        0.500000000   0.500000000   0.555403321


     Check: negative starting charge=   -0.001876
     NEW-OLD atomic charge density approx. for the potential
     Check: negative starting charge=   -0.001876

     negative rho (up, down):  2.123E-03 0.000E+00

     total cpu time spent up to now is       25.4 secs

     Self-consistent Calculation

     iteration #  1     ecut=    65.00 Ry     beta= 0.70
     Davidson diagonalization with overlap
     ethr =  1.00E-06,  avg # of iterations =  2.0

     Threshold (ethr) on eigenvalues was too large:
     Diagonalizing with lowered threshold

     Davidson diagonalization with overlap
     ethr =  3.15E-08,  avg # of iterations =  1.0

     negative rho (up, down):  2.127E-03 0.000E+00

     total cpu time spent up to now is       28.1 secs

     total energy              =     -40.28068219 Ry
     Harris-Foulkes estimate   =     -40.28068424 Ry
     estimated scf accuracy    <       0.00000308 Ry

     iteration #  2     ecut=    65.00 Ry     beta= 0.70
     Davidson diagonalization with overlap
     ethr =  3.08E-08,  avg # of iterations =  2.0

     negative rho (up, down):  2.127E-03 0.000E+00

     total cpu time spent up to now is       29.3 secs

     total energy              =     -40.28068298 Ry
     Harris-Foulkes estimate   =     -40.28068315 Ry
     estimated scf accuracy    <       0.00000031 Ry

     iteration #  3     ecut=    65.00 Ry     beta= 0.70
     Davidson diagonalization with overlap
     ethr =  3.11E-09,  avg # of iterations =  2.0

     negative rho (up, down):  2.127E-03 0.000E+00

     total cpu time spent up to now is       30.5 secs

     total energy              =     -40.28068304 Ry
     Harris-Foulkes estimate   =     -40.28068304 Ry
     estimated scf accuracy    <          4.4E-09 Ry

     iteration #  4     ecut=    65.00 Ry     beta= 0.70
     Davidson diagonalization with overlap
     ethr =  4.41E-11,  avg # of iterations =  1.0

     negative rho (up, down):  2.127E-03 0.000E+00

     total cpu time spent up to now is       31.5 secs

     End of self-consistent calculation

          k = 0.0000 0.0000 0.0000 ( 59757 PWs)   bands (ev):

   -28.0412 -13.3283 -11.3954 -11.3954 -10.0222

     occupation numbers 
     1.0000   1.0000   1.0000   1.0000   1.0000

     highest occupied level (ev):   -10.0222

!    total energy              =     -40.28068304 Ry
     Harris-Foulkes estimate   =     -40.28068304 Ry
     estimated scf accuracy    <          5.1E-11 Ry

     The total energy is the sum of the following terms:

     one-electron contribution =     -79.58613801 Ry
     hartree contribution      =      40.75989505 Ry
     xc contribution           =     -10.38779738 Ry
     ewald contribution        =       8.93335730 Ry

     convergence has been achieved in   4 iterations

     negative rho (up, down):  2.127E-03 0.000E+00

     Forces acting on atoms (cartesian axes, Ry/au):

     atom    1 type  1   force =     0.00000000    0.00000000    0.00029075
     atom    2 type  1   force =     0.00000000    0.00000000   -0.00029075
     The non-local contrib.  to forces
     atom    1 type  1   force =     0.00000000    0.00000000    1.89475659
     atom    2 type  1   force =     0.00000000    0.00000000   -1.89475659
     The ionic contribution  to forces
     atom    1 type  1   force =    -0.00000000   -0.00000000  -11.33620186
     atom    2 type  1   force =     0.00000000    0.00000000   11.33620186
     The local contribution  to forces
     atom    1 type  1   force =     0.00000000    0.00000000    9.44626860
     atom    2 type  1   force =     0.00000000    0.00000000   -9.44626860
     The core correction contribution to forces
     atom    1 type  1   force =     0.00000000    0.00000000   -0.00452566
     atom    2 type  1   force =     0.00000000    0.00000000    0.00452566
     The Hubbard contrib.    to forces
     atom    1 type  1   force =     0.00000000    0.00000000    0.00000000
     atom    2 type  1   force =     0.00000000    0.00000000    0.00000000
     The SCF correction term to forces
     atom    1 type  1   force =    -0.00000000   -0.00000000   -0.00000693
     atom    2 type  1   force =    -0.00000000    0.00000000    0.00000693

     Total force =     0.000411     Total SCF correction =     0.000010

     bfgs converged in   4 scf cycles and   2 bfgs steps
     (criteria: energy <  1.0E-04 Ry, force <  1.0E-03 Ry/Bohr)

     End of BFGS Geometry Optimization

     Final energy   =     -40.2806830353 Ry
Begin final coordinates

ATOMIC_POSITIONS (crystal)
N        0.500000000   0.500000000   0.444596679
N        0.500000000   0.500000000   0.555403321
End final coordinates


 
     init_run     :      2.53s CPU      1.27s WALL (       1 calls)
     electrons    :     55.04s CPU     26.13s WALL (       4 calls)
     update_pot   :      3.34s CPU      1.55s WALL (       3 calls)
     forces       :      5.52s CPU      2.46s WALL (       4 calls)

     Called by init_run:
     wfcinit      :      0.47s CPU      0.26s WALL (       1 calls)
     wfcinit:atom :      0.00s CPU      0.00s WALL (       1 calls)
     wfcinit:wfcr :      0.46s CPU      0.25s WALL (       1 calls)
     potinit      :      0.80s CPU      0.34s WALL (       1 calls)
     hinit0       :      0.80s CPU      0.34s WALL (       1 calls)

     Called by electrons:
     c_bands      :     22.83s CPU     10.82s WALL (      22 calls)
     sum_band     :     12.65s CPU      6.01s WALL (      22 calls)
     v_of_rho     :     12.18s CPU      5.71s WALL (      25 calls)
     v_h          :      1.35s CPU      0.63s WALL (      25 calls)
     v_xc         :     12.41s CPU      5.81s WALL (      29 calls)
     newd         :      7.22s CPU      3.50s WALL (      25 calls)
     mix_rho      :      2.18s CPU      1.07s WALL (      22 calls)

     Called by c_bands:
     init_us_2    :      0.30s CPU      0.15s WALL (      45 calls)
     cegterg      :     21.99s CPU     10.42s WALL (      22 calls)

     Called by sum_band:
     sum_band:bec :      0.08s CPU      0.04s WALL (      22 calls)
     addusdens    :      3.76s CPU      1.90s WALL (      22 calls)

     Called by *egterg:
     h_psi        :     18.57s CPU      8.82s WALL (      73 calls)
     s_psi        :      0.08s CPU      0.04s WALL (      73 calls)
     g_psi        :      0.04s CPU      0.02s WALL (      50 calls)
     cdiaghg      :      0.15s CPU      0.08s WALL (      68 calls)
     cegterg:over :      1.62s CPU      0.76s WALL (      50 calls)
     cegterg:upda :      0.31s CPU      0.15s WALL (      50 calls)
     cegterg:last :      0.09s CPU      0.04s WALL (      24 calls)

     Called by h_psi:
     h_psi:pot    :     18.49s CPU      8.78s WALL (      73 calls)
     h_psi:calbec :      1.25s CPU      0.56s WALL (      73 calls)
     vloc_psi     :     16.97s CPU      8.08s WALL (      73 calls)
     add_vuspsi   :      0.27s CPU      0.15s WALL (      73 calls)

     General routines
     calbec       :      2.13s CPU      0.94s WALL (     111 calls)
     fft          :     13.41s CPU      6.31s WALL (     327 calls)
     ffts         :      0.61s CPU      0.28s WALL (      22 calls)
     fftw         :     19.02s CPU      9.02s WALL (     768 calls)
 
     Parallel routines
     fft_scatt_xy :      1.41s CPU      0.66s WALL (    1117 calls)
     fft_scatt_yz :     25.05s CPU     11.80s WALL (    1117 calls)
 
     PWSCF        :  1m 7.62s CPU        32.06s WALL

 
   This run was terminated on:   9: 1:27  19Mar2019            

=------------------------------------------------------------------------------=
   JOB DONE.
=------------------------------------------------------------------------------=
