
     Program PWSCF v.6.3MaX starts on 19Mar2019 at  8:57:50 

     This program is part of the open-source Quantum ESPRESSO suite
     for quantum simulation of materials; please cite
         "P. Giannozzi et al., J. Phys.:Condens. Matter 21 395502 (2009);
         "P. Giannozzi et al., J. Phys.:Condens. Matter 29 465901 (2017);
          URL http://www.quantum-espresso.org", 
     in publications or presentations arising from this work. More details at
     http://www.quantum-espresso.org/quote

 *** WARNING: using old-style file format, will disappear from next version ***

     Parallel version (MPI & OpenMP), running on      20 processor cores
     Number of MPI processes:                 5
     Threads/MPI process:                     4

     MPI processes distributed on     1 nodes
     R & G space division:  proc/nbgrp/npool/nimage =       5
     Reading input from /home/azadoks/dftman/projects/HW5_3/ConvergenceWorkflows/8ea71bd0fc85/b3078e82fbce/pwscf.in
Warning: card &CELL ignored
Warning: card / ignored

     Current dimensions of program PWSCF are:
     Max number of different atomic species (ntypx) = 10
     Max number of k-points (npk) =  40000
     Max angular momentum in pseudopotentials (lmaxx) =  3
     Message from routine iosys:
     minimal I/O required, wf_collect reset to FALSE

     Subspace diagonalization in iterative solution of the eigenvalue problem:
     a serial algorithm will be used

 
     Parallelization info
     --------------------
     sticks:   dense  smooth     PW     G-vecs:    dense   smooth      PW
     Min         679     679    170                29955    29955    3760
     Max         680     680    171                29958    29958    3763
     Sum        3397    3397    853               149781   149781   18805
 


     bravais-lattice index     =            0
     lattice parameter (alat)  =      18.8973  a.u.
     unit-cell volume          =    6748.3346 (a.u.)^3
     number of atoms/cell      =            2
     number of atomic types    =            1
     number of electrons       =        10.00
     number of Kohn-Sham states=            5
     kinetic-energy cutoff     =      30.0000  Ry
     charge density cutoff     =     120.0000  Ry
     convergence threshold     =      1.0E-08
     mixing beta               =       0.7000
     number of iterations used =            8  plain     mixing
     Exchange-correlation      = SLA  PW   PBE  PBE ( 1  4  3  4 0 0)
     nstep                     =           50


     celldm(1)=  18.897261  celldm(2)=   0.000000  celldm(3)=   0.000000
     celldm(4)=   0.000000  celldm(5)=   0.000000  celldm(6)=   0.000000

     crystal axes: (cart. coord. in units of alat)
               a(1) = (   1.000000   0.000000   0.000000 )  
               a(2) = (   0.000000   1.000000   0.000000 )  
               a(3) = (   0.000000   0.000000   1.000000 )  

     reciprocal axes: (cart. coord. in units 2 pi/alat)
               b(1) = (  1.000000  0.000000  0.000000 )  
               b(2) = (  0.000000  1.000000  0.000000 )  
               b(3) = (  0.000000  0.000000  1.000000 )  


     PseudoPot. # 1 for N  read from file:
     /home/azadoks/.local/share/pseudo/GBRV_PBE_US/n_pbe_v1.2.uspp.F.UPF
     MD5 check sum: 95339753478d7afb44899504a8723017
     Pseudo is Ultrasoft + core correction, Zval =  5.0
     Generated by new atomic code, or converted to UPF format
     Using radial grid of  729 points,  4 beta functions with: 
                l(1) =   0
                l(2) =   0
                l(3) =   1
                l(4) =   1
     Q(r) pseudized with  8 coefficients,  rinner =    0.900   0.900   0.900


     atomic species   valence    mass     pseudopotential
        N              5.00    14.00670     N ( 1.00)

     16 Sym. Ops., with inversion, found


                                    s                        frac. trans.

      isym =  1     identity                                     

 cryst.   s( 1) = (     1          0          0      )
                  (     0          1          0      )
                  (     0          0          1      )

 cart.    s( 1) = (  1.0000000  0.0000000  0.0000000 )
                  (  0.0000000  1.0000000  0.0000000 )
                  (  0.0000000  0.0000000  1.0000000 )


      isym =  2     180 deg rotation - cart. axis [0,0,1]        

 cryst.   s( 2) = (    -1          0          0      )
                  (     0         -1          0      )
                  (     0          0          1      )

 cart.    s( 2) = ( -1.0000000  0.0000000  0.0000000 )
                  (  0.0000000 -1.0000000  0.0000000 )
                  (  0.0000000  0.0000000  1.0000000 )


      isym =  3     180 deg rotation - cart. axis [0,1,0]        

 cryst.   s( 3) = (    -1          0          0      )
                  (     0          1          0      )
                  (     0          0         -1      )

 cart.    s( 3) = ( -1.0000000  0.0000000  0.0000000 )
                  (  0.0000000  1.0000000  0.0000000 )
                  (  0.0000000  0.0000000 -1.0000000 )


      isym =  4     180 deg rotation - cart. axis [1,0,0]        

 cryst.   s( 4) = (     1          0          0      )
                  (     0         -1          0      )
                  (     0          0         -1      )

 cart.    s( 4) = (  1.0000000  0.0000000  0.0000000 )
                  (  0.0000000 -1.0000000  0.0000000 )
                  (  0.0000000  0.0000000 -1.0000000 )


      isym =  5     180 deg rotation - cart. axis [1,1,0]        

 cryst.   s( 5) = (     0          1          0      )
                  (     1          0          0      )
                  (     0          0         -1      )

 cart.    s( 5) = (  0.0000000  1.0000000  0.0000000 )
                  (  1.0000000  0.0000000  0.0000000 )
                  (  0.0000000  0.0000000 -1.0000000 )


      isym =  6     180 deg rotation - cart. axis [1,-1,0]       

 cryst.   s( 6) = (     0         -1          0      )
                  (    -1          0          0      )
                  (     0          0         -1      )

 cart.    s( 6) = (  0.0000000 -1.0000000  0.0000000 )
                  ( -1.0000000  0.0000000  0.0000000 )
                  (  0.0000000  0.0000000 -1.0000000 )


      isym =  7      90 deg rotation - cart. axis [0,0,-1]       

 cryst.   s( 7) = (     0         -1          0      )
                  (     1          0          0      )
                  (     0          0          1      )

 cart.    s( 7) = (  0.0000000  1.0000000  0.0000000 )
                  ( -1.0000000  0.0000000  0.0000000 )
                  (  0.0000000  0.0000000  1.0000000 )


      isym =  8      90 deg rotation - cart. axis [0,0,1]        

 cryst.   s( 8) = (     0          1          0      )
                  (    -1          0          0      )
                  (     0          0          1      )

 cart.    s( 8) = (  0.0000000 -1.0000000  0.0000000 )
                  (  1.0000000  0.0000000  0.0000000 )
                  (  0.0000000  0.0000000  1.0000000 )


      isym =  9     inversion                                    

 cryst.   s( 9) = (    -1          0          0      )
                  (     0         -1          0      )
                  (     0          0         -1      )

 cart.    s( 9) = ( -1.0000000  0.0000000  0.0000000 )
                  (  0.0000000 -1.0000000  0.0000000 )
                  (  0.0000000  0.0000000 -1.0000000 )


      isym = 10     inv. 180 deg rotation - cart. axis [0,0,1]   

 cryst.   s(10) = (     1          0          0      )
                  (     0          1          0      )
                  (     0          0         -1      )

 cart.    s(10) = (  1.0000000  0.0000000  0.0000000 )
                  (  0.0000000  1.0000000  0.0000000 )
                  (  0.0000000  0.0000000 -1.0000000 )


      isym = 11     inv. 180 deg rotation - cart. axis [0,1,0]   

 cryst.   s(11) = (     1          0          0      )
                  (     0         -1          0      )
                  (     0          0          1      )

 cart.    s(11) = (  1.0000000  0.0000000  0.0000000 )
                  (  0.0000000 -1.0000000  0.0000000 )
                  (  0.0000000  0.0000000  1.0000000 )


      isym = 12     inv. 180 deg rotation - cart. axis [1,0,0]   

 cryst.   s(12) = (    -1          0          0      )
                  (     0          1          0      )
                  (     0          0          1      )

 cart.    s(12) = ( -1.0000000  0.0000000  0.0000000 )
                  (  0.0000000  1.0000000  0.0000000 )
                  (  0.0000000  0.0000000  1.0000000 )


      isym = 13     inv. 180 deg rotation - cart. axis [1,1,0]   

 cryst.   s(13) = (     0         -1          0      )
                  (    -1          0          0      )
                  (     0          0          1      )

 cart.    s(13) = (  0.0000000 -1.0000000  0.0000000 )
                  ( -1.0000000  0.0000000  0.0000000 )
                  (  0.0000000  0.0000000  1.0000000 )


      isym = 14     inv. 180 deg rotation - cart. axis [1,-1,0]  

 cryst.   s(14) = (     0          1          0      )
                  (     1          0          0      )
                  (     0          0          1      )

 cart.    s(14) = (  0.0000000  1.0000000  0.0000000 )
                  (  1.0000000  0.0000000  0.0000000 )
                  (  0.0000000  0.0000000  1.0000000 )


      isym = 15     inv.  90 deg rotation - cart. axis [0,0,-1]  

 cryst.   s(15) = (     0          1          0      )
                  (    -1          0          0      )
                  (     0          0         -1      )

 cart.    s(15) = (  0.0000000 -1.0000000  0.0000000 )
                  (  1.0000000  0.0000000  0.0000000 )
                  (  0.0000000  0.0000000 -1.0000000 )


      isym = 16     inv.  90 deg rotation - cart. axis [0,0,1]   

 cryst.   s(16) = (     0         -1          0      )
                  (     1          0          0      )
                  (     0          0         -1      )

 cart.    s(16) = (  0.0000000  1.0000000  0.0000000 )
                  ( -1.0000000  0.0000000  0.0000000 )
                  (  0.0000000  0.0000000 -1.0000000 )


   Cartesian axes

     site n.     atom                  positions (alat units)
         1           N   tau(   1) = (   0.5000000   0.5000000   0.4451200  )
         2           N   tau(   2) = (   0.5000000   0.5000000   0.5548800  )

   Crystallographic axes

     site n.     atom                  positions (cryst. coord.)
         1           N   tau(   1) = (  0.5000000  0.5000000  0.4451200  )
         2           N   tau(   2) = (  0.5000000  0.5000000  0.5548800  )

     number of k points=     1
                       cart. coord. in units 2pi/alat
        k(    1) = (   0.0000000   0.0000000   0.0000000), wk =   2.0000000

                       cryst. coord.
        k(    1) = (   0.0000000   0.0000000   0.0000000), wk =   2.0000000

     Dense  grid:   149781 G-vectors     FFT dimensions: (  72,  72,  72)

     Dynamical RAM for                 wfc:       0.29 MB

     Dynamical RAM for     wfc (w. buffer):       0.29 MB

     Dynamical RAM for           str. fact:       0.46 MB

     Dynamical RAM for           local pot:       0.00 MB

     Dynamical RAM for          nlocal pot:       0.91 MB

     Dynamical RAM for                qrad:       0.75 MB

     Dynamical RAM for          rho,v,vnew:       3.15 MB

     Dynamical RAM for               rhoin:       1.05 MB

     Dynamical RAM for            rho*nmix:       7.31 MB

     Dynamical RAM for           G-vectors:       1.94 MB

     Dynamical RAM for          h,s,v(r/c):       0.02 MB

     Dynamical RAM for          <psi|beta>:       0.00 MB

     Dynamical RAM for                 psi:       1.14 MB

     Dynamical RAM for                hpsi:       1.14 MB

     Dynamical RAM for                spsi:       1.14 MB

     Dynamical RAM for      wfcinit/wfcrot:       0.92 MB

     Dynamical RAM for           addusdens:      20.57 MB

     Dynamical RAM for          addusforce:      21.71 MB

     Estimated static dynamical RAM per process >      19.75 MB

     Estimated max dynamical RAM per process >      41.46 MB

     Estimated total dynamical RAM >     207.32 MB

     Check: negative/imaginary core charge=   -0.000004    0.000000

     Initial potential from superposition of free atoms
     Check: negative starting charge=   -0.004152

     starting charge    9.99998, renormalised to   10.00000

     negative rho (up, down):  4.152E-03 0.000E+00
     Starting wfcs are    8 randomized atomic wfcs

     total cpu time spent up to now is        1.0 secs

     Self-consistent Calculation

     iteration #  1     ecut=    30.00 Ry     beta= 0.70
     Davidson diagonalization with overlap
     ethr =  1.00E-02,  avg # of iterations =  2.0

     negative rho (up, down):  7.349E-03 0.000E+00

     total cpu time spent up to now is        1.7 secs

     total energy              =     -40.23493615 Ry
     Harris-Foulkes estimate   =     -40.32891287 Ry
     estimated scf accuracy    <       0.15220089 Ry

     iteration #  2     ecut=    30.00 Ry     beta= 0.70
     Davidson diagonalization with overlap
     ethr =  1.52E-03,  avg # of iterations =  2.0

     negative rho (up, down):  9.130E-03 0.000E+00

     total cpu time spent up to now is        2.3 secs

     total energy              =     -40.26277526 Ry
     Harris-Foulkes estimate   =     -40.26886807 Ry
     estimated scf accuracy    <       0.01076329 Ry

     iteration #  3     ecut=    30.00 Ry     beta= 0.70
     Davidson diagonalization with overlap
     ethr =  1.08E-04,  avg # of iterations =  2.0

     negative rho (up, down):  1.053E-02 0.000E+00

     total cpu time spent up to now is        3.0 secs

     total energy              =     -40.26463978 Ry
     Harris-Foulkes estimate   =     -40.26484460 Ry
     estimated scf accuracy    <       0.00044510 Ry

     iteration #  4     ecut=    30.00 Ry     beta= 0.70
     Davidson diagonalization with overlap
     ethr =  4.45E-06,  avg # of iterations =  2.0

     negative rho (up, down):  1.070E-02 0.000E+00

     total cpu time spent up to now is        3.6 secs

     total energy              =     -40.26468484 Ry
     Harris-Foulkes estimate   =     -40.26468499 Ry
     estimated scf accuracy    <       0.00000185 Ry

     iteration #  5     ecut=    30.00 Ry     beta= 0.70
     Davidson diagonalization with overlap
     ethr =  1.85E-08,  avg # of iterations =  3.0

     negative rho (up, down):  1.069E-02 0.000E+00

     total cpu time spent up to now is        4.3 secs

     total energy              =     -40.26468599 Ry
     Harris-Foulkes estimate   =     -40.26468600 Ry
     estimated scf accuracy    <       0.00000005 Ry

     iteration #  6     ecut=    30.00 Ry     beta= 0.70
     Davidson diagonalization with overlap
     ethr =  5.37E-10,  avg # of iterations =  3.0

     negative rho (up, down):  1.070E-02 0.000E+00

     total cpu time spent up to now is        4.8 secs

     End of self-consistent calculation

          k = 0.0000 0.0000 0.0000 ( 18805 PWs)   bands (ev):

   -28.2274 -13.2666 -11.4797 -11.4797 -10.0203

     occupation numbers 
     1.0000   1.0000   1.0000   1.0000   1.0000

     highest occupied level (ev):   -10.0203

!    total energy              =     -40.26468599 Ry
     Harris-Foulkes estimate   =     -40.26468599 Ry
     estimated scf accuracy    <          9.6E-10 Ry

     The total energy is the sum of the following terms:

     one-electron contribution =     -79.95044929 Ry
     hartree contribution      =      40.93472338 Ry
     xc contribution           =     -10.40868976 Ry
     ewald contribution        =       9.15972969 Ry

     convergence has been achieved in   6 iterations

     negative rho (up, down):  1.070E-02 0.000E+00

     Forces acting on atoms (cartesian axes, Ry/au):

     atom    1 type  1   force =     0.00000000    0.00000000   -0.06622543
     atom    2 type  1   force =     0.00000000    0.00000000    0.06622543
     The non-local contrib.  to forces
     atom    1 type  1   force =     0.00000000    0.00000000    1.89311765
     atom    2 type  1   force =     0.00000000    0.00000000   -1.89311765
     The ionic contribution  to forces
     atom    1 type  1   force =     0.00000000    0.00000000  -11.55540219
     atom    2 type  1   force =    -0.00000000   -0.00000000   11.55540219
     The local contribution  to forces
     atom    1 type  1   force =     0.00000000    0.00000000    9.60074112
     atom    2 type  1   force =     0.00000000    0.00000000   -9.60074112
     The core correction contribution to forces
     atom    1 type  1   force =    -0.00000000   -0.00000000   -0.00467242
     atom    2 type  1   force =    -0.00000000   -0.00000000    0.00467242
     The Hubbard contrib.    to forces
     atom    1 type  1   force =     0.00000000    0.00000000    0.00000000
     atom    2 type  1   force =     0.00000000    0.00000000    0.00000000
     The SCF correction term to forces
     atom    1 type  1   force =     0.00000000    0.00000000   -0.00000959
     atom    2 type  1   force =    -0.00000000    0.00000000    0.00000959

     Total force =     0.093657     Total SCF correction =     0.000014

     BFGS Geometry Optimization

     number of scf cycles    =   1
     number of bfgs steps    =   0

     energy   new            =     -40.2646859933 Ry

     new trust radius        =       0.0662254312 bohr
     new conv_thr            =       0.0000000100 Ry


ATOMIC_POSITIONS (crystal)
N        0.500000000   0.500000000   0.441615501
N        0.500000000   0.500000000   0.558384499


     Check: negative starting charge=   -0.004152
     NEW-OLD atomic charge density approx. for the potential

     Check: negative/imaginary core charge=   -0.000004    0.000000
     Check: negative starting charge=   -0.004098

     negative rho (up, down):  1.150E-02 0.000E+00

     total cpu time spent up to now is        5.8 secs

     Self-consistent Calculation

     iteration #  1     ecut=    30.00 Ry     beta= 0.70
     Davidson diagonalization with overlap
     ethr =  1.00E-06,  avg # of iterations =  5.0

     negative rho (up, down):  1.038E-02 0.000E+00

     total cpu time spent up to now is        6.6 secs

     total energy              =     -40.24744117 Ry
     Harris-Foulkes estimate   =     -40.25334804 Ry
     estimated scf accuracy    <       0.00875029 Ry

     iteration #  2     ecut=    30.00 Ry     beta= 0.70
     Davidson diagonalization with overlap
     ethr =  8.75E-05,  avg # of iterations =  2.0

     negative rho (up, down):  1.055E-02 0.000E+00

     total cpu time spent up to now is        7.1 secs

     total energy              =     -40.24965987 Ry
     Harris-Foulkes estimate   =     -40.25018359 Ry
     estimated scf accuracy    <       0.00091542 Ry

     iteration #  3     ecut=    30.00 Ry     beta= 0.70
     Davidson diagonalization with overlap
     ethr =  9.15E-06,  avg # of iterations =  2.0

     negative rho (up, down):  1.064E-02 0.000E+00

     total cpu time spent up to now is        7.8 secs

     total energy              =     -40.24983187 Ry
     Harris-Foulkes estimate   =     -40.24983367 Ry
     estimated scf accuracy    <       0.00001513 Ry

     iteration #  4     ecut=    30.00 Ry     beta= 0.70
     Davidson diagonalization with overlap
     ethr =  1.51E-07,  avg # of iterations =  1.0

     negative rho (up, down):  1.065E-02 0.000E+00

     total cpu time spent up to now is        8.6 secs

     total energy              =     -40.24983265 Ry
     Harris-Foulkes estimate   =     -40.24983266 Ry
     estimated scf accuracy    <       0.00000015 Ry

     iteration #  5     ecut=    30.00 Ry     beta= 0.70
     Davidson diagonalization with overlap
     ethr =  1.54E-09,  avg # of iterations =  3.0

     negative rho (up, down):  1.065E-02 0.000E+00

     total cpu time spent up to now is        9.4 secs

     total energy              =     -40.24983269 Ry
     Harris-Foulkes estimate   =     -40.24983270 Ry
     estimated scf accuracy    <       0.00000002 Ry

     iteration #  6     ecut=    30.00 Ry     beta= 0.70
     Davidson diagonalization with overlap
     ethr =  1.81E-10,  avg # of iterations =  2.0

     negative rho (up, down):  1.065E-02 0.000E+00

     total cpu time spent up to now is        9.9 secs

     End of self-consistent calculation

          k = 0.0000 0.0000 0.0000 ( 18805 PWs)   bands (ev):

   -27.1617 -13.7511 -10.9388 -10.9388  -9.9712

     occupation numbers 
     1.0000   1.0000   1.0000   1.0000   1.0000

     highest occupied level (ev):    -9.9712

!    total energy              =     -40.24983270 Ry
     Harris-Foulkes estimate   =     -40.24983269 Ry
     estimated scf accuracy    <          2.0E-09 Ry

     The total energy is the sum of the following terms:

     one-electron contribution =     -77.40774519 Ry
     hartree contribution      =      39.68968737 Ry
     xc contribution           =     -10.25368348 Ry
     ewald contribution        =       7.72190859 Ry

     convergence has been achieved in   6 iterations

     negative rho (up, down):  1.065E-02 0.000E+00

     Forces acting on atoms (cartesian axes, Ry/au):

     atom    1 type  1   force =     0.00000000    0.00000000    0.26147070
     atom    2 type  1   force =     0.00000000    0.00000000   -0.26147070
     The non-local contrib.  to forces
     atom    1 type  1   force =     0.00000000    0.00000000    1.97045186
     atom    2 type  1   force =     0.00000000    0.00000000   -1.97045186
     The ionic contribution  to forces
     atom    1 type  1   force =    -0.00000000   -0.00000000  -10.19747306
     atom    2 type  1   force =     0.00000000    0.00000000   10.19747306
     The local contribution  to forces
     atom    1 type  1   force =     0.00000000    0.00000000    8.49805494
     atom    2 type  1   force =     0.00000000    0.00000000   -8.49805494
     The core correction contribution to forces
     atom    1 type  1   force =     0.00000000    0.00000000   -0.00945356
     atom    2 type  1   force =     0.00000000    0.00000000    0.00945356
     The Hubbard contrib.    to forces
     atom    1 type  1   force =     0.00000000    0.00000000    0.00000000
     atom    2 type  1   force =     0.00000000    0.00000000    0.00000000
     The SCF correction term to forces
     atom    1 type  1   force =     0.00000000    0.00000000   -0.00010947
     atom    2 type  1   force =    -0.00000000   -0.00000000    0.00010947

     Total force =     0.369775     Total SCF correction =     0.000155

     number of scf cycles    =   2
     number of bfgs steps    =   1

     energy   old            =     -40.2646859933 Ry
     energy   new            =     -40.2498326974 Ry

     CASE: energy  _new > energy  _old

     new trust radius        =       0.0122943110 bohr
     new conv_thr            =       0.0000000100 Ry


ATOMIC_POSITIONS (crystal)
N        0.500000000   0.500000000   0.444469413
N        0.500000000   0.500000000   0.555530587


     Check: negative starting charge=   -0.004098
     NEW-OLD atomic charge density approx. for the potential

     Check: negative/imaginary core charge=   -0.000004    0.000000
     Check: negative starting charge=   -0.004133

     negative rho (up, down):  9.515E-03 0.000E+00

     total cpu time spent up to now is       10.7 secs

     Self-consistent Calculation

     iteration #  1     ecut=    30.00 Ry     beta= 0.70
     Davidson diagonalization with overlap
     ethr =  1.00E-06,  avg # of iterations =  4.0

     negative rho (up, down):  1.018E-02 0.000E+00

     total cpu time spent up to now is       12.2 secs

     total energy              =     -40.26388176 Ry
     Harris-Foulkes estimate   =     -40.26764832 Ry
     estimated scf accuracy    <       0.00560642 Ry

     iteration #  2     ecut=    30.00 Ry     beta= 0.70
     Davidson diagonalization with overlap
     ethr =  5.61E-05,  avg # of iterations =  2.0

     negative rho (up, down):  1.032E-02 0.000E+00

     total cpu time spent up to now is       13.3 secs

     total energy              =     -40.26527450 Ry
     Harris-Foulkes estimate   =     -40.26559157 Ry
     estimated scf accuracy    <       0.00054861 Ry

     iteration #  3     ecut=    30.00 Ry     beta= 0.70
     Davidson diagonalization with overlap
     ethr =  5.49E-06,  avg # of iterations =  2.0

     negative rho (up, down):  1.053E-02 0.000E+00

     total cpu time spent up to now is       14.4 secs

     total energy              =     -40.26538150 Ry
     Harris-Foulkes estimate   =     -40.26538219 Ry
     estimated scf accuracy    <       0.00000885 Ry

     iteration #  4     ecut=    30.00 Ry     beta= 0.70
     Davidson diagonalization with overlap
     ethr =  8.85E-08,  avg # of iterations =  1.0

     negative rho (up, down):  1.055E-02 0.000E+00

     total cpu time spent up to now is       15.3 secs

     total energy              =     -40.26538203 Ry
     Harris-Foulkes estimate   =     -40.26538201 Ry
     estimated scf accuracy    <       0.00000008 Ry

     iteration #  5     ecut=    30.00 Ry     beta= 0.70
     Davidson diagonalization with overlap
     ethr =  7.73E-10,  avg # of iterations =  2.0

     negative rho (up, down):  1.055E-02 0.000E+00

     total cpu time spent up to now is       15.9 secs

     End of self-consistent calculation

          k = 0.0000 0.0000 0.0000 ( 18805 PWs)   bands (ev):

   -28.0277 -13.3577 -11.3739 -11.3739 -10.0110

     occupation numbers 
     1.0000   1.0000   1.0000   1.0000   1.0000

     highest occupied level (ev):   -10.0110

!    total energy              =     -40.26538205 Ry
     Harris-Foulkes estimate   =     -40.26538205 Ry
     estimated scf accuracy    <          6.6E-09 Ry

     The total energy is the sum of the following terms:

     one-electron contribution =     -79.46057255 Ry
     hartree contribution      =      40.69440033 Ry
     xc contribution           =     -10.37816655 Ry
     ewald contribution        =       8.87895672 Ry

     convergence has been achieved in   5 iterations

     negative rho (up, down):  1.055E-02 0.000E+00

     Forces acting on atoms (cartesian axes, Ry/au):

     atom    1 type  1   force =     0.00000000    0.00000000    0.00840159
     atom    2 type  1   force =     0.00000000    0.00000000   -0.00840159
     The non-local contrib.  to forces
     atom    1 type  1   force =     0.00000000    0.00000000    1.91324912
     atom    2 type  1   force =     0.00000000    0.00000000   -1.91324912
     The ionic contribution  to forces
     atom    1 type  1   force =    -0.00000000   -0.00000000  -11.28382619
     atom    2 type  1   force =     0.00000000    0.00000000   11.28382619
     The local contribution  to forces
     atom    1 type  1   force =     0.00000000    0.00000000    9.38477669
     atom    2 type  1   force =     0.00000000    0.00000000   -9.38477669
     The core correction contribution to forces
     atom    1 type  1   force =    -0.00000000   -0.00000000   -0.00569012
     atom    2 type  1   force =     0.00000000    0.00000000    0.00569012
     The Hubbard contrib.    to forces
     atom    1 type  1   force =     0.00000000    0.00000000    0.00000000
     atom    2 type  1   force =     0.00000000    0.00000000    0.00000000
     The SCF correction term to forces
     atom    1 type  1   force =     0.00000000    0.00000000   -0.00010790
     atom    2 type  1   force =     0.00000000    0.00000000    0.00010790

     Total force =     0.011882     Total SCF correction =     0.000153

     number of scf cycles    =   3
     number of bfgs steps    =   1

     energy   old            =     -40.2646859933 Ry
     energy   new            =     -40.2653820462 Ry

     CASE: energy  _new < energy  _old

     new trust radius        =       0.0013841068 bohr
     new conv_thr            =       0.0000000007 Ry


ATOMIC_POSITIONS (crystal)
N        0.500000000   0.500000000   0.444542657
N        0.500000000   0.500000000   0.555457343


     Check: negative starting charge=   -0.004133
     NEW-OLD atomic charge density approx. for the potential

     Check: negative/imaginary core charge=   -0.000004    0.000000
     Check: negative starting charge=   -0.004135

     negative rho (up, down):  1.053E-02 0.000E+00

     total cpu time spent up to now is       16.7 secs

     Self-consistent Calculation

     iteration #  1     ecut=    30.00 Ry     beta= 0.70
     Davidson diagonalization with overlap
     ethr =  1.00E-06,  avg # of iterations =  2.0

     Threshold (ethr) on eigenvalues was too large:
     Diagonalizing with lowered threshold

     Davidson diagonalization with overlap
     ethr =  4.25E-08,  avg # of iterations =  1.0

     negative rho (up, down):  1.056E-02 0.000E+00

     total cpu time spent up to now is       17.9 secs

     total energy              =     -40.26539305 Ry
     Harris-Foulkes estimate   =     -40.26539592 Ry
     estimated scf accuracy    <       0.00000428 Ry

     iteration #  2     ecut=    30.00 Ry     beta= 0.70
     Davidson diagonalization with overlap
     ethr =  4.28E-08,  avg # of iterations =  2.0

     negative rho (up, down):  1.056E-02 0.000E+00

     total cpu time spent up to now is       18.7 secs

     total energy              =     -40.26539414 Ry
     Harris-Foulkes estimate   =     -40.26539438 Ry
     estimated scf accuracy    <       0.00000043 Ry

     iteration #  3     ecut=    30.00 Ry     beta= 0.70
     Davidson diagonalization with overlap
     ethr =  4.29E-09,  avg # of iterations =  2.0

     negative rho (up, down):  1.056E-02 0.000E+00

     total cpu time spent up to now is       19.4 secs

     total energy              =     -40.26539423 Ry
     Harris-Foulkes estimate   =     -40.26539422 Ry
     estimated scf accuracy    <          6.3E-09 Ry

     iteration #  4     ecut=    30.00 Ry     beta= 0.70
     Davidson diagonalization with overlap
     ethr =  6.33E-11,  avg # of iterations =  1.0

     negative rho (up, down):  1.057E-02 0.000E+00

     total cpu time spent up to now is       19.9 secs

     End of self-consistent calculation

          k = 0.0000 0.0000 0.0000 ( 18805 PWs)   bands (ev):

   -28.0501 -13.3477 -11.3856 -11.3856 -10.0122

     occupation numbers 
     1.0000   1.0000   1.0000   1.0000   1.0000

     highest occupied level (ev):   -10.0122

!    total energy              =     -40.26539423 Ry
     Harris-Foulkes estimate   =     -40.26539423 Ry
     estimated scf accuracy    <          5.9E-11 Ry

     The total energy is the sum of the following terms:

     one-electron contribution =     -79.51532729 Ry
     hartree contribution      =      40.72127399 Ry
     xc contribution           =     -10.38157532 Ry
     ewald contribution        =       8.91023439 Ry

     convergence has been achieved in   4 iterations

     negative rho (up, down):  1.057E-02 0.000E+00

     Forces acting on atoms (cartesian axes, Ry/au):

     atom    1 type  1   force =     0.00000000    0.00000000    0.00036407
     atom    2 type  1   force =     0.00000000    0.00000000   -0.00036407
     The non-local contrib.  to forces
     atom    1 type  1   force =     0.00000000    0.00000000    1.91116632
     atom    2 type  1   force =     0.00000000    0.00000000   -1.91116632
     The ionic contribution  to forces
     atom    1 type  1   force =    -0.00000000   -0.00000000  -11.31392538
     atom    2 type  1   force =     0.00000000    0.00000000   11.31392538
     The local contribution  to forces
     atom    1 type  1   force =     0.00000000    0.00000000    9.40871209
     atom    2 type  1   force =     0.00000000    0.00000000   -9.40871209
     The core correction contribution to forces
     atom    1 type  1   force =    -0.00000000    0.00000000   -0.00558110
     atom    2 type  1   force =     0.00000000    0.00000000    0.00558110
     The Hubbard contrib.    to forces
     atom    1 type  1   force =     0.00000000    0.00000000    0.00000000
     atom    2 type  1   force =     0.00000000    0.00000000    0.00000000
     The SCF correction term to forces
     atom    1 type  1   force =    -0.00000000    0.00000000   -0.00000786
     atom    2 type  1   force =     0.00000000   -0.00000000    0.00000786

     Total force =     0.000515     Total SCF correction =     0.000011

     bfgs converged in   4 scf cycles and   2 bfgs steps
     (criteria: energy <  1.0E-04 Ry, force <  1.0E-03 Ry/Bohr)

     End of BFGS Geometry Optimization

     Final energy   =     -40.2653942283 Ry
Begin final coordinates

ATOMIC_POSITIONS (crystal)
N        0.500000000   0.500000000   0.444542657
N        0.500000000   0.500000000   0.555457343
End final coordinates


 
     init_run     :      1.96s CPU      0.87s WALL (       1 calls)
     electrons    :     36.69s CPU     16.30s WALL (       4 calls)
     update_pot   :      2.45s CPU      1.14s WALL (       3 calls)
     forces       :      3.21s CPU      1.35s WALL (       4 calls)

     Called by init_run:
     wfcinit      :      0.71s CPU      0.28s WALL (       1 calls)
     wfcinit:atom :      0.00s CPU      0.00s WALL (       1 calls)
     wfcinit:wfcr :      0.70s CPU      0.28s WALL (       1 calls)
     potinit      :      0.57s CPU      0.24s WALL (       1 calls)
     hinit0       :      0.43s CPU      0.21s WALL (       1 calls)

     Called by electrons:
     c_bands      :     17.07s CPU      7.66s WALL (      22 calls)
     sum_band     :      6.48s CPU      2.90s WALL (      22 calls)
     v_of_rho     :      8.75s CPU      3.81s WALL (      25 calls)
     v_h          :      0.90s CPU      0.40s WALL (      25 calls)
     v_xc         :      9.19s CPU      3.92s WALL (      29 calls)
     newd         :      4.72s CPU      2.15s WALL (      25 calls)
     mix_rho      :      1.34s CPU      0.56s WALL (      22 calls)

     Called by c_bands:
     init_us_2    :      0.12s CPU      0.06s WALL (      45 calls)
     cegterg      :     16.35s CPU      7.34s WALL (      22 calls)

     Called by sum_band:
     sum_band:bec :      0.07s CPU      0.04s WALL (      22 calls)
     addusdens    :      1.32s CPU      0.63s WALL (      22 calls)

     Called by *egterg:
     h_psi        :     13.36s CPU      5.97s WALL (      71 calls)
     s_psi        :      0.05s CPU      0.02s WALL (      71 calls)
     g_psi        :      0.04s CPU      0.02s WALL (      48 calls)
     cdiaghg      :      0.21s CPU      0.09s WALL (      66 calls)
     cegterg:over :      1.46s CPU      0.62s WALL (      48 calls)
     cegterg:upda :      0.09s CPU      0.05s WALL (      48 calls)
     cegterg:last :      0.06s CPU      0.03s WALL (      24 calls)

     Called by h_psi:
     h_psi:pot    :     13.33s CPU      5.95s WALL (      71 calls)
     h_psi:calbec :      1.11s CPU      0.50s WALL (      71 calls)
     vloc_psi     :     12.08s CPU      5.39s WALL (      71 calls)
     add_vuspsi   :      0.13s CPU      0.06s WALL (      71 calls)

     General routines
     calbec       :      1.96s CPU      0.89s WALL (     109 calls)
     fft          :     10.23s CPU      4.53s WALL (     327 calls)
     ffts         :      0.56s CPU      0.24s WALL (      22 calls)
     fftw         :     13.40s CPU      5.96s WALL (     752 calls)
 
     Parallel routines
     fft_scatt_xy :      0.42s CPU      0.20s WALL (    1101 calls)
     fft_scatt_yz :     20.79s CPU      9.20s WALL (    1101 calls)
 
     PWSCF        :    45.31s CPU        20.26s WALL

 
   This run was terminated on:   8:58:10  19Mar2019            

=------------------------------------------------------------------------------=
   JOB DONE.
=------------------------------------------------------------------------------=
