
     Program PWSCF v.6.3MaX starts on 19Mar2019 at  8:58:36 

     This program is part of the open-source Quantum ESPRESSO suite
     for quantum simulation of materials; please cite
         "P. Giannozzi et al., J. Phys.:Condens. Matter 21 395502 (2009);
         "P. Giannozzi et al., J. Phys.:Condens. Matter 29 465901 (2017);
          URL http://www.quantum-espresso.org", 
     in publications or presentations arising from this work. More details at
     http://www.quantum-espresso.org/quote

 *** WARNING: using old-style file format, will disappear from next version ***

     Parallel version (MPI & OpenMP), running on      20 processor cores
     Number of MPI processes:                 5
     Threads/MPI process:                     4

     MPI processes distributed on     1 nodes
     R & G space division:  proc/nbgrp/npool/nimage =       5
     Reading input from /home/azadoks/dftman/projects/HW5_3/ConvergenceWorkflows/8ea71bd0fc85/3cfb1a6ccac4/pwscf.in
Warning: card &CELL ignored
Warning: card / ignored

     Current dimensions of program PWSCF are:
     Max number of different atomic species (ntypx) = 10
     Max number of k-points (npk) =  40000
     Max angular momentum in pseudopotentials (lmaxx) =  3
     Message from routine iosys:
     minimal I/O required, wf_collect reset to FALSE

     Subspace diagonalization in iterative solution of the eigenvalue problem:
     a serial algorithm will be used

 
     Parallelization info
     --------------------
     sticks:   dense  smooth     PW     G-vecs:    dense   smooth      PW
     Min         907     907    225                46077    46077    5734
     Max         908     908    226                46080    46080    5735
     Sum        4537    4537   1129               230389   230389   28671
 


     bravais-lattice index     =            0
     lattice parameter (alat)  =      18.8973  a.u.
     unit-cell volume          =    6748.3346 (a.u.)^3
     number of atoms/cell      =            2
     number of atomic types    =            1
     number of electrons       =        10.00
     number of Kohn-Sham states=            5
     kinetic-energy cutoff     =      40.0000  Ry
     charge density cutoff     =     160.0000  Ry
     convergence threshold     =      1.0E-08
     mixing beta               =       0.7000
     number of iterations used =            8  plain     mixing
     Exchange-correlation      = SLA  PW   PBE  PBE ( 1  4  3  4 0 0)
     nstep                     =           50


     celldm(1)=  18.897261  celldm(2)=   0.000000  celldm(3)=   0.000000
     celldm(4)=   0.000000  celldm(5)=   0.000000  celldm(6)=   0.000000

     crystal axes: (cart. coord. in units of alat)
               a(1) = (   1.000000   0.000000   0.000000 )  
               a(2) = (   0.000000   1.000000   0.000000 )  
               a(3) = (   0.000000   0.000000   1.000000 )  

     reciprocal axes: (cart. coord. in units 2 pi/alat)
               b(1) = (  1.000000  0.000000  0.000000 )  
               b(2) = (  0.000000  1.000000  0.000000 )  
               b(3) = (  0.000000  0.000000  1.000000 )  


     PseudoPot. # 1 for N  read from file:
     /home/azadoks/.local/share/pseudo/GBRV_PBE_US/n_pbe_v1.2.uspp.F.UPF
     MD5 check sum: 95339753478d7afb44899504a8723017
     Pseudo is Ultrasoft + core correction, Zval =  5.0
     Generated by new atomic code, or converted to UPF format
     Using radial grid of  729 points,  4 beta functions with: 
                l(1) =   0
                l(2) =   0
                l(3) =   1
                l(4) =   1
     Q(r) pseudized with  8 coefficients,  rinner =    0.900   0.900   0.900


     atomic species   valence    mass     pseudopotential
        N              5.00    14.00670     N ( 1.00)

     16 Sym. Ops., with inversion, found


                                    s                        frac. trans.

      isym =  1     identity                                     

 cryst.   s( 1) = (     1          0          0      )
                  (     0          1          0      )
                  (     0          0          1      )

 cart.    s( 1) = (  1.0000000  0.0000000  0.0000000 )
                  (  0.0000000  1.0000000  0.0000000 )
                  (  0.0000000  0.0000000  1.0000000 )


      isym =  2     180 deg rotation - cart. axis [0,0,1]        

 cryst.   s( 2) = (    -1          0          0      )
                  (     0         -1          0      )
                  (     0          0          1      )

 cart.    s( 2) = ( -1.0000000  0.0000000  0.0000000 )
                  (  0.0000000 -1.0000000  0.0000000 )
                  (  0.0000000  0.0000000  1.0000000 )


      isym =  3     180 deg rotation - cart. axis [0,1,0]        

 cryst.   s( 3) = (    -1          0          0      )
                  (     0          1          0      )
                  (     0          0         -1      )

 cart.    s( 3) = ( -1.0000000  0.0000000  0.0000000 )
                  (  0.0000000  1.0000000  0.0000000 )
                  (  0.0000000  0.0000000 -1.0000000 )


      isym =  4     180 deg rotation - cart. axis [1,0,0]        

 cryst.   s( 4) = (     1          0          0      )
                  (     0         -1          0      )
                  (     0          0         -1      )

 cart.    s( 4) = (  1.0000000  0.0000000  0.0000000 )
                  (  0.0000000 -1.0000000  0.0000000 )
                  (  0.0000000  0.0000000 -1.0000000 )


      isym =  5     180 deg rotation - cart. axis [1,1,0]        

 cryst.   s( 5) = (     0          1          0      )
                  (     1          0          0      )
                  (     0          0         -1      )

 cart.    s( 5) = (  0.0000000  1.0000000  0.0000000 )
                  (  1.0000000  0.0000000  0.0000000 )
                  (  0.0000000  0.0000000 -1.0000000 )


      isym =  6     180 deg rotation - cart. axis [1,-1,0]       

 cryst.   s( 6) = (     0         -1          0      )
                  (    -1          0          0      )
                  (     0          0         -1      )

 cart.    s( 6) = (  0.0000000 -1.0000000  0.0000000 )
                  ( -1.0000000  0.0000000  0.0000000 )
                  (  0.0000000  0.0000000 -1.0000000 )


      isym =  7      90 deg rotation - cart. axis [0,0,-1]       

 cryst.   s( 7) = (     0         -1          0      )
                  (     1          0          0      )
                  (     0          0          1      )

 cart.    s( 7) = (  0.0000000  1.0000000  0.0000000 )
                  ( -1.0000000  0.0000000  0.0000000 )
                  (  0.0000000  0.0000000  1.0000000 )


      isym =  8      90 deg rotation - cart. axis [0,0,1]        

 cryst.   s( 8) = (     0          1          0      )
                  (    -1          0          0      )
                  (     0          0          1      )

 cart.    s( 8) = (  0.0000000 -1.0000000  0.0000000 )
                  (  1.0000000  0.0000000  0.0000000 )
                  (  0.0000000  0.0000000  1.0000000 )


      isym =  9     inversion                                    

 cryst.   s( 9) = (    -1          0          0      )
                  (     0         -1          0      )
                  (     0          0         -1      )

 cart.    s( 9) = ( -1.0000000  0.0000000  0.0000000 )
                  (  0.0000000 -1.0000000  0.0000000 )
                  (  0.0000000  0.0000000 -1.0000000 )


      isym = 10     inv. 180 deg rotation - cart. axis [0,0,1]   

 cryst.   s(10) = (     1          0          0      )
                  (     0          1          0      )
                  (     0          0         -1      )

 cart.    s(10) = (  1.0000000  0.0000000  0.0000000 )
                  (  0.0000000  1.0000000  0.0000000 )
                  (  0.0000000  0.0000000 -1.0000000 )


      isym = 11     inv. 180 deg rotation - cart. axis [0,1,0]   

 cryst.   s(11) = (     1          0          0      )
                  (     0         -1          0      )
                  (     0          0          1      )

 cart.    s(11) = (  1.0000000  0.0000000  0.0000000 )
                  (  0.0000000 -1.0000000  0.0000000 )
                  (  0.0000000  0.0000000  1.0000000 )


      isym = 12     inv. 180 deg rotation - cart. axis [1,0,0]   

 cryst.   s(12) = (    -1          0          0      )
                  (     0          1          0      )
                  (     0          0          1      )

 cart.    s(12) = ( -1.0000000  0.0000000  0.0000000 )
                  (  0.0000000  1.0000000  0.0000000 )
                  (  0.0000000  0.0000000  1.0000000 )


      isym = 13     inv. 180 deg rotation - cart. axis [1,1,0]   

 cryst.   s(13) = (     0         -1          0      )
                  (    -1          0          0      )
                  (     0          0          1      )

 cart.    s(13) = (  0.0000000 -1.0000000  0.0000000 )
                  ( -1.0000000  0.0000000  0.0000000 )
                  (  0.0000000  0.0000000  1.0000000 )


      isym = 14     inv. 180 deg rotation - cart. axis [1,-1,0]  

 cryst.   s(14) = (     0          1          0      )
                  (     1          0          0      )
                  (     0          0          1      )

 cart.    s(14) = (  0.0000000  1.0000000  0.0000000 )
                  (  1.0000000  0.0000000  0.0000000 )
                  (  0.0000000  0.0000000  1.0000000 )


      isym = 15     inv.  90 deg rotation - cart. axis [0,0,-1]  

 cryst.   s(15) = (     0          1          0      )
                  (    -1          0          0      )
                  (     0          0         -1      )

 cart.    s(15) = (  0.0000000 -1.0000000  0.0000000 )
                  (  1.0000000  0.0000000  0.0000000 )
                  (  0.0000000  0.0000000 -1.0000000 )


      isym = 16     inv.  90 deg rotation - cart. axis [0,0,1]   

 cryst.   s(16) = (     0         -1          0      )
                  (     1          0          0      )
                  (     0          0         -1      )

 cart.    s(16) = (  0.0000000  1.0000000  0.0000000 )
                  ( -1.0000000  0.0000000  0.0000000 )
                  (  0.0000000  0.0000000 -1.0000000 )


   Cartesian axes

     site n.     atom                  positions (alat units)
         1           N   tau(   1) = (   0.5000000   0.5000000   0.4451200  )
         2           N   tau(   2) = (   0.5000000   0.5000000   0.5548800  )

   Crystallographic axes

     site n.     atom                  positions (cryst. coord.)
         1           N   tau(   1) = (  0.5000000  0.5000000  0.4451200  )
         2           N   tau(   2) = (  0.5000000  0.5000000  0.5548800  )

     number of k points=     1
                       cart. coord. in units 2pi/alat
        k(    1) = (   0.0000000   0.0000000   0.0000000), wk =   2.0000000

                       cryst. coord.
        k(    1) = (   0.0000000   0.0000000   0.0000000), wk =   2.0000000

     Dense  grid:   230389 G-vectors     FFT dimensions: (  80,  80,  80)

     Dynamical RAM for                 wfc:       0.44 MB

     Dynamical RAM for     wfc (w. buffer):       0.44 MB

     Dynamical RAM for           str. fact:       0.70 MB

     Dynamical RAM for           local pot:       0.00 MB

     Dynamical RAM for          nlocal pot:       1.41 MB

     Dynamical RAM for                qrad:       0.87 MB

     Dynamical RAM for          rho,v,vnew:       4.45 MB

     Dynamical RAM for               rhoin:       1.48 MB

     Dynamical RAM for            rho*nmix:      11.25 MB

     Dynamical RAM for           G-vectors:       2.99 MB

     Dynamical RAM for          h,s,v(r/c):       0.02 MB

     Dynamical RAM for          <psi|beta>:       0.00 MB

     Dynamical RAM for                 psi:       1.76 MB

     Dynamical RAM for                hpsi:       1.76 MB

     Dynamical RAM for                spsi:       1.76 MB

     Dynamical RAM for      wfcinit/wfcrot:       1.41 MB

     Dynamical RAM for           addusdens:      31.64 MB

     Dynamical RAM for          addusforce:      33.40 MB

     Estimated static dynamical RAM per process >      28.91 MB

     Estimated max dynamical RAM per process >      62.31 MB

     Estimated total dynamical RAM >     311.55 MB

     Initial potential from superposition of free atoms
     Check: negative starting charge=   -0.002835

     starting charge    9.99998, renormalised to   10.00000

     negative rho (up, down):  2.835E-03 0.000E+00
     Starting wfcs are    8 randomized atomic wfcs

     total cpu time spent up to now is        1.1 secs

     Self-consistent Calculation

     iteration #  1     ecut=    40.00 Ry     beta= 0.70
     Davidson diagonalization with overlap
     ethr =  1.00E-02,  avg # of iterations =  2.0

     negative rho (up, down):  1.016E-03 0.000E+00

     total cpu time spent up to now is        1.7 secs

     total energy              =     -40.24761525 Ry
     Harris-Foulkes estimate   =     -40.34431936 Ry
     estimated scf accuracy    <       0.15522535 Ry

     iteration #  2     ecut=    40.00 Ry     beta= 0.70
     Davidson diagonalization with overlap
     ethr =  1.55E-03,  avg # of iterations =  2.0

     negative rho (up, down):  5.889E-04 0.000E+00

     total cpu time spent up to now is        2.5 secs

     total energy              =     -40.27674250 Ry
     Harris-Foulkes estimate   =     -40.28303431 Ry
     estimated scf accuracy    <       0.01115237 Ry

     iteration #  3     ecut=    40.00 Ry     beta= 0.70
     Davidson diagonalization with overlap
     ethr =  1.12E-04,  avg # of iterations =  2.0

     negative rho (up, down):  4.328E-04 0.000E+00

     total cpu time spent up to now is        3.1 secs

     total energy              =     -40.27870448 Ry
     Harris-Foulkes estimate   =     -40.27890637 Ry
     estimated scf accuracy    <       0.00043913 Ry

     iteration #  4     ecut=    40.00 Ry     beta= 0.70
     Davidson diagonalization with overlap
     ethr =  4.39E-06,  avg # of iterations =  2.0

     negative rho (up, down):  4.283E-04 0.000E+00

     total cpu time spent up to now is        3.8 secs

     total energy              =     -40.27875053 Ry
     Harris-Foulkes estimate   =     -40.27875048 Ry
     estimated scf accuracy    <       0.00000157 Ry

     iteration #  5     ecut=    40.00 Ry     beta= 0.70
     Davidson diagonalization with overlap
     ethr =  1.57E-08,  avg # of iterations =  3.0

     negative rho (up, down):  4.276E-04 0.000E+00

     total cpu time spent up to now is        4.7 secs

     total energy              =     -40.27875152 Ry
     Harris-Foulkes estimate   =     -40.27875154 Ry
     estimated scf accuracy    <       0.00000004 Ry

     iteration #  6     ecut=    40.00 Ry     beta= 0.70
     Davidson diagonalization with overlap
     ethr =  4.03E-10,  avg # of iterations =  4.0

     negative rho (up, down):  4.273E-04 0.000E+00

     total cpu time spent up to now is        6.0 secs

     End of self-consistent calculation

          k = 0.0000 0.0000 0.0000 ( 28671 PWs)   bands (ev):

   -28.2060 -13.2549 -11.4810 -11.4810 -10.0290

     occupation numbers 
     1.0000   1.0000   1.0000   1.0000   1.0000

     highest occupied level (ev):   -10.0290

!    total energy              =     -40.27875154 Ry
     Harris-Foulkes estimate   =     -40.27875155 Ry
     estimated scf accuracy    <          1.1E-09 Ry

     The total energy is the sum of the following terms:

     one-electron contribution =     -79.97771924 Ry
     hartree contribution      =      40.95129079 Ry
     xc contribution           =     -10.41205278 Ry
     ewald contribution        =       9.15972968 Ry

     convergence has been achieved in   6 iterations

     negative rho (up, down):  4.273E-04 0.000E+00

     Forces acting on atoms (cartesian axes, Ry/au):

     atom    1 type  1   force =     0.00000000    0.00000000   -0.06187286
     atom    2 type  1   force =     0.00000000    0.00000000    0.06187286
     The non-local contrib.  to forces
     atom    1 type  1   force =     0.00000000    0.00000000    1.88289637
     atom    2 type  1   force =     0.00000000    0.00000000   -1.88289637
     The ionic contribution  to forces
     atom    1 type  1   force =     0.00000000    0.00000000  -11.55540219
     atom    2 type  1   force =    -0.00000000   -0.00000000   11.55540219
     The local contribution  to forces
     atom    1 type  1   force =     0.00000000    0.00000000    9.61469061
     atom    2 type  1   force =     0.00000000    0.00000000   -9.61469061
     The core correction contribution to forces
     atom    1 type  1   force =    -0.00000000   -0.00000000   -0.00407147
     atom    2 type  1   force =     0.00000000   -0.00000000    0.00407147
     The Hubbard contrib.    to forces
     atom    1 type  1   force =     0.00000000    0.00000000    0.00000000
     atom    2 type  1   force =     0.00000000    0.00000000    0.00000000
     The SCF correction term to forces
     atom    1 type  1   force =    -0.00000000    0.00000000    0.00001382
     atom    2 type  1   force =    -0.00000000    0.00000000   -0.00001382

     Total force =     0.087501     Total SCF correction =     0.000020

     BFGS Geometry Optimization

     number of scf cycles    =   1
     number of bfgs steps    =   0

     energy   new            =     -40.2787515415 Ry

     new trust radius        =       0.0618728600 bohr
     new conv_thr            =       0.0000000100 Ry


ATOMIC_POSITIONS (crystal)
N        0.500000000   0.500000000   0.441845829
N        0.500000000   0.500000000   0.558154171


     Check: negative starting charge=   -0.002835
     NEW-OLD atomic charge density approx. for the potential
     Check: negative starting charge=   -0.002845

     negative rho (up, down):  1.423E-03 0.000E+00

     total cpu time spent up to now is        6.8 secs

     Self-consistent Calculation

     iteration #  1     ecut=    40.00 Ry     beta= 0.70
     Davidson diagonalization with overlap
     ethr =  1.00E-06,  avg # of iterations =  5.0

     negative rho (up, down):  6.109E-04 0.000E+00

     total cpu time spent up to now is        8.1 secs

     total energy              =     -40.26316949 Ry
     Harris-Foulkes estimate   =     -40.26845081 Ry
     estimated scf accuracy    <       0.00778378 Ry

     iteration #  2     ecut=    40.00 Ry     beta= 0.70
     Davidson diagonalization with overlap
     ethr =  7.78E-05,  avg # of iterations =  2.0

     negative rho (up, down):  4.823E-04 0.000E+00

     total cpu time spent up to now is        9.0 secs

     total energy              =     -40.26515656 Ry
     Harris-Foulkes estimate   =     -40.26563433 Ry
     estimated scf accuracy    <       0.00082836 Ry

     iteration #  3     ecut=    40.00 Ry     beta= 0.70
     Davidson diagonalization with overlap
     ethr =  8.28E-06,  avg # of iterations =  2.0

     negative rho (up, down):  4.100E-04 0.000E+00

     total cpu time spent up to now is        9.9 secs

     total energy              =     -40.26531432 Ry
     Harris-Foulkes estimate   =     -40.26531611 Ry
     estimated scf accuracy    <       0.00001277 Ry

     iteration #  4     ecut=    40.00 Ry     beta= 0.70
     Davidson diagonalization with overlap
     ethr =  1.28E-07,  avg # of iterations =  1.0

     negative rho (up, down):  4.042E-04 0.000E+00

     total cpu time spent up to now is       10.6 secs

     total energy              =     -40.26531502 Ry
     Harris-Foulkes estimate   =     -40.26531505 Ry
     estimated scf accuracy    <       0.00000015 Ry

     iteration #  5     ecut=    40.00 Ry     beta= 0.70
     Davidson diagonalization with overlap
     ethr =  1.46E-09,  avg # of iterations =  3.0

     negative rho (up, down):  4.027E-04 0.000E+00

     total cpu time spent up to now is       11.2 secs

     total energy              =     -40.26531507 Ry
     Harris-Foulkes estimate   =     -40.26531507 Ry
     estimated scf accuracy    <       0.00000002 Ry

     iteration #  6     ecut=    40.00 Ry     beta= 0.70
     Davidson diagonalization with overlap
     ethr =  1.55E-10,  avg # of iterations =  2.0

     negative rho (up, down):  4.026E-04 0.000E+00

     total cpu time spent up to now is       11.8 secs

     End of self-consistent calculation

          k = 0.0000 0.0000 0.0000 ( 28671 PWs)   bands (ev):

   -27.2109 -13.7088 -10.9747 -10.9747  -9.9807

     occupation numbers 
     1.0000   1.0000   1.0000   1.0000   1.0000

     highest occupied level (ev):    -9.9807

!    total energy              =     -40.26531507 Ry
     Harris-Foulkes estimate   =     -40.26531507 Ry
     estimated scf accuracy    <          1.8E-09 Ry

     The total energy is the sum of the following terms:

     one-electron contribution =     -77.59330827 Ry
     hartree contribution      =      39.78344353 Ry
     xc contribution           =     -10.26648474 Ry
     ewald contribution        =       7.81103441 Ry

     convergence has been achieved in   6 iterations

     negative rho (up, down):  4.026E-04 0.000E+00

     Forces acting on atoms (cartesian axes, Ry/au):

     atom    1 type  1   force =     0.00000000    0.00000000    0.25260020
     atom    2 type  1   force =     0.00000000    0.00000000   -0.25260020
     The non-local contrib.  to forces
     atom    1 type  1   force =     0.00000000    0.00000000    1.96114024
     atom    2 type  1   force =     0.00000000    0.00000000   -1.96114024
     The ionic contribution  to forces
     atom    1 type  1   force =    -0.00000000   -0.00000000  -10.27927893
     atom    2 type  1   force =     0.00000000    0.00000000   10.27927893
     The local contribution  to forces
     atom    1 type  1   force =     0.00000000    0.00000000    8.57955636
     atom    2 type  1   force =     0.00000000    0.00000000   -8.57955636
     The core correction contribution to forces
     atom    1 type  1   force =     0.00000000    0.00000000   -0.00871487
     atom    2 type  1   force =     0.00000000    0.00000000    0.00871487
     The Hubbard contrib.    to forces
     atom    1 type  1   force =     0.00000000    0.00000000    0.00000000
     atom    2 type  1   force =     0.00000000    0.00000000    0.00000000
     The SCF correction term to forces
     atom    1 type  1   force =    -0.00000000   -0.00000000   -0.00010259
     atom    2 type  1   force =    -0.00000000   -0.00000000    0.00010259

     Total force =     0.357231     Total SCF correction =     0.000145

     number of scf cycles    =   2
     number of bfgs steps    =   1

     energy   old            =     -40.2787515415 Ry
     energy   new            =     -40.2653150696 Ry

     CASE: energy  _new > energy  _old

     new trust radius        =       0.0112295607 bohr
     new conv_thr            =       0.0000000100 Ry


ATOMIC_POSITIONS (crystal)
N        0.500000000   0.500000000   0.444525757
N        0.500000000   0.500000000   0.555474243


     Check: negative starting charge=   -0.002845
     NEW-OLD atomic charge density approx. for the potential
     Check: negative starting charge=   -0.002842

     negative rho (up, down):  9.820E-04 0.000E+00

     total cpu time spent up to now is       12.6 secs

     Self-consistent Calculation

     iteration #  1     ecut=    40.00 Ry     beta= 0.70
     Davidson diagonalization with overlap
     ethr =  1.00E-06,  avg # of iterations =  5.0

     negative rho (up, down):  4.485E-04 0.000E+00

     total cpu time spent up to now is       14.0 secs

     total energy              =     -40.27798857 Ry
     Harris-Foulkes estimate   =     -40.28140937 Ry
     estimated scf accuracy    <       0.00504675 Ry

     iteration #  2     ecut=    40.00 Ry     beta= 0.70
     Davidson diagonalization with overlap
     ethr =  5.05E-05,  avg # of iterations =  2.0

     negative rho (up, down):  4.039E-04 0.000E+00

     total cpu time spent up to now is       15.2 secs

     total energy              =     -40.27925157 Ry
     Harris-Foulkes estimate   =     -40.27954181 Ry
     estimated scf accuracy    <       0.00050121 Ry

     iteration #  3     ecut=    40.00 Ry     beta= 0.70
     Davidson diagonalization with overlap
     ethr =  5.01E-06,  avg # of iterations =  2.0

     negative rho (up, down):  4.175E-04 0.000E+00

     total cpu time spent up to now is       16.2 secs

     total energy              =     -40.27935000 Ry
     Harris-Foulkes estimate   =     -40.27935093 Ry
     estimated scf accuracy    <       0.00000757 Ry

     iteration #  4     ecut=    40.00 Ry     beta= 0.70
     Davidson diagonalization with overlap
     ethr =  7.57E-08,  avg # of iterations =  1.0

     negative rho (up, down):  4.212E-04 0.000E+00

     total cpu time spent up to now is       17.1 secs

     total energy              =     -40.27935050 Ry
     Harris-Foulkes estimate   =     -40.27935048 Ry
     estimated scf accuracy    <       0.00000008 Ry

     iteration #  5     ecut=    40.00 Ry     beta= 0.70
     Davidson diagonalization with overlap
     ethr =  7.69E-10,  avg # of iterations =  2.0

     negative rho (up, down):  4.224E-04 0.000E+00

     total cpu time spent up to now is       18.0 secs

     End of self-consistent calculation

          k = 0.0000 0.0000 0.0000 ( 28671 PWs)   bands (ev):

   -28.0242 -13.3385 -11.3846 -11.3846 -10.0204

     occupation numbers 
     1.0000   1.0000   1.0000   1.0000   1.0000

     highest occupied level (ev):   -10.0204

!    total energy              =     -40.27935053 Ry
     Harris-Foulkes estimate   =     -40.27935053 Ry
     estimated scf accuracy    <          5.8E-09 Ry

     The total energy is the sum of the following terms:

     one-electron contribution =     -79.52970883 Ry
     hartree contribution      =      40.73148750 Ry
     xc contribution           =     -10.38413945 Ry
     ewald contribution        =       8.90301026 Ry

     convergence has been achieved in   5 iterations

     negative rho (up, down):  4.224E-04 0.000E+00

     Forces acting on atoms (cartesian axes, Ry/au):

     atom    1 type  1   force =     0.00000000    0.00000000    0.00750140
     atom    2 type  1   force =     0.00000000    0.00000000   -0.00750140
     The non-local contrib.  to forces
     atom    1 type  1   force =     0.00000000    0.00000000    1.90214568
     atom    2 type  1   force =     0.00000000    0.00000000   -1.90214568
     The ionic contribution  to forces
     atom    1 type  1   force =     0.00000000    0.00000000  -11.30697002
     atom    2 type  1   force =    -0.00000000   -0.00000000   11.30697002
     The local contribution  to forces
     atom    1 type  1   force =     0.00000000    0.00000000    9.41747185
     atom    2 type  1   force =     0.00000000    0.00000000   -9.41747185
     The core correction contribution to forces
     atom    1 type  1   force =    -0.00000000   -0.00000000   -0.00502110
     atom    2 type  1   force =     0.00000000   -0.00000000    0.00502110
     The Hubbard contrib.    to forces
     atom    1 type  1   force =     0.00000000    0.00000000    0.00000000
     atom    2 type  1   force =     0.00000000    0.00000000    0.00000000
     The SCF correction term to forces
     atom    1 type  1   force =    -0.00000000    0.00000000   -0.00012500
     atom    2 type  1   force =    -0.00000000    0.00000000    0.00012500

     Total force =     0.010609     Total SCF correction =     0.000177

     number of scf cycles    =   3
     number of bfgs steps    =   1

     energy   old            =     -40.2787515415 Ry
     energy   new            =     -40.2793505251 Ry

     CASE: energy  _new < energy  _old

     new trust radius        =       0.0012142462 bohr
     new conv_thr            =       0.0000000006 Ry


ATOMIC_POSITIONS (crystal)
N        0.500000000   0.500000000   0.444590012
N        0.500000000   0.500000000   0.555409988


     Check: negative starting charge=   -0.002842
     NEW-OLD atomic charge density approx. for the potential
     Check: negative starting charge=   -0.002841

     negative rho (up, down):  4.156E-04 0.000E+00

     total cpu time spent up to now is       18.9 secs

     Self-consistent Calculation

     iteration #  1     ecut=    40.00 Ry     beta= 0.70
     Davidson diagonalization with overlap
     ethr =  1.00E-06,  avg # of iterations =  2.0

     Threshold (ethr) on eigenvalues was too large:
     Diagonalizing with lowered threshold

     Davidson diagonalization with overlap
     ethr =  3.28E-08,  avg # of iterations =  1.0

     negative rho (up, down):  4.209E-04 0.000E+00

     total cpu time spent up to now is       20.0 secs

     total energy              =     -40.27935913 Ry
     Harris-Foulkes estimate   =     -40.27936136 Ry
     estimated scf accuracy    <       0.00000326 Ry

     iteration #  2     ecut=    40.00 Ry     beta= 0.70
     Davidson diagonalization with overlap
     ethr =  3.26E-08,  avg # of iterations =  2.0

     negative rho (up, down):  4.219E-04 0.000E+00

     total cpu time spent up to now is       20.9 secs

     total energy              =     -40.27935995 Ry
     Harris-Foulkes estimate   =     -40.27936014 Ry
     estimated scf accuracy    <       0.00000033 Ry

     iteration #  3     ecut=    40.00 Ry     beta= 0.70
     Davidson diagonalization with overlap
     ethr =  3.29E-09,  avg # of iterations =  2.0

     negative rho (up, down):  4.228E-04 0.000E+00

     total cpu time spent up to now is       22.2 secs

     total energy              =     -40.27936001 Ry
     Harris-Foulkes estimate   =     -40.27936001 Ry
     estimated scf accuracy    <          4.6E-09 Ry

     iteration #  4     ecut=    40.00 Ry     beta= 0.70
     Davidson diagonalization with overlap
     ethr =  4.64E-11,  avg # of iterations =  1.0

     negative rho (up, down):  4.229E-04 0.000E+00

     total cpu time spent up to now is       23.3 secs

     End of self-consistent calculation

          k = 0.0000 0.0000 0.0000 ( 28671 PWs)   bands (ev):

   -28.0435 -13.3295 -11.3947 -11.3947 -10.0213

     occupation numbers 
     1.0000   1.0000   1.0000   1.0000   1.0000

     highest occupied level (ev):   -10.0213

!    total energy              =     -40.27936002 Ry
     Harris-Foulkes estimate   =     -40.27936001 Ry
     estimated scf accuracy    <          5.2E-11 Ry

     The total energy is the sum of the following terms:

     one-electron contribution =     -79.57776144 Ry
     hartree contribution      =      40.75501894 Ry
     xc contribution           =     -10.38711881 Ry
     ewald contribution        =       8.93050128 Ry

     convergence has been achieved in   4 iterations

     negative rho (up, down):  4.229E-04 0.000E+00

     Forces acting on atoms (cartesian axes, Ry/au):

     atom    1 type  1   force =     0.00000000    0.00000000    0.00030199
     atom    2 type  1   force =     0.00000000    0.00000000   -0.00030199
     The non-local contrib.  to forces
     atom    1 type  1   force =     0.00000000    0.00000000    1.90021091
     atom    2 type  1   force =     0.00000000    0.00000000   -1.90021091
     The ionic contribution  to forces
     atom    1 type  1   force =    -0.00000000   -0.00000000  -11.33344926
     atom    2 type  1   force =     0.00000000    0.00000000   11.33344926
     The local contribution  to forces
     atom    1 type  1   force =     0.00000000    0.00000000    9.43846924
     atom    2 type  1   force =     0.00000000    0.00000000   -9.43846924
     The core correction contribution to forces
     atom    1 type  1   force =     0.00000000    0.00000000   -0.00492180
     atom    2 type  1   force =    -0.00000000   -0.00000000    0.00492180
     The Hubbard contrib.    to forces
     atom    1 type  1   force =     0.00000000    0.00000000    0.00000000
     atom    2 type  1   force =     0.00000000    0.00000000    0.00000000
     The SCF correction term to forces
     atom    1 type  1   force =    -0.00000000    0.00000000   -0.00000709
     atom    2 type  1   force =    -0.00000000   -0.00000000    0.00000709

     Total force =     0.000427     Total SCF correction =     0.000010

     bfgs converged in   4 scf cycles and   2 bfgs steps
     (criteria: energy <  1.0E-04 Ry, force <  1.0E-03 Ry/Bohr)

     End of BFGS Geometry Optimization

     Final energy   =     -40.2793600183 Ry
Begin final coordinates

ATOMIC_POSITIONS (crystal)
N        0.500000000   0.500000000   0.444590012
N        0.500000000   0.500000000   0.555409988
End final coordinates


 
     init_run     :      1.77s CPU      0.99s WALL (       1 calls)
     electrons    :     40.31s CPU     19.65s WALL (       4 calls)
     update_pot   :      2.08s CPU      0.94s WALL (       3 calls)
     forces       :      3.79s CPU      1.66s WALL (       4 calls)

     Called by init_run:
     wfcinit      :      0.44s CPU      0.24s WALL (       1 calls)
     wfcinit:atom :      0.00s CPU      0.00s WALL (       1 calls)
     wfcinit:wfcr :      0.43s CPU      0.23s WALL (       1 calls)
     potinit      :      0.48s CPU      0.24s WALL (       1 calls)
     hinit0       :      0.51s CPU      0.28s WALL (       1 calls)

     Called by electrons:
     c_bands      :     18.76s CPU      9.28s WALL (      22 calls)
     sum_band     :      7.72s CPU      3.72s WALL (      22 calls)
     v_of_rho     :      8.72s CPU      4.10s WALL (      25 calls)
     v_h          :      0.97s CPU      0.44s WALL (      25 calls)
     v_xc         :      8.85s CPU      4.15s WALL (      29 calls)
     newd         :      5.24s CPU      2.53s WALL (      25 calls)
     mix_rho      :      1.45s CPU      0.74s WALL (      22 calls)

     Called by c_bands:
     init_us_2    :      0.33s CPU      0.20s WALL (      45 calls)
     cegterg      :     17.78s CPU      8.76s WALL (      22 calls)

     Called by sum_band:
     sum_band:bec :      0.02s CPU      0.01s WALL (      22 calls)
     addusdens    :      1.66s CPU      0.87s WALL (      22 calls)

     Called by *egterg:
     h_psi        :     14.95s CPU      7.37s WALL (      73 calls)
     s_psi        :      0.03s CPU      0.02s WALL (      73 calls)
     g_psi        :      0.02s CPU      0.01s WALL (      50 calls)
     cdiaghg      :      0.09s CPU      0.04s WALL (      68 calls)
     cegterg:over :      1.35s CPU      0.66s WALL (      50 calls)
     cegterg:upda :      0.09s CPU      0.05s WALL (      50 calls)
     cegterg:last :      0.06s CPU      0.03s WALL (      24 calls)

     Called by h_psi:
     h_psi:pot    :     14.91s CPU      7.36s WALL (      73 calls)
     h_psi:calbec :      1.14s CPU      0.55s WALL (      73 calls)
     vloc_psi     :     13.61s CPU      6.72s WALL (      73 calls)
     add_vuspsi   :      0.16s CPU      0.09s WALL (      73 calls)

     General routines
     calbec       :      1.93s CPU      0.90s WALL (     111 calls)
     fft          :     10.40s CPU      4.93s WALL (     327 calls)
     ffts         :      0.58s CPU      0.28s WALL (      22 calls)
     fftw         :     15.33s CPU      7.55s WALL (     770 calls)
 
     Parallel routines
     fft_scatt_xy :      0.56s CPU      0.25s WALL (    1119 calls)
     fft_scatt_yz :     22.53s CPU     10.94s WALL (    1119 calls)
 
     PWSCF        :    49.04s CPU        23.81s WALL

 
   This run was terminated on:   8:59: 0  19Mar2019            

=------------------------------------------------------------------------------=
   JOB DONE.
=------------------------------------------------------------------------------=
