
     Program PWSCF v.6.3MaX starts on 19Mar2019 at  9: 1:28 

     This program is part of the open-source Quantum ESPRESSO suite
     for quantum simulation of materials; please cite
         "P. Giannozzi et al., J. Phys.:Condens. Matter 21 395502 (2009);
         "P. Giannozzi et al., J. Phys.:Condens. Matter 29 465901 (2017);
          URL http://www.quantum-espresso.org", 
     in publications or presentations arising from this work. More details at
     http://www.quantum-espresso.org/quote

 *** WARNING: using old-style file format, will disappear from next version ***

     Parallel version (MPI & OpenMP), running on      20 processor cores
     Number of MPI processes:                 5
     Threads/MPI process:                     4

     MPI processes distributed on     1 nodes
     R & G space division:  proc/nbgrp/npool/nimage =       5
     Reading input from /home/azadoks/dftman/projects/HW5_3/ConvergenceWorkflows/8ea71bd0fc85/55bf08b9b78d/pwscf.in
Warning: card &CELL ignored
Warning: card / ignored

     Current dimensions of program PWSCF are:
     Max number of different atomic species (ntypx) = 10
     Max number of k-points (npk) =  40000
     Max angular momentum in pseudopotentials (lmaxx) =  3
     Message from routine iosys:
     minimal I/O required, wf_collect reset to FALSE

     Subspace diagonalization in iterative solution of the eigenvalue problem:
     a serial algorithm will be used

 
     Parallelization info
     --------------------
     sticks:   dense  smooth     PW     G-vecs:    dense   smooth      PW
     Min        1593    1593    398               106789   106789   13372
     Max        1593    1593    399               106789   106789   13377
     Sum        7965    7965   1993               533945   533945   66875
 


     bravais-lattice index     =            0
     lattice parameter (alat)  =      18.8973  a.u.
     unit-cell volume          =    6748.3346 (a.u.)^3
     number of atoms/cell      =            2
     number of atomic types    =            1
     number of electrons       =        10.00
     number of Kohn-Sham states=            5
     kinetic-energy cutoff     =      70.0000  Ry
     charge density cutoff     =     280.0000  Ry
     convergence threshold     =      1.0E-08
     mixing beta               =       0.7000
     number of iterations used =            8  plain     mixing
     Exchange-correlation      = SLA  PW   PBE  PBE ( 1  4  3  4 0 0)
     nstep                     =           50


     celldm(1)=  18.897261  celldm(2)=   0.000000  celldm(3)=   0.000000
     celldm(4)=   0.000000  celldm(5)=   0.000000  celldm(6)=   0.000000

     crystal axes: (cart. coord. in units of alat)
               a(1) = (   1.000000   0.000000   0.000000 )  
               a(2) = (   0.000000   1.000000   0.000000 )  
               a(3) = (   0.000000   0.000000   1.000000 )  

     reciprocal axes: (cart. coord. in units 2 pi/alat)
               b(1) = (  1.000000  0.000000  0.000000 )  
               b(2) = (  0.000000  1.000000  0.000000 )  
               b(3) = (  0.000000  0.000000  1.000000 )  


     PseudoPot. # 1 for N  read from file:
     /home/azadoks/.local/share/pseudo/GBRV_PBE_US/n_pbe_v1.2.uspp.F.UPF
     MD5 check sum: 95339753478d7afb44899504a8723017
     Pseudo is Ultrasoft + core correction, Zval =  5.0
     Generated by new atomic code, or converted to UPF format
     Using radial grid of  729 points,  4 beta functions with: 
                l(1) =   0
                l(2) =   0
                l(3) =   1
                l(4) =   1
     Q(r) pseudized with  8 coefficients,  rinner =    0.900   0.900   0.900


     atomic species   valence    mass     pseudopotential
        N              5.00    14.00670     N ( 1.00)

     16 Sym. Ops., with inversion, found


                                    s                        frac. trans.

      isym =  1     identity                                     

 cryst.   s( 1) = (     1          0          0      )
                  (     0          1          0      )
                  (     0          0          1      )

 cart.    s( 1) = (  1.0000000  0.0000000  0.0000000 )
                  (  0.0000000  1.0000000  0.0000000 )
                  (  0.0000000  0.0000000  1.0000000 )


      isym =  2     180 deg rotation - cart. axis [0,0,1]        

 cryst.   s( 2) = (    -1          0          0      )
                  (     0         -1          0      )
                  (     0          0          1      )

 cart.    s( 2) = ( -1.0000000  0.0000000  0.0000000 )
                  (  0.0000000 -1.0000000  0.0000000 )
                  (  0.0000000  0.0000000  1.0000000 )


      isym =  3     180 deg rotation - cart. axis [0,1,0]        

 cryst.   s( 3) = (    -1          0          0      )
                  (     0          1          0      )
                  (     0          0         -1      )

 cart.    s( 3) = ( -1.0000000  0.0000000  0.0000000 )
                  (  0.0000000  1.0000000  0.0000000 )
                  (  0.0000000  0.0000000 -1.0000000 )


      isym =  4     180 deg rotation - cart. axis [1,0,0]        

 cryst.   s( 4) = (     1          0          0      )
                  (     0         -1          0      )
                  (     0          0         -1      )

 cart.    s( 4) = (  1.0000000  0.0000000  0.0000000 )
                  (  0.0000000 -1.0000000  0.0000000 )
                  (  0.0000000  0.0000000 -1.0000000 )


      isym =  5     180 deg rotation - cart. axis [1,1,0]        

 cryst.   s( 5) = (     0          1          0      )
                  (     1          0          0      )
                  (     0          0         -1      )

 cart.    s( 5) = (  0.0000000  1.0000000  0.0000000 )
                  (  1.0000000  0.0000000  0.0000000 )
                  (  0.0000000  0.0000000 -1.0000000 )


      isym =  6     180 deg rotation - cart. axis [1,-1,0]       

 cryst.   s( 6) = (     0         -1          0      )
                  (    -1          0          0      )
                  (     0          0         -1      )

 cart.    s( 6) = (  0.0000000 -1.0000000  0.0000000 )
                  ( -1.0000000  0.0000000  0.0000000 )
                  (  0.0000000  0.0000000 -1.0000000 )


      isym =  7      90 deg rotation - cart. axis [0,0,-1]       

 cryst.   s( 7) = (     0         -1          0      )
                  (     1          0          0      )
                  (     0          0          1      )

 cart.    s( 7) = (  0.0000000  1.0000000  0.0000000 )
                  ( -1.0000000  0.0000000  0.0000000 )
                  (  0.0000000  0.0000000  1.0000000 )


      isym =  8      90 deg rotation - cart. axis [0,0,1]        

 cryst.   s( 8) = (     0          1          0      )
                  (    -1          0          0      )
                  (     0          0          1      )

 cart.    s( 8) = (  0.0000000 -1.0000000  0.0000000 )
                  (  1.0000000  0.0000000  0.0000000 )
                  (  0.0000000  0.0000000  1.0000000 )


      isym =  9     inversion                                    

 cryst.   s( 9) = (    -1          0          0      )
                  (     0         -1          0      )
                  (     0          0         -1      )

 cart.    s( 9) = ( -1.0000000  0.0000000  0.0000000 )
                  (  0.0000000 -1.0000000  0.0000000 )
                  (  0.0000000  0.0000000 -1.0000000 )


      isym = 10     inv. 180 deg rotation - cart. axis [0,0,1]   

 cryst.   s(10) = (     1          0          0      )
                  (     0          1          0      )
                  (     0          0         -1      )

 cart.    s(10) = (  1.0000000  0.0000000  0.0000000 )
                  (  0.0000000  1.0000000  0.0000000 )
                  (  0.0000000  0.0000000 -1.0000000 )


      isym = 11     inv. 180 deg rotation - cart. axis [0,1,0]   

 cryst.   s(11) = (     1          0          0      )
                  (     0         -1          0      )
                  (     0          0          1      )

 cart.    s(11) = (  1.0000000  0.0000000  0.0000000 )
                  (  0.0000000 -1.0000000  0.0000000 )
                  (  0.0000000  0.0000000  1.0000000 )


      isym = 12     inv. 180 deg rotation - cart. axis [1,0,0]   

 cryst.   s(12) = (    -1          0          0      )
                  (     0          1          0      )
                  (     0          0          1      )

 cart.    s(12) = ( -1.0000000  0.0000000  0.0000000 )
                  (  0.0000000  1.0000000  0.0000000 )
                  (  0.0000000  0.0000000  1.0000000 )


      isym = 13     inv. 180 deg rotation - cart. axis [1,1,0]   

 cryst.   s(13) = (     0         -1          0      )
                  (    -1          0          0      )
                  (     0          0          1      )

 cart.    s(13) = (  0.0000000 -1.0000000  0.0000000 )
                  ( -1.0000000  0.0000000  0.0000000 )
                  (  0.0000000  0.0000000  1.0000000 )


      isym = 14     inv. 180 deg rotation - cart. axis [1,-1,0]  

 cryst.   s(14) = (     0          1          0      )
                  (     1          0          0      )
                  (     0          0          1      )

 cart.    s(14) = (  0.0000000  1.0000000  0.0000000 )
                  (  1.0000000  0.0000000  0.0000000 )
                  (  0.0000000  0.0000000  1.0000000 )


      isym = 15     inv.  90 deg rotation - cart. axis [0,0,-1]  

 cryst.   s(15) = (     0          1          0      )
                  (    -1          0          0      )
                  (     0          0         -1      )

 cart.    s(15) = (  0.0000000 -1.0000000  0.0000000 )
                  (  1.0000000  0.0000000  0.0000000 )
                  (  0.0000000  0.0000000 -1.0000000 )


      isym = 16     inv.  90 deg rotation - cart. axis [0,0,1]   

 cryst.   s(16) = (     0         -1          0      )
                  (     1          0          0      )
                  (     0          0         -1      )

 cart.    s(16) = (  0.0000000  1.0000000  0.0000000 )
                  ( -1.0000000  0.0000000  0.0000000 )
                  (  0.0000000  0.0000000 -1.0000000 )


   Cartesian axes

     site n.     atom                  positions (alat units)
         1           N   tau(   1) = (   0.5000000   0.5000000   0.4451200  )
         2           N   tau(   2) = (   0.5000000   0.5000000   0.5548800  )

   Crystallographic axes

     site n.     atom                  positions (cryst. coord.)
         1           N   tau(   1) = (  0.5000000  0.5000000  0.4451200  )
         2           N   tau(   2) = (  0.5000000  0.5000000  0.5548800  )

     number of k points=     1
                       cart. coord. in units 2pi/alat
        k(    1) = (   0.0000000   0.0000000   0.0000000), wk =   2.0000000

                       cryst. coord.
        k(    1) = (   0.0000000   0.0000000   0.0000000), wk =   2.0000000

     Dense  grid:   533945 G-vectors     FFT dimensions: ( 108, 108, 108)

     Dynamical RAM for                 wfc:       1.02 MB

     Dynamical RAM for     wfc (w. buffer):       1.02 MB

     Dynamical RAM for           str. fact:       1.63 MB

     Dynamical RAM for           local pot:       0.00 MB

     Dynamical RAM for          nlocal pot:       3.26 MB

     Dynamical RAM for                qrad:       1.15 MB

     Dynamical RAM for          rho,v,vnew:      10.76 MB

     Dynamical RAM for               rhoin:       3.59 MB

     Dynamical RAM for            rho*nmix:      26.07 MB

     Dynamical RAM for           G-vectors:       6.93 MB

     Dynamical RAM for          h,s,v(r/c):       0.02 MB

     Dynamical RAM for          <psi|beta>:       0.00 MB

     Dynamical RAM for                 psi:       4.07 MB

     Dynamical RAM for                hpsi:       4.07 MB

     Dynamical RAM for                spsi:       4.07 MB

     Dynamical RAM for      wfcinit/wfcrot:       3.26 MB

     Dynamical RAM for           addusdens:      73.33 MB

     Dynamical RAM for          addusforce:      77.40 MB

     Estimated static dynamical RAM per process >      67.45 MB

     Estimated max dynamical RAM per process >     144.85 MB

     Estimated total dynamical RAM >     724.27 MB

     Initial potential from superposition of free atoms
     Check: negative starting charge=   -0.001848

     starting charge    9.99998, renormalised to   10.00000

     negative rho (up, down):  1.848E-03 0.000E+00
     Starting wfcs are    8 randomized atomic wfcs

     total cpu time spent up to now is        1.6 secs

     Self-consistent Calculation

     iteration #  1     ecut=    70.00 Ry     beta= 0.70
     Davidson diagonalization with overlap
     ethr =  1.00E-02,  avg # of iterations =  2.0

     negative rho (up, down):  2.610E-04 0.000E+00

     total cpu time spent up to now is        2.7 secs

     total energy              =     -40.24905524 Ry
     Harris-Foulkes estimate   =     -40.34575207 Ry
     estimated scf accuracy    <       0.15516848 Ry

     iteration #  2     ecut=    70.00 Ry     beta= 0.70
     Davidson diagonalization with overlap
     ethr =  1.55E-03,  avg # of iterations =  2.0

     negative rho (up, down):  7.578E-04 0.000E+00

     total cpu time spent up to now is        3.6 secs

     total energy              =     -40.27813253 Ry
     Harris-Foulkes estimate   =     -40.28435194 Ry
     estimated scf accuracy    <       0.01102533 Ry

     iteration #  3     ecut=    70.00 Ry     beta= 0.70
     Davidson diagonalization with overlap
     ethr =  1.10E-04,  avg # of iterations =  2.0

     negative rho (up, down):  1.132E-03 0.000E+00

     total cpu time spent up to now is        4.6 secs

     total energy              =     -40.28007595 Ry
     Harris-Foulkes estimate   =     -40.28027781 Ry
     estimated scf accuracy    <       0.00043905 Ry

     iteration #  4     ecut=    70.00 Ry     beta= 0.70
     Davidson diagonalization with overlap
     ethr =  4.39E-06,  avg # of iterations =  2.0

     negative rho (up, down):  1.180E-03 0.000E+00

     total cpu time spent up to now is        6.1 secs

     total energy              =     -40.28012380 Ry
     Harris-Foulkes estimate   =     -40.28012380 Ry
     estimated scf accuracy    <       0.00000165 Ry

     iteration #  5     ecut=    70.00 Ry     beta= 0.70
     Davidson diagonalization with overlap
     ethr =  1.65E-08,  avg # of iterations =  2.0

     negative rho (up, down):  1.183E-03 0.000E+00

     total cpu time spent up to now is        7.2 secs

     total energy              =     -40.28012446 Ry
     Harris-Foulkes estimate   =     -40.28012446 Ry
     estimated scf accuracy    <       0.00000005 Ry

     iteration #  6     ecut=    70.00 Ry     beta= 0.70
     Davidson diagonalization with overlap
     ethr =  5.20E-10,  avg # of iterations =  4.0

     negative rho (up, down):  1.184E-03 0.000E+00

     total cpu time spent up to now is        8.3 secs

     End of self-consistent calculation

          k = 0.0000 0.0000 0.0000 ( 66875 PWs)   bands (ev):

   -28.2012 -13.2545 -11.4805 -11.4805 -10.0294

     occupation numbers 
     1.0000   1.0000   1.0000   1.0000   1.0000

     highest occupied level (ev):   -10.0294

!    total energy              =     -40.28012451 Ry
     Harris-Foulkes estimate   =     -40.28012450 Ry
     estimated scf accuracy    <          3.8E-09 Ry

     The total energy is the sum of the following terms:

     one-electron contribution =     -79.98106824 Ry
     hartree contribution      =      40.95362473 Ry
     xc contribution           =     -10.41241071 Ry
     ewald contribution        =       9.15972970 Ry

     convergence has been achieved in   6 iterations

     negative rho (up, down):  1.184E-03 0.000E+00

     Forces acting on atoms (cartesian axes, Ry/au):

     atom    1 type  1   force =     0.00000000    0.00000000   -0.06109395
     atom    2 type  1   force =     0.00000000    0.00000000    0.06109395
     The non-local contrib.  to forces
     atom    1 type  1   force =     0.00000000    0.00000000    1.87753222
     atom    2 type  1   force =     0.00000000    0.00000000   -1.87753222
     The ionic contribution  to forces
     atom    1 type  1   force =     0.00000000    0.00000000  -11.55540219
     atom    2 type  1   force =    -0.00000000   -0.00000000   11.55540219
     The local contribution  to forces
     atom    1 type  1   force =     0.00000000    0.00000000    9.62043631
     atom    2 type  1   force =     0.00000000    0.00000000   -9.62043631
     The core correction contribution to forces
     atom    1 type  1   force =     0.00000000    0.00000000   -0.00366174
     atom    2 type  1   force =     0.00000000    0.00000000    0.00366174
     The Hubbard contrib.    to forces
     atom    1 type  1   force =     0.00000000    0.00000000    0.00000000
     atom    2 type  1   force =     0.00000000    0.00000000    0.00000000
     The SCF correction term to forces
     atom    1 type  1   force =     0.00000000   -0.00000000    0.00000144
     atom    2 type  1   force =     0.00000000   -0.00000000   -0.00000144

     Total force =     0.086400     Total SCF correction =     0.000002

     BFGS Geometry Optimization

     number of scf cycles    =   1
     number of bfgs steps    =   0

     energy   new            =     -40.2801245135 Ry

     new trust radius        =       0.0610939502 bohr
     new conv_thr            =       0.0000000100 Ry


ATOMIC_POSITIONS (crystal)
N        0.500000000   0.500000000   0.441887047
N        0.500000000   0.500000000   0.558112953


     Check: negative starting charge=   -0.001848
     NEW-OLD atomic charge density approx. for the potential
     Check: negative starting charge=   -0.001823

     negative rho (up, down):  1.952E-03 0.000E+00

     total cpu time spent up to now is        9.9 secs

     Self-consistent Calculation

     iteration #  1     ecut=    70.00 Ry     beta= 0.70
     Davidson diagonalization with overlap
     ethr =  1.00E-06,  avg # of iterations =  5.0

     negative rho (up, down):  1.128E-03 0.000E+00

     total cpu time spent up to now is       12.4 secs

     total energy              =     -40.26488215 Ry
     Harris-Foulkes estimate   =     -40.27005895 Ry
     estimated scf accuracy    <       0.00761565 Ry

     iteration #  2     ecut=    70.00 Ry     beta= 0.70
     Davidson diagonalization with overlap
     ethr =  7.62E-05,  avg # of iterations =  2.0

     negative rho (up, down):  1.088E-03 0.000E+00

     total cpu time spent up to now is       14.0 secs

     total energy              =     -40.26682725 Ry
     Harris-Foulkes estimate   =     -40.26729598 Ry
     estimated scf accuracy    <       0.00081108 Ry

     iteration #  3     ecut=    70.00 Ry     beta= 0.70
     Davidson diagonalization with overlap
     ethr =  8.11E-06,  avg # of iterations =  2.0

     negative rho (up, down):  1.103E-03 0.000E+00

     total cpu time spent up to now is       16.5 secs

     total energy              =     -40.26698185 Ry
     Harris-Foulkes estimate   =     -40.26698387 Ry
     estimated scf accuracy    <       0.00001244 Ry

     iteration #  4     ecut=    70.00 Ry     beta= 0.70
     Davidson diagonalization with overlap
     ethr =  1.24E-07,  avg # of iterations =  1.0

     negative rho (up, down):  1.106E-03 0.000E+00

     total cpu time spent up to now is       18.3 secs

     total energy              =     -40.26698252 Ry
     Harris-Foulkes estimate   =     -40.26698256 Ry
     estimated scf accuracy    <       0.00000015 Ry

     iteration #  5     ecut=    70.00 Ry     beta= 0.70
     Davidson diagonalization with overlap
     ethr =  1.50E-09,  avg # of iterations =  2.0

     negative rho (up, down):  1.105E-03 0.000E+00

     total cpu time spent up to now is       20.3 secs

     total energy              =     -40.26698256 Ry
     Harris-Foulkes estimate   =     -40.26698256 Ry
     estimated scf accuracy    <       0.00000001 Ry

     iteration #  6     ecut=    70.00 Ry     beta= 0.70
     Davidson diagonalization with overlap
     ethr =  1.34E-10,  avg # of iterations =  2.0

     negative rho (up, down):  1.105E-03 0.000E+00

     total cpu time spent up to now is       22.2 secs

     End of self-consistent calculation

          k = 0.0000 0.0000 0.0000 ( 66875 PWs)   bands (ev):

   -27.2193 -13.7028 -10.9804 -10.9804  -9.9822

     occupation numbers 
     1.0000   1.0000   1.0000   1.0000   1.0000

     highest occupied level (ev):    -9.9822

!    total energy              =     -40.26698255 Ry
     Harris-Foulkes estimate   =     -40.26698256 Ry
     estimated scf accuracy    <          1.3E-09 Ry

     The total energy is the sum of the following terms:

     one-electron contribution =     -77.62523154 Ry
     hartree contribution      =      39.79975676 Ry
     xc contribution           =     -10.26856694 Ry
     ewald contribution        =       7.82705917 Ry

     convergence has been achieved in   6 iterations

     negative rho (up, down):  1.105E-03 0.000E+00

     Forces acting on atoms (cartesian axes, Ry/au):

     atom    1 type  1   force =     0.00000000    0.00000000    0.25039460
     atom    2 type  1   force =     0.00000000    0.00000000   -0.25039460
     The non-local contrib.  to forces
     atom    1 type  1   force =     0.00000000    0.00000000    1.95607569
     atom    2 type  1   force =     0.00000000    0.00000000   -1.95607569
     The ionic contribution  to forces
     atom    1 type  1   force =     0.00000000    0.00000000  -10.29402071
     atom    2 type  1   force =    -0.00000000   -0.00000000   10.29402071
     The local contribution  to forces
     atom    1 type  1   force =     0.00000000    0.00000000    8.59675073
     atom    2 type  1   force =     0.00000000    0.00000000   -8.59675073
     The core correction contribution to forces
     atom    1 type  1   force =     0.00000000   -0.00000000   -0.00832509
     atom    2 type  1   force =     0.00000000    0.00000000    0.00832509
     The Hubbard contrib.    to forces
     atom    1 type  1   force =     0.00000000    0.00000000    0.00000000
     atom    2 type  1   force =     0.00000000    0.00000000    0.00000000
     The SCF correction term to forces
     atom    1 type  1   force =    -0.00000000    0.00000000   -0.00008601
     atom    2 type  1   force =    -0.00000000    0.00000000    0.00008601

     Total force =     0.354111     Total SCF correction =     0.000122

     number of scf cycles    =   2
     number of bfgs steps    =   1

     energy   old            =     -40.2801245135 Ry
     energy   new            =     -40.2669825522 Ry

     CASE: energy  _new > energy  _old

     new trust radius        =       0.0110657766 bohr
     new conv_thr            =       0.0000000100 Ry


ATOMIC_POSITIONS (crystal)
N        0.500000000   0.500000000   0.444534424
N        0.500000000   0.500000000   0.555465576


     Check: negative starting charge=   -0.001823
     NEW-OLD atomic charge density approx. for the potential
     Check: negative starting charge=   -0.001841

     negative rho (up, down):  1.614E-03 0.000E+00

     total cpu time spent up to now is       23.9 secs

     Self-consistent Calculation

     iteration #  1     ecut=    70.00 Ry     beta= 0.70
     Davidson diagonalization with overlap
     ethr =  1.00E-06,  avg # of iterations =  5.0

     negative rho (up, down):  1.154E-03 0.000E+00

     total cpu time spent up to now is       26.0 secs

     total energy              =     -40.27937274 Ry
     Harris-Foulkes estimate   =     -40.28273251 Ry
     estimated scf accuracy    <       0.00494568 Ry

     iteration #  2     ecut=    70.00 Ry     beta= 0.70
     Davidson diagonalization with overlap
     ethr =  4.95E-05,  avg # of iterations =  2.0

     negative rho (up, down):  1.139E-03 0.000E+00

     total cpu time spent up to now is       27.6 secs

     total energy              =     -40.28061107 Ry
     Harris-Foulkes estimate   =     -40.28089561 Ry
     estimated scf accuracy    <       0.00049097 Ry

     iteration #  3     ecut=    70.00 Ry     beta= 0.70
     Davidson diagonalization with overlap
     ethr =  4.91E-06,  avg # of iterations =  2.0

     negative rho (up, down):  1.163E-03 0.000E+00

     total cpu time spent up to now is       28.8 secs

     total energy              =     -40.28070799 Ry
     Harris-Foulkes estimate   =     -40.28070862 Ry
     estimated scf accuracy    <       0.00000740 Ry

     iteration #  4     ecut=    70.00 Ry     beta= 0.70
     Davidson diagonalization with overlap
     ethr =  7.40E-08,  avg # of iterations =  1.0

     negative rho (up, down):  1.168E-03 0.000E+00

     total cpu time spent up to now is       29.9 secs

     total energy              =     -40.28070849 Ry
     Harris-Foulkes estimate   =     -40.28070845 Ry
     estimated scf accuracy    <       0.00000008 Ry

     iteration #  5     ecut=    70.00 Ry     beta= 0.70
     Davidson diagonalization with overlap
     ethr =  7.85E-10,  avg # of iterations =  3.0

     negative rho (up, down):  1.169E-03 0.000E+00

     total cpu time spent up to now is       31.4 secs

     End of self-consistent calculation

          k = 0.0000 0.0000 0.0000 ( 66875 PWs)   bands (ev):

   -28.0224 -13.3371 -11.3857 -11.3857 -10.0213

     occupation numbers 
     1.0000   1.0000   1.0000   1.0000   1.0000

     highest occupied level (ev):   -10.0213

!    total energy              =     -40.28070851 Ry
     Harris-Foulkes estimate   =     -40.28070852 Ry
     estimated scf accuracy    <          5.5E-09 Ry

     The total energy is the sum of the following terms:

     one-electron contribution =     -79.53963271 Ry
     hartree contribution      =      40.73714505 Ry
     xc contribution           =     -10.38493553 Ry
     ewald contribution        =       8.90671467 Ry

     convergence has been achieved in   5 iterations

     negative rho (up, down):  1.169E-03 0.000E+00

     Forces acting on atoms (cartesian axes, Ry/au):

     atom    1 type  1   force =     0.00000000    0.00000000    0.00730076
     atom    2 type  1   force =     0.00000000    0.00000000   -0.00730076
     The non-local contrib.  to forces
     atom    1 type  1   force =     0.00000000    0.00000000    1.89665775
     atom    2 type  1   force =     0.00000000    0.00000000   -1.89665775
     The ionic contribution  to forces
     atom    1 type  1   force =     0.00000000    0.00000000  -11.31053633
     atom    2 type  1   force =    -0.00000000   -0.00000000   11.31053633
     The local contribution  to forces
     atom    1 type  1   force =     0.00000000    0.00000000    9.42591228
     atom    2 type  1   force =     0.00000000    0.00000000   -9.42591228
     The core correction contribution to forces
     atom    1 type  1   force =     0.00000000    0.00000000   -0.00460922
     atom    2 type  1   force =     0.00000000    0.00000000    0.00460922
     The Hubbard contrib.    to forces
     atom    1 type  1   force =     0.00000000    0.00000000    0.00000000
     atom    2 type  1   force =     0.00000000    0.00000000    0.00000000
     The SCF correction term to forces
     atom    1 type  1   force =     0.00000000   -0.00000000   -0.00012372
     atom    2 type  1   force =     0.00000000   -0.00000000    0.00012372

     Total force =     0.010325     Total SCF correction =     0.000175

     number of scf cycles    =   3
     number of bfgs steps    =   1

     energy   old            =     -40.2801245135 Ry
     energy   new            =     -40.2807085095 Ry

     CASE: energy  _new < energy  _old

     new trust radius        =       0.0011812109 bohr
     new conv_thr            =       0.0000000006 Ry


ATOMIC_POSITIONS (crystal)
N        0.500000000   0.500000000   0.444596931
N        0.500000000   0.500000000   0.555403069


     Check: negative starting charge=   -0.001841
     NEW-OLD atomic charge density approx. for the potential
     Check: negative starting charge=   -0.001841

     negative rho (up, down):  1.168E-03 0.000E+00

     total cpu time spent up to now is       32.9 secs

     Self-consistent Calculation

     iteration #  1     ecut=    70.00 Ry     beta= 0.70
     Davidson diagonalization with overlap
     ethr =  1.00E-06,  avg # of iterations =  2.0

     Threshold (ethr) on eigenvalues was too large:
     Diagonalizing with lowered threshold

     Davidson diagonalization with overlap
     ethr =  3.14E-08,  avg # of iterations =  1.0

     negative rho (up, down):  1.170E-03 0.000E+00

     total cpu time spent up to now is       35.7 secs

     total energy              =     -40.28071666 Ry
     Harris-Foulkes estimate   =     -40.28071874 Ry
     estimated scf accuracy    <       0.00000308 Ry

     iteration #  2     ecut=    70.00 Ry     beta= 0.70
     Davidson diagonalization with overlap
     ethr =  3.08E-08,  avg # of iterations =  2.0

     negative rho (up, down):  1.170E-03 0.000E+00

     total cpu time spent up to now is       36.7 secs

     total energy              =     -40.28071745 Ry
     Harris-Foulkes estimate   =     -40.28071762 Ry
     estimated scf accuracy    <       0.00000031 Ry

     iteration #  3     ecut=    70.00 Ry     beta= 0.70
     Davidson diagonalization with overlap
     ethr =  3.12E-09,  avg # of iterations =  2.0

     negative rho (up, down):  1.171E-03 0.000E+00

     total cpu time spent up to now is       38.0 secs

     total energy              =     -40.28071753 Ry
     Harris-Foulkes estimate   =     -40.28071751 Ry
     estimated scf accuracy    <          4.4E-09 Ry

     iteration #  4     ecut=    70.00 Ry     beta= 0.70
     Davidson diagonalization with overlap
     ethr =  4.41E-11,  avg # of iterations =  1.0

     negative rho (up, down):  1.171E-03 0.000E+00

     total cpu time spent up to now is       39.1 secs

     End of self-consistent calculation

          k = 0.0000 0.0000 0.0000 ( 66875 PWs)   bands (ev):

   -28.0412 -13.3283 -11.3955 -11.3955 -10.0222

     occupation numbers 
     1.0000   1.0000   1.0000   1.0000   1.0000

     highest occupied level (ev):   -10.0222

!    total energy              =     -40.28071753 Ry
     Harris-Foulkes estimate   =     -40.28071753 Ry
     estimated scf accuracy    <          5.1E-11 Ry

     The total energy is the sum of the following terms:

     one-electron contribution =     -79.58637523 Ry
     hartree contribution      =      40.76002285 Ry
     xc contribution           =     -10.38783050 Ry
     ewald contribution        =       8.93346535 Ry

     convergence has been achieved in   4 iterations

     negative rho (up, down):  1.171E-03 0.000E+00

     Forces acting on atoms (cartesian axes, Ry/au):

     atom    1 type  1   force =     0.00000000    0.00000000    0.00029074
     atom    2 type  1   force =     0.00000000    0.00000000   -0.00029074
     The non-local contrib.  to forces
     atom    1 type  1   force =     0.00000000    0.00000000    1.89475061
     atom    2 type  1   force =     0.00000000    0.00000000   -1.89475061
     The ionic contribution  to forces
     atom    1 type  1   force =     0.00000000    0.00000000  -11.33630600
     atom    2 type  1   force =    -0.00000000   -0.00000000   11.33630600
     The local contribution  to forces
     atom    1 type  1   force =     0.00000000    0.00000000    9.44636425
     atom    2 type  1   force =     0.00000000    0.00000000   -9.44636425
     The core correction contribution to forces
     atom    1 type  1   force =     0.00000000    0.00000000   -0.00451123
     atom    2 type  1   force =     0.00000000    0.00000000    0.00451123
     The Hubbard contrib.    to forces
     atom    1 type  1   force =     0.00000000    0.00000000    0.00000000
     atom    2 type  1   force =     0.00000000    0.00000000    0.00000000
     The SCF correction term to forces
     atom    1 type  1   force =     0.00000000   -0.00000000   -0.00000690
     atom    2 type  1   force =     0.00000000    0.00000000    0.00000690

     Total force =     0.000411     Total SCF correction =     0.000010

     bfgs converged in   4 scf cycles and   2 bfgs steps
     (criteria: energy <  1.0E-04 Ry, force <  1.0E-03 Ry/Bohr)

     End of BFGS Geometry Optimization

     Final energy   =     -40.2807175322 Ry
Begin final coordinates

ATOMIC_POSITIONS (crystal)
N        0.500000000   0.500000000   0.444596931
N        0.500000000   0.500000000   0.555403069
End final coordinates


 
     init_run     :      2.96s CPU      1.46s WALL (       1 calls)
     electrons    :     74.55s CPU     32.75s WALL (       4 calls)
     update_pot   :      4.36s CPU      1.97s WALL (       3 calls)
     forces       :      6.72s CPU      2.88s WALL (       4 calls)

     Called by init_run:
     wfcinit      :      1.15s CPU      0.46s WALL (       1 calls)
     wfcinit:atom :      0.00s CPU      0.00s WALL (       1 calls)
     wfcinit:wfcr :      1.11s CPU      0.44s WALL (       1 calls)
     potinit      :      0.72s CPU      0.36s WALL (       1 calls)
     hinit0       :      0.59s CPU      0.31s WALL (       1 calls)

     Called by electrons:
     c_bands      :     32.16s CPU     14.55s WALL (      22 calls)
     sum_band     :     15.86s CPU      6.93s WALL (      22 calls)
     v_of_rho     :     16.69s CPU      7.10s WALL (      25 calls)
     v_h          :      1.92s CPU      0.79s WALL (      25 calls)
     v_xc         :     17.17s CPU      7.34s WALL (      29 calls)
     newd         :      9.65s CPU      4.29s WALL (      25 calls)
     mix_rho      :      3.30s CPU      1.40s WALL (      22 calls)

     Called by c_bands:
     init_us_2    :      0.37s CPU      0.19s WALL (      45 calls)
     cegterg      :     31.22s CPU     14.13s WALL (      22 calls)

     Called by sum_band:
     sum_band:bec :      0.08s CPU      0.04s WALL (      22 calls)
     addusdens    :      4.47s CPU      2.10s WALL (      22 calls)

     Called by *egterg:
     h_psi        :     26.92s CPU     12.05s WALL (      72 calls)
     s_psi        :      0.17s CPU      0.08s WALL (      72 calls)
     g_psi        :      0.06s CPU      0.03s WALL (      49 calls)
     cdiaghg      :      0.20s CPU      0.09s WALL (      67 calls)
     cegterg:over :      1.92s CPU      0.87s WALL (      49 calls)
     cegterg:upda :      0.45s CPU      0.24s WALL (      49 calls)
     cegterg:last :      0.08s CPU      0.04s WALL (      24 calls)

     Called by h_psi:
     h_psi:pot    :     26.69s CPU     11.95s WALL (      72 calls)
     h_psi:calbec :      1.29s CPU      0.57s WALL (      72 calls)
     vloc_psi     :     25.06s CPU     11.20s WALL (      72 calls)
     add_vuspsi   :      0.34s CPU      0.18s WALL (      72 calls)

     General routines
     calbec       :      2.56s CPU      1.04s WALL (     110 calls)
     fft          :     19.00s CPU      8.30s WALL (     327 calls)
     ffts         :      1.10s CPU      0.45s WALL (      22 calls)
     fftw         :     27.84s CPU     12.40s WALL (     770 calls)
 
     Parallel routines
     fft_scatt_xy :      2.09s CPU      0.95s WALL (    1119 calls)
     fft_scatt_yz :     36.67s CPU     16.08s WALL (    1119 calls)
 
     PWSCF        :  1m30.11s CPU        39.84s WALL

 
   This run was terminated on:   9: 2: 8  19Mar2019            

=------------------------------------------------------------------------------=
   JOB DONE.
=------------------------------------------------------------------------------=
