
     Program PWSCF v.6.3MaX starts on 19Mar2019 at  8:59: 0 

     This program is part of the open-source Quantum ESPRESSO suite
     for quantum simulation of materials; please cite
         "P. Giannozzi et al., J. Phys.:Condens. Matter 21 395502 (2009);
         "P. Giannozzi et al., J. Phys.:Condens. Matter 29 465901 (2017);
          URL http://www.quantum-espresso.org", 
     in publications or presentations arising from this work. More details at
     http://www.quantum-espresso.org/quote

 *** WARNING: using old-style file format, will disappear from next version ***

     Parallel version (MPI & OpenMP), running on      20 processor cores
     Number of MPI processes:                 5
     Threads/MPI process:                     4

     MPI processes distributed on     1 nodes
     R & G space division:  proc/nbgrp/npool/nimage =       5
     Reading input from /home/azadoks/dftman/projects/HW5_3/ConvergenceWorkflows/8ea71bd0fc85/f98a34148a67/pwscf.in
Warning: card &CELL ignored
Warning: card / ignored

     Current dimensions of program PWSCF are:
     Max number of different atomic species (ntypx) = 10
     Max number of k-points (npk) =  40000
     Max angular momentum in pseudopotentials (lmaxx) =  3
     Message from routine iosys:
     minimal I/O required, wf_collect reset to FALSE

     Subspace diagonalization in iterative solution of the eigenvalue problem:
     a serial algorithm will be used

 
     Parallelization info
     --------------------
     sticks:   dense  smooth     PW     G-vecs:    dense   smooth      PW
     Min        1025    1025    256                54991    54991    6890
     Max        1026    1026    257                54994    54994    6893
     Sum        5129    5129   1281               274961   274961   34457
 


     bravais-lattice index     =            0
     lattice parameter (alat)  =      18.8973  a.u.
     unit-cell volume          =    6748.3346 (a.u.)^3
     number of atoms/cell      =            2
     number of atomic types    =            1
     number of electrons       =        10.00
     number of Kohn-Sham states=            5
     kinetic-energy cutoff     =      45.0000  Ry
     charge density cutoff     =     180.0000  Ry
     convergence threshold     =      1.0E-08
     mixing beta               =       0.7000
     number of iterations used =            8  plain     mixing
     Exchange-correlation      = SLA  PW   PBE  PBE ( 1  4  3  4 0 0)
     nstep                     =           50


     celldm(1)=  18.897261  celldm(2)=   0.000000  celldm(3)=   0.000000
     celldm(4)=   0.000000  celldm(5)=   0.000000  celldm(6)=   0.000000

     crystal axes: (cart. coord. in units of alat)
               a(1) = (   1.000000   0.000000   0.000000 )  
               a(2) = (   0.000000   1.000000   0.000000 )  
               a(3) = (   0.000000   0.000000   1.000000 )  

     reciprocal axes: (cart. coord. in units 2 pi/alat)
               b(1) = (  1.000000  0.000000  0.000000 )  
               b(2) = (  0.000000  1.000000  0.000000 )  
               b(3) = (  0.000000  0.000000  1.000000 )  


     PseudoPot. # 1 for N  read from file:
     /home/azadoks/.local/share/pseudo/GBRV_PBE_US/n_pbe_v1.2.uspp.F.UPF
     MD5 check sum: 95339753478d7afb44899504a8723017
     Pseudo is Ultrasoft + core correction, Zval =  5.0
     Generated by new atomic code, or converted to UPF format
     Using radial grid of  729 points,  4 beta functions with: 
                l(1) =   0
                l(2) =   0
                l(3) =   1
                l(4) =   1
     Q(r) pseudized with  8 coefficients,  rinner =    0.900   0.900   0.900


     atomic species   valence    mass     pseudopotential
        N              5.00    14.00670     N ( 1.00)

     16 Sym. Ops., with inversion, found


                                    s                        frac. trans.

      isym =  1     identity                                     

 cryst.   s( 1) = (     1          0          0      )
                  (     0          1          0      )
                  (     0          0          1      )

 cart.    s( 1) = (  1.0000000  0.0000000  0.0000000 )
                  (  0.0000000  1.0000000  0.0000000 )
                  (  0.0000000  0.0000000  1.0000000 )


      isym =  2     180 deg rotation - cart. axis [0,0,1]        

 cryst.   s( 2) = (    -1          0          0      )
                  (     0         -1          0      )
                  (     0          0          1      )

 cart.    s( 2) = ( -1.0000000  0.0000000  0.0000000 )
                  (  0.0000000 -1.0000000  0.0000000 )
                  (  0.0000000  0.0000000  1.0000000 )


      isym =  3     180 deg rotation - cart. axis [0,1,0]        

 cryst.   s( 3) = (    -1          0          0      )
                  (     0          1          0      )
                  (     0          0         -1      )

 cart.    s( 3) = ( -1.0000000  0.0000000  0.0000000 )
                  (  0.0000000  1.0000000  0.0000000 )
                  (  0.0000000  0.0000000 -1.0000000 )


      isym =  4     180 deg rotation - cart. axis [1,0,0]        

 cryst.   s( 4) = (     1          0          0      )
                  (     0         -1          0      )
                  (     0          0         -1      )

 cart.    s( 4) = (  1.0000000  0.0000000  0.0000000 )
                  (  0.0000000 -1.0000000  0.0000000 )
                  (  0.0000000  0.0000000 -1.0000000 )


      isym =  5     180 deg rotation - cart. axis [1,1,0]        

 cryst.   s( 5) = (     0          1          0      )
                  (     1          0          0      )
                  (     0          0         -1      )

 cart.    s( 5) = (  0.0000000  1.0000000  0.0000000 )
                  (  1.0000000  0.0000000  0.0000000 )
                  (  0.0000000  0.0000000 -1.0000000 )


      isym =  6     180 deg rotation - cart. axis [1,-1,0]       

 cryst.   s( 6) = (     0         -1          0      )
                  (    -1          0          0      )
                  (     0          0         -1      )

 cart.    s( 6) = (  0.0000000 -1.0000000  0.0000000 )
                  ( -1.0000000  0.0000000  0.0000000 )
                  (  0.0000000  0.0000000 -1.0000000 )


      isym =  7      90 deg rotation - cart. axis [0,0,-1]       

 cryst.   s( 7) = (     0         -1          0      )
                  (     1          0          0      )
                  (     0          0          1      )

 cart.    s( 7) = (  0.0000000  1.0000000  0.0000000 )
                  ( -1.0000000  0.0000000  0.0000000 )
                  (  0.0000000  0.0000000  1.0000000 )


      isym =  8      90 deg rotation - cart. axis [0,0,1]        

 cryst.   s( 8) = (     0          1          0      )
                  (    -1          0          0      )
                  (     0          0          1      )

 cart.    s( 8) = (  0.0000000 -1.0000000  0.0000000 )
                  (  1.0000000  0.0000000  0.0000000 )
                  (  0.0000000  0.0000000  1.0000000 )


      isym =  9     inversion                                    

 cryst.   s( 9) = (    -1          0          0      )
                  (     0         -1          0      )
                  (     0          0         -1      )

 cart.    s( 9) = ( -1.0000000  0.0000000  0.0000000 )
                  (  0.0000000 -1.0000000  0.0000000 )
                  (  0.0000000  0.0000000 -1.0000000 )


      isym = 10     inv. 180 deg rotation - cart. axis [0,0,1]   

 cryst.   s(10) = (     1          0          0      )
                  (     0          1          0      )
                  (     0          0         -1      )

 cart.    s(10) = (  1.0000000  0.0000000  0.0000000 )
                  (  0.0000000  1.0000000  0.0000000 )
                  (  0.0000000  0.0000000 -1.0000000 )


      isym = 11     inv. 180 deg rotation - cart. axis [0,1,0]   

 cryst.   s(11) = (     1          0          0      )
                  (     0         -1          0      )
                  (     0          0          1      )

 cart.    s(11) = (  1.0000000  0.0000000  0.0000000 )
                  (  0.0000000 -1.0000000  0.0000000 )
                  (  0.0000000  0.0000000  1.0000000 )


      isym = 12     inv. 180 deg rotation - cart. axis [1,0,0]   

 cryst.   s(12) = (    -1          0          0      )
                  (     0          1          0      )
                  (     0          0          1      )

 cart.    s(12) = ( -1.0000000  0.0000000  0.0000000 )
                  (  0.0000000  1.0000000  0.0000000 )
                  (  0.0000000  0.0000000  1.0000000 )


      isym = 13     inv. 180 deg rotation - cart. axis [1,1,0]   

 cryst.   s(13) = (     0         -1          0      )
                  (    -1          0          0      )
                  (     0          0          1      )

 cart.    s(13) = (  0.0000000 -1.0000000  0.0000000 )
                  ( -1.0000000  0.0000000  0.0000000 )
                  (  0.0000000  0.0000000  1.0000000 )


      isym = 14     inv. 180 deg rotation - cart. axis [1,-1,0]  

 cryst.   s(14) = (     0          1          0      )
                  (     1          0          0      )
                  (     0          0          1      )

 cart.    s(14) = (  0.0000000  1.0000000  0.0000000 )
                  (  1.0000000  0.0000000  0.0000000 )
                  (  0.0000000  0.0000000  1.0000000 )


      isym = 15     inv.  90 deg rotation - cart. axis [0,0,-1]  

 cryst.   s(15) = (     0          1          0      )
                  (    -1          0          0      )
                  (     0          0         -1      )

 cart.    s(15) = (  0.0000000 -1.0000000  0.0000000 )
                  (  1.0000000  0.0000000  0.0000000 )
                  (  0.0000000  0.0000000 -1.0000000 )


      isym = 16     inv.  90 deg rotation - cart. axis [0,0,1]   

 cryst.   s(16) = (     0         -1          0      )
                  (     1          0          0      )
                  (     0          0         -1      )

 cart.    s(16) = (  0.0000000  1.0000000  0.0000000 )
                  ( -1.0000000  0.0000000  0.0000000 )
                  (  0.0000000  0.0000000 -1.0000000 )


   Cartesian axes

     site n.     atom                  positions (alat units)
         1           N   tau(   1) = (   0.5000000   0.5000000   0.4451200  )
         2           N   tau(   2) = (   0.5000000   0.5000000   0.5548800  )

   Crystallographic axes

     site n.     atom                  positions (cryst. coord.)
         1           N   tau(   1) = (  0.5000000  0.5000000  0.4451200  )
         2           N   tau(   2) = (  0.5000000  0.5000000  0.5548800  )

     number of k points=     1
                       cart. coord. in units 2pi/alat
        k(    1) = (   0.0000000   0.0000000   0.0000000), wk =   2.0000000

                       cryst. coord.
        k(    1) = (   0.0000000   0.0000000   0.0000000), wk =   2.0000000

     Dense  grid:   274961 G-vectors     FFT dimensions: (  81,  81,  81)

     Dynamical RAM for                 wfc:       0.52 MB

     Dynamical RAM for     wfc (w. buffer):       0.52 MB

     Dynamical RAM for           str. fact:       0.84 MB

     Dynamical RAM for           local pot:       0.00 MB

     Dynamical RAM for          nlocal pot:       1.68 MB

     Dynamical RAM for                qrad:       0.92 MB

     Dynamical RAM for          rho,v,vnew:       5.07 MB

     Dynamical RAM for               rhoin:       1.69 MB

     Dynamical RAM for            rho*nmix:      13.43 MB

     Dynamical RAM for           G-vectors:       3.57 MB

     Dynamical RAM for          h,s,v(r/c):       0.02 MB

     Dynamical RAM for          <psi|beta>:       0.00 MB

     Dynamical RAM for                 psi:       2.10 MB

     Dynamical RAM for                hpsi:       2.10 MB

     Dynamical RAM for                spsi:       2.10 MB

     Dynamical RAM for      wfcinit/wfcrot:       1.68 MB

     Dynamical RAM for           addusdens:      37.76 MB

     Dynamical RAM for          addusforce:      39.86 MB

     Estimated static dynamical RAM per process >      33.65 MB

     Estimated max dynamical RAM per process >      73.52 MB

     Estimated total dynamical RAM >     367.58 MB

     Initial potential from superposition of free atoms
     Check: negative starting charge=   -0.001710

     starting charge    9.99998, renormalised to   10.00000

     negative rho (up, down):  1.710E-03 0.000E+00
     Starting wfcs are    8 randomized atomic wfcs

     total cpu time spent up to now is        1.2 secs

     Self-consistent Calculation

     iteration #  1     ecut=    45.00 Ry     beta= 0.70
     Davidson diagonalization with overlap
     ethr =  1.00E-02,  avg # of iterations =  2.0

     negative rho (up, down):  1.013E-03 0.000E+00

     total cpu time spent up to now is        2.1 secs

     total energy              =     -40.24808345 Ry
     Harris-Foulkes estimate   =     -40.34454284 Ry
     estimated scf accuracy    <       0.15481920 Ry

     iteration #  2     ecut=    45.00 Ry     beta= 0.70
     Davidson diagonalization with overlap
     ethr =  1.55E-03,  avg # of iterations =  2.0

     negative rho (up, down):  1.770E-03 0.000E+00

     total cpu time spent up to now is        3.0 secs

     total energy              =     -40.27701261 Ry
     Harris-Foulkes estimate   =     -40.28319607 Ry
     estimated scf accuracy    <       0.01097934 Ry

     iteration #  3     ecut=    45.00 Ry     beta= 0.70
     Davidson diagonalization with overlap
     ethr =  1.10E-04,  avg # of iterations =  2.0

     negative rho (up, down):  2.289E-03 0.000E+00

     total cpu time spent up to now is        3.7 secs

     total energy              =     -40.27894291 Ry
     Harris-Foulkes estimate   =     -40.27914246 Ry
     estimated scf accuracy    <       0.00043852 Ry

     iteration #  4     ecut=    45.00 Ry     beta= 0.70
     Davidson diagonalization with overlap
     ethr =  4.39E-06,  avg # of iterations =  2.0

     negative rho (up, down):  2.355E-03 0.000E+00

     total cpu time spent up to now is        4.4 secs

     total energy              =     -40.27899006 Ry
     Harris-Foulkes estimate   =     -40.27899006 Ry
     estimated scf accuracy    <       0.00000170 Ry

     iteration #  5     ecut=    45.00 Ry     beta= 0.70
     Davidson diagonalization with overlap
     ethr =  1.70E-08,  avg # of iterations =  2.0

     negative rho (up, down):  2.357E-03 0.000E+00

     total cpu time spent up to now is        5.0 secs

     total energy              =     -40.27899064 Ry
     Harris-Foulkes estimate   =     -40.27899066 Ry
     estimated scf accuracy    <       0.00000005 Ry

     iteration #  6     ecut=    45.00 Ry     beta= 0.70
     Davidson diagonalization with overlap
     ethr =  4.69E-10,  avg # of iterations =  3.0

     negative rho (up, down):  2.359E-03 0.000E+00

     total cpu time spent up to now is        6.0 secs

     End of self-consistent calculation

          k = 0.0000 0.0000 0.0000 ( 34457 PWs)   bands (ev):

   -28.2041 -13.2550 -11.4805 -11.4805 -10.0288

     occupation numbers 
     1.0000   1.0000   1.0000   1.0000   1.0000

     highest occupied level (ev):   -10.0288

!    total energy              =     -40.27899065 Ry
     Harris-Foulkes estimate   =     -40.27899066 Ry
     estimated scf accuracy    <          3.2E-09 Ry

     The total energy is the sum of the following terms:

     one-electron contribution =     -79.97842562 Ry
     hartree contribution      =      40.95177739 Ry
     xc contribution           =     -10.41207210 Ry
     ewald contribution        =       9.15972967 Ry

     convergence has been achieved in   6 iterations

     negative rho (up, down):  2.359E-03 0.000E+00

     Forces acting on atoms (cartesian axes, Ry/au):

     atom    1 type  1   force =     0.00000000    0.00000000   -0.06157144
     atom    2 type  1   force =     0.00000000    0.00000000    0.06157144
     The non-local contrib.  to forces
     atom    1 type  1   force =     0.00000000    0.00000000    1.88006157
     atom    2 type  1   force =     0.00000000    0.00000000   -1.88006157
     The ionic contribution  to forces
     atom    1 type  1   force =     0.00000000    0.00000000  -11.55540219
     atom    2 type  1   force =    -0.00000000   -0.00000000   11.55540219
     The local contribution  to forces
     atom    1 type  1   force =     0.00000000    0.00000000    9.61770857
     atom    2 type  1   force =     0.00000000    0.00000000   -9.61770857
     The core correction contribution to forces
     atom    1 type  1   force =     0.00000000    0.00000000   -0.00393350
     atom    2 type  1   force =     0.00000000    0.00000000    0.00393350
     The Hubbard contrib.    to forces
     atom    1 type  1   force =     0.00000000    0.00000000    0.00000000
     atom    2 type  1   force =     0.00000000    0.00000000    0.00000000
     The SCF correction term to forces
     atom    1 type  1   force =     0.00000000   -0.00000000   -0.00000589
     atom    2 type  1   force =     0.00000000    0.00000000    0.00000589

     Total force =     0.087075     Total SCF correction =     0.000008

     BFGS Geometry Optimization

     number of scf cycles    =   1
     number of bfgs steps    =   0

     energy   new            =     -40.2789906535 Ry

     new trust radius        =       0.0615714378 bohr
     new conv_thr            =       0.0000000100 Ry


ATOMIC_POSITIONS (crystal)
N        0.500000000   0.500000000   0.441861780
N        0.500000000   0.500000000   0.558138220


     Check: negative starting charge=   -0.001710
     NEW-OLD atomic charge density approx. for the potential
     Check: negative starting charge=   -0.001678

     negative rho (up, down):  2.869E-03 0.000E+00

     total cpu time spent up to now is        6.8 secs

     Self-consistent Calculation

     iteration #  1     ecut=    45.00 Ry     beta= 0.70
     Davidson diagonalization with overlap
     ethr =  1.00E-06,  avg # of iterations =  5.0

     negative rho (up, down):  2.240E-03 0.000E+00

     total cpu time spent up to now is        8.1 secs

     total energy              =     -40.26353904 Ry
     Harris-Foulkes estimate   =     -40.26877817 Ry
     estimated scf accuracy    <       0.00771749 Ry

     iteration #  2     ecut=    45.00 Ry     beta= 0.70
     Davidson diagonalization with overlap
     ethr =  7.72E-05,  avg # of iterations =  2.0

     negative rho (up, down):  2.220E-03 0.000E+00

     total cpu time spent up to now is        8.5 secs

     total energy              =     -40.26551009 Ry
     Harris-Foulkes estimate   =     -40.26598394 Ry
     estimated scf accuracy    <       0.00082158 Ry

     iteration #  3     ecut=    45.00 Ry     beta= 0.70
     Davidson diagonalization with overlap
     ethr =  8.22E-06,  avg # of iterations =  2.0

     negative rho (up, down):  2.222E-03 0.000E+00

     total cpu time spent up to now is        8.8 secs

     total energy              =     -40.26566655 Ry
     Harris-Foulkes estimate   =     -40.26566849 Ry
     estimated scf accuracy    <       0.00001259 Ry

     iteration #  4     ecut=    45.00 Ry     beta= 0.70
     Davidson diagonalization with overlap
     ethr =  1.26E-07,  avg # of iterations =  1.0

     negative rho (up, down):  2.221E-03 0.000E+00

     total cpu time spent up to now is        9.5 secs

     total energy              =     -40.26566726 Ry
     Harris-Foulkes estimate   =     -40.26566727 Ry
     estimated scf accuracy    <       0.00000015 Ry

     iteration #  5     ecut=    45.00 Ry     beta= 0.70
     Davidson diagonalization with overlap
     ethr =  1.48E-09,  avg # of iterations =  3.0

     negative rho (up, down):  2.220E-03 0.000E+00

     total cpu time spent up to now is       10.3 secs

     total energy              =     -40.26566729 Ry
     Harris-Foulkes estimate   =     -40.26566730 Ry
     estimated scf accuracy    <       0.00000001 Ry

     iteration #  6     ecut=    45.00 Ry     beta= 0.70
     Davidson diagonalization with overlap
     ethr =  1.48E-10,  avg # of iterations =  2.0

     negative rho (up, down):  2.220E-03 0.000E+00

     total cpu time spent up to now is       11.3 secs

     End of self-consistent calculation

          k = 0.0000 0.0000 0.0000 ( 34457 PWs)   bands (ev):

   -27.2143 -13.7069 -10.9767 -10.9767  -9.9811

     occupation numbers 
     1.0000   1.0000   1.0000   1.0000   1.0000

     highest occupied level (ev):    -9.9811

!    total energy              =     -40.26566729 Ry
     Harris-Foulkes estimate   =     -40.26566730 Ry
     estimated scf accuracy    <          1.7E-09 Ry

     The total energy is the sum of the following terms:

     one-electron contribution =     -77.60508624 Ry
     hartree contribution      =      39.78936515 Ry
     xc contribution           =     -10.26717913 Ry
     ewald contribution        =       7.81723292 Ry

     convergence has been achieved in   6 iterations

     negative rho (up, down):  2.220E-03 0.000E+00

     Forces acting on atoms (cartesian axes, Ry/au):

     atom    1 type  1   force =     0.00000000    0.00000000    0.25174599
     atom    2 type  1   force =     0.00000000    0.00000000   -0.25174599
     The non-local contrib.  to forces
     atom    1 type  1   force =     0.00000000    0.00000000    1.95849335
     atom    2 type  1   force =     0.00000000    0.00000000   -1.95849335
     The ionic contribution  to forces
     atom    1 type  1   force =     0.00000000    0.00000000  -10.28498000
     atom    2 type  1   force =    -0.00000000   -0.00000000   10.28498000
     The local contribution  to forces
     atom    1 type  1   force =     0.00000000    0.00000000    8.58691494
     atom    2 type  1   force =     0.00000000    0.00000000   -8.58691494
     The core correction contribution to forces
     atom    1 type  1   force =    -0.00000000    0.00000000   -0.00858311
     atom    2 type  1   force =     0.00000000    0.00000000    0.00858311
     The Hubbard contrib.    to forces
     atom    1 type  1   force =     0.00000000    0.00000000    0.00000000
     atom    2 type  1   force =     0.00000000    0.00000000    0.00000000
     The SCF correction term to forces
     atom    1 type  1   force =    -0.00000000    0.00000000   -0.00009918
     atom    2 type  1   force =     0.00000000   -0.00000000    0.00009918

     Total force =     0.356023     Total SCF correction =     0.000140

     number of scf cycles    =   2
     number of bfgs steps    =   1

     energy   old            =     -40.2789906535 Ry
     energy   new            =     -40.2656672950 Ry

     CASE: energy  _new > energy  _old

     new trust radius        =       0.0111655089 bohr
     new conv_thr            =       0.0000000100 Ry


ATOMIC_POSITIONS (crystal)
N        0.500000000   0.500000000   0.444529147
N        0.500000000   0.500000000   0.555470853


     Check: negative starting charge=   -0.001678
     NEW-OLD atomic charge density approx. for the potential
     Check: negative starting charge=   -0.001702

     negative rho (up, down):  2.316E-03 0.000E+00

     total cpu time spent up to now is       12.3 secs

     Self-consistent Calculation

     iteration #  1     ecut=    45.00 Ry     beta= 0.70
     Davidson diagonalization with overlap
     ethr =  1.00E-06,  avg # of iterations =  5.0

     negative rho (up, down):  2.256E-03 0.000E+00

     total cpu time spent up to now is       14.0 secs

     total energy              =     -40.27823163 Ry
     Harris-Foulkes estimate   =     -40.28162826 Ry
     estimated scf accuracy    <       0.00500858 Ry

     iteration #  2     ecut=    45.00 Ry     beta= 0.70
     Davidson diagonalization with overlap
     ethr =  5.01E-05,  avg # of iterations =  2.0

     negative rho (up, down):  2.283E-03 0.000E+00

     total cpu time spent up to now is       15.3 secs

     total energy              =     -40.27948522 Ry
     Harris-Foulkes estimate   =     -40.27977385 Ry
     estimated scf accuracy    <       0.00049752 Ry

     iteration #  3     ecut=    45.00 Ry     beta= 0.70
     Davidson diagonalization with overlap
     ethr =  4.98E-06,  avg # of iterations =  2.0

     negative rho (up, down):  2.325E-03 0.000E+00

     total cpu time spent up to now is       16.6 secs

     total energy              =     -40.27958327 Ry
     Harris-Foulkes estimate   =     -40.27958397 Ry
     estimated scf accuracy    <       0.00000748 Ry

     iteration #  4     ecut=    45.00 Ry     beta= 0.70
     Davidson diagonalization with overlap
     ethr =  7.48E-08,  avg # of iterations =  1.0

     negative rho (up, down):  2.331E-03 0.000E+00

     total cpu time spent up to now is       17.7 secs

     total energy              =     -40.27958372 Ry
     Harris-Foulkes estimate   =     -40.27958374 Ry
     estimated scf accuracy    <       0.00000008 Ry

     iteration #  5     ecut=    45.00 Ry     beta= 0.70
     Davidson diagonalization with overlap
     ethr =  7.79E-10,  avg # of iterations =  2.0

     negative rho (up, down):  2.333E-03 0.000E+00

     total cpu time spent up to now is       18.6 secs

     End of self-consistent calculation

          k = 0.0000 0.0000 0.0000 ( 34457 PWs)   bands (ev):

   -28.0235 -13.3383 -11.3847 -11.3847 -10.0205

     occupation numbers 
     1.0000   1.0000   1.0000   1.0000   1.0000

     highest occupied level (ev):   -10.0205

!    total energy              =     -40.27958377 Ry
     Harris-Foulkes estimate   =     -40.27958375 Ry
     estimated scf accuracy    <          5.6E-09 Ry

     The total energy is the sum of the following terms:

     one-electron contribution =     -79.53303762 Ry
     hartree contribution      =      40.73334067 Ry
     xc contribution           =     -10.38434562 Ry
     ewald contribution        =       8.90445880 Ry

     convergence has been achieved in   5 iterations

     negative rho (up, down):  2.333E-03 0.000E+00

     Forces acting on atoms (cartesian axes, Ry/au):

     atom    1 type  1   force =     0.00000000    0.00000000    0.00742575
     atom    2 type  1   force =     0.00000000    0.00000000   -0.00742575
     The non-local contrib.  to forces
     atom    1 type  1   force =     0.00000000    0.00000000    1.89929223
     atom    2 type  1   force =     0.00000000    0.00000000   -1.89929223
     The ionic contribution  to forces
     atom    1 type  1   force =     0.00000000    0.00000000  -11.30836451
     atom    2 type  1   force =    -0.00000000   -0.00000000   11.30836451
     The local contribution  to forces
     atom    1 type  1   force =     0.00000000    0.00000000    9.42150385
     atom    2 type  1   force =     0.00000000    0.00000000   -9.42150385
     The core correction contribution to forces
     atom    1 type  1   force =     0.00000000    0.00000000   -0.00488175
     atom    2 type  1   force =     0.00000000    0.00000000    0.00488175
     The Hubbard contrib.    to forces
     atom    1 type  1   force =     0.00000000    0.00000000    0.00000000
     atom    2 type  1   force =     0.00000000    0.00000000    0.00000000
     The SCF correction term to forces
     atom    1 type  1   force =     0.00000000    0.00000000   -0.00012407
     atom    2 type  1   force =     0.00000000   -0.00000000    0.00012407

     Total force =     0.010502     Total SCF correction =     0.000175

     number of scf cycles    =   3
     number of bfgs steps    =   1

     energy   old            =     -40.2789906535 Ry
     energy   new            =     -40.2795837689 Ry

     CASE: energy  _new < energy  _old

     new trust radius        =       0.0012016761 bohr
     new conv_thr            =       0.0000000006 Ry


ATOMIC_POSITIONS (crystal)
N        0.500000000   0.500000000   0.444592737
N        0.500000000   0.500000000   0.555407263


     Check: negative starting charge=   -0.001702
     NEW-OLD atomic charge density approx. for the potential
     Check: negative starting charge=   -0.001703

     negative rho (up, down):  2.329E-03 0.000E+00

     total cpu time spent up to now is       19.5 secs

     Self-consistent Calculation

     iteration #  1     ecut=    45.00 Ry     beta= 0.70
     Davidson diagonalization with overlap
     ethr =  1.00E-06,  avg # of iterations =  2.0

     Threshold (ethr) on eigenvalues was too large:
     Diagonalizing with lowered threshold

     Davidson diagonalization with overlap
     ethr =  3.23E-08,  avg # of iterations =  1.0

     negative rho (up, down):  2.335E-03 0.000E+00

     total cpu time spent up to now is       20.9 secs

     total energy              =     -40.27959221 Ry
     Harris-Foulkes estimate   =     -40.27959437 Ry
     estimated scf accuracy    <       0.00000319 Ry

     iteration #  2     ecut=    45.00 Ry     beta= 0.70
     Davidson diagonalization with overlap
     ethr =  3.19E-08,  avg # of iterations =  2.0

     negative rho (up, down):  2.335E-03 0.000E+00

     total cpu time spent up to now is       21.9 secs

     total energy              =     -40.27959302 Ry
     Harris-Foulkes estimate   =     -40.27959321 Ry
     estimated scf accuracy    <       0.00000032 Ry

     iteration #  3     ecut=    45.00 Ry     beta= 0.70
     Davidson diagonalization with overlap
     ethr =  3.22E-09,  avg # of iterations =  2.0

     negative rho (up, down):  2.336E-03 0.000E+00

     total cpu time spent up to now is       22.7 secs

     total energy              =     -40.27959308 Ry
     Harris-Foulkes estimate   =     -40.27959308 Ry
     estimated scf accuracy    <          4.5E-09 Ry

     iteration #  4     ecut=    45.00 Ry     beta= 0.70
     Davidson diagonalization with overlap
     ethr =  4.52E-11,  avg # of iterations =  1.0

     negative rho (up, down):  2.336E-03 0.000E+00

     total cpu time spent up to now is       23.5 secs

     End of self-consistent calculation

          k = 0.0000 0.0000 0.0000 ( 34457 PWs)   bands (ev):

   -28.0427 -13.3293 -11.3947 -11.3947 -10.0214

     occupation numbers 
     1.0000   1.0000   1.0000   1.0000   1.0000

     highest occupied level (ev):   -10.0214

!    total energy              =     -40.27959308 Ry
     Harris-Foulkes estimate   =     -40.27959308 Ry
     estimated scf accuracy    <          5.3E-11 Ry

     The total energy is the sum of the following terms:

     one-electron contribution =     -79.58059143 Ry
     hartree contribution      =      40.75662298 Ry
     xc contribution           =     -10.38729290 Ry
     ewald contribution        =       8.93166826 Ry

     convergence has been achieved in   4 iterations

     negative rho (up, down):  2.336E-03 0.000E+00

     Forces acting on atoms (cartesian axes, Ry/au):

     atom    1 type  1   force =     0.00000000    0.00000000    0.00029664
     atom    2 type  1   force =     0.00000000    0.00000000   -0.00029664
     The non-local contrib.  to forces
     atom    1 type  1   force =     0.00000000    0.00000000    1.89737155
     atom    2 type  1   force =     0.00000000    0.00000000   -1.89737155
     The ionic contribution  to forces
     atom    1 type  1   force =    -0.00000000   -0.00000000  -11.33457396
     atom    2 type  1   force =     0.00000000    0.00000000   11.33457396
     The local contribution  to forces
     atom    1 type  1   force =     0.00000000    0.00000000    9.44228916
     atom    2 type  1   force =     0.00000000    0.00000000   -9.44228916
     The core correction contribution to forces
     atom    1 type  1   force =     0.00000000    0.00000000   -0.00478304
     atom    2 type  1   force =     0.00000000    0.00000000    0.00478304
     The Hubbard contrib.    to forces
     atom    1 type  1   force =     0.00000000    0.00000000    0.00000000
     atom    2 type  1   force =     0.00000000    0.00000000    0.00000000
     The SCF correction term to forces
     atom    1 type  1   force =    -0.00000000    0.00000000   -0.00000706
     atom    2 type  1   force =    -0.00000000   -0.00000000    0.00000706

     Total force =     0.000420     Total SCF correction =     0.000010

     bfgs converged in   4 scf cycles and   2 bfgs steps
     (criteria: energy <  1.0E-04 Ry, force <  1.0E-03 Ry/Bohr)

     End of BFGS Geometry Optimization

     Final energy   =     -40.2795930798 Ry
Begin final coordinates

ATOMIC_POSITIONS (crystal)
N        0.500000000   0.500000000   0.444592737
N        0.500000000   0.500000000   0.555407263
End final coordinates


 
     init_run     :      2.43s CPU      1.16s WALL (       1 calls)
     electrons    :     42.02s CPU     19.46s WALL (       4 calls)
     update_pot   :      2.38s CPU      1.18s WALL (       3 calls)
     forces       :      3.62s CPU      1.70s WALL (       4 calls)

     Called by init_run:
     wfcinit      :      0.60s CPU      0.29s WALL (       1 calls)
     wfcinit:atom :      0.00s CPU      0.00s WALL (       1 calls)
     wfcinit:wfcr :      0.58s CPU      0.29s WALL (       1 calls)
     potinit      :      0.81s CPU      0.36s WALL (       1 calls)
     hinit0       :      0.69s CPU      0.28s WALL (       1 calls)

     Called by electrons:
     c_bands      :     17.41s CPU      8.07s WALL (      22 calls)
     sum_band     :      8.92s CPU      4.09s WALL (      22 calls)
     v_of_rho     :      9.97s CPU      4.71s WALL (      25 calls)
     v_h          :      1.35s CPU      0.65s WALL (      25 calls)
     v_xc         :      9.94s CPU      4.67s WALL (      29 calls)
     newd         :      5.39s CPU      2.54s WALL (      25 calls)
     mix_rho      :      2.07s CPU      0.91s WALL (      22 calls)

     Called by c_bands:
     init_us_2    :      0.21s CPU      0.11s WALL (      45 calls)
     cegterg      :     16.68s CPU      7.73s WALL (      22 calls)

     Called by sum_band:
     sum_band:bec :      0.04s CPU      0.02s WALL (      22 calls)
     addusdens    :      2.65s CPU      1.31s WALL (      22 calls)

     Called by *egterg:
     h_psi        :     14.24s CPU      6.61s WALL (      71 calls)
     s_psi        :      0.05s CPU      0.02s WALL (      71 calls)
     g_psi        :      0.04s CPU      0.02s WALL (      48 calls)
     cdiaghg      :      0.14s CPU      0.05s WALL (      66 calls)
     cegterg:over :      1.09s CPU      0.51s WALL (      48 calls)
     cegterg:upda :      0.21s CPU      0.11s WALL (      48 calls)
     cegterg:last :      0.12s CPU      0.06s WALL (      24 calls)

     Called by h_psi:
     h_psi:pot    :     14.14s CPU      6.57s WALL (      71 calls)
     h_psi:calbec :      0.71s CPU      0.31s WALL (      71 calls)
     vloc_psi     :     13.20s CPU      6.14s WALL (      71 calls)
     add_vuspsi   :      0.23s CPU      0.12s WALL (      71 calls)

     General routines
     calbec       :      1.30s CPU      0.55s WALL (     109 calls)
     fft          :     11.66s CPU      5.61s WALL (     327 calls)
     ffts         :      0.63s CPU      0.29s WALL (      22 calls)
     fftw         :     15.12s CPU      6.96s WALL (     764 calls)
 
     Parallel routines
     fft_scatt_xy :      1.33s CPU      0.66s WALL (    1113 calls)
     fft_scatt_yz :     20.47s CPU      9.54s WALL (    1113 calls)
 
     PWSCF        :    51.35s CPU        23.96s WALL

 
   This run was terminated on:   8:59:24  19Mar2019            

=------------------------------------------------------------------------------=
   JOB DONE.
=------------------------------------------------------------------------------=
